/usr/lib/python3/dist-packages/setuptools/dist.py:723: UserWarning: Usage of dash-separated 'script-dir' will not be supported in future versions. Please use the underscore name 'script_dir' instead
  warnings.warn(
running egg_info
writing ../build/unity_robotics_demo/unity_robotics_demo.egg-info/PKG-INFO
writing dependency_links to ../build/unity_robotics_demo/unity_robotics_demo.egg-info/dependency_links.txt
writing entry points to ../build/unity_robotics_demo/unity_robotics_demo.egg-info/entry_points.txt
writing requirements to ../build/unity_robotics_demo/unity_robotics_demo.egg-info/requires.txt
writing top-level names to ../build/unity_robotics_demo/unity_robotics_demo.egg-info/top_level.txt
reading manifest file '../build/unity_robotics_demo/unity_robotics_demo.egg-info/SOURCES.txt'
writing manifest file '../build/unity_robotics_demo/unity_robotics_demo.egg-info/SOURCES.txt'
running build
running build_py
running install
running install_lib
creating /home/yadhu/ur3e/src/install/unity_robotics_demo/lib/python3.10/site-packages/unity_robotics_demo
copying /home/yadhu/ur3e/src/build/unity_robotics_demo/build/lib/unity_robotics_demo/position_service.py -> /home/yadhu/ur3e/src/install/unity_robotics_demo/lib/python3.10/site-packages/unity_robotics_demo
copying /home/yadhu/ur3e/src/build/unity_robotics_demo/build/lib/unity_robotics_demo/color_publisher.py -> /home/yadhu/ur3e/src/install/unity_robotics_demo/lib/python3.10/site-packages/unity_robotics_demo
copying /home/yadhu/ur3e/src/build/unity_robotics_demo/build/lib/unity_robotics_demo/__init__.py -> /home/yadhu/ur3e/src/install/unity_robotics_demo/lib/python3.10/site-packages/unity_robotics_demo
byte-compiling /home/yadhu/ur3e/src/install/unity_robotics_demo/lib/python3.10/site-packages/unity_robotics_demo/position_service.py to position_service.cpython-310.pyc
byte-compiling /home/yadhu/ur3e/src/install/unity_robotics_demo/lib/python3.10/site-packages/unity_robotics_demo/color_publisher.py to color_publisher.cpython-310.pyc
byte-compiling /home/yadhu/ur3e/src/install/unity_robotics_demo/lib/python3.10/site-packages/unity_robotics_demo/__init__.py to __init__.cpython-310.pyc
running install_data
creating /home/yadhu/ur3e/src/install/unity_robotics_demo/share/ament_index
creating /home/yadhu/ur3e/src/install/unity_robotics_demo/share/ament_index/resource_index
creating /home/yadhu/ur3e/src/install/unity_robotics_demo/share/ament_index/resource_index/packages
copying resource/unity_robotics_demo -> /home/yadhu/ur3e/src/install/unity_robotics_demo/share/ament_index/resource_index/packages
copying package.xml -> /home/yadhu/ur3e/src/install/unity_robotics_demo/share/unity_robotics_demo
running install_egg_info
Copying ../build/unity_robotics_demo/unity_robotics_demo.egg-info to /home/yadhu/ur3e/src/install/unity_robotics_demo/lib/python3.10/site-packages/unity_robotics_demo-0.0.1-py3.10.egg-info
running install_scripts
Installing color_publisher script to /home/yadhu/ur3e/src/install/unity_robotics_demo/lib/unity_robotics_demo
Installing position_service script to /home/yadhu/ur3e/src/install/unity_robotics_demo/lib/unity_robotics_demo
writing list of installed files to '/home/yadhu/ur3e/src/build/unity_robotics_demo/install.log'
