[0.743s] Invoking command in '/home/yadhu/ur3e/src/unity_robotics_demo': PYTHONPATH=/home/yadhu/ur3e/src/build/unity_robotics_demo/prefix_override:/usr/lib/python3/dist-packages/colcon_core/task/python/colcon_distutils_commands:/home/yadhu/ur3e/src/install/unity_robotics_demo/lib/python3.10/site-packages:${PYTHONPATH} /usr/bin/python3 -W ignore:setup.py install is deprecated setup.py egg_info --egg-base ../build/unity_robotics_demo build --build-base /home/yadhu/ur3e/src/build/unity_robotics_demo/build install --record /home/yadhu/ur3e/src/build/unity_robotics_demo/install.log --install-scripts $base/lib/unity_robotics_demo --single-version-externally-managed install_data
[0.883s] /usr/lib/python3/dist-packages/setuptools/dist.py:723: UserWarning: Usage of dash-separated 'script-dir' will not be supported in future versions. Please use the underscore name 'script_dir' instead
[0.884s]   warnings.warn(
[0.893s] running egg_info
[0.893s] writing ../build/unity_robotics_demo/unity_robotics_demo.egg-info/PKG-INFO
[0.894s] writing dependency_links to ../build/unity_robotics_demo/unity_robotics_demo.egg-info/dependency_links.txt
[0.894s] writing entry points to ../build/unity_robotics_demo/unity_robotics_demo.egg-info/entry_points.txt
[0.894s] writing requirements to ../build/unity_robotics_demo/unity_robotics_demo.egg-info/requires.txt
[0.895s] writing top-level names to ../build/unity_robotics_demo/unity_robotics_demo.egg-info/top_level.txt
[0.897s] reading manifest file '../build/unity_robotics_demo/unity_robotics_demo.egg-info/SOURCES.txt'
[0.897s] writing manifest file '../build/unity_robotics_demo/unity_robotics_demo.egg-info/SOURCES.txt'
[0.897s] running build
[0.897s] running build_py
[0.897s] running install
[0.898s] running install_lib
[0.899s] creating /home/yadhu/ur3e/src/install/unity_robotics_demo/lib/python3.10/site-packages/unity_robotics_demo
[0.899s] copying /home/yadhu/ur3e/src/build/unity_robotics_demo/build/lib/unity_robotics_demo/position_service.py -> /home/yadhu/ur3e/src/install/unity_robotics_demo/lib/python3.10/site-packages/unity_robotics_demo
[0.899s] copying /home/yadhu/ur3e/src/build/unity_robotics_demo/build/lib/unity_robotics_demo/color_publisher.py -> /home/yadhu/ur3e/src/install/unity_robotics_demo/lib/python3.10/site-packages/unity_robotics_demo
[0.899s] copying /home/yadhu/ur3e/src/build/unity_robotics_demo/build/lib/unity_robotics_demo/__init__.py -> /home/yadhu/ur3e/src/install/unity_robotics_demo/lib/python3.10/site-packages/unity_robotics_demo
[0.899s] byte-compiling /home/yadhu/ur3e/src/install/unity_robotics_demo/lib/python3.10/site-packages/unity_robotics_demo/position_service.py to position_service.cpython-310.pyc
[0.900s] byte-compiling /home/yadhu/ur3e/src/install/unity_robotics_demo/lib/python3.10/site-packages/unity_robotics_demo/color_publisher.py to color_publisher.cpython-310.pyc
[0.900s] byte-compiling /home/yadhu/ur3e/src/install/unity_robotics_demo/lib/python3.10/site-packages/unity_robotics_demo/__init__.py to __init__.cpython-310.pyc
[0.901s] running install_data
[0.901s] creating /home/yadhu/ur3e/src/install/unity_robotics_demo/share/ament_index
[0.901s] creating /home/yadhu/ur3e/src/install/unity_robotics_demo/share/ament_index/resource_index
[0.901s] creating /home/yadhu/ur3e/src/install/unity_robotics_demo/share/ament_index/resource_index/packages
[0.901s] copying resource/unity_robotics_demo -> /home/yadhu/ur3e/src/install/unity_robotics_demo/share/ament_index/resource_index/packages
[0.901s] copying package.xml -> /home/yadhu/ur3e/src/install/unity_robotics_demo/share/unity_robotics_demo
[0.902s] running install_egg_info
[0.903s] Copying ../build/unity_robotics_demo/unity_robotics_demo.egg-info to /home/yadhu/ur3e/src/install/unity_robotics_demo/lib/python3.10/site-packages/unity_robotics_demo-0.0.1-py3.10.egg-info
[0.904s] running install_scripts
[0.923s] Installing color_publisher script to /home/yadhu/ur3e/src/install/unity_robotics_demo/lib/unity_robotics_demo
[0.923s] Installing position_service script to /home/yadhu/ur3e/src/install/unity_robotics_demo/lib/unity_robotics_demo
[0.923s] writing list of installed files to '/home/yadhu/ur3e/src/build/unity_robotics_demo/install.log'
[0.942s] Invoked command in '/home/yadhu/ur3e/src/unity_robotics_demo' returned '0': PYTHONPATH=/home/yadhu/ur3e/src/build/unity_robotics_demo/prefix_override:/usr/lib/python3/dist-packages/colcon_core/task/python/colcon_distutils_commands:/home/yadhu/ur3e/src/install/unity_robotics_demo/lib/python3.10/site-packages:${PYTHONPATH} /usr/bin/python3 -W ignore:setup.py install is deprecated setup.py egg_info --egg-base ../build/unity_robotics_demo build --build-base /home/yadhu/ur3e/src/build/unity_robotics_demo/build install --record /home/yadhu/ur3e/src/build/unity_robotics_demo/install.log --install-scripts $base/lib/unity_robotics_demo --single-version-externally-managed install_data
