-- Install configuration: ""
-- Up-to-date: /home/yadhu/ur3e/install/ur3ebot_description/share/ur3ebot_description/urdf
-- Up-to-date: /home/yadhu/ur3e/install/ur3ebot_description/share/ur3ebot_description/urdf/ur.ros2_control.xacro
-- Up-to-date: /home/yadhu/ur3e/install/ur3ebot_description/share/ur3ebot_description/urdf/ur.urdf.xacro
-- Installing: /home/yadhu/ur3e/install/ur3ebot_description/share/ur3ebot_description/urdf/ur_macro.xacro
-- Up-to-date: /home/yadhu/ur3e/install/ur3ebot_description/share/ur3ebot_description/urdf/inc
-- Up-to-date: /home/yadhu/ur3e/install/ur3ebot_description/share/ur3ebot_description/urdf/inc/ur_common.xacro
-- Up-to-date: /home/yadhu/ur3e/install/ur3ebot_description/share/ur3ebot_description/urdf/inc/ur_transmissions.xacro
-- Up-to-date: /home/yadhu/ur3e/install/ur3ebot_description/share/ur3ebot_description/config
-- Up-to-date: /home/yadhu/ur3e/install/ur3ebot_description/share/ur3ebot_description/config/ur3e
-- Up-to-date: /home/yadhu/ur3e/install/ur3ebot_description/share/ur3ebot_description/config/ur3e/joint_limits.yaml
-- Up-to-date: /home/yadhu/ur3e/install/ur3ebot_description/share/ur3ebot_description/config/ur3e/visual_parameters.yaml
-- Up-to-date: /home/yadhu/ur3e/install/ur3ebot_description/share/ur3ebot_description/config/ur3e/physical_parameters.yaml
-- Up-to-date: /home/yadhu/ur3e/install/ur3ebot_description/share/ur3ebot_description/config/ur3e/default_kinematics.yaml
-- Up-to-date: /home/yadhu/ur3e/install/ur3ebot_description/share/ur3ebot_description/config/initial_positions.yaml
-- Up-to-date: /home/yadhu/ur3e/install/ur3ebot_description/share/ur3ebot_description/launch
-- Up-to-date: /home/yadhu/ur3e/install/ur3ebot_description/share/ur3ebot_description/launch/view_ur.launch.py
-- Up-to-date: /home/yadhu/ur3e/install/ur3ebot_description/share/ur3ebot_description/meshes
-- Up-to-date: /home/yadhu/ur3e/install/ur3ebot_description/share/ur3ebot_description/meshes/ur3e
-- Up-to-date: /home/yadhu/ur3e/install/ur3ebot_description/share/ur3ebot_description/meshes/ur3e/collision
-- Up-to-date: /home/yadhu/ur3e/install/ur3ebot_description/share/ur3ebot_description/meshes/ur3e/collision/wrist2.stl
-- Up-to-date: /home/yadhu/ur3e/install/ur3ebot_description/share/ur3ebot_description/meshes/ur3e/collision/base.stl
-- Up-to-date: /home/yadhu/ur3e/install/ur3ebot_description/share/ur3ebot_description/meshes/ur3e/collision/upperarm.stl
-- Up-to-date: /home/yadhu/ur3e/install/ur3ebot_description/share/ur3ebot_description/meshes/ur3e/collision/forearm.stl
-- Up-to-date: /home/yadhu/ur3e/install/ur3ebot_description/share/ur3ebot_description/meshes/ur3e/collision/wrist1.stl
-- Up-to-date: /home/yadhu/ur3e/install/ur3ebot_description/share/ur3ebot_description/meshes/ur3e/collision/shoulder.stl
-- Up-to-date: /home/yadhu/ur3e/install/ur3ebot_description/share/ur3ebot_description/meshes/ur3e/collision/wrist3.stl
-- Up-to-date: /home/yadhu/ur3e/install/ur3ebot_description/share/ur3ebot_description/meshes/ur3e/visual
-- Up-to-date: /home/yadhu/ur3e/install/ur3ebot_description/share/ur3ebot_description/meshes/ur3e/visual/wrist2.dae
-- Up-to-date: /home/yadhu/ur3e/install/ur3ebot_description/share/ur3ebot_description/meshes/ur3e/visual/base.dae
-- Up-to-date: /home/yadhu/ur3e/install/ur3ebot_description/share/ur3ebot_description/meshes/ur3e/visual/wrist3.dae
-- Up-to-date: /home/yadhu/ur3e/install/ur3ebot_description/share/ur3ebot_description/meshes/ur3e/visual/upperarm.dae
-- Up-to-date: /home/yadhu/ur3e/install/ur3ebot_description/share/ur3ebot_description/meshes/ur3e/visual/wrist1.dae
-- Up-to-date: /home/yadhu/ur3e/install/ur3ebot_description/share/ur3ebot_description/meshes/ur3e/visual/forearm.dae
-- Up-to-date: /home/yadhu/ur3e/install/ur3ebot_description/share/ur3ebot_description/meshes/ur3e/visual/shoulder.dae
-- Up-to-date: /home/yadhu/ur3e/install/ur3ebot_description/share/ur3ebot_description/rviz
-- Up-to-date: /home/yadhu/ur3e/install/ur3ebot_description/share/ur3ebot_description/rviz/view_robot.rviz
-- Up-to-date: /home/yadhu/ur3e/install/ur3ebot_description/share/ament_index/resource_index/package_run_dependencies/ur3ebot_description
-- Up-to-date: /home/yadhu/ur3e/install/ur3ebot_description/share/ament_index/resource_index/parent_prefix_path/ur3ebot_description
-- Up-to-date: /home/yadhu/ur3e/install/ur3ebot_description/share/ur3ebot_description/environment/ament_prefix_path.sh
-- Up-to-date: /home/yadhu/ur3e/install/ur3ebot_description/share/ur3ebot_description/environment/ament_prefix_path.dsv
-- Up-to-date: /home/yadhu/ur3e/install/ur3ebot_description/share/ur3ebot_description/environment/path.sh
-- Up-to-date: /home/yadhu/ur3e/install/ur3ebot_description/share/ur3ebot_description/environment/path.dsv
-- Up-to-date: /home/yadhu/ur3e/install/ur3ebot_description/share/ur3ebot_description/local_setup.bash
-- Up-to-date: /home/yadhu/ur3e/install/ur3ebot_description/share/ur3ebot_description/local_setup.sh
-- Up-to-date: /home/yadhu/ur3e/install/ur3ebot_description/share/ur3ebot_description/local_setup.zsh
-- Up-to-date: /home/yadhu/ur3e/install/ur3ebot_description/share/ur3ebot_description/local_setup.dsv
-- Installing: /home/yadhu/ur3e/install/ur3ebot_description/share/ur3ebot_description/package.dsv
-- Up-to-date: /home/yadhu/ur3e/install/ur3ebot_description/share/ament_index/resource_index/packages/ur3ebot_description
-- Up-to-date: /home/yadhu/ur3e/install/ur3ebot_description/share/ur3ebot_description/cmake/ur3ebot_descriptionConfig.cmake
-- Up-to-date: /home/yadhu/ur3e/install/ur3ebot_description/share/ur3ebot_description/cmake/ur3ebot_descriptionConfig-version.cmake
-- Up-to-date: /home/yadhu/ur3e/install/ur3ebot_description/share/ur3ebot_description/package.xml
