[0.008s] Invoking command in '/home/yadhu/ur3e/build/robotiq_description': CMAKE_PREFIX_PATH=/opt/ros/humble /usr/bin/cmake /home/yadhu/ur3e/src/robotiq_description -DCMAKE_INSTALL_PREFIX=/home/yadhu/ur3e/install/robotiq_description
[0.051s] -- The C compiler identification is GNU 11.4.0
[0.087s] -- The CXX compiler identification is GNU 11.4.0
[0.092s] -- Detecting C compiler ABI info
[0.138s] -- Detecting C compiler ABI info - done
[0.142s] -- Check for working C compiler: /usr/bin/cc - skipped
[0.143s] -- Detecting C compile features
[0.143s] -- Detecting C compile features - done
[0.145s] -- Detecting CXX compiler ABI info
[0.195s] -- Detecting CXX compiler ABI info - done
[0.199s] -- Check for working CXX compiler: /usr/bin/c++ - skipped
[0.199s] -- Detecting CXX compile features
[0.199s] -- Detecting CXX compile features - done
[0.202s] -- Found ament_cmake: 1.3.10 (/opt/ros/humble/share/ament_cmake/cmake)
[0.299s] -- Found Python3: /usr/bin/python3 (found version "3.10.12") found components: Interpreter 
[0.406s] -- Configuring done
[0.407s] -- Generating done
[0.408s] -- Build files have been written to: /home/yadhu/ur3e/build/robotiq_description
[0.412s] Invoked command in '/home/yadhu/ur3e/build/robotiq_description' returned '0': CMAKE_PREFIX_PATH=/opt/ros/humble /usr/bin/cmake /home/yadhu/ur3e/src/robotiq_description -DCMAKE_INSTALL_PREFIX=/home/yadhu/ur3e/install/robotiq_description
[0.413s] Invoking command in '/home/yadhu/ur3e/build/robotiq_description': CMAKE_PREFIX_PATH=/opt/ros/humble /usr/bin/cmake --build /home/yadhu/ur3e/build/robotiq_description -- -j16 -l16
[0.441s] Invoked command in '/home/yadhu/ur3e/build/robotiq_description' returned '0': CMAKE_PREFIX_PATH=/opt/ros/humble /usr/bin/cmake --build /home/yadhu/ur3e/build/robotiq_description -- -j16 -l16
[0.463s] Invoking command in '/home/yadhu/ur3e/build/robotiq_description': CMAKE_PREFIX_PATH=/opt/ros/humble /usr/bin/cmake --install /home/yadhu/ur3e/build/robotiq_description
[0.467s] -- Install configuration: ""
[0.467s] -- Installing: /home/yadhu/ur3e/install/robotiq_description/share/robotiq_description/config
[0.467s] -- Installing: /home/yadhu/ur3e/install/robotiq_description/share/robotiq_description/config/robotiq_controllers.yaml
[0.467s] -- Installing: /home/yadhu/ur3e/install/robotiq_description/share/robotiq_description/launch
[0.467s] -- Installing: /home/yadhu/ur3e/install/robotiq_description/share/robotiq_description/launch/robotiq_control.launch.py
[0.467s] -- Installing: /home/yadhu/ur3e/install/robotiq_description/share/robotiq_description/launch/view_gripper.launch.py
[0.467s] -- Installing: /home/yadhu/ur3e/install/robotiq_description/share/robotiq_description/meshes
[0.467s] -- Installing: /home/yadhu/ur3e/install/robotiq_description/share/robotiq_description/meshes/collision
[0.467s] -- Installing: /home/yadhu/ur3e/install/robotiq_description/share/robotiq_description/meshes/collision/2f_85
[0.467s] -- Installing: /home/yadhu/ur3e/install/robotiq_description/share/robotiq_description/meshes/collision/2f_85/ur_to_robotiq_adapter.stl
[0.467s] -- Installing: /home/yadhu/ur3e/install/robotiq_description/share/robotiq_description/meshes/collision/2f_85/right_finger_tip.stl
[0.467s] -- Installing: /home/yadhu/ur3e/install/robotiq_description/share/robotiq_description/meshes/collision/2f_85/left_inner_knuckle.stl
[0.468s] -- Installing: /home/yadhu/ur3e/install/robotiq_description/share/robotiq_description/meshes/collision/2f_85/right_knuckle.stl
[0.468s] -- Installing: /home/yadhu/ur3e/install/robotiq_description/share/robotiq_description/meshes/collision/2f_85/left_knuckle.stl
[0.468s] -- Installing: /home/yadhu/ur3e/install/robotiq_description/share/robotiq_description/meshes/collision/2f_85/left_finger_tip.stl
[0.468s] -- Installing: /home/yadhu/ur3e/install/robotiq_description/share/robotiq_description/meshes/collision/2f_85/right_inner_knuckle.stl
[0.468s] -- Installing: /home/yadhu/ur3e/install/robotiq_description/share/robotiq_description/meshes/collision/2f_85/robotiq_base.stl
[0.468s] -- Installing: /home/yadhu/ur3e/install/robotiq_description/share/robotiq_description/meshes/collision/2f_85/left_finger.stl
[0.468s] -- Installing: /home/yadhu/ur3e/install/robotiq_description/share/robotiq_description/meshes/collision/2f_85/right_finger.stl
[0.468s] -- Installing: /home/yadhu/ur3e/install/robotiq_description/share/robotiq_description/meshes/visual
[0.468s] -- Installing: /home/yadhu/ur3e/install/robotiq_description/share/robotiq_description/meshes/visual/2f_85
[0.468s] -- Installing: /home/yadhu/ur3e/install/robotiq_description/share/robotiq_description/meshes/visual/2f_85/right_finger.dae
[0.468s] -- Installing: /home/yadhu/ur3e/install/robotiq_description/share/robotiq_description/meshes/visual/2f_85/left_finger_tip.dae
[0.468s] -- Installing: /home/yadhu/ur3e/install/robotiq_description/share/robotiq_description/meshes/visual/2f_85/right_inner_knuckle.dae
[0.468s] -- Installing: /home/yadhu/ur3e/install/robotiq_description/share/robotiq_description/meshes/visual/2f_85/right_knuckle.dae
[0.468s] -- Installing: /home/yadhu/ur3e/install/robotiq_description/share/robotiq_description/meshes/visual/2f_85/right_finger_tip.dae
[0.468s] -- Installing: /home/yadhu/ur3e/install/robotiq_description/share/robotiq_description/meshes/visual/2f_85/ur_to_robotiq_adapter.dae
[0.468s] -- Installing: /home/yadhu/ur3e/install/robotiq_description/share/robotiq_description/meshes/visual/2f_85/left_inner_knuckle.dae
[0.469s] -- Installing: /home/yadhu/ur3e/install/robotiq_description/share/robotiq_description/meshes/visual/2f_85/left_finger.dae
[0.469s] -- Installing: /home/yadhu/ur3e/install/robotiq_description/share/robotiq_description/meshes/visual/2f_85/left_knuckle.dae
[0.469s] -- Installing: /home/yadhu/ur3e/install/robotiq_description/share/robotiq_description/meshes/visual/2f_85/robotiq_base.dae
[0.470s] -- Installing: /home/yadhu/ur3e/install/robotiq_description/share/robotiq_description/rviz
[0.470s] -- Installing: /home/yadhu/ur3e/install/robotiq_description/share/robotiq_description/rviz/view_urdf.rviz
[0.470s] -- Installing: /home/yadhu/ur3e/install/robotiq_description/share/robotiq_description/urdf
[0.470s] -- Installing: /home/yadhu/ur3e/install/robotiq_description/share/robotiq_description/urdf/robotiq_2f_85_macro.urdf.xacro
[0.470s] -- Installing: /home/yadhu/ur3e/install/robotiq_description/share/robotiq_description/urdf/2f_85.ros2_control.xacro
[0.470s] -- Installing: /home/yadhu/ur3e/install/robotiq_description/share/robotiq_description/urdf/robotiq_2f_85_gripper.urdf.xacro
[0.470s] -- Installing: /home/yadhu/ur3e/install/robotiq_description/share/robotiq_description/urdf/ur_to_robotiq_adapter.urdf.xacro
[0.470s] -- Installing: /home/yadhu/ur3e/install/robotiq_description/share/ament_index/resource_index/package_run_dependencies/robotiq_description
[0.470s] -- Installing: /home/yadhu/ur3e/install/robotiq_description/share/ament_index/resource_index/parent_prefix_path/robotiq_description
[0.470s] -- Installing: /home/yadhu/ur3e/install/robotiq_description/share/robotiq_description/environment/ament_prefix_path.sh
[0.470s] -- Installing: /home/yadhu/ur3e/install/robotiq_description/share/robotiq_description/environment/ament_prefix_path.dsv
[0.470s] -- Installing: /home/yadhu/ur3e/install/robotiq_description/share/robotiq_description/environment/path.sh
[0.470s] -- Installing: /home/yadhu/ur3e/install/robotiq_description/share/robotiq_description/environment/path.dsv
[0.470s] -- Installing: /home/yadhu/ur3e/install/robotiq_description/share/robotiq_description/local_setup.bash
[0.471s] -- Installing: /home/yadhu/ur3e/install/robotiq_description/share/robotiq_description/local_setup.sh
[0.471s] -- Installing: /home/yadhu/ur3e/install/robotiq_description/share/robotiq_description/local_setup.zsh
[0.471s] -- Installing: /home/yadhu/ur3e/install/robotiq_description/share/robotiq_description/local_setup.dsv
[0.471s] -- Installing: /home/yadhu/ur3e/install/robotiq_description/share/robotiq_description/package.dsv
[0.471s] -- Installing: /home/yadhu/ur3e/install/robotiq_description/share/ament_index/resource_index/packages/robotiq_description
[0.471s] -- Installing: /home/yadhu/ur3e/install/robotiq_description/share/robotiq_description/cmake/robotiq_descriptionConfig.cmake
[0.471s] -- Installing: /home/yadhu/ur3e/install/robotiq_description/share/robotiq_description/cmake/robotiq_descriptionConfig-version.cmake
[0.471s] -- Installing: /home/yadhu/ur3e/install/robotiq_description/share/robotiq_description/package.xml
[0.472s] Invoked command in '/home/yadhu/ur3e/build/robotiq_description' returned '0': CMAKE_PREFIX_PATH=/opt/ros/humble /usr/bin/cmake --install /home/yadhu/ur3e/build/robotiq_description
