[35m[1mConsolidate compiler generated dependencies of target position_pub[0m
[35m[1mConsolidate compiler generated dependencies of target position_publisher[0m
[ 33%] Built target simple_moveit_interface
[ 66%] Built target position_pub
[ 83%] [32mBuilding CXX object CMakeFiles/position_publisher.dir/src/position_publisher.cpp.o[0m
[01m[K/home/yadhu/ur3e/src/cppfile/src/position_publisher.cpp:85:31:[m[K [01;31m[Kerror: [m[K‘[01m[Kunity_ros_msgs[m[K’ was not declared in this scope
   85 |         const std::shared_ptr<[01;31m[Kunity_ros_msgs[m[K::srv::UrMoverService::Request> request,
      |                               [01;31m[K^~~~~~~~~~~~~~[m[K
[01m[K/home/yadhu/ur3e/src/cppfile/src/position_publisher.cpp:85:75:[m[K [01;31m[Kerror: [m[Ktemplate argument 1 is invalid
   85 |         const std::shared_ptr<unity_ros_msgs::srv::UrMoverService::Request[01;31m[K>[m[K request,
      |                                                                           [01;31m[K^[m[K
[01m[K/home/yadhu/ur3e/src/cppfile/src/position_publisher.cpp:85:31:[m[K [01;31m[Kerror: [m[K‘[01m[Kunity_ros_msgs[m[K’ was not declared in this scope
   85 |         const std::shared_ptr<[01;31m[Kunity_ros_msgs[m[K::srv::UrMoverService::Request> request,
      |                               [01;31m[K^~~~~~~~~~~~~~[m[K
[01m[K/home/yadhu/ur3e/src/cppfile/src/position_publisher.cpp:85:75:[m[K [01;31m[Kerror: [m[Ktemplate argument 1 is invalid
   85 |         const std::shared_ptr<unity_ros_msgs::srv::UrMoverService::Request[01;31m[K>[m[K request,
      |                                                                           [01;31m[K^[m[K
[01m[K/home/yadhu/ur3e/src/cppfile/src/position_publisher.cpp:85:31:[m[K [01;31m[Kerror: [m[K‘[01m[Kunity_ros_msgs[m[K’ was not declared in this scope
   85 |         const std::shared_ptr<[01;31m[Kunity_ros_msgs[m[K::srv::UrMoverService::Request> request,
      |                               [01;31m[K^~~~~~~~~~~~~~[m[K
[01m[K/home/yadhu/ur3e/src/cppfile/src/position_publisher.cpp:85:75:[m[K [01;31m[Kerror: [m[Ktemplate argument 1 is invalid
   85 |         const std::shared_ptr<unity_ros_msgs::srv::UrMoverService::Request[01;31m[K>[m[K request,
      |                                                                           [01;31m[K^[m[K
[01m[K/home/yadhu/ur3e/src/cppfile/src/position_publisher.cpp:85:15:[m[K [01;31m[Kerror: [m[Kinvalid template-id
   85 |         const [01;31m[Kstd[m[K::shared_ptr<unity_ros_msgs::srv::UrMoverService::Request> request,
      |               [01;31m[K^~~[m[K
[01m[K/home/yadhu/ur3e/src/cppfile/src/position_publisher.cpp:85:31:[m[K [01;31m[Kerror: [m[K‘[01m[Kunity_ros_msgs[m[K’ has not been declared
   85 |         const std::shared_ptr<[01;31m[Kunity_ros_msgs[m[K::srv::UrMoverService::Request> request,
      |                               [01;31m[K^~~~~~~~~~~~~~[m[K
[01m[K/home/yadhu/ur3e/src/cppfile/src/position_publisher.cpp:85:9:[m[K [01;31m[Kerror: [m[Kclass template placeholder ‘[01m[Kstd::shared_ptr[m[K’ not permitted in this context
   85 |         [01;31m[Kconst[m[K std::shared_ptr<unity_ros_msgs::srv::UrMoverService::Request> request,
      |         [01;31m[K^~~~~[m[K
[01m[K/home/yadhu/ur3e/src/cppfile/src/position_publisher.cpp:86:31:[m[K [01;31m[Kerror: [m[K‘[01m[Kunity_ros_msgs[m[K’ was not declared in this scope
   86 |         const std::shared_ptr<[01;31m[Kunity_ros_msgs[m[K::srv::UrMoverService::Response> response)
      |                               [01;31m[K^~~~~~~~~~~~~~[m[K
[01m[K/home/yadhu/ur3e/src/cppfile/src/position_publisher.cpp:86:76:[m[K [01;31m[Kerror: [m[Ktemplate argument 1 is invalid
   86 |         const std::shared_ptr<unity_ros_msgs::srv::UrMoverService::Response[01;31m[K>[m[K response)
      |                                                                            [01;31m[K^[m[K
[01m[K/home/yadhu/ur3e/src/cppfile/src/position_publisher.cpp:86:31:[m[K [01;31m[Kerror: [m[K‘[01m[Kunity_ros_msgs[m[K’ was not declared in this scope
   86 |         const std::shared_ptr<[01;31m[Kunity_ros_msgs[m[K::srv::UrMoverService::Response> response)
      |                               [01;31m[K^~~~~~~~~~~~~~[m[K
[01m[K/home/yadhu/ur3e/src/cppfile/src/position_publisher.cpp:86:76:[m[K [01;31m[Kerror: [m[Ktemplate argument 1 is invalid
   86 |         const std::shared_ptr<unity_ros_msgs::srv::UrMoverService::Response[01;31m[K>[m[K response)
      |                                                                            [01;31m[K^[m[K
[01m[K/home/yadhu/ur3e/src/cppfile/src/position_publisher.cpp:86:31:[m[K [01;31m[Kerror: [m[K‘[01m[Kunity_ros_msgs[m[K’ was not declared in this scope
   86 |         const std::shared_ptr<[01;31m[Kunity_ros_msgs[m[K::srv::UrMoverService::Response> response)
      |                               [01;31m[K^~~~~~~~~~~~~~[m[K
[01m[K/home/yadhu/ur3e/src/cppfile/src/position_publisher.cpp:86:76:[m[K [01;31m[Kerror: [m[Ktemplate argument 1 is invalid
   86 |         const std::shared_ptr<unity_ros_msgs::srv::UrMoverService::Response[01;31m[K>[m[K response)
      |                                                                            [01;31m[K^[m[K
[01m[K/home/yadhu/ur3e/src/cppfile/src/position_publisher.cpp:86:15:[m[K [01;31m[Kerror: [m[Kinvalid template-id
   86 |         const [01;31m[Kstd[m[K::shared_ptr<unity_ros_msgs::srv::UrMoverService::Response> response)
      |               [01;31m[K^~~[m[K
[01m[K/home/yadhu/ur3e/src/cppfile/src/position_publisher.cpp:86:31:[m[K [01;31m[Kerror: [m[K‘[01m[Kunity_ros_msgs[m[K’ has not been declared
   86 |         const std::shared_ptr<[01;31m[Kunity_ros_msgs[m[K::srv::UrMoverService::Response> response)
      |                               [01;31m[K^~~~~~~~~~~~~~[m[K
[01m[K/home/yadhu/ur3e/src/cppfile/src/position_publisher.cpp:86:9:[m[K [01;31m[Kerror: [m[Kclass template placeholder ‘[01m[Kstd::shared_ptr[m[K’ not permitted in this context
   86 |         [01;31m[Kconst[m[K std::shared_ptr<unity_ros_msgs::srv::UrMoverService::Response> response)
      |         [01;31m[K^~~~~[m[K
[01m[K/home/yadhu/ur3e/src/cppfile/src/position_publisher.cpp:174:21:[m[K [01;31m[Kerror: [m[K‘[01m[Kunity_ros_msgs[m[K’ was not declared in this scope
  174 |     rclcpp::Service<[01;31m[Kunity_ros_msgs[m[K::srv::UrMoverService>::SharedPtr service_;
      |                     [01;31m[K^~~~~~~~~~~~~~[m[K
[01m[K/home/yadhu/ur3e/src/cppfile/src/position_publisher.cpp:174:56:[m[K [01;31m[Kerror: [m[Ktemplate argument 1 is invalid
  174 |     rclcpp::Service<unity_ros_msgs::srv::UrMoverService[01;31m[K>[m[K::SharedPtr service_;
      |                                                        [01;31m[K^[m[K
[01m[K/home/yadhu/ur3e/src/cppfile/src/position_publisher.cpp:174:59:[m[K [01;31m[Kerror: [m[Kexpected ‘[01m[K;[m[K’ at end of member declaration
  174 |     rclcpp::Service<unity_ros_msgs::srv::UrMoverService>::[01;31m[KSharedPtr[m[K service_;
      |                                                           [01;31m[K^~~~~~~~~[m[K
      |                                                                    [32m[K;[m[K
[01m[K/home/yadhu/ur3e/src/cppfile/src/position_publisher.cpp:174:69:[m[K [01;31m[Kerror: [m[K‘[01m[Kservice_[m[K’ does not name a type
  174 |     rclcpp::Service<unity_ros_msgs::srv::UrMoverService>::SharedPtr [01;31m[Kservice_[m[K;
      |                                                                     [01;31m[K^~~~~~~~[m[K
[01m[K/home/yadhu/ur3e/src/cppfile/src/position_publisher.cpp:[m[K In constructor ‘[01m[KUR3eMoveItServer::UR3eMoveItServer()[m[K’:
[01m[K/home/yadhu/ur3e/src/cppfile/src/position_publisher.cpp:16:9:[m[K [01;31m[Kerror: [m[K‘[01m[Kservice_[m[K’ was not declared in this scope
   16 |         [01;31m[Kservice_[m[K = create_service<unity_ros_msgs::srv::UrMoverService>(
      |         [01;31m[K^~~~~~~~[m[K
[01m[K/home/yadhu/ur3e/src/cppfile/src/position_publisher.cpp:16:35:[m[K [01;31m[Kerror: [m[K‘[01m[Kunity_ros_msgs[m[K’ was not declared in this scope
   16 |         service_ = create_service<[01;31m[Kunity_ros_msgs[m[K::srv::UrMoverService>(
      |                                   [01;31m[K^~~~~~~~~~~~~~[m[K
[01m[K/home/yadhu/ur3e/src/cppfile/src/position_publisher.cpp:16:20:[m[K [01;31m[Kerror: [m[Kparse error in template argument list
   16 |         service_ = [01;31m[Kcreate_service<unity_ros_msgs::srv::UrMoverService>[m[K(
      |                    [01;31m[K^~~~~~~~~~~~~~~~~~~~~~~~~~~~~~~~~~~~~~~~~~~~~~~~~~~[m[K
[01m[K/home/yadhu/ur3e/src/cppfile/src/position_publisher.cpp:16:71:[m[K [01;31m[Kerror: [m[Kno matching function for call to ‘[01m[KUR3eMoveItServer::create_service<<expression error> >(const char [12], std::_Bind_helper<false, void (UR3eMoveItServer::*)(...), UR3eMoveItServer*, const std::_Placeholder<1>&, const std::_Placeholder<2>&>::type)[m[K’
   16 |         service_ = [01;31m[Kcreate_service<unity_ros_msgs::srv::UrMoverService>([m[K
      |                    [01;31m[K~~~~~~~~~~~~~~~~~~~~~~~~~~~~~~~~~~~~~~~~~~~~~~~~~~~^[m[K
   17 | [01;31m[K            "ur3e_moveit",[m[K
      |             [01;31m[K~~~~~~~~~~~~~~[m[K                                             
   18 | [01;31m[K            std::bind(&UR3eMoveItServer::handleServiceRequest, this,[m[K
      |             [01;31m[K~~~~~~~~~~~~~~~~~~~~~~~~~~~~~~~~~~~~~~~~~~~~~~~~~~~~~~~~[m[K   
   19 | [01;31m[K                     std::placeholders::_1, std::placeholders::_2))[m[K;
      |                      [01;31m[K~~~~~~~~~~~~~~~~~~~~~~~~~~~~~~~~~~~~~~~~~~~~~~[m[K    
In file included from [01m[K/opt/ros/humble/include/rclcpp/rclcpp/executors/single_threaded_executor.hpp:28[m[K,
                 from [01m[K/opt/ros/humble/include/rclcpp/rclcpp/executors.hpp:22[m[K,
                 from [01m[K/opt/ros/humble/include/rclcpp/rclcpp/rclcpp.hpp:155[m[K,
                 from [01m[K/home/yadhu/ur3e/src/cppfile/src/position_publisher.cpp:1[m[K:
[01m[K/opt/ros/humble/include/rclcpp/rclcpp/node.hpp:267:3:[m[K [01;36m[Knote: [m[Kcandidate: ‘[01m[Ktemplate<class ServiceT, class CallbackT> typename rclcpp::Service<ServiceT>::SharedPtr rclcpp::Node::create_service(const string&, CallbackT&&, const rmw_qos_profile_t&, rclcpp::CallbackGroup::SharedPtr)[m[K’
  267 |   [01;36m[Kcreate_service[m[K(
      |   [01;36m[K^~~~~~~~~~~~~~[m[K
[01m[K/opt/ros/humble/include/rclcpp/rclcpp/node.hpp:267:3:[m[K [01;36m[Knote: [m[K  template argument deduction/substitution failed:
[01m[K/home/yadhu/ur3e/src/cppfile/src/position_publisher.cpp:16:71:[m[K [01;31m[Kerror: [m[Ktemplate argument 1 is invalid
   16 |         service_ = [01;31m[Kcreate_service<unity_ros_msgs::srv::UrMoverService>([m[K
      |                    [01;31m[K~~~~~~~~~~~~~~~~~~~~~~~~~~~~~~~~~~~~~~~~~~~~~~~~~~~^[m[K
   17 | [01;31m[K            "ur3e_moveit",[m[K
      |             [01;31m[K~~~~~~~~~~~~~~[m[K                                             
   18 | [01;31m[K            std::bind(&UR3eMoveItServer::handleServiceRequest, this,[m[K
      |             [01;31m[K~~~~~~~~~~~~~~~~~~~~~~~~~~~~~~~~~~~~~~~~~~~~~~~~~~~~~~~~[m[K   
   19 | [01;31m[K                     std::placeholders::_1, std::placeholders::_2))[m[K;
      |                      [01;31m[K~~~~~~~~~~~~~~~~~~~~~~~~~~~~~~~~~~~~~~~~~~~~~~[m[K    
[01m[K/home/yadhu/ur3e/src/cppfile/src/position_publisher.cpp:[m[K In member function ‘[01m[Kvoid UR3eMoveItServer::handleServiceRequest(...)[m[K’:
[01m[K/home/yadhu/ur3e/src/cppfile/src/position_publisher.cpp:92:13:[m[K [01;31m[Kerror: [m[K‘[01m[Krequest[m[K’ was not declared in this scope
   92 |             [01;31m[Krequest[m[K->joints_input.joints.begin(),
      |             [01;31m[K^~~~~~~[m[K
[01m[K/home/yadhu/ur3e/src/cppfile/src/position_publisher.cpp:161:13:[m[K [01;31m[Kerror: [m[K‘[01m[Kresponse[m[K’ was not declared in this scope
  161 |             [01;31m[Kresponse[m[K->trajectories.push_back(pre_grasp_plan.trajectory_);
      |             [01;31m[K^~~~~~~~[m[K
gmake[2]: *** [CMakeFiles/position_publisher.dir/build.make:76: CMakeFiles/position_publisher.dir/src/position_publisher.cpp.o] Error 1
gmake[1]: *** [CMakeFiles/Makefile2:167: CMakeFiles/position_publisher.dir/all] Error 2
gmake: *** [Makefile:146: all] Error 2
