[0.013s] Invoking command in '/home/yadhu/ur3e/src/build/cppfile': AMENT_PREFIX_PATH=/home/yadhu/ur3e/src/install/ur_robotiq:/home/yadhu/ur3e/src/install/ur_description:/home/yadhu/ur3e/src/install/unity_ros_msgs:/home/yadhu/ur3e/src/install/unity_robotics_demo_msgs:/home/yadhu/ur3e/src/install/robotiq_description:/home/yadhu/ur3e/src/install/moveit_msgs:${AMENT_PREFIX_PATH} CMAKE_PREFIX_PATH=/home/yadhu/ur3e/src/install/ur_robotiq:/home/yadhu/ur3e/src/install/ur_description:/home/yadhu/ur3e/src/install/unity_ros_msgs:/home/yadhu/ur3e/src/install/unity_robotics_demo_msgs:/home/yadhu/ur3e/src/install/robotiq_description:/home/yadhu/ur3e/src/install/moveit_msgs:/opt/ros/humble LD_LIBRARY_PATH=/home/yadhu/ur3e/src/install/ur_robotiq/lib:/home/yadhu/ur3e/src/install/unity_ros_msgs/lib:/home/yadhu/ur3e/src/install/unity_robotics_demo_msgs/lib:/home/yadhu/ur3e/src/install/moveit_msgs/lib:${LD_LIBRARY_PATH} PYTHONPATH=/home/yadhu/ur3e/src/install/ur_robotiq/local/lib/python3.10/dist-packages:/home/yadhu/ur3e/src/install/unity_ros_msgs/local/lib/python3.10/dist-packages:/home/yadhu/ur3e/src/install/unity_robotics_demo_msgs/local/lib/python3.10/dist-packages:/home/yadhu/ur3e/src/install/moveit_msgs/local/lib/python3.10/dist-packages:${PYTHONPATH} /usr/bin/cmake --build /home/yadhu/ur3e/src/build/cppfile -- -j16 -l16
[0.051s] [35m[1mConsolidate compiler generated dependencies of target position_pub[0m
[0.053s] [35m[1mConsolidate compiler generated dependencies of target position_publisher[0m
[0.067s] [ 33%] Built target simple_moveit_interface
[0.070s] [ 66%] Built target position_pub
[0.073s] [ 83%] [32mBuilding CXX object CMakeFiles/position_publisher.dir/src/position_publisher.cpp.o[0m
[3.056s] [01m[K/home/yadhu/ur3e/src/cppfile/src/position_publisher.cpp:85:31:[m[K [01;31m[Kerror: [m[K‘[01m[Kunity_ros_msgs[m[K’ was not declared in this scope
[3.056s]    85 |         const std::shared_ptr<[01;31m[Kunity_ros_msgs[m[K::srv::UrMoverService::Request> request,
[3.056s]       |                               [01;31m[K^~~~~~~~~~~~~~[m[K
[3.056s] [01m[K/home/yadhu/ur3e/src/cppfile/src/position_publisher.cpp:85:75:[m[K [01;31m[Kerror: [m[Ktemplate argument 1 is invalid
[3.056s]    85 |         const std::shared_ptr<unity_ros_msgs::srv::UrMoverService::Request[01;31m[K>[m[K request,
[3.056s]       |                                                                           [01;31m[K^[m[K
[3.066s] [01m[K/home/yadhu/ur3e/src/cppfile/src/position_publisher.cpp:85:31:[m[K [01;31m[Kerror: [m[K‘[01m[Kunity_ros_msgs[m[K’ was not declared in this scope
[3.066s]    85 |         const std::shared_ptr<[01;31m[Kunity_ros_msgs[m[K::srv::UrMoverService::Request> request,
[3.066s]       |                               [01;31m[K^~~~~~~~~~~~~~[m[K
[3.066s] [01m[K/home/yadhu/ur3e/src/cppfile/src/position_publisher.cpp:85:75:[m[K [01;31m[Kerror: [m[Ktemplate argument 1 is invalid
[3.066s]    85 |         const std::shared_ptr<unity_ros_msgs::srv::UrMoverService::Request[01;31m[K>[m[K request,
[3.066s]       |                                                                           [01;31m[K^[m[K
[3.075s] [01m[K/home/yadhu/ur3e/src/cppfile/src/position_publisher.cpp:85:31:[m[K [01;31m[Kerror: [m[K‘[01m[Kunity_ros_msgs[m[K’ was not declared in this scope
[3.075s]    85 |         const std::shared_ptr<[01;31m[Kunity_ros_msgs[m[K::srv::UrMoverService::Request> request,
[3.075s]       |                               [01;31m[K^~~~~~~~~~~~~~[m[K
[3.075s] [01m[K/home/yadhu/ur3e/src/cppfile/src/position_publisher.cpp:85:75:[m[K [01;31m[Kerror: [m[Ktemplate argument 1 is invalid
[3.075s]    85 |         const std::shared_ptr<unity_ros_msgs::srv::UrMoverService::Request[01;31m[K>[m[K request,
[3.075s]       |                                                                           [01;31m[K^[m[K
[3.075s] [01m[K/home/yadhu/ur3e/src/cppfile/src/position_publisher.cpp:85:15:[m[K [01;31m[Kerror: [m[Kinvalid template-id
[3.075s]    85 |         const [01;31m[Kstd[m[K::shared_ptr<unity_ros_msgs::srv::UrMoverService::Request> request,
[3.075s]       |               [01;31m[K^~~[m[K
[3.076s] [01m[K/home/yadhu/ur3e/src/cppfile/src/position_publisher.cpp:85:31:[m[K [01;31m[Kerror: [m[K‘[01m[Kunity_ros_msgs[m[K’ has not been declared
[3.076s]    85 |         const std::shared_ptr<[01;31m[Kunity_ros_msgs[m[K::srv::UrMoverService::Request> request,
[3.076s]       |                               [01;31m[K^~~~~~~~~~~~~~[m[K
[3.076s] [01m[K/home/yadhu/ur3e/src/cppfile/src/position_publisher.cpp:85:9:[m[K [01;31m[Kerror: [m[Kclass template placeholder ‘[01m[Kstd::shared_ptr[m[K’ not permitted in this context
[3.076s]    85 |         [01;31m[Kconst[m[K std::shared_ptr<unity_ros_msgs::srv::UrMoverService::Request> request,
[3.076s]       |         [01;31m[K^~~~~[m[K
[3.084s] [01m[K/home/yadhu/ur3e/src/cppfile/src/position_publisher.cpp:86:31:[m[K [01;31m[Kerror: [m[K‘[01m[Kunity_ros_msgs[m[K’ was not declared in this scope
[3.084s]    86 |         const std::shared_ptr<[01;31m[Kunity_ros_msgs[m[K::srv::UrMoverService::Response> response)
[3.084s]       |                               [01;31m[K^~~~~~~~~~~~~~[m[K
[3.084s] [01m[K/home/yadhu/ur3e/src/cppfile/src/position_publisher.cpp:86:76:[m[K [01;31m[Kerror: [m[Ktemplate argument 1 is invalid
[3.084s]    86 |         const std::shared_ptr<unity_ros_msgs::srv::UrMoverService::Response[01;31m[K>[m[K response)
[3.084s]       |                                                                            [01;31m[K^[m[K
[3.093s] [01m[K/home/yadhu/ur3e/src/cppfile/src/position_publisher.cpp:86:31:[m[K [01;31m[Kerror: [m[K‘[01m[Kunity_ros_msgs[m[K’ was not declared in this scope
[3.093s]    86 |         const std::shared_ptr<[01;31m[Kunity_ros_msgs[m[K::srv::UrMoverService::Response> response)
[3.093s]       |                               [01;31m[K^~~~~~~~~~~~~~[m[K
[3.093s] [01m[K/home/yadhu/ur3e/src/cppfile/src/position_publisher.cpp:86:76:[m[K [01;31m[Kerror: [m[Ktemplate argument 1 is invalid
[3.093s]    86 |         const std::shared_ptr<unity_ros_msgs::srv::UrMoverService::Response[01;31m[K>[m[K response)
[3.093s]       |                                                                            [01;31m[K^[m[K
[3.101s] [01m[K/home/yadhu/ur3e/src/cppfile/src/position_publisher.cpp:86:31:[m[K [01;31m[Kerror: [m[K‘[01m[Kunity_ros_msgs[m[K’ was not declared in this scope
[3.101s]    86 |         const std::shared_ptr<[01;31m[Kunity_ros_msgs[m[K::srv::UrMoverService::Response> response)
[3.101s]       |                               [01;31m[K^~~~~~~~~~~~~~[m[K
[3.101s] [01m[K/home/yadhu/ur3e/src/cppfile/src/position_publisher.cpp:86:76:[m[K [01;31m[Kerror: [m[Ktemplate argument 1 is invalid
[3.101s]    86 |         const std::shared_ptr<unity_ros_msgs::srv::UrMoverService::Response[01;31m[K>[m[K response)
[3.101s]       |                                                                            [01;31m[K^[m[K
[3.101s] [01m[K/home/yadhu/ur3e/src/cppfile/src/position_publisher.cpp:86:15:[m[K [01;31m[Kerror: [m[Kinvalid template-id
[3.101s]    86 |         const [01;31m[Kstd[m[K::shared_ptr<unity_ros_msgs::srv::UrMoverService::Response> response)
[3.101s]       |               [01;31m[K^~~[m[K
[3.101s] [01m[K/home/yadhu/ur3e/src/cppfile/src/position_publisher.cpp:86:31:[m[K [01;31m[Kerror: [m[K‘[01m[Kunity_ros_msgs[m[K’ has not been declared
[3.101s]    86 |         const std::shared_ptr<[01;31m[Kunity_ros_msgs[m[K::srv::UrMoverService::Response> response)
[3.102s]       |                               [01;31m[K^~~~~~~~~~~~~~[m[K
[3.102s] [01m[K/home/yadhu/ur3e/src/cppfile/src/position_publisher.cpp:86:9:[m[K [01;31m[Kerror: [m[Kclass template placeholder ‘[01m[Kstd::shared_ptr[m[K’ not permitted in this context
[3.102s]    86 |         [01;31m[Kconst[m[K std::shared_ptr<unity_ros_msgs::srv::UrMoverService::Response> response)
[3.102s]       |         [01;31m[K^~~~~[m[K
[3.113s] [01m[K/home/yadhu/ur3e/src/cppfile/src/position_publisher.cpp:174:21:[m[K [01;31m[Kerror: [m[K‘[01m[Kunity_ros_msgs[m[K’ was not declared in this scope
[3.113s]   174 |     rclcpp::Service<[01;31m[Kunity_ros_msgs[m[K::srv::UrMoverService>::SharedPtr service_;
[3.113s]       |                     [01;31m[K^~~~~~~~~~~~~~[m[K
[3.113s] [01m[K/home/yadhu/ur3e/src/cppfile/src/position_publisher.cpp:174:56:[m[K [01;31m[Kerror: [m[Ktemplate argument 1 is invalid
[3.113s]   174 |     rclcpp::Service<unity_ros_msgs::srv::UrMoverService[01;31m[K>[m[K::SharedPtr service_;
[3.113s]       |                                                        [01;31m[K^[m[K
[3.113s] [01m[K/home/yadhu/ur3e/src/cppfile/src/position_publisher.cpp:174:59:[m[K [01;31m[Kerror: [m[Kexpected ‘[01m[K;[m[K’ at end of member declaration
[3.113s]   174 |     rclcpp::Service<unity_ros_msgs::srv::UrMoverService>::[01;31m[KSharedPtr[m[K service_;
[3.113s]       |                                                           [01;31m[K^~~~~~~~~[m[K
[3.113s]       |                                                                    [32m[K;[m[K
[3.115s] [01m[K/home/yadhu/ur3e/src/cppfile/src/position_publisher.cpp:174:69:[m[K [01;31m[Kerror: [m[K‘[01m[Kservice_[m[K’ does not name a type
[3.115s]   174 |     rclcpp::Service<unity_ros_msgs::srv::UrMoverService>::SharedPtr [01;31m[Kservice_[m[K;
[3.115s]       |                                                                     [01;31m[K^~~~~~~~[m[K
[3.121s] [01m[K/home/yadhu/ur3e/src/cppfile/src/position_publisher.cpp:[m[K In constructor ‘[01m[KUR3eMoveItServer::UR3eMoveItServer()[m[K’:
[3.121s] [01m[K/home/yadhu/ur3e/src/cppfile/src/position_publisher.cpp:16:9:[m[K [01;31m[Kerror: [m[K‘[01m[Kservice_[m[K’ was not declared in this scope
[3.121s]    16 |         [01;31m[Kservice_[m[K = create_service<unity_ros_msgs::srv::UrMoverService>(
[3.121s]       |         [01;31m[K^~~~~~~~[m[K
[3.130s] [01m[K/home/yadhu/ur3e/src/cppfile/src/position_publisher.cpp:16:35:[m[K [01;31m[Kerror: [m[K‘[01m[Kunity_ros_msgs[m[K’ was not declared in this scope
[3.130s]    16 |         service_ = create_service<[01;31m[Kunity_ros_msgs[m[K::srv::UrMoverService>(
[3.130s]       |                                   [01;31m[K^~~~~~~~~~~~~~[m[K
[3.130s] [01m[K/home/yadhu/ur3e/src/cppfile/src/position_publisher.cpp:16:20:[m[K [01;31m[Kerror: [m[Kparse error in template argument list
[3.130s]    16 |         service_ = [01;31m[Kcreate_service<unity_ros_msgs::srv::UrMoverService>[m[K(
[3.130s]       |                    [01;31m[K^~~~~~~~~~~~~~~~~~~~~~~~~~~~~~~~~~~~~~~~~~~~~~~~~~~[m[K
[3.134s] [01m[K/home/yadhu/ur3e/src/cppfile/src/position_publisher.cpp:16:71:[m[K [01;31m[Kerror: [m[Kno matching function for call to ‘[01m[KUR3eMoveItServer::create_service<<expression error> >(const char [12], std::_Bind_helper<false, void (UR3eMoveItServer::*)(...), UR3eMoveItServer*, const std::_Placeholder<1>&, const std::_Placeholder<2>&>::type)[m[K’
[3.134s]    16 |         service_ = [01;31m[Kcreate_service<unity_ros_msgs::srv::UrMoverService>([m[K
[3.134s]       |                    [01;31m[K~~~~~~~~~~~~~~~~~~~~~~~~~~~~~~~~~~~~~~~~~~~~~~~~~~~^[m[K
[3.134s]    17 | [01;31m[K            "ur3e_moveit",[m[K
[3.134s]       |             [01;31m[K~~~~~~~~~~~~~~[m[K                                             
[3.134s]    18 | [01;31m[K            std::bind(&UR3eMoveItServer::handleServiceRequest, this,[m[K
[3.134s]       |             [01;31m[K~~~~~~~~~~~~~~~~~~~~~~~~~~~~~~~~~~~~~~~~~~~~~~~~~~~~~~~~[m[K   
[3.134s]    19 | [01;31m[K                     std::placeholders::_1, std::placeholders::_2))[m[K;
[3.134s]       |                      [01;31m[K~~~~~~~~~~~~~~~~~~~~~~~~~~~~~~~~~~~~~~~~~~~~~~[m[K    
[3.134s] In file included from [01m[K/opt/ros/humble/include/rclcpp/rclcpp/executors/single_threaded_executor.hpp:28[m[K,
[3.134s]                  from [01m[K/opt/ros/humble/include/rclcpp/rclcpp/executors.hpp:22[m[K,
[3.134s]                  from [01m[K/opt/ros/humble/include/rclcpp/rclcpp/rclcpp.hpp:155[m[K,
[3.134s]                  from [01m[K/home/yadhu/ur3e/src/cppfile/src/position_publisher.cpp:1[m[K:
[3.134s] [01m[K/opt/ros/humble/include/rclcpp/rclcpp/node.hpp:267:3:[m[K [01;36m[Knote: [m[Kcandidate: ‘[01m[Ktemplate<class ServiceT, class CallbackT> typename rclcpp::Service<ServiceT>::SharedPtr rclcpp::Node::create_service(const string&, CallbackT&&, const rmw_qos_profile_t&, rclcpp::CallbackGroup::SharedPtr)[m[K’
[3.134s]   267 |   [01;36m[Kcreate_service[m[K(
[3.134s]       |   [01;36m[K^~~~~~~~~~~~~~[m[K
[3.134s] [01m[K/opt/ros/humble/include/rclcpp/rclcpp/node.hpp:267:3:[m[K [01;36m[Knote: [m[K  template argument deduction/substitution failed:
[3.134s] [01m[K/home/yadhu/ur3e/src/cppfile/src/position_publisher.cpp:16:71:[m[K [01;31m[Kerror: [m[Ktemplate argument 1 is invalid
[3.134s]    16 |         service_ = [01;31m[Kcreate_service<unity_ros_msgs::srv::UrMoverService>([m[K
[3.134s]       |                    [01;31m[K~~~~~~~~~~~~~~~~~~~~~~~~~~~~~~~~~~~~~~~~~~~~~~~~~~~^[m[K
[3.134s]    17 | [01;31m[K            "ur3e_moveit",[m[K
[3.134s]       |             [01;31m[K~~~~~~~~~~~~~~[m[K                                             
[3.134s]    18 | [01;31m[K            std::bind(&UR3eMoveItServer::handleServiceRequest, this,[m[K
[3.134s]       |             [01;31m[K~~~~~~~~~~~~~~~~~~~~~~~~~~~~~~~~~~~~~~~~~~~~~~~~~~~~~~~~[m[K   
[3.134s]    19 | [01;31m[K                     std::placeholders::_1, std::placeholders::_2))[m[K;
[3.134s]       |                      [01;31m[K~~~~~~~~~~~~~~~~~~~~~~~~~~~~~~~~~~~~~~~~~~~~~~[m[K    
[3.143s] [01m[K/home/yadhu/ur3e/src/cppfile/src/position_publisher.cpp:[m[K In member function ‘[01m[Kvoid UR3eMoveItServer::handleServiceRequest(...)[m[K’:
[3.143s] [01m[K/home/yadhu/ur3e/src/cppfile/src/position_publisher.cpp:92:13:[m[K [01;31m[Kerror: [m[K‘[01m[Krequest[m[K’ was not declared in this scope
[3.143s]    92 |             [01;31m[Krequest[m[K->joints_input.joints.begin(),
[3.143s]       |             [01;31m[K^~~~~~~[m[K
[3.150s] [01m[K/home/yadhu/ur3e/src/cppfile/src/position_publisher.cpp:161:13:[m[K [01;31m[Kerror: [m[K‘[01m[Kresponse[m[K’ was not declared in this scope
[3.150s]   161 |             [01;31m[Kresponse[m[K->trajectories.push_back(pre_grasp_plan.trajectory_);
[3.150s]       |             [01;31m[K^~~~~~~~[m[K
[4.746s] gmake[2]: *** [CMakeFiles/position_publisher.dir/build.make:76: CMakeFiles/position_publisher.dir/src/position_publisher.cpp.o] Error 1
[4.746s] gmake[1]: *** [CMakeFiles/Makefile2:167: CMakeFiles/position_publisher.dir/all] Error 2
[4.746s] gmake: *** [Makefile:146: all] Error 2
[4.749s] Invoked command in '/home/yadhu/ur3e/src/build/cppfile' returned '2': AMENT_PREFIX_PATH=/home/yadhu/ur3e/src/install/ur_robotiq:/home/yadhu/ur3e/src/install/ur_description:/home/yadhu/ur3e/src/install/unity_ros_msgs:/home/yadhu/ur3e/src/install/unity_robotics_demo_msgs:/home/yadhu/ur3e/src/install/robotiq_description:/home/yadhu/ur3e/src/install/moveit_msgs:${AMENT_PREFIX_PATH} CMAKE_PREFIX_PATH=/home/yadhu/ur3e/src/install/ur_robotiq:/home/yadhu/ur3e/src/install/ur_description:/home/yadhu/ur3e/src/install/unity_ros_msgs:/home/yadhu/ur3e/src/install/unity_robotics_demo_msgs:/home/yadhu/ur3e/src/install/robotiq_description:/home/yadhu/ur3e/src/install/moveit_msgs:/opt/ros/humble LD_LIBRARY_PATH=/home/yadhu/ur3e/src/install/ur_robotiq/lib:/home/yadhu/ur3e/src/install/unity_ros_msgs/lib:/home/yadhu/ur3e/src/install/unity_robotics_demo_msgs/lib:/home/yadhu/ur3e/src/install/moveit_msgs/lib:${LD_LIBRARY_PATH} PYTHONPATH=/home/yadhu/ur3e/src/install/ur_robotiq/local/lib/python3.10/dist-packages:/home/yadhu/ur3e/src/install/unity_ros_msgs/local/lib/python3.10/dist-packages:/home/yadhu/ur3e/src/install/unity_robotics_demo_msgs/local/lib/python3.10/dist-packages:/home/yadhu/ur3e/src/install/moveit_msgs/local/lib/python3.10/dist-packages:${PYTHONPATH} /usr/bin/cmake --build /home/yadhu/ur3e/src/build/cppfile -- -j16 -l16
