-- Found ament_cmake: 1.3.10 (/opt/ros/humble/share/ament_cmake/cmake)
-- Found ur_description: 2.1.8 (/opt/ros/humble/share/ur_description/cmake)
-- Found robotiq_description: 0.0.1 (/opt/ros/humble/share/robotiq_description/cmake)
-- Found controller_manager: 2.43.1 (/opt/ros/humble/share/controller_manager/cmake)
-- Found rosidl_generator_c: 3.1.5 (/opt/ros/humble/share/rosidl_generator_c/cmake)
-- Found rosidl_adapter: 3.1.5 (/opt/ros/humble/share/rosidl_adapter/cmake)
-- Found rosidl_generator_cpp: 3.1.5 (/opt/ros/humble/share/rosidl_generator_cpp/cmake)
-- Using all available rosidl_typesupport_c: rosidl_typesupport_fastrtps_c;rosidl_typesupport_introspection_c
-- Using all available rosidl_typesupport_cpp: rosidl_typesupport_fastrtps_cpp;rosidl_typesupport_introspection_cpp
-- Found rmw_implementation_cmake: 6.1.2 (/opt/ros/humble/share/rmw_implementation_cmake/cmake)
-- Found rmw_cyclonedds_cpp: 1.3.4 (/opt/ros/humble/share/rmw_cyclonedds_cpp/cmake)
-- Using RMW implementation 'rmw_cyclonedds_cpp' as default
-- Found rclpy: 3.3.14 (/opt/ros/humble/share/rclpy/cmake)
-- Found std_srvs: 4.2.4 (/opt/ros/humble/share/std_srvs/cmake)
-- Found tf2_geometry_msgs: 0.25.7 (/opt/ros/humble/share/tf2_geometry_msgs/cmake)
-- Found eigen3_cmake_module: 0.1.1 (/opt/ros/humble/share/eigen3_cmake_module/cmake)
-- Ensuring Eigen3 include directory is part of orocos-kdl CMake target
-- Found urdf: 2.6.1 (/opt/ros/humble/share/urdf/cmake)
-- Found ament_lint_auto: 0.12.11 (/opt/ros/humble/share/ament_lint_auto/cmake)
-- Added test 'flake8' to check Python code syntax and style conventions
-- Added test 'lint_cmake' to check CMake code style
-- Added test 'pep257' to check Python code against some of the docstring style conventions in PEP 257
-- Added test 'xmllint' to check XML markup files
-- Configuring done
-- Generating done
-- Build files have been written to: /home/yadhu/ur3e/build/ur3ebot_description
-- Install configuration: ""
-- Up-to-date: /home/yadhu/ur3e/install/ur3ebot_description/share/ur3ebot_description/urdf
-- Up-to-date: /home/yadhu/ur3e/install/ur3ebot_description/share/ur3ebot_description/urdf/ur.ros2_control.xacro
-- Up-to-date: /home/yadhu/ur3e/install/ur3ebot_description/share/ur3ebot_description/urdf/ur.urdf.xacro
-- Installing: /home/yadhu/ur3e/install/ur3ebot_description/share/ur3ebot_description/config
-- Installing: /home/yadhu/ur3e/install/ur3ebot_description/share/ur3ebot_description/config/ur_controllers.yaml
-- Installing: /home/yadhu/ur3e/install/ur3ebot_description/share/ur3ebot_description/config/ur3e_update_rate.yaml
-- Installing: /home/yadhu/ur3e/install/ur3ebot_description/share/ur3ebot_description/config/test_velocity_goal_publishers_config.yaml
-- Installing: /home/yadhu/ur3e/install/ur3ebot_description/share/ur3ebot_description/config/test_goal_publishers_config.yaml
-- Installing: /home/yadhu/ur3e/install/ur3ebot_description/share/ur3ebot_description/ur_robot_driver
-- Installing: /home/yadhu/ur3e/install/ur3ebot_description/share/ur3ebot_description/ur_robot_driver/__init__.py
-- Installing: /home/yadhu/ur3e/install/ur3ebot_description/share/ament_index/resource_index/package_run_dependencies/ur3ebot_description
-- Installing: /home/yadhu/ur3e/install/ur3ebot_description/share/ament_index/resource_index/parent_prefix_path/ur3ebot_description
-- Installing: /home/yadhu/ur3e/install/ur3ebot_description/share/ur3ebot_description/environment/ament_prefix_path.sh
-- Installing: /home/yadhu/ur3e/install/ur3ebot_description/share/ur3ebot_description/environment/ament_prefix_path.dsv
-- Installing: /home/yadhu/ur3e/install/ur3ebot_description/share/ur3ebot_description/environment/path.sh
-- Installing: /home/yadhu/ur3e/install/ur3ebot_description/share/ur3ebot_description/environment/path.dsv
-- Installing: /home/yadhu/ur3e/install/ur3ebot_description/share/ur3ebot_description/local_setup.bash
-- Installing: /home/yadhu/ur3e/install/ur3ebot_description/share/ur3ebot_description/local_setup.sh
-- Installing: /home/yadhu/ur3e/install/ur3ebot_description/share/ur3ebot_description/local_setup.zsh
-- Installing: /home/yadhu/ur3e/install/ur3ebot_description/share/ur3ebot_description/local_setup.dsv
-- Installing: /home/yadhu/ur3e/install/ur3ebot_description/share/ur3ebot_description/package.dsv
-- Installing: /home/yadhu/ur3e/install/ur3ebot_description/share/ament_index/resource_index/packages/ur3ebot_description
-- Installing: /home/yadhu/ur3e/install/ur3ebot_description/share/ur3ebot_description/cmake/ur3ebot_descriptionConfig.cmake
-- Installing: /home/yadhu/ur3e/install/ur3ebot_description/share/ur3ebot_description/cmake/ur3ebot_descriptionConfig-version.cmake
-- Installing: /home/yadhu/ur3e/install/ur3ebot_description/share/ur3ebot_description/package.xml
