[0.008s] Invoking command in '/home/yadhu/ur3e/build/ur3ebot_description': CMAKE_PREFIX_PATH=${CMAKE_PREFIX_PATH}:/opt/ros/humble /usr/bin/cmake --build /home/yadhu/ur3e/build/ur3ebot_description -- -j16 -l16
[0.030s] -- Found ament_cmake: 1.3.10 (/opt/ros/humble/share/ament_cmake/cmake)
[0.106s] -- Found ur_description: 2.1.8 (/opt/ros/humble/share/ur_description/cmake)
[0.107s] -- Found robotiq_description: 0.0.1 (/opt/ros/humble/share/robotiq_description/cmake)
[0.107s] -- Found controller_manager: 2.43.1 (/opt/ros/humble/share/controller_manager/cmake)
[0.127s] -- Found rosidl_generator_c: 3.1.5 (/opt/ros/humble/share/rosidl_generator_c/cmake)
[0.128s] -- Found rosidl_adapter: 3.1.5 (/opt/ros/humble/share/rosidl_adapter/cmake)
[0.132s] -- Found rosidl_generator_cpp: 3.1.5 (/opt/ros/humble/share/rosidl_generator_cpp/cmake)
[0.137s] -- Using all available rosidl_typesupport_c: rosidl_typesupport_fastrtps_c;rosidl_typesupport_introspection_c
[0.144s] -- Using all available rosidl_typesupport_cpp: rosidl_typesupport_fastrtps_cpp;rosidl_typesupport_introspection_cpp
[0.249s] -- Found rmw_implementation_cmake: 6.1.2 (/opt/ros/humble/share/rmw_implementation_cmake/cmake)
[0.249s] -- Found rmw_cyclonedds_cpp: 1.3.4 (/opt/ros/humble/share/rmw_cyclonedds_cpp/cmake)
[0.261s] -- Using RMW implementation 'rmw_cyclonedds_cpp' as default
[0.310s] -- Found rclpy: 3.3.14 (/opt/ros/humble/share/rclpy/cmake)
[0.311s] -- Found std_srvs: 4.2.4 (/opt/ros/humble/share/std_srvs/cmake)
[0.317s] -- Found tf2_geometry_msgs: 0.25.7 (/opt/ros/humble/share/tf2_geometry_msgs/cmake)
[0.318s] -- Found eigen3_cmake_module: 0.1.1 (/opt/ros/humble/share/eigen3_cmake_module/cmake)
[0.320s] -- Ensuring Eigen3 include directory is part of orocos-kdl CMake target
[0.349s] -- Found urdf: 2.6.1 (/opt/ros/humble/share/urdf/cmake)
[0.352s] -- Found ament_lint_auto: 0.12.11 (/opt/ros/humble/share/ament_lint_auto/cmake)
[0.391s] -- Added test 'flake8' to check Python code syntax and style conventions
[0.391s] -- Added test 'lint_cmake' to check CMake code style
[0.391s] -- Added test 'pep257' to check Python code against some of the docstring style conventions in PEP 257
[0.392s] -- Added test 'xmllint' to check XML markup files
[0.393s] -- Configuring done
[0.396s] -- Generating done
[0.397s] -- Build files have been written to: /home/yadhu/ur3e/build/ur3ebot_description
[0.414s] Invoked command in '/home/yadhu/ur3e/build/ur3ebot_description' returned '0': CMAKE_PREFIX_PATH=${CMAKE_PREFIX_PATH}:/opt/ros/humble /usr/bin/cmake --build /home/yadhu/ur3e/build/ur3ebot_description -- -j16 -l16
[0.443s] Invoking command in '/home/yadhu/ur3e/build/ur3ebot_description': CMAKE_PREFIX_PATH=${CMAKE_PREFIX_PATH}:/opt/ros/humble /usr/bin/cmake --install /home/yadhu/ur3e/build/ur3ebot_description
[0.450s] -- Install configuration: ""
[0.450s] -- Up-to-date: /home/yadhu/ur3e/install/ur3ebot_description/share/ur3ebot_description/urdf
[0.450s] -- Up-to-date: /home/yadhu/ur3e/install/ur3ebot_description/share/ur3ebot_description/urdf/ur.ros2_control.xacro
[0.450s] -- Up-to-date: /home/yadhu/ur3e/install/ur3ebot_description/share/ur3ebot_description/urdf/ur.urdf.xacro
[0.450s] -- Installing: /home/yadhu/ur3e/install/ur3ebot_description/share/ur3ebot_description/config
[0.450s] -- Installing: /home/yadhu/ur3e/install/ur3ebot_description/share/ur3ebot_description/config/ur_controllers.yaml
[0.451s] -- Installing: /home/yadhu/ur3e/install/ur3ebot_description/share/ur3ebot_description/config/ur3e_update_rate.yaml
[0.451s] -- Installing: /home/yadhu/ur3e/install/ur3ebot_description/share/ur3ebot_description/config/test_velocity_goal_publishers_config.yaml
[0.451s] -- Installing: /home/yadhu/ur3e/install/ur3ebot_description/share/ur3ebot_description/config/test_goal_publishers_config.yaml
[0.451s] -- Installing: /home/yadhu/ur3e/install/ur3ebot_description/share/ur3ebot_description/ur_robot_driver
[0.451s] -- Installing: /home/yadhu/ur3e/install/ur3ebot_description/share/ur3ebot_description/ur_robot_driver/__init__.py
[0.451s] -- Installing: /home/yadhu/ur3e/install/ur3ebot_description/share/ament_index/resource_index/package_run_dependencies/ur3ebot_description
[0.451s] -- Installing: /home/yadhu/ur3e/install/ur3ebot_description/share/ament_index/resource_index/parent_prefix_path/ur3ebot_description
[0.452s] -- Installing: /home/yadhu/ur3e/install/ur3ebot_description/share/ur3ebot_description/environment/ament_prefix_path.sh
[0.452s] -- Installing: /home/yadhu/ur3e/install/ur3ebot_description/share/ur3ebot_description/environment/ament_prefix_path.dsv
[0.452s] -- Installing: /home/yadhu/ur3e/install/ur3ebot_description/share/ur3ebot_description/environment/path.sh
[0.452s] -- Installing: /home/yadhu/ur3e/install/ur3ebot_description/share/ur3ebot_description/environment/path.dsv
[0.452s] -- Installing: /home/yadhu/ur3e/install/ur3ebot_description/share/ur3ebot_description/local_setup.bash
[0.452s] -- Installing: /home/yadhu/ur3e/install/ur3ebot_description/share/ur3ebot_description/local_setup.sh
[0.452s] -- Installing: /home/yadhu/ur3e/install/ur3ebot_description/share/ur3ebot_description/local_setup.zsh
[0.452s] -- Installing: /home/yadhu/ur3e/install/ur3ebot_description/share/ur3ebot_description/local_setup.dsv
[0.452s] -- Installing: /home/yadhu/ur3e/install/ur3ebot_description/share/ur3ebot_description/package.dsv
[0.453s] -- Installing: /home/yadhu/ur3e/install/ur3ebot_description/share/ament_index/resource_index/packages/ur3ebot_description
[0.453s] -- Installing: /home/yadhu/ur3e/install/ur3ebot_description/share/ur3ebot_description/cmake/ur3ebot_descriptionConfig.cmake
[0.453s] -- Installing: /home/yadhu/ur3e/install/ur3ebot_description/share/ur3ebot_description/cmake/ur3ebot_descriptionConfig-version.cmake
[0.453s] -- Installing: /home/yadhu/ur3e/install/ur3ebot_description/share/ur3ebot_description/package.xml
[0.454s] Invoked command in '/home/yadhu/ur3e/build/ur3ebot_description' returned '0': CMAKE_PREFIX_PATH=${CMAKE_PREFIX_PATH}:/opt/ros/humble /usr/bin/cmake --install /home/yadhu/ur3e/build/ur3ebot_description
