[35m[1mConsolidate compiler generated dependencies of target ur_robotiq__rosidl_generator_c[0m
[  1%] Built target ur_robotiq__cpp
[ 12%] Built target ur_robotiq__rosidl_generator_c
[ 12%] Built target ament_cmake_python_copy_ur_robotiq
[35m[1mConsolidate compiler generated dependencies of target ur_robotiq__rosidl_typesupport_introspection_cpp[0m
[35m[1mConsolidate compiler generated dependencies of target ur_robotiq__rosidl_typesupport_cpp[0m
[35m[1mConsolidate compiler generated dependencies of target ur_robotiq__rosidl_typesupport_fastrtps_cpp[0m
[35m[1mConsolidate compiler generated dependencies of target ur_robotiq__rosidl_typesupport_introspection_c[0m
[35m[1mConsolidate compiler generated dependencies of target ur_robotiq__rosidl_typesupport_c[0m
[35m[1mConsolidate compiler generated dependencies of target ur_robotiq__rosidl_typesupport_fastrtps_c[0m
[ 23%] Built target ur_robotiq__rosidl_typesupport_introspection_cpp
[ 34%] Built target ur_robotiq__rosidl_typesupport_cpp
[ 49%] Built target ur_robotiq__rosidl_typesupport_fastrtps_cpp
[ 56%] Built target ur_robotiq__rosidl_typesupport_c
[ 67%] Built target ur_robotiq__rosidl_typesupport_introspection_c
[ 78%] Built target ur_robotiq__rosidl_typesupport_fastrtps_c
[ 78%] Built target ur_robotiq
[ 80%] Built target ur_robotiq__py
[35m[1mConsolidate compiler generated dependencies of target ur_robotiq__rosidl_generator_py[0m
[ 89%] Built target ur_robotiq__rosidl_generator_py
[35m[1mConsolidate compiler generated dependencies of target ur_robotiq__rosidl_typesupport_fastrtps_c__pyext[0m
[35m[1mConsolidate compiler generated dependencies of target ur_robotiq__rosidl_typesupport_c__pyext[0m
[35m[1mConsolidate compiler generated dependencies of target ur_robotiq__rosidl_typesupport_introspection_c__pyext[0m
[ 92%] Built target ur_robotiq__rosidl_typesupport_fastrtps_c__pyext
[ 96%] Built target ur_robotiq__rosidl_typesupport_c__pyext
[100%] Built target ur_robotiq__rosidl_typesupport_introspection_c__pyext
running egg_info
writing ur_robotiq.egg-info/PKG-INFO
writing dependency_links to ur_robotiq.egg-info/dependency_links.txt
writing top-level names to ur_robotiq.egg-info/top_level.txt
reading manifest file 'ur_robotiq.egg-info/SOURCES.txt'
writing manifest file 'ur_robotiq.egg-info/SOURCES.txt'
[100%] Built target ament_cmake_python_build_ur_robotiq_egg
-- Install configuration: ""
-- Up-to-date: /home/yadhu/ur3e/src/install/ur_robotiq/share/ament_index/resource_index/rosidl_interfaces/ur_robotiq
-- Up-to-date: /home/yadhu/ur3e/src/install/ur_robotiq/include/ur_robotiq/ur_robotiq
-- Up-to-date: /home/yadhu/ur3e/src/install/ur_robotiq/include/ur_robotiq/ur_robotiq/msg
-- Up-to-date: /home/yadhu/ur3e/src/install/ur_robotiq/include/ur_robotiq/ur_robotiq/msg/rosidl_generator_c__visibility_control.h
-- Up-to-date: /home/yadhu/ur3e/src/install/ur_robotiq/include/ur_robotiq/ur_robotiq/msg/ur3e_moveit_joints.h
-- Up-to-date: /home/yadhu/ur3e/src/install/ur_robotiq/include/ur_robotiq/ur_robotiq/msg/detail
-- Up-to-date: /home/yadhu/ur3e/src/install/ur_robotiq/include/ur_robotiq/ur_robotiq/msg/detail/ur3e_gripper__type_support.h
-- Up-to-date: /home/yadhu/ur3e/src/install/ur_robotiq/include/ur_robotiq/ur_robotiq/msg/detail/ur3e_trajectory__struct.h
-- Up-to-date: /home/yadhu/ur3e/src/install/ur_robotiq/include/ur_robotiq/ur_robotiq/msg/detail/ur3e_trajectory__functions.c
-- Up-to-date: /home/yadhu/ur3e/src/install/ur_robotiq/include/ur_robotiq/ur_robotiq/msg/detail/ur3e_moveit_joints__functions.h
-- Up-to-date: /home/yadhu/ur3e/src/install/ur_robotiq/include/ur_robotiq/ur_robotiq/msg/detail/ur3e_moveit_joints__type_support.h
-- Up-to-date: /home/yadhu/ur3e/src/install/ur_robotiq/include/ur_robotiq/ur_robotiq/msg/detail/ur3e_gripper__struct.h
-- Up-to-date: /home/yadhu/ur3e/src/install/ur_robotiq/include/ur_robotiq/ur_robotiq/msg/detail/ur3e_trajectory__functions.h
-- Up-to-date: /home/yadhu/ur3e/src/install/ur_robotiq/include/ur_robotiq/ur_robotiq/msg/detail/ur3e_moveit_joints__struct.h
-- Up-to-date: /home/yadhu/ur3e/src/install/ur_robotiq/include/ur_robotiq/ur_robotiq/msg/detail/ur3e_moveit_joints__functions.c
-- Up-to-date: /home/yadhu/ur3e/src/install/ur_robotiq/include/ur_robotiq/ur_robotiq/msg/detail/ur3e_trajectory__type_support.h
-- Up-to-date: /home/yadhu/ur3e/src/install/ur_robotiq/include/ur_robotiq/ur_robotiq/msg/detail/ur3e_gripper__functions.h
-- Up-to-date: /home/yadhu/ur3e/src/install/ur_robotiq/include/ur_robotiq/ur_robotiq/msg/detail/ur3e_gripper__functions.c
-- Up-to-date: /home/yadhu/ur3e/src/install/ur_robotiq/include/ur_robotiq/ur_robotiq/msg/ur3e_trajectory.h
-- Up-to-date: /home/yadhu/ur3e/src/install/ur_robotiq/include/ur_robotiq/ur_robotiq/msg/ur3e_gripper.h
-- Up-to-date: /home/yadhu/ur3e/src/install/ur_robotiq/include/ur_robotiq/ur_robotiq/srv
-- Up-to-date: /home/yadhu/ur3e/src/install/ur_robotiq/include/ur_robotiq/ur_robotiq/srv/ur_mover_service.h
-- Up-to-date: /home/yadhu/ur3e/src/install/ur_robotiq/include/ur_robotiq/ur_robotiq/srv/detail
-- Up-to-date: /home/yadhu/ur3e/src/install/ur_robotiq/include/ur_robotiq/ur_robotiq/srv/detail/ur_mover_service__functions.c
-- Up-to-date: /home/yadhu/ur3e/src/install/ur_robotiq/include/ur_robotiq/ur_robotiq/srv/detail/ur_mover_service__struct.h
-- Up-to-date: /home/yadhu/ur3e/src/install/ur_robotiq/include/ur_robotiq/ur_robotiq/srv/detail/ur_mover_service__type_support.h
-- Up-to-date: /home/yadhu/ur3e/src/install/ur_robotiq/include/ur_robotiq/ur_robotiq/srv/detail/ur_mover_service__functions.h
-- Up-to-date: /home/yadhu/ur3e/src/install/ur_robotiq/share/ur_robotiq/environment/library_path.sh
-- Up-to-date: /home/yadhu/ur3e/src/install/ur_robotiq/share/ur_robotiq/environment/library_path.dsv
-- Up-to-date: /home/yadhu/ur3e/src/install/ur_robotiq/lib/libur_robotiq__rosidl_generator_c.so
-- Up-to-date: /home/yadhu/ur3e/src/install/ur_robotiq/include/ur_robotiq/ur_robotiq
-- Up-to-date: /home/yadhu/ur3e/src/install/ur_robotiq/include/ur_robotiq/ur_robotiq/msg
-- Up-to-date: /home/yadhu/ur3e/src/install/ur_robotiq/include/ur_robotiq/ur_robotiq/msg/rosidl_typesupport_fastrtps_c__visibility_control.h
-- Up-to-date: /home/yadhu/ur3e/src/install/ur_robotiq/include/ur_robotiq/ur_robotiq/msg/detail
-- Up-to-date: /home/yadhu/ur3e/src/install/ur_robotiq/include/ur_robotiq/ur_robotiq/msg/detail/ur3e_gripper__rosidl_typesupport_fastrtps_c.h
-- Up-to-date: /home/yadhu/ur3e/src/install/ur_robotiq/include/ur_robotiq/ur_robotiq/msg/detail/ur3e_trajectory__rosidl_typesupport_fastrtps_c.h
-- Up-to-date: /home/yadhu/ur3e/src/install/ur_robotiq/include/ur_robotiq/ur_robotiq/msg/detail/ur3e_moveit_joints__rosidl_typesupport_fastrtps_c.h
-- Up-to-date: /home/yadhu/ur3e/src/install/ur_robotiq/include/ur_robotiq/ur_robotiq/srv
-- Up-to-date: /home/yadhu/ur3e/src/install/ur_robotiq/include/ur_robotiq/ur_robotiq/srv/detail
-- Up-to-date: /home/yadhu/ur3e/src/install/ur_robotiq/include/ur_robotiq/ur_robotiq/srv/detail/ur_mover_service__rosidl_typesupport_fastrtps_c.h
-- Up-to-date: /home/yadhu/ur3e/src/install/ur_robotiq/lib/libur_robotiq__rosidl_typesupport_fastrtps_c.so
-- Up-to-date: /home/yadhu/ur3e/src/install/ur_robotiq/include/ur_robotiq/ur_robotiq
-- Up-to-date: /home/yadhu/ur3e/src/install/ur_robotiq/include/ur_robotiq/ur_robotiq/msg
-- Up-to-date: /home/yadhu/ur3e/src/install/ur_robotiq/include/ur_robotiq/ur_robotiq/msg/detail
-- Up-to-date: /home/yadhu/ur3e/src/install/ur_robotiq/include/ur_robotiq/ur_robotiq/msg/detail/ur3e_trajectory__rosidl_typesupport_introspection_c.h
-- Up-to-date: /home/yadhu/ur3e/src/install/ur_robotiq/include/ur_robotiq/ur_robotiq/msg/detail/ur3e_gripper__rosidl_typesupport_introspection_c.h
-- Up-to-date: /home/yadhu/ur3e/src/install/ur_robotiq/include/ur_robotiq/ur_robotiq/msg/detail/ur3e_gripper__type_support.c
-- Up-to-date: /home/yadhu/ur3e/src/install/ur_robotiq/include/ur_robotiq/ur_robotiq/msg/detail/ur3e_trajectory__type_support.c
-- Up-to-date: /home/yadhu/ur3e/src/install/ur_robotiq/include/ur_robotiq/ur_robotiq/msg/detail/ur3e_moveit_joints__rosidl_typesupport_introspection_c.h
-- Up-to-date: /home/yadhu/ur3e/src/install/ur_robotiq/include/ur_robotiq/ur_robotiq/msg/detail/ur3e_moveit_joints__type_support.c
-- Up-to-date: /home/yadhu/ur3e/src/install/ur_robotiq/include/ur_robotiq/ur_robotiq/msg/rosidl_typesupport_introspection_c__visibility_control.h
-- Up-to-date: /home/yadhu/ur3e/src/install/ur_robotiq/include/ur_robotiq/ur_robotiq/srv
-- Up-to-date: /home/yadhu/ur3e/src/install/ur_robotiq/include/ur_robotiq/ur_robotiq/srv/detail
-- Up-to-date: /home/yadhu/ur3e/src/install/ur_robotiq/include/ur_robotiq/ur_robotiq/srv/detail/ur_mover_service__type_support.c
-- Up-to-date: /home/yadhu/ur3e/src/install/ur_robotiq/include/ur_robotiq/ur_robotiq/srv/detail/ur_mover_service__rosidl_typesupport_introspection_c.h
-- Up-to-date: /home/yadhu/ur3e/src/install/ur_robotiq/lib/libur_robotiq__rosidl_typesupport_introspection_c.so
-- Up-to-date: /home/yadhu/ur3e/src/install/ur_robotiq/lib/libur_robotiq__rosidl_typesupport_c.so
-- Up-to-date: /home/yadhu/ur3e/src/install/ur_robotiq/include/ur_robotiq/ur_robotiq
-- Up-to-date: /home/yadhu/ur3e/src/install/ur_robotiq/include/ur_robotiq/ur_robotiq/msg
-- Up-to-date: /home/yadhu/ur3e/src/install/ur_robotiq/include/ur_robotiq/ur_robotiq/msg/ur3e_moveit_joints.hpp
-- Up-to-date: /home/yadhu/ur3e/src/install/ur_robotiq/include/ur_robotiq/ur_robotiq/msg/ur3e_trajectory.hpp
-- Up-to-date: /home/yadhu/ur3e/src/install/ur_robotiq/include/ur_robotiq/ur_robotiq/msg/detail
-- Up-to-date: /home/yadhu/ur3e/src/install/ur_robotiq/include/ur_robotiq/ur_robotiq/msg/detail/ur3e_trajectory__builder.hpp
-- Up-to-date: /home/yadhu/ur3e/src/install/ur_robotiq/include/ur_robotiq/ur_robotiq/msg/detail/ur3e_moveit_joints__builder.hpp
-- Up-to-date: /home/yadhu/ur3e/src/install/ur_robotiq/include/ur_robotiq/ur_robotiq/msg/detail/ur3e_trajectory__struct.hpp
-- Up-to-date: /home/yadhu/ur3e/src/install/ur_robotiq/include/ur_robotiq/ur_robotiq/msg/detail/ur3e_gripper__traits.hpp
-- Up-to-date: /home/yadhu/ur3e/src/install/ur_robotiq/include/ur_robotiq/ur_robotiq/msg/detail/ur3e_moveit_joints__traits.hpp
-- Up-to-date: /home/yadhu/ur3e/src/install/ur_robotiq/include/ur_robotiq/ur_robotiq/msg/detail/ur3e_moveit_joints__struct.hpp
-- Up-to-date: /home/yadhu/ur3e/src/install/ur_robotiq/include/ur_robotiq/ur_robotiq/msg/detail/ur3e_trajectory__traits.hpp
-- Up-to-date: /home/yadhu/ur3e/src/install/ur_robotiq/include/ur_robotiq/ur_robotiq/msg/detail/ur3e_gripper__builder.hpp
-- Up-to-date: /home/yadhu/ur3e/src/install/ur_robotiq/include/ur_robotiq/ur_robotiq/msg/detail/ur3e_gripper__struct.hpp
-- Up-to-date: /home/yadhu/ur3e/src/install/ur_robotiq/include/ur_robotiq/ur_robotiq/msg/ur3e_gripper.hpp
-- Up-to-date: /home/yadhu/ur3e/src/install/ur_robotiq/include/ur_robotiq/ur_robotiq/srv
-- Up-to-date: /home/yadhu/ur3e/src/install/ur_robotiq/include/ur_robotiq/ur_robotiq/srv/detail
-- Up-to-date: /home/yadhu/ur3e/src/install/ur_robotiq/include/ur_robotiq/ur_robotiq/srv/detail/ur_mover_service__traits.hpp
-- Up-to-date: /home/yadhu/ur3e/src/install/ur_robotiq/include/ur_robotiq/ur_robotiq/srv/detail/ur_mover_service__struct.hpp
-- Up-to-date: /home/yadhu/ur3e/src/install/ur_robotiq/include/ur_robotiq/ur_robotiq/srv/detail/ur_mover_service__builder.hpp
-- Up-to-date: /home/yadhu/ur3e/src/install/ur_robotiq/include/ur_robotiq/ur_robotiq/srv/ur_mover_service.hpp
-- Up-to-date: /home/yadhu/ur3e/src/install/ur_robotiq/include/ur_robotiq/ur_robotiq
-- Up-to-date: /home/yadhu/ur3e/src/install/ur_robotiq/include/ur_robotiq/ur_robotiq/msg
-- Up-to-date: /home/yadhu/ur3e/src/install/ur_robotiq/include/ur_robotiq/ur_robotiq/msg/rosidl_typesupport_fastrtps_cpp__visibility_control.h
-- Up-to-date: /home/yadhu/ur3e/src/install/ur_robotiq/include/ur_robotiq/ur_robotiq/msg/detail
-- Up-to-date: /home/yadhu/ur3e/src/install/ur_robotiq/include/ur_robotiq/ur_robotiq/msg/detail/ur3e_moveit_joints__rosidl_typesupport_fastrtps_cpp.hpp
-- Up-to-date: /home/yadhu/ur3e/src/install/ur_robotiq/include/ur_robotiq/ur_robotiq/msg/detail/dds_fastrtps
-- Up-to-date: /home/yadhu/ur3e/src/install/ur_robotiq/include/ur_robotiq/ur_robotiq/msg/detail/ur3e_trajectory__rosidl_typesupport_fastrtps_cpp.hpp
-- Up-to-date: /home/yadhu/ur3e/src/install/ur_robotiq/include/ur_robotiq/ur_robotiq/msg/detail/ur3e_gripper__rosidl_typesupport_fastrtps_cpp.hpp
-- Up-to-date: /home/yadhu/ur3e/src/install/ur_robotiq/include/ur_robotiq/ur_robotiq/srv
-- Up-to-date: /home/yadhu/ur3e/src/install/ur_robotiq/include/ur_robotiq/ur_robotiq/srv/detail
-- Up-to-date: /home/yadhu/ur3e/src/install/ur_robotiq/include/ur_robotiq/ur_robotiq/srv/detail/ur_mover_service__rosidl_typesupport_fastrtps_cpp.hpp
-- Up-to-date: /home/yadhu/ur3e/src/install/ur_robotiq/include/ur_robotiq/ur_robotiq/srv/detail/dds_fastrtps
-- Up-to-date: /home/yadhu/ur3e/src/install/ur_robotiq/lib/libur_robotiq__rosidl_typesupport_fastrtps_cpp.so
-- Up-to-date: /home/yadhu/ur3e/src/install/ur_robotiq/include/ur_robotiq/ur_robotiq
-- Up-to-date: /home/yadhu/ur3e/src/install/ur_robotiq/include/ur_robotiq/ur_robotiq/msg
-- Up-to-date: /home/yadhu/ur3e/src/install/ur_robotiq/include/ur_robotiq/ur_robotiq/msg/detail
-- Up-to-date: /home/yadhu/ur3e/src/install/ur_robotiq/include/ur_robotiq/ur_robotiq/msg/detail/ur3e_trajectory__rosidl_typesupport_introspection_cpp.hpp
-- Up-to-date: /home/yadhu/ur3e/src/install/ur_robotiq/include/ur_robotiq/ur_robotiq/msg/detail/ur3e_trajectory__type_support.cpp
-- Up-to-date: /home/yadhu/ur3e/src/install/ur_robotiq/include/ur_robotiq/ur_robotiq/msg/detail/ur3e_gripper__type_support.cpp
-- Up-to-date: /home/yadhu/ur3e/src/install/ur_robotiq/include/ur_robotiq/ur_robotiq/msg/detail/ur3e_moveit_joints__type_support.cpp
-- Up-to-date: /home/yadhu/ur3e/src/install/ur_robotiq/include/ur_robotiq/ur_robotiq/msg/detail/ur3e_moveit_joints__rosidl_typesupport_introspection_cpp.hpp
-- Up-to-date: /home/yadhu/ur3e/src/install/ur_robotiq/include/ur_robotiq/ur_robotiq/msg/detail/ur3e_gripper__rosidl_typesupport_introspection_cpp.hpp
-- Up-to-date: /home/yadhu/ur3e/src/install/ur_robotiq/include/ur_robotiq/ur_robotiq/srv
-- Up-to-date: /home/yadhu/ur3e/src/install/ur_robotiq/include/ur_robotiq/ur_robotiq/srv/detail
-- Up-to-date: /home/yadhu/ur3e/src/install/ur_robotiq/include/ur_robotiq/ur_robotiq/srv/detail/ur_mover_service__type_support.cpp
-- Up-to-date: /home/yadhu/ur3e/src/install/ur_robotiq/include/ur_robotiq/ur_robotiq/srv/detail/ur_mover_service__rosidl_typesupport_introspection_cpp.hpp
-- Up-to-date: /home/yadhu/ur3e/src/install/ur_robotiq/lib/libur_robotiq__rosidl_typesupport_introspection_cpp.so
-- Up-to-date: /home/yadhu/ur3e/src/install/ur_robotiq/lib/libur_robotiq__rosidl_typesupport_cpp.so
-- Up-to-date: /home/yadhu/ur3e/src/install/ur_robotiq/share/ur_robotiq/environment/pythonpath.sh
-- Up-to-date: /home/yadhu/ur3e/src/install/ur_robotiq/share/ur_robotiq/environment/pythonpath.dsv
-- Up-to-date: /home/yadhu/ur3e/src/install/ur_robotiq/local/lib/python3.10/dist-packages/ur_robotiq-0.0.0-py3.10.egg-info
-- Installing: /home/yadhu/ur3e/src/install/ur_robotiq/local/lib/python3.10/dist-packages/ur_robotiq-0.0.0-py3.10.egg-info/top_level.txt
-- Installing: /home/yadhu/ur3e/src/install/ur_robotiq/local/lib/python3.10/dist-packages/ur_robotiq-0.0.0-py3.10.egg-info/PKG-INFO
-- Installing: /home/yadhu/ur3e/src/install/ur_robotiq/local/lib/python3.10/dist-packages/ur_robotiq-0.0.0-py3.10.egg-info/dependency_links.txt
-- Installing: /home/yadhu/ur3e/src/install/ur_robotiq/local/lib/python3.10/dist-packages/ur_robotiq-0.0.0-py3.10.egg-info/SOURCES.txt
-- Up-to-date: /home/yadhu/ur3e/src/install/ur_robotiq/local/lib/python3.10/dist-packages/ur_robotiq
-- Up-to-date: /home/yadhu/ur3e/src/install/ur_robotiq/local/lib/python3.10/dist-packages/ur_robotiq/ur_robotiq_s__rosidl_typesupport_introspection_c.cpython-310-x86_64-linux-gnu.so
-- Up-to-date: /home/yadhu/ur3e/src/install/ur_robotiq/local/lib/python3.10/dist-packages/ur_robotiq/libur_robotiq__rosidl_generator_py.so
-- Up-to-date: /home/yadhu/ur3e/src/install/ur_robotiq/local/lib/python3.10/dist-packages/ur_robotiq/_ur_robotiq_s.ep.rosidl_typesupport_introspection_c.c
-- Up-to-date: /home/yadhu/ur3e/src/install/ur_robotiq/local/lib/python3.10/dist-packages/ur_robotiq/ur_robotiq_s__rosidl_typesupport_fastrtps_c.cpython-310-x86_64-linux-gnu.so
-- Up-to-date: /home/yadhu/ur3e/src/install/ur_robotiq/local/lib/python3.10/dist-packages/ur_robotiq/_ur_robotiq_s.ep.rosidl_typesupport_fastrtps_c.c
-- Up-to-date: /home/yadhu/ur3e/src/install/ur_robotiq/local/lib/python3.10/dist-packages/ur_robotiq/msg
-- Up-to-date: /home/yadhu/ur3e/src/install/ur_robotiq/local/lib/python3.10/dist-packages/ur_robotiq/msg/_ur3e_gripper_s.c
-- Up-to-date: /home/yadhu/ur3e/src/install/ur_robotiq/local/lib/python3.10/dist-packages/ur_robotiq/msg/_ur3e_moveit_joints_s.c
-- Up-to-date: /home/yadhu/ur3e/src/install/ur_robotiq/local/lib/python3.10/dist-packages/ur_robotiq/msg/_ur3e_moveit_joints.py
-- Up-to-date: /home/yadhu/ur3e/src/install/ur_robotiq/local/lib/python3.10/dist-packages/ur_robotiq/msg/_ur3e_gripper.py
-- Up-to-date: /home/yadhu/ur3e/src/install/ur_robotiq/local/lib/python3.10/dist-packages/ur_robotiq/msg/_ur3e_trajectory.py
-- Up-to-date: /home/yadhu/ur3e/src/install/ur_robotiq/local/lib/python3.10/dist-packages/ur_robotiq/msg/__init__.py
-- Up-to-date: /home/yadhu/ur3e/src/install/ur_robotiq/local/lib/python3.10/dist-packages/ur_robotiq/msg/_ur3e_trajectory_s.c
-- Up-to-date: /home/yadhu/ur3e/src/install/ur_robotiq/local/lib/python3.10/dist-packages/ur_robotiq/srv
-- Up-to-date: /home/yadhu/ur3e/src/install/ur_robotiq/local/lib/python3.10/dist-packages/ur_robotiq/srv/_ur_mover_service_s.c
-- Up-to-date: /home/yadhu/ur3e/src/install/ur_robotiq/local/lib/python3.10/dist-packages/ur_robotiq/srv/_ur_mover_service.py
-- Up-to-date: /home/yadhu/ur3e/src/install/ur_robotiq/local/lib/python3.10/dist-packages/ur_robotiq/srv/__init__.py
-- Up-to-date: /home/yadhu/ur3e/src/install/ur_robotiq/local/lib/python3.10/dist-packages/ur_robotiq/__init__.py
-- Up-to-date: /home/yadhu/ur3e/src/install/ur_robotiq/local/lib/python3.10/dist-packages/ur_robotiq/ur_robotiq_s__rosidl_typesupport_c.cpython-310-x86_64-linux-gnu.so
-- Up-to-date: /home/yadhu/ur3e/src/install/ur_robotiq/local/lib/python3.10/dist-packages/ur_robotiq/_ur_robotiq_s.ep.rosidl_typesupport_c.c
Listing '/home/yadhu/ur3e/src/install/ur_robotiq/local/lib/python3.10/dist-packages/ur_robotiq'...
Listing '/home/yadhu/ur3e/src/install/ur_robotiq/local/lib/python3.10/dist-packages/ur_robotiq/msg'...
Listing '/home/yadhu/ur3e/src/install/ur_robotiq/local/lib/python3.10/dist-packages/ur_robotiq/srv'...
-- Up-to-date: /home/yadhu/ur3e/src/install/ur_robotiq/local/lib/python3.10/dist-packages/ur_robotiq/ur_robotiq_s__rosidl_typesupport_fastrtps_c.cpython-310-x86_64-linux-gnu.so
-- Up-to-date: /home/yadhu/ur3e/src/install/ur_robotiq/local/lib/python3.10/dist-packages/ur_robotiq/ur_robotiq_s__rosidl_typesupport_introspection_c.cpython-310-x86_64-linux-gnu.so
-- Up-to-date: /home/yadhu/ur3e/src/install/ur_robotiq/local/lib/python3.10/dist-packages/ur_robotiq/ur_robotiq_s__rosidl_typesupport_c.cpython-310-x86_64-linux-gnu.so
-- Up-to-date: /home/yadhu/ur3e/src/install/ur_robotiq/lib/libur_robotiq__rosidl_generator_py.so
-- Up-to-date: /home/yadhu/ur3e/src/install/ur_robotiq/share/ur_robotiq/msg/UR3eGripper.idl
-- Up-to-date: /home/yadhu/ur3e/src/install/ur_robotiq/share/ur_robotiq/msg/UR3eMoveitJoints.idl
-- Up-to-date: /home/yadhu/ur3e/src/install/ur_robotiq/share/ur_robotiq/msg/UR3eTrajectory.idl
-- Up-to-date: /home/yadhu/ur3e/src/install/ur_robotiq/share/ur_robotiq/srv/UrMoverService.idl
-- Up-to-date: /home/yadhu/ur3e/src/install/ur_robotiq/share/ur_robotiq/msg/UR3eGripper.msg
-- Up-to-date: /home/yadhu/ur3e/src/install/ur_robotiq/share/ur_robotiq/msg/UR3eMoveitJoints.msg
-- Up-to-date: /home/yadhu/ur3e/src/install/ur_robotiq/share/ur_robotiq/msg/UR3eTrajectory.msg
-- Up-to-date: /home/yadhu/ur3e/src/install/ur_robotiq/share/ur_robotiq/srv/UrMoverService.srv
-- Up-to-date: /home/yadhu/ur3e/src/install/ur_robotiq/share/ur_robotiq/srv/UrMoverService_Request.msg
-- Up-to-date: /home/yadhu/ur3e/src/install/ur_robotiq/share/ur_robotiq/srv/UrMoverService_Response.msg
-- Up-to-date: /home/yadhu/ur3e/src/install/ur_robotiq/share/ament_index/resource_index/package_run_dependencies/ur_robotiq
-- Up-to-date: /home/yadhu/ur3e/src/install/ur_robotiq/share/ament_index/resource_index/parent_prefix_path/ur_robotiq
-- Up-to-date: /home/yadhu/ur3e/src/install/ur_robotiq/share/ur_robotiq/environment/ament_prefix_path.sh
-- Up-to-date: /home/yadhu/ur3e/src/install/ur_robotiq/share/ur_robotiq/environment/ament_prefix_path.dsv
-- Up-to-date: /home/yadhu/ur3e/src/install/ur_robotiq/share/ur_robotiq/environment/path.sh
-- Up-to-date: /home/yadhu/ur3e/src/install/ur_robotiq/share/ur_robotiq/environment/path.dsv
-- Up-to-date: /home/yadhu/ur3e/src/install/ur_robotiq/share/ur_robotiq/local_setup.bash
-- Up-to-date: /home/yadhu/ur3e/src/install/ur_robotiq/share/ur_robotiq/local_setup.sh
-- Up-to-date: /home/yadhu/ur3e/src/install/ur_robotiq/share/ur_robotiq/local_setup.zsh
-- Up-to-date: /home/yadhu/ur3e/src/install/ur_robotiq/share/ur_robotiq/local_setup.dsv
-- Installing: /home/yadhu/ur3e/src/install/ur_robotiq/share/ur_robotiq/package.dsv
-- Up-to-date: /home/yadhu/ur3e/src/install/ur_robotiq/share/ament_index/resource_index/packages/ur_robotiq
-- Up-to-date: /home/yadhu/ur3e/src/install/ur_robotiq/share/ur_robotiq/cmake/export_ur_robotiq__rosidl_generator_cExport.cmake
-- Up-to-date: /home/yadhu/ur3e/src/install/ur_robotiq/share/ur_robotiq/cmake/export_ur_robotiq__rosidl_generator_cExport-noconfig.cmake
-- Up-to-date: /home/yadhu/ur3e/src/install/ur_robotiq/share/ur_robotiq/cmake/export_ur_robotiq__rosidl_typesupport_fastrtps_cExport.cmake
-- Up-to-date: /home/yadhu/ur3e/src/install/ur_robotiq/share/ur_robotiq/cmake/export_ur_robotiq__rosidl_typesupport_fastrtps_cExport-noconfig.cmake
-- Up-to-date: /home/yadhu/ur3e/src/install/ur_robotiq/share/ur_robotiq/cmake/ur_robotiq__rosidl_typesupport_introspection_cExport.cmake
-- Up-to-date: /home/yadhu/ur3e/src/install/ur_robotiq/share/ur_robotiq/cmake/ur_robotiq__rosidl_typesupport_introspection_cExport-noconfig.cmake
-- Up-to-date: /home/yadhu/ur3e/src/install/ur_robotiq/share/ur_robotiq/cmake/ur_robotiq__rosidl_typesupport_cExport.cmake
-- Up-to-date: /home/yadhu/ur3e/src/install/ur_robotiq/share/ur_robotiq/cmake/ur_robotiq__rosidl_typesupport_cExport-noconfig.cmake
-- Up-to-date: /home/yadhu/ur3e/src/install/ur_robotiq/share/ur_robotiq/cmake/export_ur_robotiq__rosidl_generator_cppExport.cmake
-- Up-to-date: /home/yadhu/ur3e/src/install/ur_robotiq/share/ur_robotiq/cmake/export_ur_robotiq__rosidl_typesupport_fastrtps_cppExport.cmake
-- Up-to-date: /home/yadhu/ur3e/src/install/ur_robotiq/share/ur_robotiq/cmake/export_ur_robotiq__rosidl_typesupport_fastrtps_cppExport-noconfig.cmake
-- Up-to-date: /home/yadhu/ur3e/src/install/ur_robotiq/share/ur_robotiq/cmake/ur_robotiq__rosidl_typesupport_introspection_cppExport.cmake
-- Up-to-date: /home/yadhu/ur3e/src/install/ur_robotiq/share/ur_robotiq/cmake/ur_robotiq__rosidl_typesupport_introspection_cppExport-noconfig.cmake
-- Up-to-date: /home/yadhu/ur3e/src/install/ur_robotiq/share/ur_robotiq/cmake/ur_robotiq__rosidl_typesupport_cppExport.cmake
-- Up-to-date: /home/yadhu/ur3e/src/install/ur_robotiq/share/ur_robotiq/cmake/ur_robotiq__rosidl_typesupport_cppExport-noconfig.cmake
-- Up-to-date: /home/yadhu/ur3e/src/install/ur_robotiq/share/ur_robotiq/cmake/export_ur_robotiq__rosidl_generator_pyExport.cmake
-- Up-to-date: /home/yadhu/ur3e/src/install/ur_robotiq/share/ur_robotiq/cmake/export_ur_robotiq__rosidl_generator_pyExport-noconfig.cmake
-- Up-to-date: /home/yadhu/ur3e/src/install/ur_robotiq/share/ur_robotiq/cmake/rosidl_cmake-extras.cmake
-- Up-to-date: /home/yadhu/ur3e/src/install/ur_robotiq/share/ur_robotiq/cmake/ament_cmake_export_dependencies-extras.cmake
-- Up-to-date: /home/yadhu/ur3e/src/install/ur_robotiq/share/ur_robotiq/cmake/ament_cmake_export_include_directories-extras.cmake
-- Up-to-date: /home/yadhu/ur3e/src/install/ur_robotiq/share/ur_robotiq/cmake/ament_cmake_export_libraries-extras.cmake
-- Up-to-date: /home/yadhu/ur3e/src/install/ur_robotiq/share/ur_robotiq/cmake/ament_cmake_export_targets-extras.cmake
-- Up-to-date: /home/yadhu/ur3e/src/install/ur_robotiq/share/ur_robotiq/cmake/rosidl_cmake_export_typesupport_targets-extras.cmake
-- Up-to-date: /home/yadhu/ur3e/src/install/ur_robotiq/share/ur_robotiq/cmake/rosidl_cmake_export_typesupport_libraries-extras.cmake
-- Up-to-date: /home/yadhu/ur3e/src/install/ur_robotiq/share/ur_robotiq/cmake/ur_robotiqConfig.cmake
-- Up-to-date: /home/yadhu/ur3e/src/install/ur_robotiq/share/ur_robotiq/cmake/ur_robotiqConfig-version.cmake
-- Up-to-date: /home/yadhu/ur3e/src/install/ur_robotiq/share/ur_robotiq/package.xml
