[0.006s] Invoking command in '/home/yadhu/ur3e/build/ur3e_robot': CMAKE_PREFIX_PATH=/home/yadhu/ur3e/install/ur3e_description:/home/yadhu/ur3e/install/ur3e_robot:/opt/ros/humble /usr/bin/cmake --build /home/yadhu/ur3e/build/ur3e_robot -- -j16 -l16
[0.035s] Invoked command in '/home/yadhu/ur3e/build/ur3e_robot' returned '0': CMAKE_PREFIX_PATH=/home/yadhu/ur3e/install/ur3e_description:/home/yadhu/ur3e/install/ur3e_robot:/opt/ros/humble /usr/bin/cmake --build /home/yadhu/ur3e/build/ur3e_robot -- -j16 -l16
[0.061s] Invoking command in '/home/yadhu/ur3e/build/ur3e_robot': CMAKE_PREFIX_PATH=/home/yadhu/ur3e/install/ur3e_description:/home/yadhu/ur3e/install/ur3e_robot:/opt/ros/humble /usr/bin/cmake --install /home/yadhu/ur3e/build/ur3e_robot
[0.070s] -- Install configuration: ""
[0.070s] -- Up-to-date: /home/yadhu/ur3e/install/ur3e_robot/share/ament_index/resource_index/package_run_dependencies/ur3e_robot
[0.070s] -- Up-to-date: /home/yadhu/ur3e/install/ur3e_robot/share/ament_index/resource_index/parent_prefix_path/ur3e_robot
[0.070s] -- Up-to-date: /home/yadhu/ur3e/install/ur3e_robot/share/ur3e_robot/environment/ament_prefix_path.sh
[0.070s] -- Up-to-date: /home/yadhu/ur3e/install/ur3e_robot/share/ur3e_robot/environment/ament_prefix_path.dsv
[0.070s] -- Up-to-date: /home/yadhu/ur3e/install/ur3e_robot/share/ur3e_robot/environment/path.sh
[0.070s] -- Up-to-date: /home/yadhu/ur3e/install/ur3e_robot/share/ur3e_robot/environment/path.dsv
[0.070s] -- Up-to-date: /home/yadhu/ur3e/install/ur3e_robot/share/ur3e_robot/local_setup.bash
[0.070s] -- Up-to-date: /home/yadhu/ur3e/install/ur3e_robot/share/ur3e_robot/local_setup.sh
[0.070s] -- Up-to-date: /home/yadhu/ur3e/install/ur3e_robot/share/ur3e_robot/local_setup.zsh
[0.070s] -- Up-to-date: /home/yadhu/ur3e/install/ur3e_robot/share/ur3e_robot/local_setup.dsv
[0.070s] -- Installing: /home/yadhu/ur3e/install/ur3e_robot/share/ur3e_robot/package.dsv
[0.070s] -- Up-to-date: /home/yadhu/ur3e/install/ur3e_robot/share/ament_index/resource_index/packages/ur3e_robot
[0.070s] -- Up-to-date: /home/yadhu/ur3e/install/ur3e_robot/share/ur3e_robot/cmake/ur3e_robotConfig.cmake
[0.070s] -- Up-to-date: /home/yadhu/ur3e/install/ur3e_robot/share/ur3e_robot/cmake/ur3e_robotConfig-version.cmake
[0.071s] -- Up-to-date: /home/yadhu/ur3e/install/ur3e_robot/share/ur3e_robot/package.xml
[0.072s] Invoked command in '/home/yadhu/ur3e/build/ur3e_robot' returned '0': CMAKE_PREFIX_PATH=/home/yadhu/ur3e/install/ur3e_description:/home/yadhu/ur3e/install/ur3e_robot:/opt/ros/humble /usr/bin/cmake --install /home/yadhu/ur3e/build/ur3e_robot
