-- Install configuration: ""
-- Up-to-date: /home/yadhu/ur3e/install/ur3e_description/share/ur3e_description/urdf
-- Up-to-date: /home/yadhu/ur3e/install/ur3e_description/share/ur3e_description/urdf/ur.urdf.xacro
-- Up-to-date: /home/yadhu/ur3e/install/ur3e_description/share/ur3e_description/urdf/robotiq_gripper.urdf.xacro
-- Installing: /home/yadhu/ur3e/install/ur3e_description/share/ur3e_description/urdf/ur3e.urdf.xacro
-- Up-to-date: /home/yadhu/ur3e/install/ur3e_description/share/ur3e_description/urdf/ur.ros2_controll.xacro
-- Up-to-date: /home/yadhu/ur3e/install/ur3e_description/share/ur3e_description/launch
-- Up-to-date: /home/yadhu/ur3e/install/ur3e_description/share/ur3e_description/launch/display.launch.py
-- Up-to-date: /home/yadhu/ur3e/install/ur3e_description/share/ur3e_description/rviz
-- Up-to-date: /home/yadhu/ur3e/install/ur3e_description/share/ament_index/resource_index/package_run_dependencies/ur3e_description
-- Up-to-date: /home/yadhu/ur3e/install/ur3e_description/share/ament_index/resource_index/parent_prefix_path/ur3e_description
-- Up-to-date: /home/yadhu/ur3e/install/ur3e_description/share/ur3e_description/environment/ament_prefix_path.sh
-- Up-to-date: /home/yadhu/ur3e/install/ur3e_description/share/ur3e_description/environment/ament_prefix_path.dsv
-- Up-to-date: /home/yadhu/ur3e/install/ur3e_description/share/ur3e_description/environment/path.sh
-- Up-to-date: /home/yadhu/ur3e/install/ur3e_description/share/ur3e_description/environment/path.dsv
-- Up-to-date: /home/yadhu/ur3e/install/ur3e_description/share/ur3e_description/local_setup.bash
-- Up-to-date: /home/yadhu/ur3e/install/ur3e_description/share/ur3e_description/local_setup.sh
-- Up-to-date: /home/yadhu/ur3e/install/ur3e_description/share/ur3e_description/local_setup.zsh
-- Up-to-date: /home/yadhu/ur3e/install/ur3e_description/share/ur3e_description/local_setup.dsv
-- Up-to-date: /home/yadhu/ur3e/install/ur3e_description/share/ur3e_description/package.dsv
-- Up-to-date: /home/yadhu/ur3e/install/ur3e_description/share/ament_index/resource_index/packages/ur3e_description
-- Up-to-date: /home/yadhu/ur3e/install/ur3e_description/share/ur3e_description/cmake/ur3e_descriptionConfig.cmake
-- Up-to-date: /home/yadhu/ur3e/install/ur3e_description/share/ur3e_description/cmake/ur3e_descriptionConfig-version.cmake
-- Up-to-date: /home/yadhu/ur3e/install/ur3e_description/share/ur3e_description/package.xml
