[0.160s] Invoking command in '/home/yadhu/ur3e/src/build/ur3e_gripper_moveit': AMENT_PREFIX_PATH=/home/yadhu/ur3e/src/install/ur_description:/home/yadhu/ur3e/src/install/robotiq_description:${AMENT_PREFIX_PATH} CMAKE_PREFIX_PATH=/home/yadhu/ur3e/src/install/ur_description:/home/yadhu/ur3e/src/install/robotiq_description:/opt/ros/humble /usr/bin/cmake --build /home/yadhu/ur3e/src/build/ur3e_gripper_moveit -- -j16 -l16
[0.185s] Invoked command in '/home/yadhu/ur3e/src/build/ur3e_gripper_moveit' returned '0': AMENT_PREFIX_PATH=/home/yadhu/ur3e/src/install/ur_description:/home/yadhu/ur3e/src/install/robotiq_description:${AMENT_PREFIX_PATH} CMAKE_PREFIX_PATH=/home/yadhu/ur3e/src/install/ur_description:/home/yadhu/ur3e/src/install/robotiq_description:/opt/ros/humble /usr/bin/cmake --build /home/yadhu/ur3e/src/build/ur3e_gripper_moveit -- -j16 -l16
[0.203s] Invoking command in '/home/yadhu/ur3e/src/build/ur3e_gripper_moveit': AMENT_PREFIX_PATH=/home/yadhu/ur3e/src/install/ur_description:/home/yadhu/ur3e/src/install/robotiq_description:${AMENT_PREFIX_PATH} CMAKE_PREFIX_PATH=/home/yadhu/ur3e/src/install/ur_description:/home/yadhu/ur3e/src/install/robotiq_description:/opt/ros/humble /usr/bin/cmake --install /home/yadhu/ur3e/src/build/ur3e_gripper_moveit
[0.207s] -- Install configuration: ""
[0.209s] -- Up-to-date: /home/yadhu/ur3e/src/install/ur3e_gripper_moveit/share/ament_index/resource_index/package_run_dependencies/ur3e_gripper_moveit
[0.209s] -- Up-to-date: /home/yadhu/ur3e/src/install/ur3e_gripper_moveit/share/ament_index/resource_index/parent_prefix_path/ur3e_gripper_moveit
[0.209s] -- Up-to-date: /home/yadhu/ur3e/src/install/ur3e_gripper_moveit/share/ur3e_gripper_moveit/environment/ament_prefix_path.sh
[0.209s] -- Up-to-date: /home/yadhu/ur3e/src/install/ur3e_gripper_moveit/share/ur3e_gripper_moveit/environment/ament_prefix_path.dsv
[0.209s] -- Up-to-date: /home/yadhu/ur3e/src/install/ur3e_gripper_moveit/share/ur3e_gripper_moveit/environment/path.sh
[0.209s] -- Up-to-date: /home/yadhu/ur3e/src/install/ur3e_gripper_moveit/share/ur3e_gripper_moveit/environment/path.dsv
[0.209s] -- Up-to-date: /home/yadhu/ur3e/src/install/ur3e_gripper_moveit/share/ur3e_gripper_moveit/local_setup.bash
[0.209s] -- Up-to-date: /home/yadhu/ur3e/src/install/ur3e_gripper_moveit/share/ur3e_gripper_moveit/local_setup.sh
[0.209s] -- Up-to-date: /home/yadhu/ur3e/src/install/ur3e_gripper_moveit/share/ur3e_gripper_moveit/local_setup.zsh
[0.209s] -- Up-to-date: /home/yadhu/ur3e/src/install/ur3e_gripper_moveit/share/ur3e_gripper_moveit/local_setup.dsv
[0.209s] -- Up-to-date: /home/yadhu/ur3e/src/install/ur3e_gripper_moveit/share/ur3e_gripper_moveit/package.dsv
[0.210s] -- Up-to-date: /home/yadhu/ur3e/src/install/ur3e_gripper_moveit/share/ament_index/resource_index/packages/ur3e_gripper_moveit
[0.210s] -- Up-to-date: /home/yadhu/ur3e/src/install/ur3e_gripper_moveit/share/ur3e_gripper_moveit/cmake/ur3e_gripper_moveitConfig.cmake
[0.210s] -- Up-to-date: /home/yadhu/ur3e/src/install/ur3e_gripper_moveit/share/ur3e_gripper_moveit/cmake/ur3e_gripper_moveitConfig-version.cmake
[0.210s] -- Up-to-date: /home/yadhu/ur3e/src/install/ur3e_gripper_moveit/share/ur3e_gripper_moveit/package.xml
[0.210s] -- Up-to-date: /home/yadhu/ur3e/src/install/ur3e_gripper_moveit/share/ur3e_gripper_moveit/launch
[0.210s] -- Up-to-date: /home/yadhu/ur3e/src/install/ur3e_gripper_moveit/share/ur3e_gripper_moveit/launch/rsp.launch.py
[0.210s] -- Up-to-date: /home/yadhu/ur3e/src/install/ur3e_gripper_moveit/share/ur3e_gripper_moveit/launch/warehouse_db.launch.py
[0.210s] -- Up-to-date: /home/yadhu/ur3e/src/install/ur3e_gripper_moveit/share/ur3e_gripper_moveit/launch/demo.launch.py
[0.210s] -- Up-to-date: /home/yadhu/ur3e/src/install/ur3e_gripper_moveit/share/ur3e_gripper_moveit/launch/move_group.launch.py
[0.210s] -- Up-to-date: /home/yadhu/ur3e/src/install/ur3e_gripper_moveit/share/ur3e_gripper_moveit/launch/moveit_rviz.launch.py
[0.210s] -- Up-to-date: /home/yadhu/ur3e/src/install/ur3e_gripper_moveit/share/ur3e_gripper_moveit/launch/setup_assistant.launch.py
[0.210s] -- Up-to-date: /home/yadhu/ur3e/src/install/ur3e_gripper_moveit/share/ur3e_gripper_moveit/launch/static_virtual_joint_tfs.launch.py
[0.210s] -- Up-to-date: /home/yadhu/ur3e/src/install/ur3e_gripper_moveit/share/ur3e_gripper_moveit/launch/spawn_controllers.launch.py
[0.210s] -- Up-to-date: /home/yadhu/ur3e/src/install/ur3e_gripper_moveit/share/ur3e_gripper_moveit/config
[0.210s] -- Up-to-date: /home/yadhu/ur3e/src/install/ur3e_gripper_moveit/share/ur3e_gripper_moveit/config/ur_gripper.ros2_control.xacro
[0.210s] -- Up-to-date: /home/yadhu/ur3e/src/install/ur3e_gripper_moveit/share/ur3e_gripper_moveit/config/ur_gripper.srdf
[0.210s] -- Up-to-date: /home/yadhu/ur3e/src/install/ur3e_gripper_moveit/share/ur3e_gripper_moveit/config/moveit_controllers.yaml
[0.210s] -- Up-to-date: /home/yadhu/ur3e/src/install/ur3e_gripper_moveit/share/ur3e_gripper_moveit/config/kinematics.yaml
[0.210s] -- Up-to-date: /home/yadhu/ur3e/src/install/ur3e_gripper_moveit/share/ur3e_gripper_moveit/config/joint_limits.yaml
[0.210s] -- Up-to-date: /home/yadhu/ur3e/src/install/ur3e_gripper_moveit/share/ur3e_gripper_moveit/config/moveit.rviz
[0.210s] -- Up-to-date: /home/yadhu/ur3e/src/install/ur3e_gripper_moveit/share/ur3e_gripper_moveit/config/initial_positions.yaml
[0.210s] -- Up-to-date: /home/yadhu/ur3e/src/install/ur3e_gripper_moveit/share/ur3e_gripper_moveit/config/ur_gripper.urdf.xacro
[0.210s] -- Up-to-date: /home/yadhu/ur3e/src/install/ur3e_gripper_moveit/share/ur3e_gripper_moveit/config/pilz_cartesian_limits.yaml
[0.210s] -- Up-to-date: /home/yadhu/ur3e/src/install/ur3e_gripper_moveit/share/ur3e_gripper_moveit/config/ros2_controllers.yaml
[0.210s] -- Up-to-date: /home/yadhu/ur3e/src/install/ur3e_gripper_moveit/share/ur3e_gripper_moveit/.setup_assistant
[0.214s] Invoked command in '/home/yadhu/ur3e/src/build/ur3e_gripper_moveit' returned '0': AMENT_PREFIX_PATH=/home/yadhu/ur3e/src/install/ur_description:/home/yadhu/ur3e/src/install/robotiq_description:${AMENT_PREFIX_PATH} CMAKE_PREFIX_PATH=/home/yadhu/ur3e/src/install/ur_description:/home/yadhu/ur3e/src/install/robotiq_description:/opt/ros/humble /usr/bin/cmake --install /home/yadhu/ur3e/src/build/ur3e_gripper_moveit
