[0.744s] Invoking command in '/home/yadhu/ur3e/src/ROS-TCP-Endpoint-main-ros2': PYTHONPATH=/home/yadhu/ur3e/src/build/ros_tcp_endpoint/prefix_override:/usr/lib/python3/dist-packages/colcon_core/task/python/colcon_distutils_commands:/home/yadhu/ur3e/src/install/ros_tcp_endpoint/lib/python3.10/site-packages:${PYTHONPATH} /usr/bin/python3 -W ignore:setup.py install is deprecated setup.py egg_info --egg-base ../build/ros_tcp_endpoint build --build-base /home/yadhu/ur3e/src/build/ros_tcp_endpoint/build install --record /home/yadhu/ur3e/src/build/ros_tcp_endpoint/install.log --install-scripts $base/lib/ros_tcp_endpoint --single-version-externally-managed install_data
[0.896s] /usr/lib/python3/dist-packages/setuptools/dist.py:723: UserWarning: Usage of dash-separated 'script-dir' will not be supported in future versions. Please use the underscore name 'script_dir' instead
[0.896s]   warnings.warn(
[0.902s] running egg_info
[0.903s] writing ../build/ros_tcp_endpoint/ros_tcp_endpoint.egg-info/PKG-INFO
[0.903s] writing dependency_links to ../build/ros_tcp_endpoint/ros_tcp_endpoint.egg-info/dependency_links.txt
[0.903s] writing entry points to ../build/ros_tcp_endpoint/ros_tcp_endpoint.egg-info/entry_points.txt
[0.903s] writing requirements to ../build/ros_tcp_endpoint/ros_tcp_endpoint.egg-info/requires.txt
[0.903s] writing top-level names to ../build/ros_tcp_endpoint/ros_tcp_endpoint.egg-info/top_level.txt
[0.905s] reading manifest file '../build/ros_tcp_endpoint/ros_tcp_endpoint.egg-info/SOURCES.txt'
[0.905s] adding license file 'LICENSE'
[0.906s] writing manifest file '../build/ros_tcp_endpoint/ros_tcp_endpoint.egg-info/SOURCES.txt'
[0.907s] running build
[0.907s] running build_py
[0.907s] running install
[0.907s] running install_lib
[0.907s] creating /home/yadhu/ur3e/src/install/ros_tcp_endpoint/lib/python3.10/site-packages/ros_tcp_endpoint
[0.907s] copying /home/yadhu/ur3e/src/build/ros_tcp_endpoint/build/lib/ros_tcp_endpoint/publisher.py -> /home/yadhu/ur3e/src/install/ros_tcp_endpoint/lib/python3.10/site-packages/ros_tcp_endpoint
[0.908s] copying /home/yadhu/ur3e/src/build/ros_tcp_endpoint/build/lib/ros_tcp_endpoint/thread_pauser.py -> /home/yadhu/ur3e/src/install/ros_tcp_endpoint/lib/python3.10/site-packages/ros_tcp_endpoint
[0.909s] copying /home/yadhu/ur3e/src/build/ros_tcp_endpoint/build/lib/ros_tcp_endpoint/default_server_endpoint.py -> /home/yadhu/ur3e/src/install/ros_tcp_endpoint/lib/python3.10/site-packages/ros_tcp_endpoint
[0.909s] copying /home/yadhu/ur3e/src/build/ros_tcp_endpoint/build/lib/ros_tcp_endpoint/unity_service.py -> /home/yadhu/ur3e/src/install/ros_tcp_endpoint/lib/python3.10/site-packages/ros_tcp_endpoint
[0.909s] copying /home/yadhu/ur3e/src/build/ros_tcp_endpoint/build/lib/ros_tcp_endpoint/exceptions.py -> /home/yadhu/ur3e/src/install/ros_tcp_endpoint/lib/python3.10/site-packages/ros_tcp_endpoint
[0.909s] copying /home/yadhu/ur3e/src/build/ros_tcp_endpoint/build/lib/ros_tcp_endpoint/subscriber.py -> /home/yadhu/ur3e/src/install/ros_tcp_endpoint/lib/python3.10/site-packages/ros_tcp_endpoint
[0.909s] copying /home/yadhu/ur3e/src/build/ros_tcp_endpoint/build/lib/ros_tcp_endpoint/client.py -> /home/yadhu/ur3e/src/install/ros_tcp_endpoint/lib/python3.10/site-packages/ros_tcp_endpoint
[0.909s] copying /home/yadhu/ur3e/src/build/ros_tcp_endpoint/build/lib/ros_tcp_endpoint/service.py -> /home/yadhu/ur3e/src/install/ros_tcp_endpoint/lib/python3.10/site-packages/ros_tcp_endpoint
[0.910s] copying /home/yadhu/ur3e/src/build/ros_tcp_endpoint/build/lib/ros_tcp_endpoint/tcp_sender.py -> /home/yadhu/ur3e/src/install/ros_tcp_endpoint/lib/python3.10/site-packages/ros_tcp_endpoint
[0.910s] copying /home/yadhu/ur3e/src/build/ros_tcp_endpoint/build/lib/ros_tcp_endpoint/__init__.py -> /home/yadhu/ur3e/src/install/ros_tcp_endpoint/lib/python3.10/site-packages/ros_tcp_endpoint
[0.910s] copying /home/yadhu/ur3e/src/build/ros_tcp_endpoint/build/lib/ros_tcp_endpoint/server.py -> /home/yadhu/ur3e/src/install/ros_tcp_endpoint/lib/python3.10/site-packages/ros_tcp_endpoint
[0.910s] copying /home/yadhu/ur3e/src/build/ros_tcp_endpoint/build/lib/ros_tcp_endpoint/communication.py -> /home/yadhu/ur3e/src/install/ros_tcp_endpoint/lib/python3.10/site-packages/ros_tcp_endpoint
[0.910s] byte-compiling /home/yadhu/ur3e/src/install/ros_tcp_endpoint/lib/python3.10/site-packages/ros_tcp_endpoint/publisher.py to publisher.cpython-310.pyc
[0.910s] byte-compiling /home/yadhu/ur3e/src/install/ros_tcp_endpoint/lib/python3.10/site-packages/ros_tcp_endpoint/thread_pauser.py to thread_pauser.cpython-310.pyc
[0.910s] byte-compiling /home/yadhu/ur3e/src/install/ros_tcp_endpoint/lib/python3.10/site-packages/ros_tcp_endpoint/default_server_endpoint.py to default_server_endpoint.cpython-310.pyc
[0.910s] byte-compiling /home/yadhu/ur3e/src/install/ros_tcp_endpoint/lib/python3.10/site-packages/ros_tcp_endpoint/unity_service.py to unity_service.cpython-310.pyc
[0.910s] byte-compiling /home/yadhu/ur3e/src/install/ros_tcp_endpoint/lib/python3.10/site-packages/ros_tcp_endpoint/exceptions.py to exceptions.cpython-310.pyc
[0.910s] byte-compiling /home/yadhu/ur3e/src/install/ros_tcp_endpoint/lib/python3.10/site-packages/ros_tcp_endpoint/subscriber.py to subscriber.cpython-310.pyc
[0.910s] byte-compiling /home/yadhu/ur3e/src/install/ros_tcp_endpoint/lib/python3.10/site-packages/ros_tcp_endpoint/client.py to client.cpython-310.pyc
[0.912s] byte-compiling /home/yadhu/ur3e/src/install/ros_tcp_endpoint/lib/python3.10/site-packages/ros_tcp_endpoint/service.py to service.cpython-310.pyc
[0.913s] byte-compiling /home/yadhu/ur3e/src/install/ros_tcp_endpoint/lib/python3.10/site-packages/ros_tcp_endpoint/tcp_sender.py to tcp_sender.cpython-310.pyc
[0.913s] byte-compiling /home/yadhu/ur3e/src/install/ros_tcp_endpoint/lib/python3.10/site-packages/ros_tcp_endpoint/__init__.py to __init__.cpython-310.pyc
[0.913s] byte-compiling /home/yadhu/ur3e/src/install/ros_tcp_endpoint/lib/python3.10/site-packages/ros_tcp_endpoint/server.py to server.cpython-310.pyc
[0.914s] byte-compiling /home/yadhu/ur3e/src/install/ros_tcp_endpoint/lib/python3.10/site-packages/ros_tcp_endpoint/communication.py to communication.cpython-310.pyc
[0.914s] running install_data
[0.914s] creating /home/yadhu/ur3e/src/install/ros_tcp_endpoint/share/ament_index
[0.914s] creating /home/yadhu/ur3e/src/install/ros_tcp_endpoint/share/ament_index/resource_index
[0.914s] creating /home/yadhu/ur3e/src/install/ros_tcp_endpoint/share/ament_index/resource_index/packages
[0.914s] copying resource/ros_tcp_endpoint -> /home/yadhu/ur3e/src/install/ros_tcp_endpoint/share/ament_index/resource_index/packages
[0.914s] copying package.xml -> /home/yadhu/ur3e/src/install/ros_tcp_endpoint/share/ros_tcp_endpoint
[0.914s] creating /home/yadhu/ur3e/src/install/ros_tcp_endpoint/share/ros_tcp_endpoint/launch
[0.915s] copying launch/endpoint.py -> /home/yadhu/ur3e/src/install/ros_tcp_endpoint/share/ros_tcp_endpoint/launch
[0.915s] running install_egg_info
[0.916s] Copying ../build/ros_tcp_endpoint/ros_tcp_endpoint.egg-info to /home/yadhu/ur3e/src/install/ros_tcp_endpoint/lib/python3.10/site-packages/ros_tcp_endpoint-0.0.1-py3.10.egg-info
[0.919s] running install_scripts
[0.931s] Installing default_server_endpoint script to /home/yadhu/ur3e/src/install/ros_tcp_endpoint/lib/ros_tcp_endpoint
[0.931s] writing list of installed files to '/home/yadhu/ur3e/src/build/ros_tcp_endpoint/install.log'
[0.951s] Invoked command in '/home/yadhu/ur3e/src/ROS-TCP-Endpoint-main-ros2' returned '0': PYTHONPATH=/home/yadhu/ur3e/src/build/ros_tcp_endpoint/prefix_override:/usr/lib/python3/dist-packages/colcon_core/task/python/colcon_distutils_commands:/home/yadhu/ur3e/src/install/ros_tcp_endpoint/lib/python3.10/site-packages:${PYTHONPATH} /usr/bin/python3 -W ignore:setup.py install is deprecated setup.py egg_info --egg-base ../build/ros_tcp_endpoint build --build-base /home/yadhu/ur3e/src/build/ros_tcp_endpoint/build install --record /home/yadhu/ur3e/src/build/ros_tcp_endpoint/install.log --install-scripts $base/lib/ros_tcp_endpoint --single-version-externally-managed install_data
