[ 10%] Built target unity_ros_msgs__rosidl_generator_c
[ 12%] Built target unity_ros_msgs__cpp
[ 12%] Built target ament_cmake_python_copy_unity_ros_msgs
[ 23%] Built target unity_ros_msgs__rosidl_typesupport_c
[ 34%] Built target unity_ros_msgs__rosidl_typesupport_fastrtps_c
[ 45%] Built target unity_ros_msgs__rosidl_typesupport_introspection_c
[ 56%] Built target unity_ros_msgs__rosidl_typesupport_fastrtps_cpp
[ 70%] Built target unity_ros_msgs__rosidl_typesupport_introspection_cpp
[ 78%] Built target unity_ros_msgs__rosidl_typesupport_cpp
[ 78%] Built target unity_ros_msgs
[ 80%] Built target unity_ros_msgs__py
[ 89%] Built target unity_ros_msgs__rosidl_generator_py
[ 92%] Built target unity_ros_msgs__rosidl_typesupport_c__pyext
[ 96%] Built target unity_ros_msgs__rosidl_typesupport_fastrtps_c__pyext
[100%] Built target unity_ros_msgs__rosidl_typesupport_introspection_c__pyext
running egg_info
writing unity_ros_msgs.egg-info/PKG-INFO
writing dependency_links to unity_ros_msgs.egg-info/dependency_links.txt
writing top-level names to unity_ros_msgs.egg-info/top_level.txt
reading manifest file 'unity_ros_msgs.egg-info/SOURCES.txt'
writing manifest file 'unity_ros_msgs.egg-info/SOURCES.txt'
[100%] Built target ament_cmake_python_build_unity_ros_msgs_egg
-- Install configuration: ""
-- Up-to-date: /home/yadhu/ur3e/src/install/unity_ros_msgs/share/ament_index/resource_index/rosidl_interfaces/unity_ros_msgs
-- Up-to-date: /home/yadhu/ur3e/src/install/unity_ros_msgs/include/unity_ros_msgs/unity_ros_msgs
-- Up-to-date: /home/yadhu/ur3e/src/install/unity_ros_msgs/include/unity_ros_msgs/unity_ros_msgs/msg
-- Up-to-date: /home/yadhu/ur3e/src/install/unity_ros_msgs/include/unity_ros_msgs/unity_ros_msgs/msg/rosidl_generator_c__visibility_control.h
-- Up-to-date: /home/yadhu/ur3e/src/install/unity_ros_msgs/include/unity_ros_msgs/unity_ros_msgs/msg/ur3e_moveit_joints.h
-- Up-to-date: /home/yadhu/ur3e/src/install/unity_ros_msgs/include/unity_ros_msgs/unity_ros_msgs/msg/detail
-- Up-to-date: /home/yadhu/ur3e/src/install/unity_ros_msgs/include/unity_ros_msgs/unity_ros_msgs/msg/detail/ur3e_gripper__type_support.h
-- Up-to-date: /home/yadhu/ur3e/src/install/unity_ros_msgs/include/unity_ros_msgs/unity_ros_msgs/msg/detail/ur3e_trajectory__struct.h
-- Up-to-date: /home/yadhu/ur3e/src/install/unity_ros_msgs/include/unity_ros_msgs/unity_ros_msgs/msg/detail/ur3e_trajectory__functions.c
-- Up-to-date: /home/yadhu/ur3e/src/install/unity_ros_msgs/include/unity_ros_msgs/unity_ros_msgs/msg/detail/ur3e_moveit_joints__functions.h
-- Up-to-date: /home/yadhu/ur3e/src/install/unity_ros_msgs/include/unity_ros_msgs/unity_ros_msgs/msg/detail/ur3e_moveit_joints__type_support.h
-- Up-to-date: /home/yadhu/ur3e/src/install/unity_ros_msgs/include/unity_ros_msgs/unity_ros_msgs/msg/detail/ur3e_gripper__struct.h
-- Up-to-date: /home/yadhu/ur3e/src/install/unity_ros_msgs/include/unity_ros_msgs/unity_ros_msgs/msg/detail/ur3e_trajectory__functions.h
-- Up-to-date: /home/yadhu/ur3e/src/install/unity_ros_msgs/include/unity_ros_msgs/unity_ros_msgs/msg/detail/ur3e_moveit_joints__struct.h
-- Up-to-date: /home/yadhu/ur3e/src/install/unity_ros_msgs/include/unity_ros_msgs/unity_ros_msgs/msg/detail/ur3e_moveit_joints__functions.c
-- Up-to-date: /home/yadhu/ur3e/src/install/unity_ros_msgs/include/unity_ros_msgs/unity_ros_msgs/msg/detail/ur3e_trajectory__type_support.h
-- Up-to-date: /home/yadhu/ur3e/src/install/unity_ros_msgs/include/unity_ros_msgs/unity_ros_msgs/msg/detail/ur3e_gripper__functions.h
-- Up-to-date: /home/yadhu/ur3e/src/install/unity_ros_msgs/include/unity_ros_msgs/unity_ros_msgs/msg/detail/ur3e_gripper__functions.c
-- Up-to-date: /home/yadhu/ur3e/src/install/unity_ros_msgs/include/unity_ros_msgs/unity_ros_msgs/msg/ur3e_trajectory.h
-- Up-to-date: /home/yadhu/ur3e/src/install/unity_ros_msgs/include/unity_ros_msgs/unity_ros_msgs/msg/ur3e_gripper.h
-- Up-to-date: /home/yadhu/ur3e/src/install/unity_ros_msgs/include/unity_ros_msgs/unity_ros_msgs/srv
-- Up-to-date: /home/yadhu/ur3e/src/install/unity_ros_msgs/include/unity_ros_msgs/unity_ros_msgs/srv/ur_mover_service.h
-- Up-to-date: /home/yadhu/ur3e/src/install/unity_ros_msgs/include/unity_ros_msgs/unity_ros_msgs/srv/detail
-- Up-to-date: /home/yadhu/ur3e/src/install/unity_ros_msgs/include/unity_ros_msgs/unity_ros_msgs/srv/detail/ur_mover_service__functions.c
-- Up-to-date: /home/yadhu/ur3e/src/install/unity_ros_msgs/include/unity_ros_msgs/unity_ros_msgs/srv/detail/ur_mover_service__struct.h
-- Up-to-date: /home/yadhu/ur3e/src/install/unity_ros_msgs/include/unity_ros_msgs/unity_ros_msgs/srv/detail/ur_mover_service__type_support.h
-- Up-to-date: /home/yadhu/ur3e/src/install/unity_ros_msgs/include/unity_ros_msgs/unity_ros_msgs/srv/detail/ur_mover_service__functions.h
-- Up-to-date: /home/yadhu/ur3e/src/install/unity_ros_msgs/share/unity_ros_msgs/environment/library_path.sh
-- Up-to-date: /home/yadhu/ur3e/src/install/unity_ros_msgs/share/unity_ros_msgs/environment/library_path.dsv
-- Up-to-date: /home/yadhu/ur3e/src/install/unity_ros_msgs/lib/libunity_ros_msgs__rosidl_generator_c.so
-- Up-to-date: /home/yadhu/ur3e/src/install/unity_ros_msgs/include/unity_ros_msgs/unity_ros_msgs
-- Up-to-date: /home/yadhu/ur3e/src/install/unity_ros_msgs/include/unity_ros_msgs/unity_ros_msgs/msg
-- Up-to-date: /home/yadhu/ur3e/src/install/unity_ros_msgs/include/unity_ros_msgs/unity_ros_msgs/msg/rosidl_typesupport_fastrtps_c__visibility_control.h
-- Up-to-date: /home/yadhu/ur3e/src/install/unity_ros_msgs/include/unity_ros_msgs/unity_ros_msgs/msg/detail
-- Up-to-date: /home/yadhu/ur3e/src/install/unity_ros_msgs/include/unity_ros_msgs/unity_ros_msgs/msg/detail/ur3e_gripper__rosidl_typesupport_fastrtps_c.h
-- Up-to-date: /home/yadhu/ur3e/src/install/unity_ros_msgs/include/unity_ros_msgs/unity_ros_msgs/msg/detail/ur3e_trajectory__rosidl_typesupport_fastrtps_c.h
-- Up-to-date: /home/yadhu/ur3e/src/install/unity_ros_msgs/include/unity_ros_msgs/unity_ros_msgs/msg/detail/ur3e_moveit_joints__rosidl_typesupport_fastrtps_c.h
-- Up-to-date: /home/yadhu/ur3e/src/install/unity_ros_msgs/include/unity_ros_msgs/unity_ros_msgs/srv
-- Up-to-date: /home/yadhu/ur3e/src/install/unity_ros_msgs/include/unity_ros_msgs/unity_ros_msgs/srv/detail
-- Up-to-date: /home/yadhu/ur3e/src/install/unity_ros_msgs/include/unity_ros_msgs/unity_ros_msgs/srv/detail/ur_mover_service__rosidl_typesupport_fastrtps_c.h
-- Up-to-date: /home/yadhu/ur3e/src/install/unity_ros_msgs/lib/libunity_ros_msgs__rosidl_typesupport_fastrtps_c.so
-- Up-to-date: /home/yadhu/ur3e/src/install/unity_ros_msgs/include/unity_ros_msgs/unity_ros_msgs
-- Up-to-date: /home/yadhu/ur3e/src/install/unity_ros_msgs/include/unity_ros_msgs/unity_ros_msgs/msg
-- Up-to-date: /home/yadhu/ur3e/src/install/unity_ros_msgs/include/unity_ros_msgs/unity_ros_msgs/msg/detail
-- Up-to-date: /home/yadhu/ur3e/src/install/unity_ros_msgs/include/unity_ros_msgs/unity_ros_msgs/msg/detail/ur3e_trajectory__rosidl_typesupport_introspection_c.h
-- Up-to-date: /home/yadhu/ur3e/src/install/unity_ros_msgs/include/unity_ros_msgs/unity_ros_msgs/msg/detail/ur3e_gripper__rosidl_typesupport_introspection_c.h
-- Up-to-date: /home/yadhu/ur3e/src/install/unity_ros_msgs/include/unity_ros_msgs/unity_ros_msgs/msg/detail/ur3e_gripper__type_support.c
-- Up-to-date: /home/yadhu/ur3e/src/install/unity_ros_msgs/include/unity_ros_msgs/unity_ros_msgs/msg/detail/ur3e_trajectory__type_support.c
-- Up-to-date: /home/yadhu/ur3e/src/install/unity_ros_msgs/include/unity_ros_msgs/unity_ros_msgs/msg/detail/ur3e_moveit_joints__rosidl_typesupport_introspection_c.h
-- Up-to-date: /home/yadhu/ur3e/src/install/unity_ros_msgs/include/unity_ros_msgs/unity_ros_msgs/msg/detail/ur3e_moveit_joints__type_support.c
-- Up-to-date: /home/yadhu/ur3e/src/install/unity_ros_msgs/include/unity_ros_msgs/unity_ros_msgs/msg/rosidl_typesupport_introspection_c__visibility_control.h
-- Up-to-date: /home/yadhu/ur3e/src/install/unity_ros_msgs/include/unity_ros_msgs/unity_ros_msgs/srv
-- Up-to-date: /home/yadhu/ur3e/src/install/unity_ros_msgs/include/unity_ros_msgs/unity_ros_msgs/srv/detail
-- Up-to-date: /home/yadhu/ur3e/src/install/unity_ros_msgs/include/unity_ros_msgs/unity_ros_msgs/srv/detail/ur_mover_service__type_support.c
-- Up-to-date: /home/yadhu/ur3e/src/install/unity_ros_msgs/include/unity_ros_msgs/unity_ros_msgs/srv/detail/ur_mover_service__rosidl_typesupport_introspection_c.h
-- Up-to-date: /home/yadhu/ur3e/src/install/unity_ros_msgs/lib/libunity_ros_msgs__rosidl_typesupport_introspection_c.so
-- Up-to-date: /home/yadhu/ur3e/src/install/unity_ros_msgs/lib/libunity_ros_msgs__rosidl_typesupport_c.so
-- Up-to-date: /home/yadhu/ur3e/src/install/unity_ros_msgs/include/unity_ros_msgs/unity_ros_msgs
-- Up-to-date: /home/yadhu/ur3e/src/install/unity_ros_msgs/include/unity_ros_msgs/unity_ros_msgs/msg
-- Up-to-date: /home/yadhu/ur3e/src/install/unity_ros_msgs/include/unity_ros_msgs/unity_ros_msgs/msg/ur3e_moveit_joints.hpp
-- Up-to-date: /home/yadhu/ur3e/src/install/unity_ros_msgs/include/unity_ros_msgs/unity_ros_msgs/msg/ur3e_trajectory.hpp
-- Up-to-date: /home/yadhu/ur3e/src/install/unity_ros_msgs/include/unity_ros_msgs/unity_ros_msgs/msg/detail
-- Up-to-date: /home/yadhu/ur3e/src/install/unity_ros_msgs/include/unity_ros_msgs/unity_ros_msgs/msg/detail/ur3e_trajectory__builder.hpp
-- Up-to-date: /home/yadhu/ur3e/src/install/unity_ros_msgs/include/unity_ros_msgs/unity_ros_msgs/msg/detail/ur3e_moveit_joints__builder.hpp
-- Up-to-date: /home/yadhu/ur3e/src/install/unity_ros_msgs/include/unity_ros_msgs/unity_ros_msgs/msg/detail/ur3e_trajectory__struct.hpp
-- Up-to-date: /home/yadhu/ur3e/src/install/unity_ros_msgs/include/unity_ros_msgs/unity_ros_msgs/msg/detail/ur3e_gripper__traits.hpp
-- Up-to-date: /home/yadhu/ur3e/src/install/unity_ros_msgs/include/unity_ros_msgs/unity_ros_msgs/msg/detail/ur3e_moveit_joints__traits.hpp
-- Up-to-date: /home/yadhu/ur3e/src/install/unity_ros_msgs/include/unity_ros_msgs/unity_ros_msgs/msg/detail/ur3e_moveit_joints__struct.hpp
-- Up-to-date: /home/yadhu/ur3e/src/install/unity_ros_msgs/include/unity_ros_msgs/unity_ros_msgs/msg/detail/ur3e_trajectory__traits.hpp
-- Up-to-date: /home/yadhu/ur3e/src/install/unity_ros_msgs/include/unity_ros_msgs/unity_ros_msgs/msg/detail/ur3e_gripper__builder.hpp
-- Up-to-date: /home/yadhu/ur3e/src/install/unity_ros_msgs/include/unity_ros_msgs/unity_ros_msgs/msg/detail/ur3e_gripper__struct.hpp
-- Up-to-date: /home/yadhu/ur3e/src/install/unity_ros_msgs/include/unity_ros_msgs/unity_ros_msgs/msg/ur3e_gripper.hpp
-- Up-to-date: /home/yadhu/ur3e/src/install/unity_ros_msgs/include/unity_ros_msgs/unity_ros_msgs/srv
-- Up-to-date: /home/yadhu/ur3e/src/install/unity_ros_msgs/include/unity_ros_msgs/unity_ros_msgs/srv/detail
-- Up-to-date: /home/yadhu/ur3e/src/install/unity_ros_msgs/include/unity_ros_msgs/unity_ros_msgs/srv/detail/ur_mover_service__traits.hpp
-- Up-to-date: /home/yadhu/ur3e/src/install/unity_ros_msgs/include/unity_ros_msgs/unity_ros_msgs/srv/detail/ur_mover_service__struct.hpp
-- Up-to-date: /home/yadhu/ur3e/src/install/unity_ros_msgs/include/unity_ros_msgs/unity_ros_msgs/srv/detail/ur_mover_service__builder.hpp
-- Up-to-date: /home/yadhu/ur3e/src/install/unity_ros_msgs/include/unity_ros_msgs/unity_ros_msgs/srv/ur_mover_service.hpp
-- Up-to-date: /home/yadhu/ur3e/src/install/unity_ros_msgs/include/unity_ros_msgs/unity_ros_msgs
-- Up-to-date: /home/yadhu/ur3e/src/install/unity_ros_msgs/include/unity_ros_msgs/unity_ros_msgs/msg
-- Up-to-date: /home/yadhu/ur3e/src/install/unity_ros_msgs/include/unity_ros_msgs/unity_ros_msgs/msg/rosidl_typesupport_fastrtps_cpp__visibility_control.h
-- Up-to-date: /home/yadhu/ur3e/src/install/unity_ros_msgs/include/unity_ros_msgs/unity_ros_msgs/msg/detail
-- Up-to-date: /home/yadhu/ur3e/src/install/unity_ros_msgs/include/unity_ros_msgs/unity_ros_msgs/msg/detail/ur3e_moveit_joints__rosidl_typesupport_fastrtps_cpp.hpp
-- Up-to-date: /home/yadhu/ur3e/src/install/unity_ros_msgs/include/unity_ros_msgs/unity_ros_msgs/msg/detail/dds_fastrtps
-- Up-to-date: /home/yadhu/ur3e/src/install/unity_ros_msgs/include/unity_ros_msgs/unity_ros_msgs/msg/detail/ur3e_trajectory__rosidl_typesupport_fastrtps_cpp.hpp
-- Up-to-date: /home/yadhu/ur3e/src/install/unity_ros_msgs/include/unity_ros_msgs/unity_ros_msgs/msg/detail/ur3e_gripper__rosidl_typesupport_fastrtps_cpp.hpp
-- Up-to-date: /home/yadhu/ur3e/src/install/unity_ros_msgs/include/unity_ros_msgs/unity_ros_msgs/srv
-- Up-to-date: /home/yadhu/ur3e/src/install/unity_ros_msgs/include/unity_ros_msgs/unity_ros_msgs/srv/detail
-- Up-to-date: /home/yadhu/ur3e/src/install/unity_ros_msgs/include/unity_ros_msgs/unity_ros_msgs/srv/detail/ur_mover_service__rosidl_typesupport_fastrtps_cpp.hpp
-- Up-to-date: /home/yadhu/ur3e/src/install/unity_ros_msgs/include/unity_ros_msgs/unity_ros_msgs/srv/detail/dds_fastrtps
-- Up-to-date: /home/yadhu/ur3e/src/install/unity_ros_msgs/lib/libunity_ros_msgs__rosidl_typesupport_fastrtps_cpp.so
-- Up-to-date: /home/yadhu/ur3e/src/install/unity_ros_msgs/include/unity_ros_msgs/unity_ros_msgs
-- Up-to-date: /home/yadhu/ur3e/src/install/unity_ros_msgs/include/unity_ros_msgs/unity_ros_msgs/msg
-- Up-to-date: /home/yadhu/ur3e/src/install/unity_ros_msgs/include/unity_ros_msgs/unity_ros_msgs/msg/detail
-- Up-to-date: /home/yadhu/ur3e/src/install/unity_ros_msgs/include/unity_ros_msgs/unity_ros_msgs/msg/detail/ur3e_trajectory__rosidl_typesupport_introspection_cpp.hpp
-- Up-to-date: /home/yadhu/ur3e/src/install/unity_ros_msgs/include/unity_ros_msgs/unity_ros_msgs/msg/detail/ur3e_trajectory__type_support.cpp
-- Up-to-date: /home/yadhu/ur3e/src/install/unity_ros_msgs/include/unity_ros_msgs/unity_ros_msgs/msg/detail/ur3e_gripper__type_support.cpp
-- Up-to-date: /home/yadhu/ur3e/src/install/unity_ros_msgs/include/unity_ros_msgs/unity_ros_msgs/msg/detail/ur3e_moveit_joints__type_support.cpp
-- Up-to-date: /home/yadhu/ur3e/src/install/unity_ros_msgs/include/unity_ros_msgs/unity_ros_msgs/msg/detail/ur3e_moveit_joints__rosidl_typesupport_introspection_cpp.hpp
-- Up-to-date: /home/yadhu/ur3e/src/install/unity_ros_msgs/include/unity_ros_msgs/unity_ros_msgs/msg/detail/ur3e_gripper__rosidl_typesupport_introspection_cpp.hpp
-- Up-to-date: /home/yadhu/ur3e/src/install/unity_ros_msgs/include/unity_ros_msgs/unity_ros_msgs/srv
-- Up-to-date: /home/yadhu/ur3e/src/install/unity_ros_msgs/include/unity_ros_msgs/unity_ros_msgs/srv/detail
-- Up-to-date: /home/yadhu/ur3e/src/install/unity_ros_msgs/include/unity_ros_msgs/unity_ros_msgs/srv/detail/ur_mover_service__type_support.cpp
-- Up-to-date: /home/yadhu/ur3e/src/install/unity_ros_msgs/include/unity_ros_msgs/unity_ros_msgs/srv/detail/ur_mover_service__rosidl_typesupport_introspection_cpp.hpp
-- Up-to-date: /home/yadhu/ur3e/src/install/unity_ros_msgs/lib/libunity_ros_msgs__rosidl_typesupport_introspection_cpp.so
-- Up-to-date: /home/yadhu/ur3e/src/install/unity_ros_msgs/lib/libunity_ros_msgs__rosidl_typesupport_cpp.so
-- Up-to-date: /home/yadhu/ur3e/src/install/unity_ros_msgs/share/unity_ros_msgs/environment/pythonpath.sh
-- Up-to-date: /home/yadhu/ur3e/src/install/unity_ros_msgs/share/unity_ros_msgs/environment/pythonpath.dsv
-- Up-to-date: /home/yadhu/ur3e/src/install/unity_ros_msgs/local/lib/python3.10/dist-packages/unity_ros_msgs-0.0.0-py3.10.egg-info
-- Installing: /home/yadhu/ur3e/src/install/unity_ros_msgs/local/lib/python3.10/dist-packages/unity_ros_msgs-0.0.0-py3.10.egg-info/top_level.txt
-- Installing: /home/yadhu/ur3e/src/install/unity_ros_msgs/local/lib/python3.10/dist-packages/unity_ros_msgs-0.0.0-py3.10.egg-info/PKG-INFO
-- Installing: /home/yadhu/ur3e/src/install/unity_ros_msgs/local/lib/python3.10/dist-packages/unity_ros_msgs-0.0.0-py3.10.egg-info/dependency_links.txt
-- Installing: /home/yadhu/ur3e/src/install/unity_ros_msgs/local/lib/python3.10/dist-packages/unity_ros_msgs-0.0.0-py3.10.egg-info/SOURCES.txt
-- Up-to-date: /home/yadhu/ur3e/src/install/unity_ros_msgs/local/lib/python3.10/dist-packages/unity_ros_msgs
-- Up-to-date: /home/yadhu/ur3e/src/install/unity_ros_msgs/local/lib/python3.10/dist-packages/unity_ros_msgs/_unity_ros_msgs_s.ep.rosidl_typesupport_c.c
-- Up-to-date: /home/yadhu/ur3e/src/install/unity_ros_msgs/local/lib/python3.10/dist-packages/unity_ros_msgs/unity_ros_msgs_s__rosidl_typesupport_c.cpython-310-x86_64-linux-gnu.so
-- Up-to-date: /home/yadhu/ur3e/src/install/unity_ros_msgs/local/lib/python3.10/dist-packages/unity_ros_msgs/msg
-- Up-to-date: /home/yadhu/ur3e/src/install/unity_ros_msgs/local/lib/python3.10/dist-packages/unity_ros_msgs/msg/_ur3e_gripper_s.c
-- Up-to-date: /home/yadhu/ur3e/src/install/unity_ros_msgs/local/lib/python3.10/dist-packages/unity_ros_msgs/msg/_ur3e_moveit_joints_s.c
-- Up-to-date: /home/yadhu/ur3e/src/install/unity_ros_msgs/local/lib/python3.10/dist-packages/unity_ros_msgs/msg/_ur3e_moveit_joints.py
-- Up-to-date: /home/yadhu/ur3e/src/install/unity_ros_msgs/local/lib/python3.10/dist-packages/unity_ros_msgs/msg/_ur3e_gripper.py
-- Up-to-date: /home/yadhu/ur3e/src/install/unity_ros_msgs/local/lib/python3.10/dist-packages/unity_ros_msgs/msg/_ur3e_trajectory.py
-- Up-to-date: /home/yadhu/ur3e/src/install/unity_ros_msgs/local/lib/python3.10/dist-packages/unity_ros_msgs/msg/__init__.py
-- Up-to-date: /home/yadhu/ur3e/src/install/unity_ros_msgs/local/lib/python3.10/dist-packages/unity_ros_msgs/msg/_ur3e_trajectory_s.c
-- Up-to-date: /home/yadhu/ur3e/src/install/unity_ros_msgs/local/lib/python3.10/dist-packages/unity_ros_msgs/srv
-- Up-to-date: /home/yadhu/ur3e/src/install/unity_ros_msgs/local/lib/python3.10/dist-packages/unity_ros_msgs/srv/_ur_mover_service_s.c
-- Up-to-date: /home/yadhu/ur3e/src/install/unity_ros_msgs/local/lib/python3.10/dist-packages/unity_ros_msgs/srv/_ur_mover_service.py
-- Up-to-date: /home/yadhu/ur3e/src/install/unity_ros_msgs/local/lib/python3.10/dist-packages/unity_ros_msgs/srv/__init__.py
-- Up-to-date: /home/yadhu/ur3e/src/install/unity_ros_msgs/local/lib/python3.10/dist-packages/unity_ros_msgs/_unity_ros_msgs_s.ep.rosidl_typesupport_fastrtps_c.c
-- Up-to-date: /home/yadhu/ur3e/src/install/unity_ros_msgs/local/lib/python3.10/dist-packages/unity_ros_msgs/_unity_ros_msgs_s.ep.rosidl_typesupport_introspection_c.c
-- Up-to-date: /home/yadhu/ur3e/src/install/unity_ros_msgs/local/lib/python3.10/dist-packages/unity_ros_msgs/__init__.py
-- Up-to-date: /home/yadhu/ur3e/src/install/unity_ros_msgs/local/lib/python3.10/dist-packages/unity_ros_msgs/libunity_ros_msgs__rosidl_generator_py.so
-- Up-to-date: /home/yadhu/ur3e/src/install/unity_ros_msgs/local/lib/python3.10/dist-packages/unity_ros_msgs/unity_ros_msgs_s__rosidl_typesupport_fastrtps_c.cpython-310-x86_64-linux-gnu.so
-- Up-to-date: /home/yadhu/ur3e/src/install/unity_ros_msgs/local/lib/python3.10/dist-packages/unity_ros_msgs/unity_ros_msgs_s__rosidl_typesupport_introspection_c.cpython-310-x86_64-linux-gnu.so
Listing '/home/yadhu/ur3e/src/install/unity_ros_msgs/local/lib/python3.10/dist-packages/unity_ros_msgs'...
Listing '/home/yadhu/ur3e/src/install/unity_ros_msgs/local/lib/python3.10/dist-packages/unity_ros_msgs/msg'...
Listing '/home/yadhu/ur3e/src/install/unity_ros_msgs/local/lib/python3.10/dist-packages/unity_ros_msgs/srv'...
-- Up-to-date: /home/yadhu/ur3e/src/install/unity_ros_msgs/local/lib/python3.10/dist-packages/unity_ros_msgs/unity_ros_msgs_s__rosidl_typesupport_fastrtps_c.cpython-310-x86_64-linux-gnu.so
-- Up-to-date: /home/yadhu/ur3e/src/install/unity_ros_msgs/local/lib/python3.10/dist-packages/unity_ros_msgs/unity_ros_msgs_s__rosidl_typesupport_introspection_c.cpython-310-x86_64-linux-gnu.so
-- Up-to-date: /home/yadhu/ur3e/src/install/unity_ros_msgs/local/lib/python3.10/dist-packages/unity_ros_msgs/unity_ros_msgs_s__rosidl_typesupport_c.cpython-310-x86_64-linux-gnu.so
-- Up-to-date: /home/yadhu/ur3e/src/install/unity_ros_msgs/lib/libunity_ros_msgs__rosidl_generator_py.so
-- Up-to-date: /home/yadhu/ur3e/src/install/unity_ros_msgs/share/unity_ros_msgs/msg/UR3eGripper.idl
-- Up-to-date: /home/yadhu/ur3e/src/install/unity_ros_msgs/share/unity_ros_msgs/msg/UR3eMoveitJoints.idl
-- Up-to-date: /home/yadhu/ur3e/src/install/unity_ros_msgs/share/unity_ros_msgs/msg/UR3eTrajectory.idl
-- Up-to-date: /home/yadhu/ur3e/src/install/unity_ros_msgs/share/unity_ros_msgs/srv/UrMoverService.idl
-- Up-to-date: /home/yadhu/ur3e/src/install/unity_ros_msgs/share/unity_ros_msgs/msg/UR3eGripper.msg
-- Up-to-date: /home/yadhu/ur3e/src/install/unity_ros_msgs/share/unity_ros_msgs/msg/UR3eMoveitJoints.msg
-- Up-to-date: /home/yadhu/ur3e/src/install/unity_ros_msgs/share/unity_ros_msgs/msg/UR3eTrajectory.msg
-- Up-to-date: /home/yadhu/ur3e/src/install/unity_ros_msgs/share/unity_ros_msgs/srv/UrMoverService.srv
-- Up-to-date: /home/yadhu/ur3e/src/install/unity_ros_msgs/share/unity_ros_msgs/srv/UrMoverService_Request.msg
-- Up-to-date: /home/yadhu/ur3e/src/install/unity_ros_msgs/share/unity_ros_msgs/srv/UrMoverService_Response.msg
-- Up-to-date: /home/yadhu/ur3e/src/install/unity_ros_msgs/share/ament_index/resource_index/package_run_dependencies/unity_ros_msgs
-- Up-to-date: /home/yadhu/ur3e/src/install/unity_ros_msgs/share/ament_index/resource_index/parent_prefix_path/unity_ros_msgs
-- Up-to-date: /home/yadhu/ur3e/src/install/unity_ros_msgs/share/unity_ros_msgs/environment/ament_prefix_path.sh
-- Up-to-date: /home/yadhu/ur3e/src/install/unity_ros_msgs/share/unity_ros_msgs/environment/ament_prefix_path.dsv
-- Up-to-date: /home/yadhu/ur3e/src/install/unity_ros_msgs/share/unity_ros_msgs/environment/path.sh
-- Up-to-date: /home/yadhu/ur3e/src/install/unity_ros_msgs/share/unity_ros_msgs/environment/path.dsv
-- Up-to-date: /home/yadhu/ur3e/src/install/unity_ros_msgs/share/unity_ros_msgs/local_setup.bash
-- Up-to-date: /home/yadhu/ur3e/src/install/unity_ros_msgs/share/unity_ros_msgs/local_setup.sh
-- Up-to-date: /home/yadhu/ur3e/src/install/unity_ros_msgs/share/unity_ros_msgs/local_setup.zsh
-- Up-to-date: /home/yadhu/ur3e/src/install/unity_ros_msgs/share/unity_ros_msgs/local_setup.dsv
-- Installing: /home/yadhu/ur3e/src/install/unity_ros_msgs/share/unity_ros_msgs/package.dsv
-- Up-to-date: /home/yadhu/ur3e/src/install/unity_ros_msgs/share/ament_index/resource_index/packages/unity_ros_msgs
-- Up-to-date: /home/yadhu/ur3e/src/install/unity_ros_msgs/share/unity_ros_msgs/cmake/export_unity_ros_msgs__rosidl_generator_cExport.cmake
-- Up-to-date: /home/yadhu/ur3e/src/install/unity_ros_msgs/share/unity_ros_msgs/cmake/export_unity_ros_msgs__rosidl_generator_cExport-noconfig.cmake
-- Up-to-date: /home/yadhu/ur3e/src/install/unity_ros_msgs/share/unity_ros_msgs/cmake/export_unity_ros_msgs__rosidl_typesupport_fastrtps_cExport.cmake
-- Up-to-date: /home/yadhu/ur3e/src/install/unity_ros_msgs/share/unity_ros_msgs/cmake/export_unity_ros_msgs__rosidl_typesupport_fastrtps_cExport-noconfig.cmake
-- Up-to-date: /home/yadhu/ur3e/src/install/unity_ros_msgs/share/unity_ros_msgs/cmake/unity_ros_msgs__rosidl_typesupport_introspection_cExport.cmake
-- Up-to-date: /home/yadhu/ur3e/src/install/unity_ros_msgs/share/unity_ros_msgs/cmake/unity_ros_msgs__rosidl_typesupport_introspection_cExport-noconfig.cmake
-- Up-to-date: /home/yadhu/ur3e/src/install/unity_ros_msgs/share/unity_ros_msgs/cmake/unity_ros_msgs__rosidl_typesupport_cExport.cmake
-- Up-to-date: /home/yadhu/ur3e/src/install/unity_ros_msgs/share/unity_ros_msgs/cmake/unity_ros_msgs__rosidl_typesupport_cExport-noconfig.cmake
-- Up-to-date: /home/yadhu/ur3e/src/install/unity_ros_msgs/share/unity_ros_msgs/cmake/export_unity_ros_msgs__rosidl_generator_cppExport.cmake
-- Up-to-date: /home/yadhu/ur3e/src/install/unity_ros_msgs/share/unity_ros_msgs/cmake/export_unity_ros_msgs__rosidl_typesupport_fastrtps_cppExport.cmake
-- Up-to-date: /home/yadhu/ur3e/src/install/unity_ros_msgs/share/unity_ros_msgs/cmake/export_unity_ros_msgs__rosidl_typesupport_fastrtps_cppExport-noconfig.cmake
-- Up-to-date: /home/yadhu/ur3e/src/install/unity_ros_msgs/share/unity_ros_msgs/cmake/unity_ros_msgs__rosidl_typesupport_introspection_cppExport.cmake
-- Up-to-date: /home/yadhu/ur3e/src/install/unity_ros_msgs/share/unity_ros_msgs/cmake/unity_ros_msgs__rosidl_typesupport_introspection_cppExport-noconfig.cmake
-- Up-to-date: /home/yadhu/ur3e/src/install/unity_ros_msgs/share/unity_ros_msgs/cmake/unity_ros_msgs__rosidl_typesupport_cppExport.cmake
-- Up-to-date: /home/yadhu/ur3e/src/install/unity_ros_msgs/share/unity_ros_msgs/cmake/unity_ros_msgs__rosidl_typesupport_cppExport-noconfig.cmake
-- Up-to-date: /home/yadhu/ur3e/src/install/unity_ros_msgs/share/unity_ros_msgs/cmake/export_unity_ros_msgs__rosidl_generator_pyExport.cmake
-- Up-to-date: /home/yadhu/ur3e/src/install/unity_ros_msgs/share/unity_ros_msgs/cmake/export_unity_ros_msgs__rosidl_generator_pyExport-noconfig.cmake
-- Up-to-date: /home/yadhu/ur3e/src/install/unity_ros_msgs/share/unity_ros_msgs/cmake/rosidl_cmake-extras.cmake
-- Up-to-date: /home/yadhu/ur3e/src/install/unity_ros_msgs/share/unity_ros_msgs/cmake/ament_cmake_export_dependencies-extras.cmake
-- Up-to-date: /home/yadhu/ur3e/src/install/unity_ros_msgs/share/unity_ros_msgs/cmake/ament_cmake_export_include_directories-extras.cmake
-- Up-to-date: /home/yadhu/ur3e/src/install/unity_ros_msgs/share/unity_ros_msgs/cmake/ament_cmake_export_libraries-extras.cmake
-- Up-to-date: /home/yadhu/ur3e/src/install/unity_ros_msgs/share/unity_ros_msgs/cmake/ament_cmake_export_targets-extras.cmake
-- Up-to-date: /home/yadhu/ur3e/src/install/unity_ros_msgs/share/unity_ros_msgs/cmake/rosidl_cmake_export_typesupport_targets-extras.cmake
-- Up-to-date: /home/yadhu/ur3e/src/install/unity_ros_msgs/share/unity_ros_msgs/cmake/rosidl_cmake_export_typesupport_libraries-extras.cmake
-- Up-to-date: /home/yadhu/ur3e/src/install/unity_ros_msgs/share/unity_ros_msgs/cmake/unity_ros_msgsConfig.cmake
-- Up-to-date: /home/yadhu/ur3e/src/install/unity_ros_msgs/share/unity_ros_msgs/cmake/unity_ros_msgsConfig-version.cmake
-- Up-to-date: /home/yadhu/ur3e/src/install/unity_ros_msgs/share/unity_ros_msgs/package.xml
