[0.007s] Invoking command in '/home/yadhu/ur3e/build/ur3e_description': CMAKE_PREFIX_PATH=${CMAKE_PREFIX_PATH}:/opt/ros/humble /usr/bin/cmake --build /home/yadhu/ur3e/build/ur3e_description -- -j16 -l16
[0.034s] Invoked command in '/home/yadhu/ur3e/build/ur3e_description' returned '0': CMAKE_PREFIX_PATH=${CMAKE_PREFIX_PATH}:/opt/ros/humble /usr/bin/cmake --build /home/yadhu/ur3e/build/ur3e_description -- -j16 -l16
[0.067s] Invoking command in '/home/yadhu/ur3e/build/ur3e_description': CMAKE_PREFIX_PATH=${CMAKE_PREFIX_PATH}:/opt/ros/humble /usr/bin/cmake --install /home/yadhu/ur3e/build/ur3e_description
[0.074s] -- Install configuration: ""
[0.074s] -- Up-to-date: /home/yadhu/ur3e/install/ur3e_description/share/ur3e_description/urdf
[0.074s] -- Up-to-date: /home/yadhu/ur3e/install/ur3e_description/share/ur3e_description/urdf/ur.urdf.xacro
[0.074s] -- Installing: /home/yadhu/ur3e/install/ur3e_description/share/ur3e_description/urdf/ur3e.urdf.xacro
[0.074s] -- Up-to-date: /home/yadhu/ur3e/install/ur3e_description/share/ur3e_description/urdf/ur.ros2_controll.xacro
[0.074s] -- Up-to-date: /home/yadhu/ur3e/install/ur3e_description/share/ur3e_description/launch
[0.074s] -- Up-to-date: /home/yadhu/ur3e/install/ur3e_description/share/ur3e_description/launch/display.launch.py
[0.074s] -- Up-to-date: /home/yadhu/ur3e/install/ur3e_description/share/ur3e_description/rviz
[0.074s] -- Up-to-date: /home/yadhu/ur3e/install/ur3e_description/share/ament_index/resource_index/package_run_dependencies/ur3e_description
[0.074s] -- Up-to-date: /home/yadhu/ur3e/install/ur3e_description/share/ament_index/resource_index/parent_prefix_path/ur3e_description
[0.074s] -- Up-to-date: /home/yadhu/ur3e/install/ur3e_description/share/ur3e_description/environment/ament_prefix_path.sh
[0.074s] -- Up-to-date: /home/yadhu/ur3e/install/ur3e_description/share/ur3e_description/environment/ament_prefix_path.dsv
[0.074s] -- Up-to-date: /home/yadhu/ur3e/install/ur3e_description/share/ur3e_description/environment/path.sh
[0.075s] -- Up-to-date: /home/yadhu/ur3e/install/ur3e_description/share/ur3e_description/environment/path.dsv
[0.075s] -- Up-to-date: /home/yadhu/ur3e/install/ur3e_description/share/ur3e_description/local_setup.bash
[0.075s] -- Up-to-date: /home/yadhu/ur3e/install/ur3e_description/share/ur3e_description/local_setup.sh
[0.075s] -- Up-to-date: /home/yadhu/ur3e/install/ur3e_description/share/ur3e_description/local_setup.zsh
[0.075s] -- Up-to-date: /home/yadhu/ur3e/install/ur3e_description/share/ur3e_description/local_setup.dsv
[0.075s] -- Up-to-date: /home/yadhu/ur3e/install/ur3e_description/share/ur3e_description/package.dsv
[0.075s] -- Up-to-date: /home/yadhu/ur3e/install/ur3e_description/share/ament_index/resource_index/packages/ur3e_description
[0.075s] -- Up-to-date: /home/yadhu/ur3e/install/ur3e_description/share/ur3e_description/cmake/ur3e_descriptionConfig.cmake
[0.075s] -- Up-to-date: /home/yadhu/ur3e/install/ur3e_description/share/ur3e_description/cmake/ur3e_descriptionConfig-version.cmake
[0.075s] -- Up-to-date: /home/yadhu/ur3e/install/ur3e_description/share/ur3e_description/package.xml
[0.076s] Invoked command in '/home/yadhu/ur3e/build/ur3e_description' returned '0': CMAKE_PREFIX_PATH=${CMAKE_PREFIX_PATH}:/opt/ros/humble /usr/bin/cmake --install /home/yadhu/ur3e/build/ur3e_description
