[0.152s] Invoking command in '/home/yadhu/ur3e/build/ur_moveit_config': AMENT_PREFIX_PATH=/home/yadhu/ur3e/install/ur_gripper_gazebo:/home/yadhu/ur3e/install/ur_description:/home/yadhu/ur3e/install/robotiq_description:${AMENT_PREFIX_PATH} CMAKE_PREFIX_PATH=/home/yadhu/ur3e/install/ur_gripper_gazebo:/home/yadhu/ur3e/install/ur_description:/home/yadhu/ur3e/install/robotiq_description:/opt/ros/humble /usr/bin/cmake /home/yadhu/ur3e/src/ur_moveit_config -DCMAKE_INSTALL_PREFIX=/home/yadhu/ur3e/install/ur_moveit_config
[0.195s] -- The C compiler identification is GNU 11.4.0
[0.236s] -- The CXX compiler identification is GNU 11.4.0
[0.241s] -- Detecting C compiler ABI info
[0.295s] -- Detecting C compiler ABI info - done
[0.300s] -- Check for working C compiler: /usr/bin/cc - skipped
[0.300s] -- Detecting C compile features
[0.301s] -- Detecting C compile features - done
[0.303s] -- Detecting CXX compiler ABI info
[0.362s] -- Detecting CXX compiler ABI info - done
[0.367s] -- Check for working CXX compiler: /usr/bin/c++ - skipped
[0.367s] -- Detecting CXX compile features
[0.367s] -- Detecting CXX compile features - done
[0.370s] -- Found ament_cmake: 1.3.10 (/opt/ros/humble/share/ament_cmake/cmake)
[0.470s] -- Found Python3: /usr/bin/python3 (found version "3.10.12") found components: Interpreter 
[0.639s] -- Configuring done
[0.641s] -- Generating done
[0.641s] -- Build files have been written to: /home/yadhu/ur3e/build/ur_moveit_config
[0.645s] Invoked command in '/home/yadhu/ur3e/build/ur_moveit_config' returned '0': AMENT_PREFIX_PATH=/home/yadhu/ur3e/install/ur_gripper_gazebo:/home/yadhu/ur3e/install/ur_description:/home/yadhu/ur3e/install/robotiq_description:${AMENT_PREFIX_PATH} CMAKE_PREFIX_PATH=/home/yadhu/ur3e/install/ur_gripper_gazebo:/home/yadhu/ur3e/install/ur_description:/home/yadhu/ur3e/install/robotiq_description:/opt/ros/humble /usr/bin/cmake /home/yadhu/ur3e/src/ur_moveit_config -DCMAKE_INSTALL_PREFIX=/home/yadhu/ur3e/install/ur_moveit_config
[0.645s] Invoking command in '/home/yadhu/ur3e/build/ur_moveit_config': AMENT_PREFIX_PATH=/home/yadhu/ur3e/install/ur_gripper_gazebo:/home/yadhu/ur3e/install/ur_description:/home/yadhu/ur3e/install/robotiq_description:${AMENT_PREFIX_PATH} CMAKE_PREFIX_PATH=/home/yadhu/ur3e/install/ur_gripper_gazebo:/home/yadhu/ur3e/install/ur_description:/home/yadhu/ur3e/install/robotiq_description:/opt/ros/humble /usr/bin/cmake --build /home/yadhu/ur3e/build/ur_moveit_config -- -j16 -l16
[0.687s] Built target ament_cmake_python_copy_ur_moveit_config
[0.813s] running egg_info
[0.814s] creating ur_moveit_config.egg-info
[0.814s] writing ur_moveit_config.egg-info/PKG-INFO
[0.814s] writing dependency_links to ur_moveit_config.egg-info/dependency_links.txt
[0.814s] writing top-level names to ur_moveit_config.egg-info/top_level.txt
[0.814s] writing manifest file 'ur_moveit_config.egg-info/SOURCES.txt'
[0.815s] reading manifest file 'ur_moveit_config.egg-info/SOURCES.txt'
[0.816s] writing manifest file 'ur_moveit_config.egg-info/SOURCES.txt'
[0.837s] Built target ament_cmake_python_build_ur_moveit_config_egg
[0.847s] Invoked command in '/home/yadhu/ur3e/build/ur_moveit_config' returned '0': AMENT_PREFIX_PATH=/home/yadhu/ur3e/install/ur_gripper_gazebo:/home/yadhu/ur3e/install/ur_description:/home/yadhu/ur3e/install/robotiq_description:${AMENT_PREFIX_PATH} CMAKE_PREFIX_PATH=/home/yadhu/ur3e/install/ur_gripper_gazebo:/home/yadhu/ur3e/install/ur_description:/home/yadhu/ur3e/install/robotiq_description:/opt/ros/humble /usr/bin/cmake --build /home/yadhu/ur3e/build/ur_moveit_config -- -j16 -l16
[0.863s] Invoking command in '/home/yadhu/ur3e/build/ur_moveit_config': AMENT_PREFIX_PATH=/home/yadhu/ur3e/install/ur_gripper_gazebo:/home/yadhu/ur3e/install/ur_description:/home/yadhu/ur3e/install/robotiq_description:${AMENT_PREFIX_PATH} CMAKE_PREFIX_PATH=/home/yadhu/ur3e/install/ur_gripper_gazebo:/home/yadhu/ur3e/install/ur_description:/home/yadhu/ur3e/install/robotiq_description:/opt/ros/humble /usr/bin/cmake --install /home/yadhu/ur3e/build/ur_moveit_config
[0.867s] -- Install configuration: ""
[0.867s] -- Installing: /home/yadhu/ur3e/install/ur_moveit_config/share/ur_moveit_config/config
[0.867s] -- Installing: /home/yadhu/ur3e/install/ur_moveit_config/share/ur_moveit_config/config/controllers.yaml
[0.867s] -- Installing: /home/yadhu/ur3e/install/ur_moveit_config/share/ur_moveit_config/config/kinematics.yaml
[0.867s] -- Installing: /home/yadhu/ur3e/install/ur_moveit_config/share/ur_moveit_config/config/joint_limits.yaml
[0.868s] -- Installing: /home/yadhu/ur3e/install/ur_moveit_config/share/ur_moveit_config/config/ur3e
[0.868s] -- Installing: /home/yadhu/ur3e/install/ur_moveit_config/share/ur_moveit_config/config/ur3e/joint_limits.yaml
[0.868s] -- Installing: /home/yadhu/ur3e/install/ur_moveit_config/share/ur_moveit_config/config/ur3e/visual_parameters.yaml
[0.868s] -- Installing: /home/yadhu/ur3e/install/ur_moveit_config/share/ur_moveit_config/config/ur3e/physical_parameters.yaml
[0.868s] -- Installing: /home/yadhu/ur3e/install/ur_moveit_config/share/ur_moveit_config/config/ur3e/default_kinematics.yaml
[0.868s] -- Installing: /home/yadhu/ur3e/install/ur_moveit_config/share/ur_moveit_config/config/ur_servo.yaml
[0.868s] -- Installing: /home/yadhu/ur3e/install/ur_moveit_config/share/ur_moveit_config/config/ompl_planning.yaml
[0.868s] -- Installing: /home/yadhu/ur3e/install/ur_moveit_config/share/ur_moveit_config/launch
[0.868s] -- Installing: /home/yadhu/ur3e/install/ur_moveit_config/share/ur_moveit_config/launch/ur_moveit.launch.py
[0.868s] -- Installing: /home/yadhu/ur3e/install/ur_moveit_config/share/ur_moveit_config/rviz
[0.868s] -- Installing: /home/yadhu/ur3e/install/ur_moveit_config/share/ur_moveit_config/rviz/view_robot.rviz
[0.868s] -- Installing: /home/yadhu/ur3e/install/ur_moveit_config/share/ur_moveit_config/srdf
[0.869s] -- Installing: /home/yadhu/ur3e/install/ur_moveit_config/share/ur_moveit_config/srdf/ur_macro.srdf.xacro
[0.869s] -- Installing: /home/yadhu/ur3e/install/ur_moveit_config/share/ur_moveit_config/srdf/ur.srdf.xacro
[0.869s] -- Installing: /home/yadhu/ur3e/install/ur_moveit_config/share/ur_moveit_config/environment/pythonpath.sh
[0.869s] -- Installing: /home/yadhu/ur3e/install/ur_moveit_config/share/ur_moveit_config/environment/pythonpath.dsv
[0.869s] -- Installing: /home/yadhu/ur3e/install/ur_moveit_config/local/lib/python3.10/dist-packages/ur_moveit_config-2.2.16-py3.10.egg-info
[0.869s] -- Installing: /home/yadhu/ur3e/install/ur_moveit_config/local/lib/python3.10/dist-packages/ur_moveit_config-2.2.16-py3.10.egg-info/top_level.txt
[0.869s] -- Installing: /home/yadhu/ur3e/install/ur_moveit_config/local/lib/python3.10/dist-packages/ur_moveit_config-2.2.16-py3.10.egg-info/PKG-INFO
[0.869s] -- Installing: /home/yadhu/ur3e/install/ur_moveit_config/local/lib/python3.10/dist-packages/ur_moveit_config-2.2.16-py3.10.egg-info/dependency_links.txt
[0.869s] -- Installing: /home/yadhu/ur3e/install/ur_moveit_config/local/lib/python3.10/dist-packages/ur_moveit_config-2.2.16-py3.10.egg-info/SOURCES.txt
[0.869s] -- Installing: /home/yadhu/ur3e/install/ur_moveit_config/local/lib/python3.10/dist-packages/ur_moveit_config
[0.869s] -- Installing: /home/yadhu/ur3e/install/ur_moveit_config/local/lib/python3.10/dist-packages/ur_moveit_config/launch_common.py
[0.869s] -- Installing: /home/yadhu/ur3e/install/ur_moveit_config/local/lib/python3.10/dist-packages/ur_moveit_config/__init__.py
[0.891s] Listing '/home/yadhu/ur3e/install/ur_moveit_config/local/lib/python3.10/dist-packages/ur_moveit_config'...
[0.891s] Compiling '/home/yadhu/ur3e/install/ur_moveit_config/local/lib/python3.10/dist-packages/ur_moveit_config/__init__.py'...
[0.891s] Compiling '/home/yadhu/ur3e/install/ur_moveit_config/local/lib/python3.10/dist-packages/ur_moveit_config/launch_common.py'...
[0.893s] -- Installing: /home/yadhu/ur3e/install/ur_moveit_config/local/lib/python3.10/dist-packages/launch_common.py
[0.915s] Compiling '/home/yadhu/ur3e/install/ur_moveit_config/local/lib/python3.10/dist-packages/launch_common.py'...
[0.917s] -- Installing: /home/yadhu/ur3e/install/ur_moveit_config/share/ament_index/resource_index/package_run_dependencies/ur_moveit_config
[0.917s] -- Installing: /home/yadhu/ur3e/install/ur_moveit_config/share/ament_index/resource_index/parent_prefix_path/ur_moveit_config
[0.917s] -- Installing: /home/yadhu/ur3e/install/ur_moveit_config/share/ur_moveit_config/environment/ament_prefix_path.sh
[0.917s] -- Installing: /home/yadhu/ur3e/install/ur_moveit_config/share/ur_moveit_config/environment/ament_prefix_path.dsv
[0.918s] -- Installing: /home/yadhu/ur3e/install/ur_moveit_config/share/ur_moveit_config/environment/path.sh
[0.918s] -- Installing: /home/yadhu/ur3e/install/ur_moveit_config/share/ur_moveit_config/environment/path.dsv
[0.918s] -- Installing: /home/yadhu/ur3e/install/ur_moveit_config/share/ur_moveit_config/local_setup.bash
[0.918s] -- Installing: /home/yadhu/ur3e/install/ur_moveit_config/share/ur_moveit_config/local_setup.sh
[0.918s] -- Installing: /home/yadhu/ur3e/install/ur_moveit_config/share/ur_moveit_config/local_setup.zsh
[0.918s] -- Installing: /home/yadhu/ur3e/install/ur_moveit_config/share/ur_moveit_config/local_setup.dsv
[0.918s] -- Installing: /home/yadhu/ur3e/install/ur_moveit_config/share/ur_moveit_config/package.dsv
[0.918s] -- Installing: /home/yadhu/ur3e/install/ur_moveit_config/share/ament_index/resource_index/packages/ur_moveit_config
[0.918s] -- Installing: /home/yadhu/ur3e/install/ur_moveit_config/share/ur_moveit_config/cmake/ur_moveit_configConfig.cmake
[0.918s] -- Installing: /home/yadhu/ur3e/install/ur_moveit_config/share/ur_moveit_config/cmake/ur_moveit_configConfig-version.cmake
[0.918s] -- Installing: /home/yadhu/ur3e/install/ur_moveit_config/share/ur_moveit_config/package.xml
[0.920s] Invoked command in '/home/yadhu/ur3e/build/ur_moveit_config' returned '0': AMENT_PREFIX_PATH=/home/yadhu/ur3e/install/ur_gripper_gazebo:/home/yadhu/ur3e/install/ur_description:/home/yadhu/ur3e/install/robotiq_description:${AMENT_PREFIX_PATH} CMAKE_PREFIX_PATH=/home/yadhu/ur3e/install/ur_gripper_gazebo:/home/yadhu/ur3e/install/ur_description:/home/yadhu/ur3e/install/robotiq_description:/opt/ros/humble /usr/bin/cmake --install /home/yadhu/ur3e/build/ur_moveit_config
