-- The C compiler identification is GNU 11.4.0
-- The CXX compiler identification is GNU 11.4.0
-- Detecting C compiler ABI info
-- Detecting C compiler ABI info - done
-- Check for working C compiler: /usr/bin/cc - skipped
-- Detecting C compile features
-- Detecting C compile features - done
-- Detecting CXX compiler ABI info
-- Detecting CXX compiler ABI info - done
-- Check for working CXX compiler: /usr/bin/c++ - skipped
-- Detecting CXX compile features
-- Detecting CXX compile features - done
-- Found ament_cmake: 1.3.10 (/opt/ros/humble/share/ament_cmake/cmake)
-- Found Python3: /usr/bin/python3 (found version "3.10.12") found components: Interpreter 
-- Found ament_lint_auto: 0.12.11 (/opt/ros/humble/share/ament_lint_auto/cmake)
-- Added test 'lint_cmake' to check CMake code style
-- Added test 'xmllint' to check XML markup files
-- Configuring done
-- Generating done
-- Build files have been written to: /home/yadhu/ur3e/build/ur_moveit_config
-- Install configuration: ""
-- Installing: /home/yadhu/ur3e/install/ur_moveit_config/share/ament_index/resource_index/package_run_dependencies/ur_moveit_config
-- Installing: /home/yadhu/ur3e/install/ur_moveit_config/share/ament_index/resource_index/parent_prefix_path/ur_moveit_config
-- Installing: /home/yadhu/ur3e/install/ur_moveit_config/share/ur_moveit_config/environment/ament_prefix_path.sh
-- Installing: /home/yadhu/ur3e/install/ur_moveit_config/share/ur_moveit_config/environment/ament_prefix_path.dsv
-- Installing: /home/yadhu/ur3e/install/ur_moveit_config/share/ur_moveit_config/environment/path.sh
-- Installing: /home/yadhu/ur3e/install/ur_moveit_config/share/ur_moveit_config/environment/path.dsv
-- Installing: /home/yadhu/ur3e/install/ur_moveit_config/share/ur_moveit_config/local_setup.bash
-- Installing: /home/yadhu/ur3e/install/ur_moveit_config/share/ur_moveit_config/local_setup.sh
-- Installing: /home/yadhu/ur3e/install/ur_moveit_config/share/ur_moveit_config/local_setup.zsh
-- Installing: /home/yadhu/ur3e/install/ur_moveit_config/share/ur_moveit_config/local_setup.dsv
-- Installing: /home/yadhu/ur3e/install/ur_moveit_config/share/ur_moveit_config/package.dsv
-- Installing: /home/yadhu/ur3e/install/ur_moveit_config/share/ament_index/resource_index/packages/ur_moveit_config
-- Installing: /home/yadhu/ur3e/install/ur_moveit_config/share/ur_moveit_config/cmake/ur_moveit_configConfig.cmake
-- Installing: /home/yadhu/ur3e/install/ur_moveit_config/share/ur_moveit_config/cmake/ur_moveit_configConfig-version.cmake
-- Installing: /home/yadhu/ur3e/install/ur_moveit_config/share/ur_moveit_config/package.xml
