[0.007s] Invoking command in '/home/yadhu/ur3e/build/ur_moveit_config': CMAKE_PREFIX_PATH=${CMAKE_PREFIX_PATH}:/opt/ros/humble /usr/bin/cmake /home/yadhu/ur3e/src/ur_moveit_config -DCMAKE_INSTALL_PREFIX=/home/yadhu/ur3e/install/ur_moveit_config
[0.120s] -- The C compiler identification is GNU 11.4.0
[0.183s] -- The CXX compiler identification is GNU 11.4.0
[0.189s] -- Detecting C compiler ABI info
[0.240s] -- Detecting C compiler ABI info - done
[0.245s] -- Check for working C compiler: /usr/bin/cc - skipped
[0.246s] -- Detecting C compile features
[0.246s] -- Detecting C compile features - done
[0.249s] -- Detecting CXX compiler ABI info
[0.303s] -- Detecting CXX compiler ABI info - done
[0.310s] -- Check for working CXX compiler: /usr/bin/c++ - skipped
[0.310s] -- Detecting CXX compile features
[0.311s] -- Detecting CXX compile features - done
[0.313s] -- Found ament_cmake: 1.3.10 (/opt/ros/humble/share/ament_cmake/cmake)
[0.417s] -- Found Python3: /usr/bin/python3 (found version "3.10.12") found components: Interpreter 
[0.484s] -- Found ament_lint_auto: 0.12.11 (/opt/ros/humble/share/ament_lint_auto/cmake)
[0.544s] -- Added test 'lint_cmake' to check CMake code style
[0.545s] -- Added test 'xmllint' to check XML markup files
[0.546s] -- Configuring done
[0.548s] -- Generating done
[0.548s] -- Build files have been written to: /home/yadhu/ur3e/build/ur_moveit_config
[0.551s] Invoked command in '/home/yadhu/ur3e/build/ur_moveit_config' returned '0': CMAKE_PREFIX_PATH=${CMAKE_PREFIX_PATH}:/opt/ros/humble /usr/bin/cmake /home/yadhu/ur3e/src/ur_moveit_config -DCMAKE_INSTALL_PREFIX=/home/yadhu/ur3e/install/ur_moveit_config
[0.553s] Invoking command in '/home/yadhu/ur3e/build/ur_moveit_config': CMAKE_PREFIX_PATH=${CMAKE_PREFIX_PATH}:/opt/ros/humble /usr/bin/cmake --build /home/yadhu/ur3e/build/ur_moveit_config -- -j16 -l16
[0.584s] Invoked command in '/home/yadhu/ur3e/build/ur_moveit_config' returned '0': CMAKE_PREFIX_PATH=${CMAKE_PREFIX_PATH}:/opt/ros/humble /usr/bin/cmake --build /home/yadhu/ur3e/build/ur_moveit_config -- -j16 -l16
[0.612s] Invoking command in '/home/yadhu/ur3e/build/ur_moveit_config': CMAKE_PREFIX_PATH=${CMAKE_PREFIX_PATH}:/opt/ros/humble /usr/bin/cmake --install /home/yadhu/ur3e/build/ur_moveit_config
[0.619s] -- Install configuration: ""
[0.619s] -- Installing: /home/yadhu/ur3e/install/ur_moveit_config/share/ament_index/resource_index/package_run_dependencies/ur_moveit_config
[0.619s] -- Installing: /home/yadhu/ur3e/install/ur_moveit_config/share/ament_index/resource_index/parent_prefix_path/ur_moveit_config
[0.619s] -- Installing: /home/yadhu/ur3e/install/ur_moveit_config/share/ur_moveit_config/environment/ament_prefix_path.sh
[0.619s] -- Installing: /home/yadhu/ur3e/install/ur_moveit_config/share/ur_moveit_config/environment/ament_prefix_path.dsv
[0.619s] -- Installing: /home/yadhu/ur3e/install/ur_moveit_config/share/ur_moveit_config/environment/path.sh
[0.619s] -- Installing: /home/yadhu/ur3e/install/ur_moveit_config/share/ur_moveit_config/environment/path.dsv
[0.619s] -- Installing: /home/yadhu/ur3e/install/ur_moveit_config/share/ur_moveit_config/local_setup.bash
[0.619s] -- Installing: /home/yadhu/ur3e/install/ur_moveit_config/share/ur_moveit_config/local_setup.sh
[0.619s] -- Installing: /home/yadhu/ur3e/install/ur_moveit_config/share/ur_moveit_config/local_setup.zsh
[0.619s] -- Installing: /home/yadhu/ur3e/install/ur_moveit_config/share/ur_moveit_config/local_setup.dsv
[0.619s] -- Installing: /home/yadhu/ur3e/install/ur_moveit_config/share/ur_moveit_config/package.dsv
[0.619s] -- Installing: /home/yadhu/ur3e/install/ur_moveit_config/share/ament_index/resource_index/packages/ur_moveit_config
[0.619s] -- Installing: /home/yadhu/ur3e/install/ur_moveit_config/share/ur_moveit_config/cmake/ur_moveit_configConfig.cmake
[0.619s] -- Installing: /home/yadhu/ur3e/install/ur_moveit_config/share/ur_moveit_config/cmake/ur_moveit_configConfig-version.cmake
[0.620s] -- Installing: /home/yadhu/ur3e/install/ur_moveit_config/share/ur_moveit_config/package.xml
[0.622s] Invoked command in '/home/yadhu/ur3e/build/ur_moveit_config' returned '0': CMAKE_PREFIX_PATH=${CMAKE_PREFIX_PATH}:/opt/ros/humble /usr/bin/cmake --install /home/yadhu/ur3e/build/ur_moveit_config
