[0.101s] DEBUG:colcon:Command line arguments: ['/usr/bin/colcon', 'build']
[0.101s] DEBUG:colcon:Parsed command line arguments: Namespace(log_base=None, log_level=None, verb_name='build', build_base='build', install_base='install', merge_install=False, symlink_install=False, test_result_base=None, continue_on_error=False, executor='parallel', parallel_workers=16, event_handlers=None, ignore_user_meta=False, metas=['./colcon.meta'], base_paths=['.'], packages_ignore=None, packages_ignore_regex=None, paths=None, packages_up_to=None, packages_up_to_regex=None, packages_above=None, packages_above_and_dependencies=None, packages_above_depth=None, packages_select_by_dep=None, packages_skip_by_dep=None, packages_skip_up_to=None, packages_select_build_failed=False, packages_skip_build_finished=False, packages_select_test_failures=False, packages_skip_test_passed=False, packages_select=None, packages_skip=None, packages_select_regex=None, packages_skip_regex=None, packages_start=None, packages_end=None, cmake_args=None, cmake_target=None, cmake_target_skip_unavailable=False, cmake_clean_cache=False, cmake_clean_first=False, cmake_force_configure=False, ament_cmake_args=None, catkin_cmake_args=None, catkin_skip_building_tests=False, mixin_files=None, mixin=None, verb_parser=<colcon_mixin.mixin.mixin_argument.MixinArgumentDecorator object at 0x76609ba78af0>, verb_extension=<colcon_core.verb.build.BuildVerb object at 0x76609bbea860>, main=<bound method BuildVerb.main of <colcon_core.verb.build.BuildVerb object at 0x76609bbea860>>, mixin_verb=('build',))
[0.227s] Level 1:colcon.colcon_core.package_discovery:discover_packages(colcon_meta) check parameters
[0.227s] Level 1:colcon.colcon_core.package_discovery:discover_packages(recursive) check parameters
[0.227s] Level 1:colcon.colcon_core.package_discovery:discover_packages(ignore) check parameters
[0.227s] Level 1:colcon.colcon_core.package_discovery:discover_packages(path) check parameters
[0.227s] Level 1:colcon.colcon_core.package_discovery:discover_packages(colcon_meta) discover
[0.227s] Level 1:colcon.colcon_core.package_discovery:discover_packages(recursive) discover
[0.227s] INFO:colcon.colcon_core.package_discovery:Crawling recursively for packages in '/home/yadhu/ur3e'
[0.227s] Level 1:colcon.colcon_core.package_identification:_identify(.) by extensions ['ignore', 'ignore_ament_install']
[0.227s] Level 1:colcon.colcon_core.package_identification:_identify(.) by extension 'ignore'
[0.227s] Level 1:colcon.colcon_core.package_identification:_identify(.) by extension 'ignore_ament_install'
[0.227s] Level 1:colcon.colcon_core.package_identification:_identify(.) by extensions ['colcon_pkg']
[0.227s] Level 1:colcon.colcon_core.package_identification:_identify(.) by extension 'colcon_pkg'
[0.227s] Level 1:colcon.colcon_core.package_identification:_identify(.) by extensions ['colcon_meta']
[0.227s] Level 1:colcon.colcon_core.package_identification:_identify(.) by extension 'colcon_meta'
[0.227s] Level 1:colcon.colcon_core.package_identification:_identify(.) by extensions ['ros']
[0.227s] Level 1:colcon.colcon_core.package_identification:_identify(.) by extension 'ros'
[0.238s] Level 1:colcon.colcon_core.package_identification:_identify(.) by extensions ['cmake', 'python']
[0.239s] Level 1:colcon.colcon_core.package_identification:_identify(.) by extension 'cmake'
[0.239s] Level 1:colcon.colcon_core.package_identification:_identify(.) by extension 'python'
[0.239s] Level 1:colcon.colcon_core.package_identification:_identify(.) by extensions ['python_setup_py']
[0.239s] Level 1:colcon.colcon_core.package_identification:_identify(.) by extension 'python_setup_py'
[0.239s] Level 1:colcon.colcon_core.package_identification:_identify(build) by extensions ['ignore', 'ignore_ament_install']
[0.239s] Level 1:colcon.colcon_core.package_identification:_identify(build) by extension 'ignore'
[0.239s] Level 1:colcon.colcon_core.package_identification:_identify(build) ignored
[0.239s] Level 1:colcon.colcon_core.package_identification:_identify(install) by extensions ['ignore', 'ignore_ament_install']
[0.239s] Level 1:colcon.colcon_core.package_identification:_identify(install) by extension 'ignore'
[0.239s] Level 1:colcon.colcon_core.package_identification:_identify(install) ignored
[0.239s] Level 1:colcon.colcon_core.package_identification:_identify(log) by extensions ['ignore', 'ignore_ament_install']
[0.239s] Level 1:colcon.colcon_core.package_identification:_identify(log) by extension 'ignore'
[0.239s] Level 1:colcon.colcon_core.package_identification:_identify(log) ignored
[0.239s] Level 1:colcon.colcon_core.package_identification:_identify(src) by extensions ['ignore', 'ignore_ament_install']
[0.239s] Level 1:colcon.colcon_core.package_identification:_identify(src) by extension 'ignore'
[0.239s] Level 1:colcon.colcon_core.package_identification:_identify(src) by extension 'ignore_ament_install'
[0.239s] Level 1:colcon.colcon_core.package_identification:_identify(src) by extensions ['colcon_pkg']
[0.240s] Level 1:colcon.colcon_core.package_identification:_identify(src) by extension 'colcon_pkg'
[0.240s] Level 1:colcon.colcon_core.package_identification:_identify(src) by extensions ['colcon_meta']
[0.240s] Level 1:colcon.colcon_core.package_identification:_identify(src) by extension 'colcon_meta'
[0.240s] Level 1:colcon.colcon_core.package_identification:_identify(src) by extensions ['ros']
[0.240s] Level 1:colcon.colcon_core.package_identification:_identify(src) by extension 'ros'
[0.240s] Level 1:colcon.colcon_core.package_identification:_identify(src) by extensions ['cmake', 'python']
[0.240s] Level 1:colcon.colcon_core.package_identification:_identify(src) by extension 'cmake'
[0.240s] Level 1:colcon.colcon_core.package_identification:_identify(src) by extension 'python'
[0.240s] Level 1:colcon.colcon_core.package_identification:_identify(src) by extensions ['python_setup_py']
[0.240s] Level 1:colcon.colcon_core.package_identification:_identify(src) by extension 'python_setup_py'
[0.240s] Level 1:colcon.colcon_core.package_identification:_identify(src/ur_description) by extensions ['ignore', 'ignore_ament_install']
[0.240s] Level 1:colcon.colcon_core.package_identification:_identify(src/ur_description) by extension 'ignore'
[0.240s] Level 1:colcon.colcon_core.package_identification:_identify(src/ur_description) by extension 'ignore_ament_install'
[0.240s] Level 1:colcon.colcon_core.package_identification:_identify(src/ur_description) by extensions ['colcon_pkg']
[0.240s] Level 1:colcon.colcon_core.package_identification:_identify(src/ur_description) by extension 'colcon_pkg'
[0.240s] Level 1:colcon.colcon_core.package_identification:_identify(src/ur_description) by extensions ['colcon_meta']
[0.240s] Level 1:colcon.colcon_core.package_identification:_identify(src/ur_description) by extension 'colcon_meta'
[0.240s] Level 1:colcon.colcon_core.package_identification:_identify(src/ur_description) by extensions ['ros']
[0.240s] Level 1:colcon.colcon_core.package_identification:_identify(src/ur_description) by extension 'ros'
[0.245s] DEBUG:colcon.colcon_core.package_identification:Package 'src/ur_description' with type 'ros.ament_cmake' and name 'ur_description'
[0.245s] Level 1:colcon.colcon_core.package_identification:_identify(src/ur_moveit_config) by extensions ['ignore', 'ignore_ament_install']
[0.245s] Level 1:colcon.colcon_core.package_identification:_identify(src/ur_moveit_config) by extension 'ignore'
[0.245s] Level 1:colcon.colcon_core.package_identification:_identify(src/ur_moveit_config) by extension 'ignore_ament_install'
[0.245s] Level 1:colcon.colcon_core.package_identification:_identify(src/ur_moveit_config) by extensions ['colcon_pkg']
[0.245s] Level 1:colcon.colcon_core.package_identification:_identify(src/ur_moveit_config) by extension 'colcon_pkg'
[0.245s] Level 1:colcon.colcon_core.package_identification:_identify(src/ur_moveit_config) by extensions ['colcon_meta']
[0.245s] Level 1:colcon.colcon_core.package_identification:_identify(src/ur_moveit_config) by extension 'colcon_meta'
[0.246s] Level 1:colcon.colcon_core.package_identification:_identify(src/ur_moveit_config) by extensions ['ros']
[0.246s] Level 1:colcon.colcon_core.package_identification:_identify(src/ur_moveit_config) by extension 'ros'
[0.246s] DEBUG:colcon.colcon_core.package_identification:Package 'src/ur_moveit_config' with type 'ros.ament_cmake' and name 'ur_moveit_config'
[0.246s] Level 1:colcon.colcon_core.package_identification:_identify(src/ur_robot_driver) by extensions ['ignore', 'ignore_ament_install']
[0.246s] Level 1:colcon.colcon_core.package_identification:_identify(src/ur_robot_driver) by extension 'ignore'
[0.246s] Level 1:colcon.colcon_core.package_identification:_identify(src/ur_robot_driver) by extension 'ignore_ament_install'
[0.246s] Level 1:colcon.colcon_core.package_identification:_identify(src/ur_robot_driver) by extensions ['colcon_pkg']
[0.246s] Level 1:colcon.colcon_core.package_identification:_identify(src/ur_robot_driver) by extension 'colcon_pkg'
[0.246s] Level 1:colcon.colcon_core.package_identification:_identify(src/ur_robot_driver) by extensions ['colcon_meta']
[0.246s] Level 1:colcon.colcon_core.package_identification:_identify(src/ur_robot_driver) by extension 'colcon_meta'
[0.246s] Level 1:colcon.colcon_core.package_identification:_identify(src/ur_robot_driver) by extensions ['ros']
[0.246s] Level 1:colcon.colcon_core.package_identification:_identify(src/ur_robot_driver) by extension 'ros'
[0.248s] DEBUG:colcon.colcon_core.package_identification:Package 'src/ur_robot_driver' with type 'ros.ament_cmake' and name 'ur_robot_driver'
[0.248s] Level 1:colcon.colcon_core.package_discovery:discover_packages(recursive) using defaults
[0.248s] Level 1:colcon.colcon_core.package_discovery:discover_packages(ignore) discover
[0.248s] Level 1:colcon.colcon_core.package_discovery:discover_packages(ignore) using defaults
[0.248s] Level 1:colcon.colcon_core.package_discovery:discover_packages(path) discover
[0.248s] Level 1:colcon.colcon_core.package_discovery:discover_packages(path) using defaults
[0.268s] Level 5:colcon.colcon_core.verb:set package 'ur_description' build argument 'cmake_args' from command line to 'None'
[0.268s] Level 5:colcon.colcon_core.verb:set package 'ur_description' build argument 'cmake_target' from command line to 'None'
[0.268s] Level 5:colcon.colcon_core.verb:set package 'ur_description' build argument 'cmake_target_skip_unavailable' from command line to 'False'
[0.268s] Level 5:colcon.colcon_core.verb:set package 'ur_description' build argument 'cmake_clean_cache' from command line to 'False'
[0.268s] Level 5:colcon.colcon_core.verb:set package 'ur_description' build argument 'cmake_clean_first' from command line to 'False'
[0.268s] Level 5:colcon.colcon_core.verb:set package 'ur_description' build argument 'cmake_force_configure' from command line to 'False'
[0.268s] Level 5:colcon.colcon_core.verb:set package 'ur_description' build argument 'ament_cmake_args' from command line to 'None'
[0.268s] Level 5:colcon.colcon_core.verb:set package 'ur_description' build argument 'catkin_cmake_args' from command line to 'None'
[0.268s] Level 5:colcon.colcon_core.verb:set package 'ur_description' build argument 'catkin_skip_building_tests' from command line to 'False'
[0.268s] DEBUG:colcon.colcon_core.verb:Building package 'ur_description' with the following arguments: {'ament_cmake_args': None, 'build_base': '/home/yadhu/ur3e/build/ur_description', 'catkin_cmake_args': None, 'catkin_skip_building_tests': False, 'cmake_args': None, 'cmake_clean_cache': False, 'cmake_clean_first': False, 'cmake_force_configure': False, 'cmake_target': None, 'cmake_target_skip_unavailable': False, 'install_base': '/home/yadhu/ur3e/install/ur_description', 'merge_install': False, 'path': '/home/yadhu/ur3e/src/ur_description', 'symlink_install': False, 'test_result_base': None}
[0.268s] Level 5:colcon.colcon_core.verb:set package 'ur_moveit_config' build argument 'cmake_args' from command line to 'None'
[0.268s] Level 5:colcon.colcon_core.verb:set package 'ur_moveit_config' build argument 'cmake_target' from command line to 'None'
[0.268s] Level 5:colcon.colcon_core.verb:set package 'ur_moveit_config' build argument 'cmake_target_skip_unavailable' from command line to 'False'
[0.268s] Level 5:colcon.colcon_core.verb:set package 'ur_moveit_config' build argument 'cmake_clean_cache' from command line to 'False'
[0.268s] Level 5:colcon.colcon_core.verb:set package 'ur_moveit_config' build argument 'cmake_clean_first' from command line to 'False'
[0.268s] Level 5:colcon.colcon_core.verb:set package 'ur_moveit_config' build argument 'cmake_force_configure' from command line to 'False'
[0.268s] Level 5:colcon.colcon_core.verb:set package 'ur_moveit_config' build argument 'ament_cmake_args' from command line to 'None'
[0.268s] Level 5:colcon.colcon_core.verb:set package 'ur_moveit_config' build argument 'catkin_cmake_args' from command line to 'None'
[0.268s] Level 5:colcon.colcon_core.verb:set package 'ur_moveit_config' build argument 'catkin_skip_building_tests' from command line to 'False'
[0.268s] DEBUG:colcon.colcon_core.verb:Building package 'ur_moveit_config' with the following arguments: {'ament_cmake_args': None, 'build_base': '/home/yadhu/ur3e/build/ur_moveit_config', 'catkin_cmake_args': None, 'catkin_skip_building_tests': False, 'cmake_args': None, 'cmake_clean_cache': False, 'cmake_clean_first': False, 'cmake_force_configure': False, 'cmake_target': None, 'cmake_target_skip_unavailable': False, 'install_base': '/home/yadhu/ur3e/install/ur_moveit_config', 'merge_install': False, 'path': '/home/yadhu/ur3e/src/ur_moveit_config', 'symlink_install': False, 'test_result_base': None}
[0.269s] Level 5:colcon.colcon_core.verb:set package 'ur_robot_driver' build argument 'cmake_args' from command line to 'None'
[0.269s] Level 5:colcon.colcon_core.verb:set package 'ur_robot_driver' build argument 'cmake_target' from command line to 'None'
[0.269s] Level 5:colcon.colcon_core.verb:set package 'ur_robot_driver' build argument 'cmake_target_skip_unavailable' from command line to 'False'
[0.269s] Level 5:colcon.colcon_core.verb:set package 'ur_robot_driver' build argument 'cmake_clean_cache' from command line to 'False'
[0.269s] Level 5:colcon.colcon_core.verb:set package 'ur_robot_driver' build argument 'cmake_clean_first' from command line to 'False'
[0.269s] Level 5:colcon.colcon_core.verb:set package 'ur_robot_driver' build argument 'cmake_force_configure' from command line to 'False'
[0.269s] Level 5:colcon.colcon_core.verb:set package 'ur_robot_driver' build argument 'ament_cmake_args' from command line to 'None'
[0.269s] Level 5:colcon.colcon_core.verb:set package 'ur_robot_driver' build argument 'catkin_cmake_args' from command line to 'None'
[0.269s] Level 5:colcon.colcon_core.verb:set package 'ur_robot_driver' build argument 'catkin_skip_building_tests' from command line to 'False'
[0.269s] DEBUG:colcon.colcon_core.verb:Building package 'ur_robot_driver' with the following arguments: {'ament_cmake_args': None, 'build_base': '/home/yadhu/ur3e/build/ur_robot_driver', 'catkin_cmake_args': None, 'catkin_skip_building_tests': False, 'cmake_args': None, 'cmake_clean_cache': False, 'cmake_clean_first': False, 'cmake_force_configure': False, 'cmake_target': None, 'cmake_target_skip_unavailable': False, 'install_base': '/home/yadhu/ur3e/install/ur_robot_driver', 'merge_install': False, 'path': '/home/yadhu/ur3e/src/ur_robot_driver', 'symlink_install': False, 'test_result_base': None}
[0.269s] INFO:colcon.colcon_core.executor:Executing jobs using 'parallel' executor
[0.270s] DEBUG:colcon.colcon_parallel_executor.executor.parallel:run_until_complete
[0.271s] INFO:colcon.colcon_ros.task.ament_cmake.build:Building ROS package in '/home/yadhu/ur3e/src/ur_description' with build type 'ament_cmake'
[0.271s] INFO:colcon.colcon_cmake.task.cmake.build:Building CMake package in '/home/yadhu/ur3e/src/ur_description'
[0.273s] INFO:colcon.colcon_core.plugin_system:Skipping extension 'colcon_core.shell.bat': Not used on non-Windows systems
[0.273s] INFO:colcon.colcon_core.shell:Skip shell extension 'powershell' for command environment: Not usable outside of PowerShell
[0.273s] DEBUG:colcon.colcon_core.shell:Skip shell extension 'dsv' for command environment
[0.278s] INFO:colcon.colcon_ros.task.ament_cmake.build:Building ROS package in '/home/yadhu/ur3e/src/ur_moveit_config' with build type 'ament_cmake'
[0.278s] INFO:colcon.colcon_cmake.task.cmake.build:Building CMake package in '/home/yadhu/ur3e/src/ur_moveit_config'
[0.278s] INFO:colcon.colcon_core.shell:Skip shell extension 'powershell' for command environment: Not usable outside of PowerShell
[0.279s] DEBUG:colcon.colcon_core.shell:Skip shell extension 'dsv' for command environment
[0.289s] DEBUG:colcon.colcon_core.event_handler.log_command:Invoking command in '/home/yadhu/ur3e/build/ur_description': CMAKE_PREFIX_PATH=${CMAKE_PREFIX_PATH}:/opt/ros/humble /usr/bin/cmake --build /home/yadhu/ur3e/build/ur_description -- -j16 -l16
[0.294s] DEBUG:colcon.colcon_core.event_handler.log_command:Invoking command in '/home/yadhu/ur3e/build/ur_moveit_config': CMAKE_PREFIX_PATH=${CMAKE_PREFIX_PATH}:/opt/ros/humble /usr/bin/cmake --build /home/yadhu/ur3e/build/ur_moveit_config -- -j16 -l16
[0.333s] DEBUG:colcon.colcon_core.event_handler.log_command:Invoked command in '/home/yadhu/ur3e/build/ur_description' returned '0': CMAKE_PREFIX_PATH=${CMAKE_PREFIX_PATH}:/opt/ros/humble /usr/bin/cmake --build /home/yadhu/ur3e/build/ur_description -- -j16 -l16
[0.334s] DEBUG:colcon.colcon_core.event_handler.log_command:Invoked command in '/home/yadhu/ur3e/build/ur_moveit_config' returned '0': CMAKE_PREFIX_PATH=${CMAKE_PREFIX_PATH}:/opt/ros/humble /usr/bin/cmake --build /home/yadhu/ur3e/build/ur_moveit_config -- -j16 -l16
[0.365s] DEBUG:colcon.colcon_core.event_handler.log_command:Invoking command in '/home/yadhu/ur3e/build/ur_description': CMAKE_PREFIX_PATH=${CMAKE_PREFIX_PATH}:/opt/ros/humble /usr/bin/cmake --install /home/yadhu/ur3e/build/ur_description
[0.367s] DEBUG:colcon.colcon_core.event_handler.log_command:Invoking command in '/home/yadhu/ur3e/build/ur_moveit_config': CMAKE_PREFIX_PATH=${CMAKE_PREFIX_PATH}:/opt/ros/humble /usr/bin/cmake --install /home/yadhu/ur3e/build/ur_moveit_config
[0.378s] Level 1:colcon.colcon_core.environment:create_environment_scripts_only(ur_moveit_config)
[0.392s] DEBUG:colcon.colcon_core.event_handler.log_command:Invoked command in '/home/yadhu/ur3e/build/ur_moveit_config' returned '0': CMAKE_PREFIX_PATH=${CMAKE_PREFIX_PATH}:/opt/ros/humble /usr/bin/cmake --install /home/yadhu/ur3e/build/ur_moveit_config
[0.393s] Level 1:colcon.colcon_core.environment:checking '/home/yadhu/ur3e/install/ur_moveit_config' for CMake module files
[0.393s] Level 1:colcon.colcon_core.environment:checking '/home/yadhu/ur3e/install/ur_moveit_config' for CMake config files
[0.394s] Level 1:colcon.colcon_core.shell:create_environment_hook('ur_moveit_config', 'cmake_prefix_path')
[0.394s] INFO:colcon.colcon_core.shell:Creating environment hook '/home/yadhu/ur3e/install/ur_moveit_config/share/ur_moveit_config/hook/cmake_prefix_path.ps1'
[0.395s] INFO:colcon.colcon_core.shell:Creating environment descriptor '/home/yadhu/ur3e/install/ur_moveit_config/share/ur_moveit_config/hook/cmake_prefix_path.dsv'
[0.396s] INFO:colcon.colcon_core.shell:Creating environment hook '/home/yadhu/ur3e/install/ur_moveit_config/share/ur_moveit_config/hook/cmake_prefix_path.sh'
[0.397s] Level 1:colcon.colcon_core.environment:checking '/home/yadhu/ur3e/install/ur_moveit_config/bin'
[0.397s] Level 1:colcon.colcon_core.environment:checking '/home/yadhu/ur3e/install/ur_moveit_config/lib/pkgconfig/ur_moveit_config.pc'
[0.399s] Level 1:colcon.colcon_core.environment:checking '/home/yadhu/ur3e/install/ur_moveit_config/lib/python3.10/site-packages'
[0.399s] Level 1:colcon.colcon_core.environment:checking '/home/yadhu/ur3e/install/ur_moveit_config/bin'
[0.399s] INFO:colcon.colcon_core.shell:Creating package script '/home/yadhu/ur3e/install/ur_moveit_config/share/ur_moveit_config/package.ps1'
[0.400s] INFO:colcon.colcon_core.shell:Creating package descriptor '/home/yadhu/ur3e/install/ur_moveit_config/share/ur_moveit_config/package.dsv'
[0.400s] INFO:colcon.colcon_core.shell:Creating package script '/home/yadhu/ur3e/install/ur_moveit_config/share/ur_moveit_config/package.sh'
[0.401s] INFO:colcon.colcon_core.shell:Creating package script '/home/yadhu/ur3e/install/ur_moveit_config/share/ur_moveit_config/package.bash'
[0.402s] INFO:colcon.colcon_core.shell:Creating package script '/home/yadhu/ur3e/install/ur_moveit_config/share/ur_moveit_config/package.zsh'
[0.403s] Level 1:colcon.colcon_core.environment:create_file_with_runtime_dependencies(/home/yadhu/ur3e/install/ur_moveit_config/share/colcon-core/packages/ur_moveit_config)
[0.405s] Level 1:colcon.colcon_core.environment:create_environment_scripts_only(ur_description)
[0.405s] Level 1:colcon.colcon_core.environment:checking '/home/yadhu/ur3e/install/ur_description' for CMake module files
[0.406s] DEBUG:colcon.colcon_core.event_handler.log_command:Invoked command in '/home/yadhu/ur3e/build/ur_description' returned '0': CMAKE_PREFIX_PATH=${CMAKE_PREFIX_PATH}:/opt/ros/humble /usr/bin/cmake --install /home/yadhu/ur3e/build/ur_description
[0.406s] Level 1:colcon.colcon_core.environment:checking '/home/yadhu/ur3e/install/ur_description' for CMake config files
[0.407s] Level 1:colcon.colcon_core.shell:create_environment_hook('ur_description', 'cmake_prefix_path')
[0.407s] INFO:colcon.colcon_core.shell:Creating environment hook '/home/yadhu/ur3e/install/ur_description/share/ur_description/hook/cmake_prefix_path.ps1'
[0.407s] INFO:colcon.colcon_core.shell:Creating environment descriptor '/home/yadhu/ur3e/install/ur_description/share/ur_description/hook/cmake_prefix_path.dsv'
[0.407s] INFO:colcon.colcon_core.shell:Creating environment hook '/home/yadhu/ur3e/install/ur_description/share/ur_description/hook/cmake_prefix_path.sh'
[0.408s] Level 1:colcon.colcon_core.environment:checking '/home/yadhu/ur3e/install/ur_description/bin'
[0.408s] Level 1:colcon.colcon_core.environment:checking '/home/yadhu/ur3e/install/ur_description/lib/pkgconfig/ur_description.pc'
[0.408s] Level 1:colcon.colcon_core.environment:checking '/home/yadhu/ur3e/install/ur_description/lib/python3.10/site-packages'
[0.409s] Level 1:colcon.colcon_core.environment:checking '/home/yadhu/ur3e/install/ur_description/bin'
[0.409s] INFO:colcon.colcon_core.shell:Creating package script '/home/yadhu/ur3e/install/ur_description/share/ur_description/package.ps1'
[0.409s] INFO:colcon.colcon_core.shell:Creating package descriptor '/home/yadhu/ur3e/install/ur_description/share/ur_description/package.dsv'
[0.410s] INFO:colcon.colcon_core.shell:Creating package script '/home/yadhu/ur3e/install/ur_description/share/ur_description/package.sh'
[0.410s] INFO:colcon.colcon_core.shell:Creating package script '/home/yadhu/ur3e/install/ur_description/share/ur_description/package.bash'
[0.411s] INFO:colcon.colcon_core.shell:Creating package script '/home/yadhu/ur3e/install/ur_description/share/ur_description/package.zsh'
[0.411s] Level 1:colcon.colcon_core.environment:create_file_with_runtime_dependencies(/home/yadhu/ur3e/install/ur_description/share/colcon-core/packages/ur_description)
[0.426s] Level 1:colcon.colcon_core.environment:create_environment_scripts_only(ur_moveit_config)
[0.426s] Level 1:colcon.colcon_core.environment:checking '/home/yadhu/ur3e/install/ur_moveit_config' for CMake module files
[0.427s] Level 1:colcon.colcon_core.environment:checking '/home/yadhu/ur3e/install/ur_moveit_config' for CMake config files
[0.427s] Level 1:colcon.colcon_core.shell:create_environment_hook('ur_moveit_config', 'cmake_prefix_path')
[0.427s] INFO:colcon.colcon_core.shell:Creating environment hook '/home/yadhu/ur3e/install/ur_moveit_config/share/ur_moveit_config/hook/cmake_prefix_path.ps1'
[0.428s] INFO:colcon.colcon_core.shell:Creating environment descriptor '/home/yadhu/ur3e/install/ur_moveit_config/share/ur_moveit_config/hook/cmake_prefix_path.dsv'
[0.428s] INFO:colcon.colcon_core.shell:Creating environment hook '/home/yadhu/ur3e/install/ur_moveit_config/share/ur_moveit_config/hook/cmake_prefix_path.sh'
[0.429s] Level 1:colcon.colcon_core.environment:checking '/home/yadhu/ur3e/install/ur_moveit_config/bin'
[0.429s] Level 1:colcon.colcon_core.environment:checking '/home/yadhu/ur3e/install/ur_moveit_config/lib/pkgconfig/ur_moveit_config.pc'
[0.429s] Level 1:colcon.colcon_core.environment:checking '/home/yadhu/ur3e/install/ur_moveit_config/lib/python3.10/site-packages'
[0.429s] Level 1:colcon.colcon_core.environment:checking '/home/yadhu/ur3e/install/ur_moveit_config/bin'
[0.429s] INFO:colcon.colcon_core.shell:Creating package script '/home/yadhu/ur3e/install/ur_moveit_config/share/ur_moveit_config/package.ps1'
[0.430s] INFO:colcon.colcon_core.shell:Creating package descriptor '/home/yadhu/ur3e/install/ur_moveit_config/share/ur_moveit_config/package.dsv'
[0.430s] INFO:colcon.colcon_core.shell:Creating package script '/home/yadhu/ur3e/install/ur_moveit_config/share/ur_moveit_config/package.sh'
[0.431s] INFO:colcon.colcon_core.shell:Creating package script '/home/yadhu/ur3e/install/ur_moveit_config/share/ur_moveit_config/package.bash'
[0.431s] INFO:colcon.colcon_core.shell:Creating package script '/home/yadhu/ur3e/install/ur_moveit_config/share/ur_moveit_config/package.zsh'
[0.432s] Level 1:colcon.colcon_core.environment:create_file_with_runtime_dependencies(/home/yadhu/ur3e/install/ur_moveit_config/share/colcon-core/packages/ur_moveit_config)
[0.435s] Level 1:colcon.colcon_core.environment:create_environment_scripts_only(ur_description)
[0.436s] Level 1:colcon.colcon_core.environment:checking '/home/yadhu/ur3e/install/ur_description' for CMake module files
[0.436s] Level 1:colcon.colcon_core.environment:checking '/home/yadhu/ur3e/install/ur_description' for CMake config files
[0.437s] Level 1:colcon.colcon_core.shell:create_environment_hook('ur_description', 'cmake_prefix_path')
[0.437s] INFO:colcon.colcon_core.shell:Creating environment hook '/home/yadhu/ur3e/install/ur_description/share/ur_description/hook/cmake_prefix_path.ps1'
[0.437s] INFO:colcon.colcon_core.shell:Creating environment descriptor '/home/yadhu/ur3e/install/ur_description/share/ur_description/hook/cmake_prefix_path.dsv'
[0.438s] INFO:colcon.colcon_core.shell:Creating environment hook '/home/yadhu/ur3e/install/ur_description/share/ur_description/hook/cmake_prefix_path.sh'
[0.438s] Level 1:colcon.colcon_core.environment:checking '/home/yadhu/ur3e/install/ur_description/bin'
[0.438s] Level 1:colcon.colcon_core.environment:checking '/home/yadhu/ur3e/install/ur_description/lib/pkgconfig/ur_description.pc'
[0.439s] Level 1:colcon.colcon_core.environment:checking '/home/yadhu/ur3e/install/ur_description/lib/python3.10/site-packages'
[0.439s] Level 1:colcon.colcon_core.environment:checking '/home/yadhu/ur3e/install/ur_description/bin'
[0.439s] INFO:colcon.colcon_core.shell:Creating package script '/home/yadhu/ur3e/install/ur_description/share/ur_description/package.ps1'
[0.440s] INFO:colcon.colcon_core.shell:Creating package descriptor '/home/yadhu/ur3e/install/ur_description/share/ur_description/package.dsv'
[0.440s] INFO:colcon.colcon_core.shell:Creating package script '/home/yadhu/ur3e/install/ur_description/share/ur_description/package.sh'
[0.440s] INFO:colcon.colcon_core.shell:Creating package script '/home/yadhu/ur3e/install/ur_description/share/ur_description/package.bash'
[0.441s] INFO:colcon.colcon_core.shell:Creating package script '/home/yadhu/ur3e/install/ur_description/share/ur_description/package.zsh'
[0.441s] Level 1:colcon.colcon_core.environment:create_file_with_runtime_dependencies(/home/yadhu/ur3e/install/ur_description/share/colcon-core/packages/ur_description)
[0.441s] INFO:colcon.colcon_ros.task.ament_cmake.build:Building ROS package in '/home/yadhu/ur3e/src/ur_robot_driver' with build type 'ament_cmake'
[0.442s] INFO:colcon.colcon_cmake.task.cmake.build:Building CMake package in '/home/yadhu/ur3e/src/ur_robot_driver'
[0.442s] INFO:colcon.colcon_core.shell:Skip shell extension 'powershell' for command environment: Not usable outside of PowerShell
[0.442s] DEBUG:colcon.colcon_core.shell:Skip shell extension 'dsv' for command environment
[0.452s] DEBUG:colcon.colcon_core.event_handler.log_command:Invoking command in '/home/yadhu/ur3e/build/ur_robot_driver': CMAKE_PREFIX_PATH=/home/yadhu/ur3e/install/ur_description:/home/yadhu/ur3e/install/ur_robot_driver:/home/yadhu/ur3e/install/ur_moveit_config:/opt/ros/humble /usr/bin/cmake --build /home/yadhu/ur3e/build/ur_robot_driver -- -j16 -l16
[0.495s] DEBUG:colcon.colcon_core.event_handler.log_command:Invoked command in '/home/yadhu/ur3e/build/ur_robot_driver' returned '0': CMAKE_PREFIX_PATH=/home/yadhu/ur3e/install/ur_description:/home/yadhu/ur3e/install/ur_robot_driver:/home/yadhu/ur3e/install/ur_moveit_config:/opt/ros/humble /usr/bin/cmake --build /home/yadhu/ur3e/build/ur_robot_driver -- -j16 -l16
[0.518s] DEBUG:colcon.colcon_core.event_handler.log_command:Invoking command in '/home/yadhu/ur3e/build/ur_robot_driver': CMAKE_PREFIX_PATH=/home/yadhu/ur3e/install/ur_description:/home/yadhu/ur3e/install/ur_robot_driver:/home/yadhu/ur3e/install/ur_moveit_config:/opt/ros/humble /usr/bin/cmake --install /home/yadhu/ur3e/build/ur_robot_driver
[0.531s] Level 1:colcon.colcon_core.environment:create_environment_scripts_only(ur_robot_driver)
[0.531s] Level 1:colcon.colcon_core.environment:checking '/home/yadhu/ur3e/install/ur_robot_driver' for CMake module files
[0.532s] DEBUG:colcon.colcon_core.event_handler.log_command:Invoked command in '/home/yadhu/ur3e/build/ur_robot_driver' returned '0': CMAKE_PREFIX_PATH=/home/yadhu/ur3e/install/ur_description:/home/yadhu/ur3e/install/ur_robot_driver:/home/yadhu/ur3e/install/ur_moveit_config:/opt/ros/humble /usr/bin/cmake --install /home/yadhu/ur3e/build/ur_robot_driver
[0.532s] Level 1:colcon.colcon_core.environment:checking '/home/yadhu/ur3e/install/ur_robot_driver' for CMake config files
[0.532s] Level 1:colcon.colcon_core.shell:create_environment_hook('ur_robot_driver', 'cmake_prefix_path')
[0.533s] INFO:colcon.colcon_core.shell:Creating environment hook '/home/yadhu/ur3e/install/ur_robot_driver/share/ur_robot_driver/hook/cmake_prefix_path.ps1'
[0.533s] INFO:colcon.colcon_core.shell:Creating environment descriptor '/home/yadhu/ur3e/install/ur_robot_driver/share/ur_robot_driver/hook/cmake_prefix_path.dsv'
[0.534s] INFO:colcon.colcon_core.shell:Creating environment hook '/home/yadhu/ur3e/install/ur_robot_driver/share/ur_robot_driver/hook/cmake_prefix_path.sh'
[0.534s] Level 1:colcon.colcon_core.environment:checking '/home/yadhu/ur3e/install/ur_robot_driver/bin'
[0.534s] Level 1:colcon.colcon_core.environment:checking '/home/yadhu/ur3e/install/ur_robot_driver/lib/pkgconfig/ur_robot_driver.pc'
[0.535s] Level 1:colcon.colcon_core.environment:checking '/home/yadhu/ur3e/install/ur_robot_driver/lib/python3.10/site-packages'
[0.535s] Level 1:colcon.colcon_core.environment:checking '/home/yadhu/ur3e/install/ur_robot_driver/bin'
[0.535s] INFO:colcon.colcon_core.shell:Creating package script '/home/yadhu/ur3e/install/ur_robot_driver/share/ur_robot_driver/package.ps1'
[0.535s] INFO:colcon.colcon_core.shell:Creating package descriptor '/home/yadhu/ur3e/install/ur_robot_driver/share/ur_robot_driver/package.dsv'
[0.536s] INFO:colcon.colcon_core.shell:Creating package script '/home/yadhu/ur3e/install/ur_robot_driver/share/ur_robot_driver/package.sh'
[0.536s] INFO:colcon.colcon_core.shell:Creating package script '/home/yadhu/ur3e/install/ur_robot_driver/share/ur_robot_driver/package.bash'
[0.536s] INFO:colcon.colcon_core.shell:Creating package script '/home/yadhu/ur3e/install/ur_robot_driver/share/ur_robot_driver/package.zsh'
[0.537s] Level 1:colcon.colcon_core.environment:create_file_with_runtime_dependencies(/home/yadhu/ur3e/install/ur_robot_driver/share/colcon-core/packages/ur_robot_driver)
[0.561s] Level 1:colcon.colcon_core.environment:create_environment_scripts_only(ur_robot_driver)
[0.561s] Level 1:colcon.colcon_core.environment:checking '/home/yadhu/ur3e/install/ur_robot_driver' for CMake module files
[0.562s] Level 1:colcon.colcon_core.environment:checking '/home/yadhu/ur3e/install/ur_robot_driver' for CMake config files
[0.562s] Level 1:colcon.colcon_core.shell:create_environment_hook('ur_robot_driver', 'cmake_prefix_path')
[0.562s] INFO:colcon.colcon_core.shell:Creating environment hook '/home/yadhu/ur3e/install/ur_robot_driver/share/ur_robot_driver/hook/cmake_prefix_path.ps1'
[0.563s] INFO:colcon.colcon_core.shell:Creating environment descriptor '/home/yadhu/ur3e/install/ur_robot_driver/share/ur_robot_driver/hook/cmake_prefix_path.dsv'
[0.563s] INFO:colcon.colcon_core.shell:Creating environment hook '/home/yadhu/ur3e/install/ur_robot_driver/share/ur_robot_driver/hook/cmake_prefix_path.sh'
[0.564s] Level 1:colcon.colcon_core.environment:checking '/home/yadhu/ur3e/install/ur_robot_driver/bin'
[0.564s] Level 1:colcon.colcon_core.environment:checking '/home/yadhu/ur3e/install/ur_robot_driver/lib/pkgconfig/ur_robot_driver.pc'
[0.564s] Level 1:colcon.colcon_core.environment:checking '/home/yadhu/ur3e/install/ur_robot_driver/lib/python3.10/site-packages'
[0.564s] Level 1:colcon.colcon_core.environment:checking '/home/yadhu/ur3e/install/ur_robot_driver/bin'
[0.564s] INFO:colcon.colcon_core.shell:Creating package script '/home/yadhu/ur3e/install/ur_robot_driver/share/ur_robot_driver/package.ps1'
[0.565s] INFO:colcon.colcon_core.shell:Creating package descriptor '/home/yadhu/ur3e/install/ur_robot_driver/share/ur_robot_driver/package.dsv'
[0.565s] INFO:colcon.colcon_core.shell:Creating package script '/home/yadhu/ur3e/install/ur_robot_driver/share/ur_robot_driver/package.sh'
[0.565s] INFO:colcon.colcon_core.shell:Creating package script '/home/yadhu/ur3e/install/ur_robot_driver/share/ur_robot_driver/package.bash'
[0.565s] INFO:colcon.colcon_core.shell:Creating package script '/home/yadhu/ur3e/install/ur_robot_driver/share/ur_robot_driver/package.zsh'
[0.566s] Level 1:colcon.colcon_core.environment:create_file_with_runtime_dependencies(/home/yadhu/ur3e/install/ur_robot_driver/share/colcon-core/packages/ur_robot_driver)
[0.566s] DEBUG:colcon.colcon_parallel_executor.executor.parallel:closing loop
[0.566s] DEBUG:colcon.colcon_parallel_executor.executor.parallel:loop closed
[0.566s] DEBUG:colcon.colcon_parallel_executor.executor.parallel:run_until_complete finished with '0'
[0.566s] DEBUG:colcon.colcon_core.event_reactor:joining thread
[0.585s] INFO:colcon.colcon_core.plugin_system:Skipping extension 'colcon_notification.desktop_notification.notify_send': Could not find 'notify-send'
[0.585s] INFO:colcon.colcon_core.plugin_system:Skipping extension 'colcon_notification.desktop_notification.terminal_notifier': Not used on non-Darwin systems
[0.585s] INFO:colcon.colcon_core.plugin_system:Skipping extension 'colcon_notification.desktop_notification.win32': Not used on non-Windows systems
[0.585s] INFO:colcon.colcon_notification.desktop_notification:Sending desktop notification using 'notify2'
[0.588s] DEBUG:colcon.colcon_notification.desktop_notification.notify2:Failed to initialize notify2: org.freedesktop.DBus.Error.Spawn.ExecFailed: /usr/bin/dbus-launch terminated abnormally without any error message
[0.588s] DEBUG:colcon.colcon_core.event_reactor:joined thread
[0.589s] INFO:colcon.colcon_core.shell:Creating prefix script '/home/yadhu/ur3e/install/local_setup.ps1'
[0.590s] INFO:colcon.colcon_core.shell:Creating prefix util module '/home/yadhu/ur3e/install/_local_setup_util_ps1.py'
[0.592s] INFO:colcon.colcon_core.shell:Creating prefix chain script '/home/yadhu/ur3e/install/setup.ps1'
[0.593s] INFO:colcon.colcon_core.shell:Creating prefix script '/home/yadhu/ur3e/install/local_setup.sh'
[0.593s] INFO:colcon.colcon_core.shell:Creating prefix util module '/home/yadhu/ur3e/install/_local_setup_util_sh.py'
[0.594s] INFO:colcon.colcon_core.shell:Creating prefix chain script '/home/yadhu/ur3e/install/setup.sh'
[0.595s] INFO:colcon.colcon_core.shell:Creating prefix script '/home/yadhu/ur3e/install/local_setup.bash'
[0.595s] INFO:colcon.colcon_core.shell:Creating prefix chain script '/home/yadhu/ur3e/install/setup.bash'
[0.596s] INFO:colcon.colcon_core.shell:Creating prefix script '/home/yadhu/ur3e/install/local_setup.zsh'
[0.597s] INFO:colcon.colcon_core.shell:Creating prefix chain script '/home/yadhu/ur3e/install/setup.zsh'
