[0.010s] Invoking command in '/home/yadhu/ur3e/build/ur_description': CMAKE_PREFIX_PATH=${CMAKE_PREFIX_PATH}:/opt/ros/humble /usr/bin/cmake /home/yadhu/ur3e/src/ur_description -DCMAKE_INSTALL_PREFIX=/home/yadhu/ur3e/install/ur_description
[0.126s] -- The C compiler identification is GNU 11.4.0
[0.188s] -- The CXX compiler identification is GNU 11.4.0
[0.195s] -- Detecting C compiler ABI info
[0.248s] -- Detecting C compiler ABI info - done
[0.252s] -- Check for working C compiler: /usr/bin/cc - skipped
[0.252s] -- Detecting C compile features
[0.252s] -- Detecting C compile features - done
[0.254s] -- Detecting CXX compiler ABI info
[0.309s] -- Detecting CXX compiler ABI info - done
[0.315s] -- Check for working CXX compiler: /usr/bin/c++ - skipped
[0.315s] -- Detecting CXX compile features
[0.315s] -- Detecting CXX compile features - done
[0.319s] -- Found ament_cmake: 1.3.10 (/opt/ros/humble/share/ament_cmake/cmake)
[0.422s] -- Found Python3: /usr/bin/python3 (found version "3.10.12") found components: Interpreter 
[0.491s] -- Found controller_manager: 2.44.0 (/opt/ros/humble/share/controller_manager/cmake)
[0.533s] -- Found rosidl_generator_c: 3.1.5 (/opt/ros/humble/share/rosidl_generator_c/cmake)
[0.537s] -- Found rosidl_adapter: 3.1.5 (/opt/ros/humble/share/rosidl_adapter/cmake)
[0.545s] -- Found rosidl_generator_cpp: 3.1.5 (/opt/ros/humble/share/rosidl_generator_cpp/cmake)
[0.559s] -- Using all available rosidl_typesupport_c: rosidl_typesupport_fastrtps_c;rosidl_typesupport_introspection_c
[0.571s] -- Using all available rosidl_typesupport_cpp: rosidl_typesupport_fastrtps_cpp;rosidl_typesupport_introspection_cpp
[0.736s] -- Found rmw_implementation_cmake: 6.1.2 (/opt/ros/humble/share/rmw_implementation_cmake/cmake)
[0.739s] -- Found rmw_cyclonedds_cpp: 1.3.4 (/opt/ros/humble/share/rmw_cyclonedds_cpp/cmake)
[0.752s] -- Using RMW implementation 'rmw_cyclonedds_cpp' as default
[0.764s] -- Looking for pthread.h
[0.820s] -- Looking for pthread.h - found
[0.820s] -- Performing Test CMAKE_HAVE_LIBC_PTHREAD
[0.874s] -- Performing Test CMAKE_HAVE_LIBC_PTHREAD - Success
[0.875s] -- Found Threads: TRUE  
[0.934s] -- Found rclpy: 3.3.14 (/opt/ros/humble/share/rclpy/cmake)
[0.935s] -- Found tf2_geometry_msgs: 0.25.7 (/opt/ros/humble/share/tf2_geometry_msgs/cmake)
[0.948s] -- Found eigen3_cmake_module: 0.1.1 (/opt/ros/humble/share/eigen3_cmake_module/cmake)
[0.949s] -- Found Eigen3: TRUE (found version "3.4.0") 
[0.949s] -- Ensuring Eigen3 include directory is part of orocos-kdl CMake target
[0.986s] -- Found urdf: 2.6.1 (/opt/ros/humble/share/urdf/cmake)
[0.994s] -- Found ament_lint_auto: 0.12.11 (/opt/ros/humble/share/ament_lint_auto/cmake)
[1.052s] -- Added test 'flake8' to check Python code syntax and style conventions
[1.053s] -- Added test 'lint_cmake' to check CMake code style
[1.054s] -- Added test 'pep257' to check Python code against some of the docstring style conventions in PEP 257
[1.057s] -- Added test 'xmllint' to check XML markup files
[1.057s] -- Configuring done
[1.061s] -- Generating done
[1.062s] -- Build files have been written to: /home/yadhu/ur3e/build/ur_description
[1.067s] Invoked command in '/home/yadhu/ur3e/build/ur_description' returned '0': CMAKE_PREFIX_PATH=${CMAKE_PREFIX_PATH}:/opt/ros/humble /usr/bin/cmake /home/yadhu/ur3e/src/ur_description -DCMAKE_INSTALL_PREFIX=/home/yadhu/ur3e/install/ur_description
[1.068s] Invoking command in '/home/yadhu/ur3e/build/ur_description': CMAKE_PREFIX_PATH=${CMAKE_PREFIX_PATH}:/opt/ros/humble /usr/bin/cmake --build /home/yadhu/ur3e/build/ur_description -- -j16 -l16
[1.098s] Invoked command in '/home/yadhu/ur3e/build/ur_description' returned '0': CMAKE_PREFIX_PATH=${CMAKE_PREFIX_PATH}:/opt/ros/humble /usr/bin/cmake --build /home/yadhu/ur3e/build/ur_description -- -j16 -l16
[1.118s] Invoking command in '/home/yadhu/ur3e/build/ur_description': CMAKE_PREFIX_PATH=${CMAKE_PREFIX_PATH}:/opt/ros/humble /usr/bin/cmake --install /home/yadhu/ur3e/build/ur_description
[1.126s] -- Install configuration: ""
[1.126s] -- Installing: /home/yadhu/ur3e/install/ur_description/share/ur_description/urdf
[1.126s] -- Installing: /home/yadhu/ur3e/install/ur_description/share/ur_description/urdf/ur.ros2_control.xacro
[1.127s] -- Installing: /home/yadhu/ur3e/install/ur_description/share/ur_description/urdf/ur.urdf.xacro
[1.127s] -- Installing: /home/yadhu/ur3e/install/ur_description/share/ur_description/urdf/ur_macro.xacro
[1.127s] -- Installing: /home/yadhu/ur3e/install/ur_description/share/ur_description/urdf/inc
[1.127s] -- Installing: /home/yadhu/ur3e/install/ur_description/share/ur_description/urdf/inc/ur_common.xacro
[1.127s] -- Installing: /home/yadhu/ur3e/install/ur_description/share/ur_description/urdf/inc/ur_transmissions.xacro
[1.128s] -- Installing: /home/yadhu/ur3e/install/ur_description/share/ur_description/config
[1.128s] -- Installing: /home/yadhu/ur3e/install/ur_description/share/ur_description/config/ur3e
[1.128s] -- Installing: /home/yadhu/ur3e/install/ur_description/share/ur_description/config/ur3e/joint_limits.yaml
[1.129s] -- Installing: /home/yadhu/ur3e/install/ur_description/share/ur_description/config/ur3e/visual_parameters.yaml
[1.129s] -- Installing: /home/yadhu/ur3e/install/ur_description/share/ur_description/config/ur3e/physical_parameters.yaml
[1.129s] -- Installing: /home/yadhu/ur3e/install/ur_description/share/ur_description/config/ur3e/default_kinematics.yaml
[1.129s] -- Installing: /home/yadhu/ur3e/install/ur_description/share/ur_description/config/initial_positions.yaml
[1.129s] -- Installing: /home/yadhu/ur3e/install/ur_description/share/ur_description/launch
[1.129s] -- Installing: /home/yadhu/ur3e/install/ur_description/share/ur_description/launch/gazebo.launch.py
[1.129s] -- Installing: /home/yadhu/ur3e/install/ur_description/share/ur_description/launch/view_ur.launch.py
[1.129s] -- Installing: /home/yadhu/ur3e/install/ur_description/share/ur_description/meshes
[1.130s] -- Installing: /home/yadhu/ur3e/install/ur_description/share/ur_description/meshes/ur10e
[1.130s] -- Installing: /home/yadhu/ur3e/install/ur_description/share/ur_description/meshes/ur10e/collision
[1.130s] -- Installing: /home/yadhu/ur3e/install/ur_description/share/ur_description/meshes/ur10e/collision/wrist2.stl
[1.130s] -- Installing: /home/yadhu/ur3e/install/ur_description/share/ur_description/meshes/ur10e/collision/base.stl
[1.130s] -- Installing: /home/yadhu/ur3e/install/ur_description/share/ur_description/meshes/ur10e/collision/upperarm.stl
[1.131s] -- Installing: /home/yadhu/ur3e/install/ur_description/share/ur_description/meshes/ur10e/collision/forearm.stl
[1.132s] -- Installing: /home/yadhu/ur3e/install/ur_description/share/ur_description/meshes/ur10e/collision/wrist1.stl
[1.132s] -- Installing: /home/yadhu/ur3e/install/ur_description/share/ur_description/meshes/ur10e/collision/shoulder.stl
[1.133s] -- Installing: /home/yadhu/ur3e/install/ur_description/share/ur_description/meshes/ur10e/collision/wrist3.stl
[1.133s] -- Installing: /home/yadhu/ur3e/install/ur_description/share/ur_description/meshes/ur10e/visual
[1.133s] -- Installing: /home/yadhu/ur3e/install/ur_description/share/ur_description/meshes/ur10e/visual/wrist2.dae
[1.135s] -- Installing: /home/yadhu/ur3e/install/ur_description/share/ur_description/meshes/ur10e/visual/base.dae
[1.136s] -- Installing: /home/yadhu/ur3e/install/ur_description/share/ur_description/meshes/ur10e/visual/wrist3.dae
[1.137s] -- Installing: /home/yadhu/ur3e/install/ur_description/share/ur_description/meshes/ur10e/visual/upperarm.dae
[1.141s] -- Installing: /home/yadhu/ur3e/install/ur_description/share/ur_description/meshes/ur10e/visual/wrist1.dae
[1.143s] -- Installing: /home/yadhu/ur3e/install/ur_description/share/ur_description/meshes/ur10e/visual/forearm.dae
[1.145s] -- Installing: /home/yadhu/ur3e/install/ur_description/share/ur_description/meshes/ur10e/visual/shoulder.dae
[1.148s] -- Installing: /home/yadhu/ur3e/install/ur_description/share/ur_description/meshes/ur30
[1.148s] -- Installing: /home/yadhu/ur3e/install/ur_description/share/ur_description/meshes/ur30/LICENSE.txt
[1.148s] -- Installing: /home/yadhu/ur3e/install/ur_description/share/ur_description/meshes/ur30/collision
[1.148s] -- Installing: /home/yadhu/ur3e/install/ur_description/share/ur_description/meshes/ur30/collision/upperarm.stl
[1.149s] -- Installing: /home/yadhu/ur3e/install/ur_description/share/ur_description/meshes/ur30/collision/forearm.stl
[1.149s] -- Installing: /home/yadhu/ur3e/install/ur_description/share/ur_description/meshes/ur30/visual
[1.149s] -- Installing: /home/yadhu/ur3e/install/ur_description/share/ur_description/meshes/ur30/visual/UR30_DIFF_8bit_2K.png
[1.151s] -- Installing: /home/yadhu/ur3e/install/ur_description/share/ur_description/meshes/ur30/visual/upperarm.dae
[1.152s] -- Installing: /home/yadhu/ur3e/install/ur_description/share/ur_description/meshes/ur30/visual/forearm.dae
[1.153s] -- Installing: /home/yadhu/ur3e/install/ur_description/share/ur_description/meshes/ur5e
[1.153s] -- Installing: /home/yadhu/ur3e/install/ur_description/share/ur_description/meshes/ur5e/collision
[1.154s] -- Installing: /home/yadhu/ur3e/install/ur_description/share/ur_description/meshes/ur5e/collision/wrist2.stl
[1.154s] -- Installing: /home/yadhu/ur3e/install/ur_description/share/ur_description/meshes/ur5e/collision/base.stl
[1.154s] -- Installing: /home/yadhu/ur3e/install/ur_description/share/ur_description/meshes/ur5e/collision/upperarm.stl
[1.155s] -- Installing: /home/yadhu/ur3e/install/ur_description/share/ur_description/meshes/ur5e/collision/forearm.stl
[1.155s] -- Installing: /home/yadhu/ur3e/install/ur_description/share/ur_description/meshes/ur5e/collision/wrist1.stl
[1.155s] -- Installing: /home/yadhu/ur3e/install/ur_description/share/ur_description/meshes/ur5e/collision/shoulder.stl
[1.156s] -- Installing: /home/yadhu/ur3e/install/ur_description/share/ur_description/meshes/ur5e/collision/wrist3.stl
[1.156s] -- Installing: /home/yadhu/ur3e/install/ur_description/share/ur_description/meshes/ur5e/visual
[1.156s] -- Installing: /home/yadhu/ur3e/install/ur_description/share/ur_description/meshes/ur5e/visual/wrist2.dae
[1.158s] -- Installing: /home/yadhu/ur3e/install/ur_description/share/ur_description/meshes/ur5e/visual/base.dae
[1.159s] -- Installing: /home/yadhu/ur3e/install/ur_description/share/ur_description/meshes/ur5e/visual/wrist3.dae
[1.159s] -- Installing: /home/yadhu/ur3e/install/ur_description/share/ur_description/meshes/ur5e/visual/upperarm.dae
[1.162s] -- Installing: /home/yadhu/ur3e/install/ur_description/share/ur_description/meshes/ur5e/visual/wrist1.dae
[1.164s] -- Installing: /home/yadhu/ur3e/install/ur_description/share/ur_description/meshes/ur5e/visual/forearm.dae
[1.166s] -- Installing: /home/yadhu/ur3e/install/ur_description/share/ur_description/meshes/ur5e/visual/shoulder.dae
[1.168s] -- Installing: /home/yadhu/ur3e/install/ur_description/share/ur_description/meshes/ur5
[1.168s] -- Installing: /home/yadhu/ur3e/install/ur_description/share/ur_description/meshes/ur5/collision
[1.168s] -- Installing: /home/yadhu/ur3e/install/ur_description/share/ur_description/meshes/ur5/collision/wrist2.stl
[1.168s] -- Installing: /home/yadhu/ur3e/install/ur_description/share/ur_description/meshes/ur5/collision/base.stl
[1.168s] -- Installing: /home/yadhu/ur3e/install/ur_description/share/ur_description/meshes/ur5/collision/upperarm.stl
[1.169s] -- Installing: /home/yadhu/ur3e/install/ur_description/share/ur_description/meshes/ur5/collision/forearm.stl
[1.169s] -- Installing: /home/yadhu/ur3e/install/ur_description/share/ur_description/meshes/ur5/collision/wrist1.stl
[1.169s] -- Installing: /home/yadhu/ur3e/install/ur_description/share/ur_description/meshes/ur5/collision/shoulder.stl
[1.169s] -- Installing: /home/yadhu/ur3e/install/ur_description/share/ur_description/meshes/ur5/collision/wrist3.stl
[1.169s] -- Installing: /home/yadhu/ur3e/install/ur_description/share/ur_description/meshes/ur5/visual
[1.169s] -- Installing: /home/yadhu/ur3e/install/ur_description/share/ur_description/meshes/ur5/visual/wrist2.dae
[1.171s] -- Installing: /home/yadhu/ur3e/install/ur_description/share/ur_description/meshes/ur5/visual/base.dae
[1.172s] -- Installing: /home/yadhu/ur3e/install/ur_description/share/ur_description/meshes/ur5/visual/wrist3.dae
[1.172s] -- Installing: /home/yadhu/ur3e/install/ur_description/share/ur_description/meshes/ur5/visual/upperarm.dae
[1.174s] -- Installing: /home/yadhu/ur3e/install/ur_description/share/ur_description/meshes/ur5/visual/wrist1.dae
[1.176s] -- Installing: /home/yadhu/ur3e/install/ur_description/share/ur_description/meshes/ur5/visual/forearm.dae
[1.178s] -- Installing: /home/yadhu/ur3e/install/ur_description/share/ur_description/meshes/ur5/visual/shoulder.dae
[1.180s] -- Installing: /home/yadhu/ur3e/install/ur_description/share/ur_description/meshes/ur3e
[1.180s] -- Installing: /home/yadhu/ur3e/install/ur_description/share/ur_description/meshes/ur3e/collision
[1.180s] -- Installing: /home/yadhu/ur3e/install/ur_description/share/ur_description/meshes/ur3e/collision/wrist2.stl
[1.180s] -- Installing: /home/yadhu/ur3e/install/ur_description/share/ur_description/meshes/ur3e/collision/base.stl
[1.180s] -- Installing: /home/yadhu/ur3e/install/ur_description/share/ur_description/meshes/ur3e/collision/upperarm.stl
[1.180s] -- Installing: /home/yadhu/ur3e/install/ur_description/share/ur_description/meshes/ur3e/collision/forearm.stl
[1.180s] -- Installing: /home/yadhu/ur3e/install/ur_description/share/ur_description/meshes/ur3e/collision/wrist1.stl
[1.180s] -- Installing: /home/yadhu/ur3e/install/ur_description/share/ur_description/meshes/ur3e/collision/shoulder.stl
[1.180s] -- Installing: /home/yadhu/ur3e/install/ur_description/share/ur_description/meshes/ur3e/collision/wrist3.stl
[1.180s] -- Installing: /home/yadhu/ur3e/install/ur_description/share/ur_description/meshes/ur3e/visual
[1.180s] -- Installing: /home/yadhu/ur3e/install/ur_description/share/ur_description/meshes/ur3e/visual/wrist2.dae
[1.181s] -- Installing: /home/yadhu/ur3e/install/ur_description/share/ur_description/meshes/ur3e/visual/base.dae
[1.181s] -- Installing: /home/yadhu/ur3e/install/ur_description/share/ur_description/meshes/ur3e/visual/wrist3.dae
[1.181s] -- Installing: /home/yadhu/ur3e/install/ur_description/share/ur_description/meshes/ur3e/visual/upperarm.dae
[1.183s] -- Installing: /home/yadhu/ur3e/install/ur_description/share/ur_description/meshes/ur3e/visual/wrist1.dae
[1.184s] -- Installing: /home/yadhu/ur3e/install/ur_description/share/ur_description/meshes/ur3e/visual/forearm.dae
[1.184s] -- Installing: /home/yadhu/ur3e/install/ur_description/share/ur_description/meshes/ur3e/visual/shoulder.dae
[1.185s] -- Installing: /home/yadhu/ur3e/install/ur_description/share/ur_description/meshes/ur10
[1.185s] -- Installing: /home/yadhu/ur3e/install/ur_description/share/ur_description/meshes/ur10/collision
[1.185s] -- Installing: /home/yadhu/ur3e/install/ur_description/share/ur_description/meshes/ur10/collision/wrist2.stl
[1.186s] -- Installing: /home/yadhu/ur3e/install/ur_description/share/ur_description/meshes/ur10/collision/base.stl
[1.186s] -- Installing: /home/yadhu/ur3e/install/ur_description/share/ur_description/meshes/ur10/collision/upperarm.stl
[1.186s] -- Installing: /home/yadhu/ur3e/install/ur_description/share/ur_description/meshes/ur10/collision/forearm.stl
[1.186s] -- Installing: /home/yadhu/ur3e/install/ur_description/share/ur_description/meshes/ur10/collision/wrist1.stl
[1.187s] -- Installing: /home/yadhu/ur3e/install/ur_description/share/ur_description/meshes/ur10/collision/shoulder.stl
[1.187s] -- Installing: /home/yadhu/ur3e/install/ur_description/share/ur_description/meshes/ur10/collision/wrist3.stl
[1.187s] -- Installing: /home/yadhu/ur3e/install/ur_description/share/ur_description/meshes/ur10/visual
[1.187s] -- Installing: /home/yadhu/ur3e/install/ur_description/share/ur_description/meshes/ur10/visual/wrist2.dae
[1.190s] -- Installing: /home/yadhu/ur3e/install/ur_description/share/ur_description/meshes/ur10/visual/base.dae
[1.190s] -- Installing: /home/yadhu/ur3e/install/ur_description/share/ur_description/meshes/ur10/visual/wrist3.dae
[1.191s] -- Installing: /home/yadhu/ur3e/install/ur_description/share/ur_description/meshes/ur10/visual/upperarm.dae
[1.194s] -- Installing: /home/yadhu/ur3e/install/ur_description/share/ur_description/meshes/ur10/visual/wrist1.dae
[1.196s] -- Installing: /home/yadhu/ur3e/install/ur_description/share/ur_description/meshes/ur10/visual/forearm.dae
[1.199s] -- Installing: /home/yadhu/ur3e/install/ur_description/share/ur_description/meshes/ur10/visual/shoulder.dae
[1.200s] -- Installing: /home/yadhu/ur3e/install/ur_description/share/ur_description/meshes/ur20
[1.200s] -- Installing: /home/yadhu/ur3e/install/ur_description/share/ur_description/meshes/ur20/LICENSE.txt
[1.201s] -- Installing: /home/yadhu/ur3e/install/ur_description/share/ur_description/meshes/ur20/collision
[1.201s] -- Installing: /home/yadhu/ur3e/install/ur_description/share/ur_description/meshes/ur20/collision/wrist2.stl
[1.201s] -- Installing: /home/yadhu/ur3e/install/ur_description/share/ur_description/meshes/ur20/collision/base.stl
[1.201s] -- Installing: /home/yadhu/ur3e/install/ur_description/share/ur_description/meshes/ur20/collision/upperarm.stl
[1.202s] -- Installing: /home/yadhu/ur3e/install/ur_description/share/ur_description/meshes/ur20/collision/forearm.stl
[1.202s] -- Installing: /home/yadhu/ur3e/install/ur_description/share/ur_description/meshes/ur20/collision/wrist1.stl
[1.203s] -- Installing: /home/yadhu/ur3e/install/ur_description/share/ur_description/meshes/ur20/collision/shoulder.stl
[1.203s] -- Installing: /home/yadhu/ur3e/install/ur_description/share/ur_description/meshes/ur20/collision/wrist3.stl
[1.203s] -- Installing: /home/yadhu/ur3e/install/ur_description/share/ur_description/meshes/ur20/visual
[1.203s] -- Installing: /home/yadhu/ur3e/install/ur_description/share/ur_description/meshes/ur20/visual/wrist2.dae
[1.204s] -- Installing: /home/yadhu/ur3e/install/ur_description/share/ur_description/meshes/ur20/visual/base.dae
[1.205s] -- Installing: /home/yadhu/ur3e/install/ur_description/share/ur_description/meshes/ur20/visual/wrist3.dae
[1.206s] -- Installing: /home/yadhu/ur3e/install/ur_description/share/ur_description/meshes/ur20/visual/upperarm.dae
[1.207s] -- Installing: /home/yadhu/ur3e/install/ur_description/share/ur_description/meshes/ur20/visual/wrist1.dae
[1.208s] -- Installing: /home/yadhu/ur3e/install/ur_description/share/ur_description/meshes/ur20/visual/forearm.dae
[1.209s] -- Installing: /home/yadhu/ur3e/install/ur_description/share/ur_description/meshes/ur20/visual/UR20_DIFF_8bit_2K.png
[1.211s] -- Installing: /home/yadhu/ur3e/install/ur_description/share/ur_description/meshes/ur20/visual/shoulder.dae
[1.212s] -- Installing: /home/yadhu/ur3e/install/ur_description/share/ur_description/meshes/ur3
[1.212s] -- Installing: /home/yadhu/ur3e/install/ur_description/share/ur_description/meshes/ur3/collision
[1.212s] -- Installing: /home/yadhu/ur3e/install/ur_description/share/ur_description/meshes/ur3/collision/wrist2.stl
[1.212s] -- Installing: /home/yadhu/ur3e/install/ur_description/share/ur_description/meshes/ur3/collision/base.stl
[1.213s] -- Installing: /home/yadhu/ur3e/install/ur_description/share/ur_description/meshes/ur3/collision/upperarm.stl
[1.214s] -- Installing: /home/yadhu/ur3e/install/ur_description/share/ur_description/meshes/ur3/collision/forearm.stl
[1.215s] -- Installing: /home/yadhu/ur3e/install/ur_description/share/ur_description/meshes/ur3/collision/wrist1.stl
[1.216s] -- Installing: /home/yadhu/ur3e/install/ur_description/share/ur_description/meshes/ur3/collision/shoulder.stl
[1.216s] -- Installing: /home/yadhu/ur3e/install/ur_description/share/ur_description/meshes/ur3/collision/wrist3.stl
[1.217s] -- Installing: /home/yadhu/ur3e/install/ur_description/share/ur_description/meshes/ur3/visual
[1.217s] -- Installing: /home/yadhu/ur3e/install/ur_description/share/ur_description/meshes/ur3/visual/wrist2.dae
[1.218s] -- Installing: /home/yadhu/ur3e/install/ur_description/share/ur_description/meshes/ur3/visual/base.dae
[1.219s] -- Installing: /home/yadhu/ur3e/install/ur_description/share/ur_description/meshes/ur3/visual/wrist3.dae
[1.219s] -- Installing: /home/yadhu/ur3e/install/ur_description/share/ur_description/meshes/ur3/visual/upperarm.dae
[1.222s] -- Installing: /home/yadhu/ur3e/install/ur_description/share/ur_description/meshes/ur3/visual/wrist1.dae
[1.223s] -- Installing: /home/yadhu/ur3e/install/ur_description/share/ur_description/meshes/ur3/visual/forearm.dae
[1.225s] -- Installing: /home/yadhu/ur3e/install/ur_description/share/ur_description/meshes/ur3/visual/shoulder.dae
[1.227s] -- Installing: /home/yadhu/ur3e/install/ur_description/share/ur_description/meshes/ur16e
[1.227s] -- Installing: /home/yadhu/ur3e/install/ur_description/share/ur_description/meshes/ur16e/collision
[1.227s] -- Installing: /home/yadhu/ur3e/install/ur_description/share/ur_description/meshes/ur16e/collision/upperarm.stl
[1.228s] -- Installing: /home/yadhu/ur3e/install/ur_description/share/ur_description/meshes/ur16e/collision/forearm.stl
[1.228s] -- Installing: /home/yadhu/ur3e/install/ur_description/share/ur_description/meshes/ur16e/visual
[1.228s] -- Installing: /home/yadhu/ur3e/install/ur_description/share/ur_description/meshes/ur16e/visual/upperarm.dae
[1.231s] -- Installing: /home/yadhu/ur3e/install/ur_description/share/ur_description/meshes/ur16e/visual/forearm.dae
[1.233s] -- Installing: /home/yadhu/ur3e/install/ur_description/share/ur_description/rviz
[1.233s] -- Installing: /home/yadhu/ur3e/install/ur_description/share/ur_description/rviz/view_robot.rviz
[1.234s] -- Installing: /home/yadhu/ur3e/install/ur_description/share/ament_index/resource_index/package_run_dependencies/ur_description
[1.234s] -- Installing: /home/yadhu/ur3e/install/ur_description/share/ament_index/resource_index/parent_prefix_path/ur_description
[1.234s] -- Installing: /home/yadhu/ur3e/install/ur_description/share/ur_description/environment/ament_prefix_path.sh
[1.234s] -- Installing: /home/yadhu/ur3e/install/ur_description/share/ur_description/environment/ament_prefix_path.dsv
[1.234s] -- Installing: /home/yadhu/ur3e/install/ur_description/share/ur_description/environment/path.sh
[1.234s] -- Installing: /home/yadhu/ur3e/install/ur_description/share/ur_description/environment/path.dsv
[1.234s] -- Installing: /home/yadhu/ur3e/install/ur_description/share/ur_description/local_setup.bash
[1.234s] -- Installing: /home/yadhu/ur3e/install/ur_description/share/ur_description/local_setup.sh
[1.234s] -- Installing: /home/yadhu/ur3e/install/ur_description/share/ur_description/local_setup.zsh
[1.234s] -- Installing: /home/yadhu/ur3e/install/ur_description/share/ur_description/local_setup.dsv
[1.234s] -- Installing: /home/yadhu/ur3e/install/ur_description/share/ur_description/package.dsv
[1.234s] -- Installing: /home/yadhu/ur3e/install/ur_description/share/ament_index/resource_index/packages/ur_description
[1.234s] -- Installing: /home/yadhu/ur3e/install/ur_description/share/ur_description/cmake/ur_descriptionConfig.cmake
[1.234s] -- Installing: /home/yadhu/ur3e/install/ur_description/share/ur_description/cmake/ur_descriptionConfig-version.cmake
[1.234s] -- Installing: /home/yadhu/ur3e/install/ur_description/share/ur_description/package.xml
[1.236s] Invoked command in '/home/yadhu/ur3e/build/ur_description' returned '0': CMAKE_PREFIX_PATH=${CMAKE_PREFIX_PATH}:/opt/ros/humble /usr/bin/cmake --install /home/yadhu/ur3e/build/ur_description
