[0.054s] DEBUG:colcon:Command line arguments: ['/usr/bin/colcon', 'build']
[0.054s] DEBUG:colcon:Parsed command line arguments: Namespace(log_base=None, log_level=None, verb_name='build', build_base='build', install_base='install', merge_install=False, symlink_install=False, test_result_base=None, continue_on_error=False, executor='parallel', parallel_workers=16, event_handlers=None, ignore_user_meta=False, metas=['./colcon.meta'], base_paths=['.'], packages_ignore=None, packages_ignore_regex=None, paths=None, packages_up_to=None, packages_up_to_regex=None, packages_above=None, packages_above_and_dependencies=None, packages_above_depth=None, packages_select_by_dep=None, packages_skip_by_dep=None, packages_skip_up_to=None, packages_select_build_failed=False, packages_skip_build_finished=False, packages_select_test_failures=False, packages_skip_test_passed=False, packages_select=None, packages_skip=None, packages_select_regex=None, packages_skip_regex=None, packages_start=None, packages_end=None, cmake_args=None, cmake_target=None, cmake_target_skip_unavailable=False, cmake_clean_cache=False, cmake_clean_first=False, cmake_force_configure=False, ament_cmake_args=None, catkin_cmake_args=None, catkin_skip_building_tests=False, mixin_files=None, mixin=None, verb_parser=<colcon_mixin.mixin.mixin_argument.MixinArgumentDecorator object at 0x7a929f454b20>, verb_extension=<colcon_core.verb.build.BuildVerb object at 0x7a929f5c6890>, main=<bound method BuildVerb.main of <colcon_core.verb.build.BuildVerb object at 0x7a929f5c6890>>, mixin_verb=('build',))
[0.122s] Level 1:colcon.colcon_core.package_discovery:discover_packages(colcon_meta) check parameters
[0.122s] Level 1:colcon.colcon_core.package_discovery:discover_packages(recursive) check parameters
[0.122s] Level 1:colcon.colcon_core.package_discovery:discover_packages(ignore) check parameters
[0.122s] Level 1:colcon.colcon_core.package_discovery:discover_packages(path) check parameters
[0.122s] Level 1:colcon.colcon_core.package_discovery:discover_packages(colcon_meta) discover
[0.122s] Level 1:colcon.colcon_core.package_discovery:discover_packages(recursive) discover
[0.122s] INFO:colcon.colcon_core.package_discovery:Crawling recursively for packages in '/home/yadhu/ur3e'
[0.122s] Level 1:colcon.colcon_core.package_identification:_identify(.) by extensions ['ignore', 'ignore_ament_install']
[0.122s] Level 1:colcon.colcon_core.package_identification:_identify(.) by extension 'ignore'
[0.122s] Level 1:colcon.colcon_core.package_identification:_identify(.) by extension 'ignore_ament_install'
[0.122s] Level 1:colcon.colcon_core.package_identification:_identify(.) by extensions ['colcon_pkg']
[0.122s] Level 1:colcon.colcon_core.package_identification:_identify(.) by extension 'colcon_pkg'
[0.122s] Level 1:colcon.colcon_core.package_identification:_identify(.) by extensions ['colcon_meta']
[0.122s] Level 1:colcon.colcon_core.package_identification:_identify(.) by extension 'colcon_meta'
[0.122s] Level 1:colcon.colcon_core.package_identification:_identify(.) by extensions ['ros']
[0.122s] Level 1:colcon.colcon_core.package_identification:_identify(.) by extension 'ros'
[0.128s] Level 1:colcon.colcon_core.package_identification:_identify(.) by extensions ['cmake', 'python']
[0.128s] Level 1:colcon.colcon_core.package_identification:_identify(.) by extension 'cmake'
[0.128s] Level 1:colcon.colcon_core.package_identification:_identify(.) by extension 'python'
[0.128s] Level 1:colcon.colcon_core.package_identification:_identify(.) by extensions ['python_setup_py']
[0.128s] Level 1:colcon.colcon_core.package_identification:_identify(.) by extension 'python_setup_py'
[0.128s] Level 1:colcon.colcon_core.package_identification:_identify(build) by extensions ['ignore', 'ignore_ament_install']
[0.128s] Level 1:colcon.colcon_core.package_identification:_identify(build) by extension 'ignore'
[0.128s] Level 1:colcon.colcon_core.package_identification:_identify(build) ignored
[0.128s] Level 1:colcon.colcon_core.package_identification:_identify(install) by extensions ['ignore', 'ignore_ament_install']
[0.128s] Level 1:colcon.colcon_core.package_identification:_identify(install) by extension 'ignore'
[0.128s] Level 1:colcon.colcon_core.package_identification:_identify(install) ignored
[0.128s] Level 1:colcon.colcon_core.package_identification:_identify(log) by extensions ['ignore', 'ignore_ament_install']
[0.128s] Level 1:colcon.colcon_core.package_identification:_identify(log) by extension 'ignore'
[0.128s] Level 1:colcon.colcon_core.package_identification:_identify(log) ignored
[0.128s] Level 1:colcon.colcon_core.package_identification:_identify(src) by extensions ['ignore', 'ignore_ament_install']
[0.128s] Level 1:colcon.colcon_core.package_identification:_identify(src) by extension 'ignore'
[0.128s] Level 1:colcon.colcon_core.package_identification:_identify(src) by extension 'ignore_ament_install'
[0.128s] Level 1:colcon.colcon_core.package_identification:_identify(src) by extensions ['colcon_pkg']
[0.128s] Level 1:colcon.colcon_core.package_identification:_identify(src) by extension 'colcon_pkg'
[0.129s] Level 1:colcon.colcon_core.package_identification:_identify(src) by extensions ['colcon_meta']
[0.129s] Level 1:colcon.colcon_core.package_identification:_identify(src) by extension 'colcon_meta'
[0.129s] Level 1:colcon.colcon_core.package_identification:_identify(src) by extensions ['ros']
[0.129s] Level 1:colcon.colcon_core.package_identification:_identify(src) by extension 'ros'
[0.129s] Level 1:colcon.colcon_core.package_identification:_identify(src) by extensions ['cmake', 'python']
[0.129s] Level 1:colcon.colcon_core.package_identification:_identify(src) by extension 'cmake'
[0.129s] Level 1:colcon.colcon_core.package_identification:_identify(src) by extension 'python'
[0.129s] Level 1:colcon.colcon_core.package_identification:_identify(src) by extensions ['python_setup_py']
[0.129s] Level 1:colcon.colcon_core.package_identification:_identify(src) by extension 'python_setup_py'
[0.129s] Level 1:colcon.colcon_core.package_identification:_identify(src/pyfile) by extensions ['ignore', 'ignore_ament_install']
[0.129s] Level 1:colcon.colcon_core.package_identification:_identify(src/pyfile) by extension 'ignore'
[0.129s] Level 1:colcon.colcon_core.package_identification:_identify(src/pyfile) by extension 'ignore_ament_install'
[0.129s] Level 1:colcon.colcon_core.package_identification:_identify(src/pyfile) by extensions ['colcon_pkg']
[0.129s] Level 1:colcon.colcon_core.package_identification:_identify(src/pyfile) by extension 'colcon_pkg'
[0.129s] Level 1:colcon.colcon_core.package_identification:_identify(src/pyfile) by extensions ['colcon_meta']
[0.129s] Level 1:colcon.colcon_core.package_identification:_identify(src/pyfile) by extension 'colcon_meta'
[0.129s] Level 1:colcon.colcon_core.package_identification:_identify(src/pyfile) by extensions ['ros']
[0.129s] Level 1:colcon.colcon_core.package_identification:_identify(src/pyfile) by extension 'ros'
[0.131s] DEBUG:colcon.colcon_core.package_identification:Package 'src/pyfile' with type 'ros.ament_python' and name 'pyfile'
[0.131s] Level 1:colcon.colcon_core.package_identification:_identify(src/ur_description) by extensions ['ignore', 'ignore_ament_install']
[0.131s] Level 1:colcon.colcon_core.package_identification:_identify(src/ur_description) by extension 'ignore'
[0.131s] Level 1:colcon.colcon_core.package_identification:_identify(src/ur_description) by extension 'ignore_ament_install'
[0.131s] Level 1:colcon.colcon_core.package_identification:_identify(src/ur_description) by extensions ['colcon_pkg']
[0.131s] Level 1:colcon.colcon_core.package_identification:_identify(src/ur_description) by extension 'colcon_pkg'
[0.131s] Level 1:colcon.colcon_core.package_identification:_identify(src/ur_description) by extensions ['colcon_meta']
[0.131s] Level 1:colcon.colcon_core.package_identification:_identify(src/ur_description) by extension 'colcon_meta'
[0.131s] Level 1:colcon.colcon_core.package_identification:_identify(src/ur_description) by extensions ['ros']
[0.131s] Level 1:colcon.colcon_core.package_identification:_identify(src/ur_description) by extension 'ros'
[0.132s] DEBUG:colcon.colcon_core.package_identification:Package 'src/ur_description' with type 'ros.ament_cmake' and name 'ur_description'
[0.132s] Level 1:colcon.colcon_core.package_identification:_identify(src/ur_gripper_gazebo) by extensions ['ignore', 'ignore_ament_install']
[0.132s] Level 1:colcon.colcon_core.package_identification:_identify(src/ur_gripper_gazebo) by extension 'ignore'
[0.132s] Level 1:colcon.colcon_core.package_identification:_identify(src/ur_gripper_gazebo) by extension 'ignore_ament_install'
[0.132s] Level 1:colcon.colcon_core.package_identification:_identify(src/ur_gripper_gazebo) by extensions ['colcon_pkg']
[0.132s] Level 1:colcon.colcon_core.package_identification:_identify(src/ur_gripper_gazebo) by extension 'colcon_pkg'
[0.132s] Level 1:colcon.colcon_core.package_identification:_identify(src/ur_gripper_gazebo) by extensions ['colcon_meta']
[0.132s] Level 1:colcon.colcon_core.package_identification:_identify(src/ur_gripper_gazebo) by extension 'colcon_meta'
[0.132s] Level 1:colcon.colcon_core.package_identification:_identify(src/ur_gripper_gazebo) by extensions ['ros']
[0.132s] Level 1:colcon.colcon_core.package_identification:_identify(src/ur_gripper_gazebo) by extension 'ros'
[0.133s] DEBUG:colcon.colcon_core.package_identification:Package 'src/ur_gripper_gazebo' with type 'ros.ament_cmake' and name 'ur_gripper_gazebo'
[0.133s] Level 1:colcon.colcon_core.package_identification:_identify(src/ur_moveit_config) by extensions ['ignore', 'ignore_ament_install']
[0.133s] Level 1:colcon.colcon_core.package_identification:_identify(src/ur_moveit_config) by extension 'ignore'
[0.133s] Level 1:colcon.colcon_core.package_identification:_identify(src/ur_moveit_config) by extension 'ignore_ament_install'
[0.133s] Level 1:colcon.colcon_core.package_identification:_identify(src/ur_moveit_config) by extensions ['colcon_pkg']
[0.133s] Level 1:colcon.colcon_core.package_identification:_identify(src/ur_moveit_config) by extension 'colcon_pkg'
[0.133s] Level 1:colcon.colcon_core.package_identification:_identify(src/ur_moveit_config) by extensions ['colcon_meta']
[0.133s] Level 1:colcon.colcon_core.package_identification:_identify(src/ur_moveit_config) by extension 'colcon_meta'
[0.133s] Level 1:colcon.colcon_core.package_identification:_identify(src/ur_moveit_config) by extensions ['ros']
[0.133s] Level 1:colcon.colcon_core.package_identification:_identify(src/ur_moveit_config) by extension 'ros'
[0.133s] DEBUG:colcon.colcon_core.package_identification:Package 'src/ur_moveit_config' with type 'ros.ament_cmake' and name 'ur_moveit_config'
[0.133s] Level 1:colcon.colcon_core.package_identification:_identify(src/ur_robot_driver) by extensions ['ignore', 'ignore_ament_install']
[0.133s] Level 1:colcon.colcon_core.package_identification:_identify(src/ur_robot_driver) by extension 'ignore'
[0.133s] Level 1:colcon.colcon_core.package_identification:_identify(src/ur_robot_driver) by extension 'ignore_ament_install'
[0.133s] Level 1:colcon.colcon_core.package_identification:_identify(src/ur_robot_driver) by extensions ['colcon_pkg']
[0.133s] Level 1:colcon.colcon_core.package_identification:_identify(src/ur_robot_driver) by extension 'colcon_pkg'
[0.133s] Level 1:colcon.colcon_core.package_identification:_identify(src/ur_robot_driver) by extensions ['colcon_meta']
[0.133s] Level 1:colcon.colcon_core.package_identification:_identify(src/ur_robot_driver) by extension 'colcon_meta'
[0.133s] Level 1:colcon.colcon_core.package_identification:_identify(src/ur_robot_driver) by extensions ['ros']
[0.133s] Level 1:colcon.colcon_core.package_identification:_identify(src/ur_robot_driver) by extension 'ros'
[0.134s] DEBUG:colcon.colcon_core.package_identification:Package 'src/ur_robot_driver' with type 'ros.ament_cmake' and name 'ur_robot_driver'
[0.134s] Level 1:colcon.colcon_core.package_discovery:discover_packages(recursive) using defaults
[0.134s] Level 1:colcon.colcon_core.package_discovery:discover_packages(ignore) discover
[0.134s] Level 1:colcon.colcon_core.package_discovery:discover_packages(ignore) using defaults
[0.134s] Level 1:colcon.colcon_core.package_discovery:discover_packages(path) discover
[0.134s] Level 1:colcon.colcon_core.package_discovery:discover_packages(path) using defaults
[0.146s] Level 5:colcon.colcon_core.verb:set package 'ur_description' build argument 'cmake_args' from command line to 'None'
[0.146s] Level 5:colcon.colcon_core.verb:set package 'ur_description' build argument 'cmake_target' from command line to 'None'
[0.146s] Level 5:colcon.colcon_core.verb:set package 'ur_description' build argument 'cmake_target_skip_unavailable' from command line to 'False'
[0.146s] Level 5:colcon.colcon_core.verb:set package 'ur_description' build argument 'cmake_clean_cache' from command line to 'False'
[0.146s] Level 5:colcon.colcon_core.verb:set package 'ur_description' build argument 'cmake_clean_first' from command line to 'False'
[0.146s] Level 5:colcon.colcon_core.verb:set package 'ur_description' build argument 'cmake_force_configure' from command line to 'False'
[0.146s] Level 5:colcon.colcon_core.verb:set package 'ur_description' build argument 'ament_cmake_args' from command line to 'None'
[0.146s] Level 5:colcon.colcon_core.verb:set package 'ur_description' build argument 'catkin_cmake_args' from command line to 'None'
[0.146s] Level 5:colcon.colcon_core.verb:set package 'ur_description' build argument 'catkin_skip_building_tests' from command line to 'False'
[0.146s] DEBUG:colcon.colcon_core.verb:Building package 'ur_description' with the following arguments: {'ament_cmake_args': None, 'build_base': '/home/yadhu/ur3e/build/ur_description', 'catkin_cmake_args': None, 'catkin_skip_building_tests': False, 'cmake_args': None, 'cmake_clean_cache': False, 'cmake_clean_first': False, 'cmake_force_configure': False, 'cmake_target': None, 'cmake_target_skip_unavailable': False, 'install_base': '/home/yadhu/ur3e/install/ur_description', 'merge_install': False, 'path': '/home/yadhu/ur3e/src/ur_description', 'symlink_install': False, 'test_result_base': None}
[0.146s] Level 5:colcon.colcon_core.verb:set package 'ur_moveit_config' build argument 'cmake_args' from command line to 'None'
[0.146s] Level 5:colcon.colcon_core.verb:set package 'ur_moveit_config' build argument 'cmake_target' from command line to 'None'
[0.146s] Level 5:colcon.colcon_core.verb:set package 'ur_moveit_config' build argument 'cmake_target_skip_unavailable' from command line to 'False'
[0.146s] Level 5:colcon.colcon_core.verb:set package 'ur_moveit_config' build argument 'cmake_clean_cache' from command line to 'False'
[0.146s] Level 5:colcon.colcon_core.verb:set package 'ur_moveit_config' build argument 'cmake_clean_first' from command line to 'False'
[0.146s] Level 5:colcon.colcon_core.verb:set package 'ur_moveit_config' build argument 'cmake_force_configure' from command line to 'False'
[0.146s] Level 5:colcon.colcon_core.verb:set package 'ur_moveit_config' build argument 'ament_cmake_args' from command line to 'None'
[0.146s] Level 5:colcon.colcon_core.verb:set package 'ur_moveit_config' build argument 'catkin_cmake_args' from command line to 'None'
[0.146s] Level 5:colcon.colcon_core.verb:set package 'ur_moveit_config' build argument 'catkin_skip_building_tests' from command line to 'False'
[0.146s] DEBUG:colcon.colcon_core.verb:Building package 'ur_moveit_config' with the following arguments: {'ament_cmake_args': None, 'build_base': '/home/yadhu/ur3e/build/ur_moveit_config', 'catkin_cmake_args': None, 'catkin_skip_building_tests': False, 'cmake_args': None, 'cmake_clean_cache': False, 'cmake_clean_first': False, 'cmake_force_configure': False, 'cmake_target': None, 'cmake_target_skip_unavailable': False, 'install_base': '/home/yadhu/ur3e/install/ur_moveit_config', 'merge_install': False, 'path': '/home/yadhu/ur3e/src/ur_moveit_config', 'symlink_install': False, 'test_result_base': None}
[0.146s] Level 5:colcon.colcon_core.verb:set package 'ur_gripper_gazebo' build argument 'cmake_args' from command line to 'None'
[0.146s] Level 5:colcon.colcon_core.verb:set package 'ur_gripper_gazebo' build argument 'cmake_target' from command line to 'None'
[0.146s] Level 5:colcon.colcon_core.verb:set package 'ur_gripper_gazebo' build argument 'cmake_target_skip_unavailable' from command line to 'False'
[0.146s] Level 5:colcon.colcon_core.verb:set package 'ur_gripper_gazebo' build argument 'cmake_clean_cache' from command line to 'False'
[0.146s] Level 5:colcon.colcon_core.verb:set package 'ur_gripper_gazebo' build argument 'cmake_clean_first' from command line to 'False'
[0.146s] Level 5:colcon.colcon_core.verb:set package 'ur_gripper_gazebo' build argument 'cmake_force_configure' from command line to 'False'
[0.146s] Level 5:colcon.colcon_core.verb:set package 'ur_gripper_gazebo' build argument 'ament_cmake_args' from command line to 'None'
[0.146s] Level 5:colcon.colcon_core.verb:set package 'ur_gripper_gazebo' build argument 'catkin_cmake_args' from command line to 'None'
[0.146s] Level 5:colcon.colcon_core.verb:set package 'ur_gripper_gazebo' build argument 'catkin_skip_building_tests' from command line to 'False'
[0.146s] DEBUG:colcon.colcon_core.verb:Building package 'ur_gripper_gazebo' with the following arguments: {'ament_cmake_args': None, 'build_base': '/home/yadhu/ur3e/build/ur_gripper_gazebo', 'catkin_cmake_args': None, 'catkin_skip_building_tests': False, 'cmake_args': None, 'cmake_clean_cache': False, 'cmake_clean_first': False, 'cmake_force_configure': False, 'cmake_target': None, 'cmake_target_skip_unavailable': False, 'install_base': '/home/yadhu/ur3e/install/ur_gripper_gazebo', 'merge_install': False, 'path': '/home/yadhu/ur3e/src/ur_gripper_gazebo', 'symlink_install': False, 'test_result_base': None}
[0.147s] Level 5:colcon.colcon_core.verb:set package 'ur_robot_driver' build argument 'cmake_args' from command line to 'None'
[0.147s] Level 5:colcon.colcon_core.verb:set package 'ur_robot_driver' build argument 'cmake_target' from command line to 'None'
[0.147s] Level 5:colcon.colcon_core.verb:set package 'ur_robot_driver' build argument 'cmake_target_skip_unavailable' from command line to 'False'
[0.147s] Level 5:colcon.colcon_core.verb:set package 'ur_robot_driver' build argument 'cmake_clean_cache' from command line to 'False'
[0.147s] Level 5:colcon.colcon_core.verb:set package 'ur_robot_driver' build argument 'cmake_clean_first' from command line to 'False'
[0.147s] Level 5:colcon.colcon_core.verb:set package 'ur_robot_driver' build argument 'cmake_force_configure' from command line to 'False'
[0.147s] Level 5:colcon.colcon_core.verb:set package 'ur_robot_driver' build argument 'ament_cmake_args' from command line to 'None'
[0.147s] Level 5:colcon.colcon_core.verb:set package 'ur_robot_driver' build argument 'catkin_cmake_args' from command line to 'None'
[0.147s] Level 5:colcon.colcon_core.verb:set package 'ur_robot_driver' build argument 'catkin_skip_building_tests' from command line to 'False'
[0.147s] DEBUG:colcon.colcon_core.verb:Building package 'ur_robot_driver' with the following arguments: {'ament_cmake_args': None, 'build_base': '/home/yadhu/ur3e/build/ur_robot_driver', 'catkin_cmake_args': None, 'catkin_skip_building_tests': False, 'cmake_args': None, 'cmake_clean_cache': False, 'cmake_clean_first': False, 'cmake_force_configure': False, 'cmake_target': None, 'cmake_target_skip_unavailable': False, 'install_base': '/home/yadhu/ur3e/install/ur_robot_driver', 'merge_install': False, 'path': '/home/yadhu/ur3e/src/ur_robot_driver', 'symlink_install': False, 'test_result_base': None}
[0.147s] Level 5:colcon.colcon_core.verb:set package 'pyfile' build argument 'cmake_args' from command line to 'None'
[0.147s] Level 5:colcon.colcon_core.verb:set package 'pyfile' build argument 'cmake_target' from command line to 'None'
[0.147s] Level 5:colcon.colcon_core.verb:set package 'pyfile' build argument 'cmake_target_skip_unavailable' from command line to 'False'
[0.147s] Level 5:colcon.colcon_core.verb:set package 'pyfile' build argument 'cmake_clean_cache' from command line to 'False'
[0.147s] Level 5:colcon.colcon_core.verb:set package 'pyfile' build argument 'cmake_clean_first' from command line to 'False'
[0.147s] Level 5:colcon.colcon_core.verb:set package 'pyfile' build argument 'cmake_force_configure' from command line to 'False'
[0.147s] Level 5:colcon.colcon_core.verb:set package 'pyfile' build argument 'ament_cmake_args' from command line to 'None'
[0.147s] Level 5:colcon.colcon_core.verb:set package 'pyfile' build argument 'catkin_cmake_args' from command line to 'None'
[0.147s] Level 5:colcon.colcon_core.verb:set package 'pyfile' build argument 'catkin_skip_building_tests' from command line to 'False'
[0.147s] DEBUG:colcon.colcon_core.verb:Building package 'pyfile' with the following arguments: {'ament_cmake_args': None, 'build_base': '/home/yadhu/ur3e/build/pyfile', 'catkin_cmake_args': None, 'catkin_skip_building_tests': False, 'cmake_args': None, 'cmake_clean_cache': False, 'cmake_clean_first': False, 'cmake_force_configure': False, 'cmake_target': None, 'cmake_target_skip_unavailable': False, 'install_base': '/home/yadhu/ur3e/install/pyfile', 'merge_install': False, 'path': '/home/yadhu/ur3e/src/pyfile', 'symlink_install': False, 'test_result_base': None}
[0.147s] INFO:colcon.colcon_core.executor:Executing jobs using 'parallel' executor
[0.148s] DEBUG:colcon.colcon_parallel_executor.executor.parallel:run_until_complete
[0.148s] INFO:colcon.colcon_ros.task.ament_cmake.build:Building ROS package in '/home/yadhu/ur3e/src/ur_description' with build type 'ament_cmake'
[0.148s] INFO:colcon.colcon_cmake.task.cmake.build:Building CMake package in '/home/yadhu/ur3e/src/ur_description'
[0.149s] INFO:colcon.colcon_core.plugin_system:Skipping extension 'colcon_core.shell.bat': Not used on non-Windows systems
[0.149s] INFO:colcon.colcon_core.shell:Skip shell extension 'powershell' for command environment: Not usable outside of PowerShell
[0.149s] DEBUG:colcon.colcon_core.shell:Skip shell extension 'dsv' for command environment
[0.153s] INFO:colcon.colcon_ros.task.ament_cmake.build:Building ROS package in '/home/yadhu/ur3e/src/ur_moveit_config' with build type 'ament_cmake'
[0.153s] INFO:colcon.colcon_cmake.task.cmake.build:Building CMake package in '/home/yadhu/ur3e/src/ur_moveit_config'
[0.153s] INFO:colcon.colcon_core.shell:Skip shell extension 'powershell' for command environment: Not usable outside of PowerShell
[0.153s] DEBUG:colcon.colcon_core.shell:Skip shell extension 'dsv' for command environment
[0.160s] DEBUG:colcon.colcon_core.event_handler.log_command:Invoking command in '/home/yadhu/ur3e/build/ur_description': CMAKE_PREFIX_PATH=${CMAKE_PREFIX_PATH}:/opt/ros/humble /usr/bin/cmake --build /home/yadhu/ur3e/build/ur_description -- -j16 -l16
[0.162s] DEBUG:colcon.colcon_core.event_handler.log_command:Invoking command in '/home/yadhu/ur3e/build/ur_moveit_config': CMAKE_PREFIX_PATH=${CMAKE_PREFIX_PATH}:/opt/ros/humble /usr/bin/cmake --build /home/yadhu/ur3e/build/ur_moveit_config -- -j16 -l16
[0.193s] DEBUG:colcon.colcon_core.event_handler.log_command:Invoked command in '/home/yadhu/ur3e/build/ur_moveit_config' returned '0': CMAKE_PREFIX_PATH=${CMAKE_PREFIX_PATH}:/opt/ros/humble /usr/bin/cmake --build /home/yadhu/ur3e/build/ur_moveit_config -- -j16 -l16
[0.195s] DEBUG:colcon.colcon_core.event_handler.log_command:Invoked command in '/home/yadhu/ur3e/build/ur_description' returned '0': CMAKE_PREFIX_PATH=${CMAKE_PREFIX_PATH}:/opt/ros/humble /usr/bin/cmake --build /home/yadhu/ur3e/build/ur_description -- -j16 -l16
[0.217s] DEBUG:colcon.colcon_core.event_handler.log_command:Invoking command in '/home/yadhu/ur3e/build/ur_moveit_config': CMAKE_PREFIX_PATH=${CMAKE_PREFIX_PATH}:/opt/ros/humble /usr/bin/cmake --install /home/yadhu/ur3e/build/ur_moveit_config
[0.219s] DEBUG:colcon.colcon_core.event_handler.log_command:Invoking command in '/home/yadhu/ur3e/build/ur_description': CMAKE_PREFIX_PATH=${CMAKE_PREFIX_PATH}:/opt/ros/humble /usr/bin/cmake --install /home/yadhu/ur3e/build/ur_description
[0.227s] Level 1:colcon.colcon_core.environment:create_environment_scripts_only(ur_moveit_config)
[0.232s] DEBUG:colcon.colcon_core.event_handler.log_command:Invoked command in '/home/yadhu/ur3e/build/ur_moveit_config' returned '0': CMAKE_PREFIX_PATH=${CMAKE_PREFIX_PATH}:/opt/ros/humble /usr/bin/cmake --install /home/yadhu/ur3e/build/ur_moveit_config
[0.233s] Level 1:colcon.colcon_core.environment:checking '/home/yadhu/ur3e/install/ur_moveit_config' for CMake module files
[0.233s] Level 1:colcon.colcon_core.environment:checking '/home/yadhu/ur3e/install/ur_moveit_config' for CMake config files
[0.233s] Level 1:colcon.colcon_core.shell:create_environment_hook('ur_moveit_config', 'cmake_prefix_path')
[0.233s] INFO:colcon.colcon_core.shell:Creating environment hook '/home/yadhu/ur3e/install/ur_moveit_config/share/ur_moveit_config/hook/cmake_prefix_path.ps1'
[0.234s] INFO:colcon.colcon_core.shell:Creating environment descriptor '/home/yadhu/ur3e/install/ur_moveit_config/share/ur_moveit_config/hook/cmake_prefix_path.dsv'
[0.234s] INFO:colcon.colcon_core.shell:Creating environment hook '/home/yadhu/ur3e/install/ur_moveit_config/share/ur_moveit_config/hook/cmake_prefix_path.sh'
[0.234s] Level 1:colcon.colcon_core.environment:checking '/home/yadhu/ur3e/install/ur_moveit_config/bin'
[0.234s] Level 1:colcon.colcon_core.environment:checking '/home/yadhu/ur3e/install/ur_moveit_config/lib/pkgconfig/ur_moveit_config.pc'
[0.235s] Level 1:colcon.colcon_core.environment:checking '/home/yadhu/ur3e/install/ur_moveit_config/lib/python3.10/site-packages'
[0.236s] Level 1:colcon.colcon_core.environment:checking '/home/yadhu/ur3e/install/ur_moveit_config/bin'
[0.236s] INFO:colcon.colcon_core.shell:Creating package script '/home/yadhu/ur3e/install/ur_moveit_config/share/ur_moveit_config/package.ps1'
[0.236s] INFO:colcon.colcon_core.shell:Creating package descriptor '/home/yadhu/ur3e/install/ur_moveit_config/share/ur_moveit_config/package.dsv'
[0.236s] INFO:colcon.colcon_core.shell:Creating package script '/home/yadhu/ur3e/install/ur_moveit_config/share/ur_moveit_config/package.sh'
[0.237s] INFO:colcon.colcon_core.shell:Creating package script '/home/yadhu/ur3e/install/ur_moveit_config/share/ur_moveit_config/package.bash'
[0.237s] INFO:colcon.colcon_core.shell:Creating package script '/home/yadhu/ur3e/install/ur_moveit_config/share/ur_moveit_config/package.zsh'
[0.237s] Level 1:colcon.colcon_core.environment:create_file_with_runtime_dependencies(/home/yadhu/ur3e/install/ur_moveit_config/share/colcon-core/packages/ur_moveit_config)
[0.239s] Level 1:colcon.colcon_core.environment:create_environment_scripts_only(ur_description)
[0.239s] DEBUG:colcon.colcon_core.event_handler.log_command:Invoked command in '/home/yadhu/ur3e/build/ur_description' returned '0': CMAKE_PREFIX_PATH=${CMAKE_PREFIX_PATH}:/opt/ros/humble /usr/bin/cmake --install /home/yadhu/ur3e/build/ur_description
[0.240s] Level 1:colcon.colcon_core.environment:checking '/home/yadhu/ur3e/install/ur_description' for CMake module files
[0.240s] Level 1:colcon.colcon_core.environment:checking '/home/yadhu/ur3e/install/ur_description' for CMake config files
[0.241s] Level 1:colcon.colcon_core.shell:create_environment_hook('ur_description', 'cmake_prefix_path')
[0.241s] INFO:colcon.colcon_core.shell:Creating environment hook '/home/yadhu/ur3e/install/ur_description/share/ur_description/hook/cmake_prefix_path.ps1'
[0.241s] INFO:colcon.colcon_core.shell:Creating environment descriptor '/home/yadhu/ur3e/install/ur_description/share/ur_description/hook/cmake_prefix_path.dsv'
[0.242s] INFO:colcon.colcon_core.shell:Creating environment hook '/home/yadhu/ur3e/install/ur_description/share/ur_description/hook/cmake_prefix_path.sh'
[0.242s] Level 1:colcon.colcon_core.environment:checking '/home/yadhu/ur3e/install/ur_description/bin'
[0.242s] Level 1:colcon.colcon_core.environment:checking '/home/yadhu/ur3e/install/ur_description/lib/pkgconfig/ur_description.pc'
[0.242s] Level 1:colcon.colcon_core.environment:checking '/home/yadhu/ur3e/install/ur_description/lib/python3.10/site-packages'
[0.242s] Level 1:colcon.colcon_core.environment:checking '/home/yadhu/ur3e/install/ur_description/bin'
[0.242s] INFO:colcon.colcon_core.shell:Creating package script '/home/yadhu/ur3e/install/ur_description/share/ur_description/package.ps1'
[0.243s] INFO:colcon.colcon_core.shell:Creating package descriptor '/home/yadhu/ur3e/install/ur_description/share/ur_description/package.dsv'
[0.243s] INFO:colcon.colcon_core.shell:Creating package script '/home/yadhu/ur3e/install/ur_description/share/ur_description/package.sh'
[0.243s] INFO:colcon.colcon_core.shell:Creating package script '/home/yadhu/ur3e/install/ur_description/share/ur_description/package.bash'
[0.243s] INFO:colcon.colcon_core.shell:Creating package script '/home/yadhu/ur3e/install/ur_description/share/ur_description/package.zsh'
[0.244s] Level 1:colcon.colcon_core.environment:create_file_with_runtime_dependencies(/home/yadhu/ur3e/install/ur_description/share/colcon-core/packages/ur_description)
[0.255s] Level 1:colcon.colcon_core.environment:create_environment_scripts_only(ur_moveit_config)
[0.256s] Level 1:colcon.colcon_core.environment:checking '/home/yadhu/ur3e/install/ur_moveit_config' for CMake module files
[0.256s] Level 1:colcon.colcon_core.environment:checking '/home/yadhu/ur3e/install/ur_moveit_config' for CMake config files
[0.256s] Level 1:colcon.colcon_core.shell:create_environment_hook('ur_moveit_config', 'cmake_prefix_path')
[0.256s] INFO:colcon.colcon_core.shell:Creating environment hook '/home/yadhu/ur3e/install/ur_moveit_config/share/ur_moveit_config/hook/cmake_prefix_path.ps1'
[0.257s] INFO:colcon.colcon_core.shell:Creating environment descriptor '/home/yadhu/ur3e/install/ur_moveit_config/share/ur_moveit_config/hook/cmake_prefix_path.dsv'
[0.257s] INFO:colcon.colcon_core.shell:Creating environment hook '/home/yadhu/ur3e/install/ur_moveit_config/share/ur_moveit_config/hook/cmake_prefix_path.sh'
[0.257s] Level 1:colcon.colcon_core.environment:checking '/home/yadhu/ur3e/install/ur_moveit_config/bin'
[0.257s] Level 1:colcon.colcon_core.environment:checking '/home/yadhu/ur3e/install/ur_moveit_config/lib/pkgconfig/ur_moveit_config.pc'
[0.257s] Level 1:colcon.colcon_core.environment:checking '/home/yadhu/ur3e/install/ur_moveit_config/lib/python3.10/site-packages'
[0.257s] Level 1:colcon.colcon_core.environment:checking '/home/yadhu/ur3e/install/ur_moveit_config/bin'
[0.258s] INFO:colcon.colcon_core.shell:Creating package script '/home/yadhu/ur3e/install/ur_moveit_config/share/ur_moveit_config/package.ps1'
[0.258s] INFO:colcon.colcon_core.shell:Creating package descriptor '/home/yadhu/ur3e/install/ur_moveit_config/share/ur_moveit_config/package.dsv'
[0.258s] INFO:colcon.colcon_core.shell:Creating package script '/home/yadhu/ur3e/install/ur_moveit_config/share/ur_moveit_config/package.sh'
[0.258s] INFO:colcon.colcon_core.shell:Creating package script '/home/yadhu/ur3e/install/ur_moveit_config/share/ur_moveit_config/package.bash'
[0.259s] INFO:colcon.colcon_core.shell:Creating package script '/home/yadhu/ur3e/install/ur_moveit_config/share/ur_moveit_config/package.zsh'
[0.259s] Level 1:colcon.colcon_core.environment:create_file_with_runtime_dependencies(/home/yadhu/ur3e/install/ur_moveit_config/share/colcon-core/packages/ur_moveit_config)
[0.262s] Level 1:colcon.colcon_core.environment:create_environment_scripts_only(ur_description)
[0.262s] Level 1:colcon.colcon_core.environment:checking '/home/yadhu/ur3e/install/ur_description' for CMake module files
[0.262s] Level 1:colcon.colcon_core.environment:checking '/home/yadhu/ur3e/install/ur_description' for CMake config files
[0.263s] Level 1:colcon.colcon_core.shell:create_environment_hook('ur_description', 'cmake_prefix_path')
[0.263s] INFO:colcon.colcon_core.shell:Creating environment hook '/home/yadhu/ur3e/install/ur_description/share/ur_description/hook/cmake_prefix_path.ps1'
[0.263s] INFO:colcon.colcon_core.shell:Creating environment descriptor '/home/yadhu/ur3e/install/ur_description/share/ur_description/hook/cmake_prefix_path.dsv'
[0.263s] INFO:colcon.colcon_core.shell:Creating environment hook '/home/yadhu/ur3e/install/ur_description/share/ur_description/hook/cmake_prefix_path.sh'
[0.264s] Level 1:colcon.colcon_core.environment:checking '/home/yadhu/ur3e/install/ur_description/bin'
[0.264s] Level 1:colcon.colcon_core.environment:checking '/home/yadhu/ur3e/install/ur_description/lib/pkgconfig/ur_description.pc'
[0.264s] Level 1:colcon.colcon_core.environment:checking '/home/yadhu/ur3e/install/ur_description/lib/python3.10/site-packages'
[0.264s] Level 1:colcon.colcon_core.environment:checking '/home/yadhu/ur3e/install/ur_description/bin'
[0.264s] INFO:colcon.colcon_core.shell:Creating package script '/home/yadhu/ur3e/install/ur_description/share/ur_description/package.ps1'
[0.264s] INFO:colcon.colcon_core.shell:Creating package descriptor '/home/yadhu/ur3e/install/ur_description/share/ur_description/package.dsv'
[0.265s] INFO:colcon.colcon_core.shell:Creating package script '/home/yadhu/ur3e/install/ur_description/share/ur_description/package.sh'
[0.265s] INFO:colcon.colcon_core.shell:Creating package script '/home/yadhu/ur3e/install/ur_description/share/ur_description/package.bash'
[0.265s] INFO:colcon.colcon_core.shell:Creating package script '/home/yadhu/ur3e/install/ur_description/share/ur_description/package.zsh'
[0.265s] Level 1:colcon.colcon_core.environment:create_file_with_runtime_dependencies(/home/yadhu/ur3e/install/ur_description/share/colcon-core/packages/ur_description)
[0.266s] INFO:colcon.colcon_ros.task.ament_cmake.build:Building ROS package in '/home/yadhu/ur3e/src/ur_gripper_gazebo' with build type 'ament_cmake'
[0.266s] INFO:colcon.colcon_cmake.task.cmake.build:Building CMake package in '/home/yadhu/ur3e/src/ur_gripper_gazebo'
[0.266s] INFO:colcon.colcon_core.shell:Skip shell extension 'powershell' for command environment: Not usable outside of PowerShell
[0.266s] DEBUG:colcon.colcon_core.shell:Skip shell extension 'dsv' for command environment
[0.270s] INFO:colcon.colcon_ros.task.ament_cmake.build:Building ROS package in '/home/yadhu/ur3e/src/ur_robot_driver' with build type 'ament_cmake'
[0.270s] INFO:colcon.colcon_cmake.task.cmake.build:Building CMake package in '/home/yadhu/ur3e/src/ur_robot_driver'
[0.270s] INFO:colcon.colcon_core.shell:Skip shell extension 'powershell' for command environment: Not usable outside of PowerShell
[0.270s] DEBUG:colcon.colcon_core.shell:Skip shell extension 'dsv' for command environment
[0.276s] DEBUG:colcon.colcon_core.event_handler.log_command:Invoking command in '/home/yadhu/ur3e/build/ur_gripper_gazebo': CMAKE_PREFIX_PATH=/home/yadhu/ur3e/install/ur_description:/home/yadhu/ur3e/install/ur_gripper_gazebo:/home/yadhu/ur3e/install/ur_robot_driver:/home/yadhu/ur3e/install/ur_moveit_config:/opt/ros/humble /usr/bin/cmake --build /home/yadhu/ur3e/build/ur_gripper_gazebo -- -j16 -l16
[0.277s] DEBUG:colcon.colcon_core.event_handler.log_command:Invoking command in '/home/yadhu/ur3e/build/ur_robot_driver': CMAKE_PREFIX_PATH=/home/yadhu/ur3e/install/ur_description:/home/yadhu/ur3e/install/ur_gripper_gazebo:/home/yadhu/ur3e/install/ur_robot_driver:/home/yadhu/ur3e/install/ur_moveit_config:/opt/ros/humble /usr/bin/cmake --build /home/yadhu/ur3e/build/ur_robot_driver -- -j16 -l16
[0.307s] DEBUG:colcon.colcon_core.event_handler.log_command:Invoked command in '/home/yadhu/ur3e/build/ur_robot_driver' returned '0': CMAKE_PREFIX_PATH=/home/yadhu/ur3e/install/ur_description:/home/yadhu/ur3e/install/ur_gripper_gazebo:/home/yadhu/ur3e/install/ur_robot_driver:/home/yadhu/ur3e/install/ur_moveit_config:/opt/ros/humble /usr/bin/cmake --build /home/yadhu/ur3e/build/ur_robot_driver -- -j16 -l16
[0.308s] DEBUG:colcon.colcon_core.event_handler.log_command:Invoked command in '/home/yadhu/ur3e/build/ur_gripper_gazebo' returned '0': CMAKE_PREFIX_PATH=/home/yadhu/ur3e/install/ur_description:/home/yadhu/ur3e/install/ur_gripper_gazebo:/home/yadhu/ur3e/install/ur_robot_driver:/home/yadhu/ur3e/install/ur_moveit_config:/opt/ros/humble /usr/bin/cmake --build /home/yadhu/ur3e/build/ur_gripper_gazebo -- -j16 -l16
[0.324s] DEBUG:colcon.colcon_core.event_handler.log_command:Invoking command in '/home/yadhu/ur3e/build/ur_robot_driver': CMAKE_PREFIX_PATH=/home/yadhu/ur3e/install/ur_description:/home/yadhu/ur3e/install/ur_gripper_gazebo:/home/yadhu/ur3e/install/ur_robot_driver:/home/yadhu/ur3e/install/ur_moveit_config:/opt/ros/humble /usr/bin/cmake --install /home/yadhu/ur3e/build/ur_robot_driver
[0.326s] DEBUG:colcon.colcon_core.event_handler.log_command:Invoking command in '/home/yadhu/ur3e/build/ur_gripper_gazebo': CMAKE_PREFIX_PATH=/home/yadhu/ur3e/install/ur_description:/home/yadhu/ur3e/install/ur_gripper_gazebo:/home/yadhu/ur3e/install/ur_robot_driver:/home/yadhu/ur3e/install/ur_moveit_config:/opt/ros/humble /usr/bin/cmake --install /home/yadhu/ur3e/build/ur_gripper_gazebo
[0.330s] Level 1:colcon.colcon_core.environment:create_environment_scripts_only(ur_robot_driver)
[0.330s] DEBUG:colcon.colcon_core.event_handler.log_command:Invoked command in '/home/yadhu/ur3e/build/ur_robot_driver' returned '0': CMAKE_PREFIX_PATH=/home/yadhu/ur3e/install/ur_description:/home/yadhu/ur3e/install/ur_gripper_gazebo:/home/yadhu/ur3e/install/ur_robot_driver:/home/yadhu/ur3e/install/ur_moveit_config:/opt/ros/humble /usr/bin/cmake --install /home/yadhu/ur3e/build/ur_robot_driver
[0.331s] Level 1:colcon.colcon_core.environment:checking '/home/yadhu/ur3e/install/ur_robot_driver' for CMake module files
[0.332s] Level 1:colcon.colcon_core.environment:checking '/home/yadhu/ur3e/install/ur_robot_driver' for CMake config files
[0.332s] Level 1:colcon.colcon_core.shell:create_environment_hook('ur_robot_driver', 'cmake_prefix_path')
[0.332s] INFO:colcon.colcon_core.shell:Creating environment hook '/home/yadhu/ur3e/install/ur_robot_driver/share/ur_robot_driver/hook/cmake_prefix_path.ps1'
[0.333s] INFO:colcon.colcon_core.shell:Creating environment descriptor '/home/yadhu/ur3e/install/ur_robot_driver/share/ur_robot_driver/hook/cmake_prefix_path.dsv'
[0.333s] INFO:colcon.colcon_core.shell:Creating environment hook '/home/yadhu/ur3e/install/ur_robot_driver/share/ur_robot_driver/hook/cmake_prefix_path.sh'
[0.333s] Level 1:colcon.colcon_core.environment:checking '/home/yadhu/ur3e/install/ur_robot_driver/bin'
[0.333s] Level 1:colcon.colcon_core.environment:checking '/home/yadhu/ur3e/install/ur_robot_driver/lib/pkgconfig/ur_robot_driver.pc'
[0.333s] Level 1:colcon.colcon_core.environment:checking '/home/yadhu/ur3e/install/ur_robot_driver/lib/python3.10/site-packages'
[0.333s] Level 1:colcon.colcon_core.environment:checking '/home/yadhu/ur3e/install/ur_robot_driver/bin'
[0.334s] INFO:colcon.colcon_core.shell:Creating package script '/home/yadhu/ur3e/install/ur_robot_driver/share/ur_robot_driver/package.ps1'
[0.334s] INFO:colcon.colcon_core.shell:Creating package descriptor '/home/yadhu/ur3e/install/ur_robot_driver/share/ur_robot_driver/package.dsv'
[0.334s] INFO:colcon.colcon_core.shell:Creating package script '/home/yadhu/ur3e/install/ur_robot_driver/share/ur_robot_driver/package.sh'
[0.334s] INFO:colcon.colcon_core.shell:Creating package script '/home/yadhu/ur3e/install/ur_robot_driver/share/ur_robot_driver/package.bash'
[0.334s] INFO:colcon.colcon_core.shell:Creating package script '/home/yadhu/ur3e/install/ur_robot_driver/share/ur_robot_driver/package.zsh'
[0.334s] Level 1:colcon.colcon_core.environment:create_file_with_runtime_dependencies(/home/yadhu/ur3e/install/ur_robot_driver/share/colcon-core/packages/ur_robot_driver)
[0.343s] Level 1:colcon.colcon_core.environment:create_environment_scripts_only(ur_gripper_gazebo)
[0.343s] Level 1:colcon.colcon_core.environment:checking '/home/yadhu/ur3e/install/ur_gripper_gazebo' for CMake module files
[0.343s] DEBUG:colcon.colcon_core.event_handler.log_command:Invoked command in '/home/yadhu/ur3e/build/ur_gripper_gazebo' returned '0': CMAKE_PREFIX_PATH=/home/yadhu/ur3e/install/ur_description:/home/yadhu/ur3e/install/ur_gripper_gazebo:/home/yadhu/ur3e/install/ur_robot_driver:/home/yadhu/ur3e/install/ur_moveit_config:/opt/ros/humble /usr/bin/cmake --install /home/yadhu/ur3e/build/ur_gripper_gazebo
[0.344s] Level 1:colcon.colcon_core.environment:checking '/home/yadhu/ur3e/install/ur_gripper_gazebo' for CMake config files
[0.344s] Level 1:colcon.colcon_core.shell:create_environment_hook('ur_gripper_gazebo', 'cmake_prefix_path')
[0.344s] INFO:colcon.colcon_core.shell:Creating environment hook '/home/yadhu/ur3e/install/ur_gripper_gazebo/share/ur_gripper_gazebo/hook/cmake_prefix_path.ps1'
[0.344s] INFO:colcon.colcon_core.shell:Creating environment descriptor '/home/yadhu/ur3e/install/ur_gripper_gazebo/share/ur_gripper_gazebo/hook/cmake_prefix_path.dsv'
[0.344s] INFO:colcon.colcon_core.shell:Creating environment hook '/home/yadhu/ur3e/install/ur_gripper_gazebo/share/ur_gripper_gazebo/hook/cmake_prefix_path.sh'
[0.345s] Level 1:colcon.colcon_core.environment:checking '/home/yadhu/ur3e/install/ur_gripper_gazebo/bin'
[0.345s] Level 1:colcon.colcon_core.environment:checking '/home/yadhu/ur3e/install/ur_gripper_gazebo/lib/pkgconfig/ur_gripper_gazebo.pc'
[0.345s] Level 1:colcon.colcon_core.environment:checking '/home/yadhu/ur3e/install/ur_gripper_gazebo/lib/python3.10/site-packages'
[0.345s] Level 1:colcon.colcon_core.environment:checking '/home/yadhu/ur3e/install/ur_gripper_gazebo/bin'
[0.345s] INFO:colcon.colcon_core.shell:Creating package script '/home/yadhu/ur3e/install/ur_gripper_gazebo/share/ur_gripper_gazebo/package.ps1'
[0.345s] INFO:colcon.colcon_core.shell:Creating package descriptor '/home/yadhu/ur3e/install/ur_gripper_gazebo/share/ur_gripper_gazebo/package.dsv'
[0.346s] INFO:colcon.colcon_core.shell:Creating package script '/home/yadhu/ur3e/install/ur_gripper_gazebo/share/ur_gripper_gazebo/package.sh'
[0.346s] INFO:colcon.colcon_core.shell:Creating package script '/home/yadhu/ur3e/install/ur_gripper_gazebo/share/ur_gripper_gazebo/package.bash'
[0.346s] INFO:colcon.colcon_core.shell:Creating package script '/home/yadhu/ur3e/install/ur_gripper_gazebo/share/ur_gripper_gazebo/package.zsh'
[0.346s] Level 1:colcon.colcon_core.environment:create_file_with_runtime_dependencies(/home/yadhu/ur3e/install/ur_gripper_gazebo/share/colcon-core/packages/ur_gripper_gazebo)
[0.353s] Level 1:colcon.colcon_core.environment:create_environment_scripts_only(ur_robot_driver)
[0.353s] Level 1:colcon.colcon_core.environment:checking '/home/yadhu/ur3e/install/ur_robot_driver' for CMake module files
[0.354s] Level 1:colcon.colcon_core.environment:checking '/home/yadhu/ur3e/install/ur_robot_driver' for CMake config files
[0.354s] Level 1:colcon.colcon_core.shell:create_environment_hook('ur_robot_driver', 'cmake_prefix_path')
[0.354s] INFO:colcon.colcon_core.shell:Creating environment hook '/home/yadhu/ur3e/install/ur_robot_driver/share/ur_robot_driver/hook/cmake_prefix_path.ps1'
[0.355s] INFO:colcon.colcon_core.shell:Creating environment descriptor '/home/yadhu/ur3e/install/ur_robot_driver/share/ur_robot_driver/hook/cmake_prefix_path.dsv'
[0.355s] INFO:colcon.colcon_core.shell:Creating environment hook '/home/yadhu/ur3e/install/ur_robot_driver/share/ur_robot_driver/hook/cmake_prefix_path.sh'
[0.356s] Level 1:colcon.colcon_core.environment:checking '/home/yadhu/ur3e/install/ur_robot_driver/bin'
[0.356s] Level 1:colcon.colcon_core.environment:checking '/home/yadhu/ur3e/install/ur_robot_driver/lib/pkgconfig/ur_robot_driver.pc'
[0.356s] Level 1:colcon.colcon_core.environment:checking '/home/yadhu/ur3e/install/ur_robot_driver/lib/python3.10/site-packages'
[0.357s] Level 1:colcon.colcon_core.environment:checking '/home/yadhu/ur3e/install/ur_robot_driver/bin'
[0.357s] INFO:colcon.colcon_core.shell:Creating package script '/home/yadhu/ur3e/install/ur_robot_driver/share/ur_robot_driver/package.ps1'
[0.357s] INFO:colcon.colcon_core.shell:Creating package descriptor '/home/yadhu/ur3e/install/ur_robot_driver/share/ur_robot_driver/package.dsv'
[0.358s] INFO:colcon.colcon_core.shell:Creating package script '/home/yadhu/ur3e/install/ur_robot_driver/share/ur_robot_driver/package.sh'
[0.358s] INFO:colcon.colcon_core.shell:Creating package script '/home/yadhu/ur3e/install/ur_robot_driver/share/ur_robot_driver/package.bash'
[0.358s] INFO:colcon.colcon_core.shell:Creating package script '/home/yadhu/ur3e/install/ur_robot_driver/share/ur_robot_driver/package.zsh'
[0.358s] Level 1:colcon.colcon_core.environment:create_file_with_runtime_dependencies(/home/yadhu/ur3e/install/ur_robot_driver/share/colcon-core/packages/ur_robot_driver)
[0.364s] Level 1:colcon.colcon_core.environment:create_environment_scripts_only(ur_gripper_gazebo)
[0.364s] Level 1:colcon.colcon_core.environment:checking '/home/yadhu/ur3e/install/ur_gripper_gazebo' for CMake module files
[0.364s] Level 1:colcon.colcon_core.environment:checking '/home/yadhu/ur3e/install/ur_gripper_gazebo' for CMake config files
[0.364s] Level 1:colcon.colcon_core.shell:create_environment_hook('ur_gripper_gazebo', 'cmake_prefix_path')
[0.364s] INFO:colcon.colcon_core.shell:Creating environment hook '/home/yadhu/ur3e/install/ur_gripper_gazebo/share/ur_gripper_gazebo/hook/cmake_prefix_path.ps1'
[0.365s] INFO:colcon.colcon_core.shell:Creating environment descriptor '/home/yadhu/ur3e/install/ur_gripper_gazebo/share/ur_gripper_gazebo/hook/cmake_prefix_path.dsv'
[0.365s] INFO:colcon.colcon_core.shell:Creating environment hook '/home/yadhu/ur3e/install/ur_gripper_gazebo/share/ur_gripper_gazebo/hook/cmake_prefix_path.sh'
[0.365s] Level 1:colcon.colcon_core.environment:checking '/home/yadhu/ur3e/install/ur_gripper_gazebo/bin'
[0.365s] Level 1:colcon.colcon_core.environment:checking '/home/yadhu/ur3e/install/ur_gripper_gazebo/lib/pkgconfig/ur_gripper_gazebo.pc'
[0.366s] Level 1:colcon.colcon_core.environment:checking '/home/yadhu/ur3e/install/ur_gripper_gazebo/lib/python3.10/site-packages'
[0.366s] Level 1:colcon.colcon_core.environment:checking '/home/yadhu/ur3e/install/ur_gripper_gazebo/bin'
[0.366s] INFO:colcon.colcon_core.shell:Creating package script '/home/yadhu/ur3e/install/ur_gripper_gazebo/share/ur_gripper_gazebo/package.ps1'
[0.366s] INFO:colcon.colcon_core.shell:Creating package descriptor '/home/yadhu/ur3e/install/ur_gripper_gazebo/share/ur_gripper_gazebo/package.dsv'
[0.367s] INFO:colcon.colcon_core.shell:Creating package script '/home/yadhu/ur3e/install/ur_gripper_gazebo/share/ur_gripper_gazebo/package.sh'
[0.367s] INFO:colcon.colcon_core.shell:Creating package script '/home/yadhu/ur3e/install/ur_gripper_gazebo/share/ur_gripper_gazebo/package.bash'
[0.367s] INFO:colcon.colcon_core.shell:Creating package script '/home/yadhu/ur3e/install/ur_gripper_gazebo/share/ur_gripper_gazebo/package.zsh'
[0.367s] Level 1:colcon.colcon_core.environment:create_file_with_runtime_dependencies(/home/yadhu/ur3e/install/ur_gripper_gazebo/share/colcon-core/packages/ur_gripper_gazebo)
[0.367s] INFO:colcon.colcon_ros.task.ament_python.build:Building ROS package in '/home/yadhu/ur3e/src/pyfile' with build type 'ament_python'
[0.368s] Level 1:colcon.colcon_core.shell:create_environment_hook('pyfile', 'ament_prefix_path')
[0.368s] INFO:colcon.colcon_core.shell:Creating environment hook '/home/yadhu/ur3e/install/pyfile/share/pyfile/hook/ament_prefix_path.ps1'
[0.368s] INFO:colcon.colcon_core.shell:Creating environment descriptor '/home/yadhu/ur3e/install/pyfile/share/pyfile/hook/ament_prefix_path.dsv'
[0.368s] INFO:colcon.colcon_core.shell:Creating environment hook '/home/yadhu/ur3e/install/pyfile/share/pyfile/hook/ament_prefix_path.sh'
[0.369s] INFO:colcon.colcon_core.shell:Skip shell extension 'powershell' for command environment: Not usable outside of PowerShell
[0.369s] DEBUG:colcon.colcon_core.shell:Skip shell extension 'dsv' for command environment
[0.513s] INFO:colcon.colcon_core.task.python.build:Building Python package in '/home/yadhu/ur3e/src/pyfile'
[0.513s] INFO:colcon.colcon_core.shell:Skip shell extension 'powershell' for command environment: Not usable outside of PowerShell
[0.513s] DEBUG:colcon.colcon_core.shell:Skip shell extension 'dsv' for command environment
[0.718s] DEBUG:colcon.colcon_core.event_handler.log_command:Invoking command in '/home/yadhu/ur3e/src/pyfile': CMAKE_PREFIX_PATH=/home/yadhu/ur3e/install/ur_gripper_gazebo:/home/yadhu/ur3e/install/ur_description:/home/yadhu/ur3e/install/ur_robot_driver:/home/yadhu/ur3e/install/ur_moveit_config PYTHONPATH=/home/yadhu/ur3e/build/pyfile/prefix_override:/usr/lib/python3/dist-packages/colcon_core/task/python/colcon_distutils_commands:/home/yadhu/ur3e/install/pyfile/lib/python3.10/site-packages:${PYTHONPATH} /usr/bin/python3 -W ignore:setup.py install is deprecated setup.py egg_info --egg-base ../../build/pyfile build --build-base /home/yadhu/ur3e/build/pyfile/build install --record /home/yadhu/ur3e/build/pyfile/install.log --single-version-externally-managed install_data
[0.874s] Level 1:colcon.colcon_core.environment:checking '/home/yadhu/ur3e/install/pyfile' for CMake module files
[0.874s] DEBUG:colcon.colcon_core.event_handler.log_command:Invoked command in '/home/yadhu/ur3e/src/pyfile' returned '0': CMAKE_PREFIX_PATH=/home/yadhu/ur3e/install/ur_gripper_gazebo:/home/yadhu/ur3e/install/ur_description:/home/yadhu/ur3e/install/ur_robot_driver:/home/yadhu/ur3e/install/ur_moveit_config PYTHONPATH=/home/yadhu/ur3e/build/pyfile/prefix_override:/usr/lib/python3/dist-packages/colcon_core/task/python/colcon_distutils_commands:/home/yadhu/ur3e/install/pyfile/lib/python3.10/site-packages:${PYTHONPATH} /usr/bin/python3 -W ignore:setup.py install is deprecated setup.py egg_info --egg-base ../../build/pyfile build --build-base /home/yadhu/ur3e/build/pyfile/build install --record /home/yadhu/ur3e/build/pyfile/install.log --single-version-externally-managed install_data
[0.874s] Level 1:colcon.colcon_core.environment:checking '/home/yadhu/ur3e/install/pyfile' for CMake config files
[0.875s] Level 1:colcon.colcon_core.environment:checking '/home/yadhu/ur3e/install/pyfile/lib'
[0.875s] Level 1:colcon.colcon_core.environment:checking '/home/yadhu/ur3e/install/pyfile/bin'
[0.875s] Level 1:colcon.colcon_core.environment:checking '/home/yadhu/ur3e/install/pyfile/lib/pkgconfig/pyfile.pc'
[0.875s] Level 1:colcon.colcon_core.environment:checking '/home/yadhu/ur3e/install/pyfile/lib/python3.10/site-packages'
[0.875s] Level 1:colcon.colcon_core.shell:create_environment_hook('pyfile', 'pythonpath')
[0.875s] INFO:colcon.colcon_core.shell:Creating environment hook '/home/yadhu/ur3e/install/pyfile/share/pyfile/hook/pythonpath.ps1'
[0.875s] INFO:colcon.colcon_core.shell:Creating environment descriptor '/home/yadhu/ur3e/install/pyfile/share/pyfile/hook/pythonpath.dsv'
[0.876s] INFO:colcon.colcon_core.shell:Creating environment hook '/home/yadhu/ur3e/install/pyfile/share/pyfile/hook/pythonpath.sh'
[0.876s] Level 1:colcon.colcon_core.environment:checking '/home/yadhu/ur3e/install/pyfile/bin'
[0.876s] Level 1:colcon.colcon_core.environment:create_environment_scripts_only(pyfile)
[0.876s] INFO:colcon.colcon_core.shell:Creating package script '/home/yadhu/ur3e/install/pyfile/share/pyfile/package.ps1'
[0.876s] INFO:colcon.colcon_core.shell:Creating package descriptor '/home/yadhu/ur3e/install/pyfile/share/pyfile/package.dsv'
[0.877s] INFO:colcon.colcon_core.shell:Creating package script '/home/yadhu/ur3e/install/pyfile/share/pyfile/package.sh'
[0.877s] INFO:colcon.colcon_core.shell:Creating package script '/home/yadhu/ur3e/install/pyfile/share/pyfile/package.bash'
[0.877s] INFO:colcon.colcon_core.shell:Creating package script '/home/yadhu/ur3e/install/pyfile/share/pyfile/package.zsh'
[0.877s] Level 1:colcon.colcon_core.environment:create_file_with_runtime_dependencies(/home/yadhu/ur3e/install/pyfile/share/colcon-core/packages/pyfile)
[0.877s] DEBUG:colcon.colcon_parallel_executor.executor.parallel:closing loop
[0.878s] DEBUG:colcon.colcon_parallel_executor.executor.parallel:loop closed
[0.878s] DEBUG:colcon.colcon_parallel_executor.executor.parallel:run_until_complete finished with '0'
[0.878s] DEBUG:colcon.colcon_core.event_reactor:joining thread
[0.881s] INFO:colcon.colcon_core.plugin_system:Skipping extension 'colcon_notification.desktop_notification.notify_send': Could not find 'notify-send'
[0.882s] INFO:colcon.colcon_core.plugin_system:Skipping extension 'colcon_notification.desktop_notification.terminal_notifier': Not used on non-Darwin systems
[0.882s] INFO:colcon.colcon_core.plugin_system:Skipping extension 'colcon_notification.desktop_notification.win32': Not used on non-Windows systems
[0.882s] INFO:colcon.colcon_notification.desktop_notification:Sending desktop notification using 'notify2'
[0.884s] DEBUG:colcon.colcon_notification.desktop_notification.notify2:Failed to initialize notify2: org.freedesktop.DBus.Error.Spawn.ExecFailed: /usr/bin/dbus-launch terminated abnormally without any error message
[0.884s] DEBUG:colcon.colcon_core.event_reactor:joined thread
[0.884s] INFO:colcon.colcon_core.shell:Creating prefix script '/home/yadhu/ur3e/install/local_setup.ps1'
[0.885s] INFO:colcon.colcon_core.shell:Creating prefix util module '/home/yadhu/ur3e/install/_local_setup_util_ps1.py'
[0.886s] INFO:colcon.colcon_core.shell:Creating prefix chain script '/home/yadhu/ur3e/install/setup.ps1'
[0.887s] INFO:colcon.colcon_core.shell:Creating prefix script '/home/yadhu/ur3e/install/local_setup.sh'
[0.887s] INFO:colcon.colcon_core.shell:Creating prefix util module '/home/yadhu/ur3e/install/_local_setup_util_sh.py'
[0.887s] INFO:colcon.colcon_core.shell:Creating prefix chain script '/home/yadhu/ur3e/install/setup.sh'
[0.888s] INFO:colcon.colcon_core.shell:Creating prefix script '/home/yadhu/ur3e/install/local_setup.bash'
[0.888s] INFO:colcon.colcon_core.shell:Creating prefix chain script '/home/yadhu/ur3e/install/setup.bash'
[0.889s] INFO:colcon.colcon_core.shell:Creating prefix script '/home/yadhu/ur3e/install/local_setup.zsh'
[0.889s] INFO:colcon.colcon_core.shell:Creating prefix chain script '/home/yadhu/ur3e/install/setup.zsh'
