[0.383s] Invoking command in '/home/yadhu/ur3e/src/pyfile': CMAKE_PREFIX_PATH=/home/yadhu/ur3e/install/ur_gripper_gazebo:/home/yadhu/ur3e/install/ur_description:/home/yadhu/ur3e/install/ur_robot_driver:/home/yadhu/ur3e/install/ur_moveit_config PYTHONPATH=/home/yadhu/ur3e/build/pyfile/prefix_override:/usr/lib/python3/dist-packages/colcon_core/task/python/colcon_distutils_commands:/home/yadhu/ur3e/install/pyfile/lib/python3.10/site-packages:${PYTHONPATH} /usr/bin/python3 -W ignore:setup.py install is deprecated setup.py egg_info --egg-base ../../build/pyfile build --build-base /home/yadhu/ur3e/build/pyfile/build install --record /home/yadhu/ur3e/build/pyfile/install.log --single-version-externally-managed install_data
[0.499s] running egg_info
[0.499s] creating ../../build/pyfile/pyfile.egg-info
[0.499s] writing ../../build/pyfile/pyfile.egg-info/PKG-INFO
[0.500s] writing dependency_links to ../../build/pyfile/pyfile.egg-info/dependency_links.txt
[0.500s] writing entry points to ../../build/pyfile/pyfile.egg-info/entry_points.txt
[0.500s] writing requirements to ../../build/pyfile/pyfile.egg-info/requires.txt
[0.500s] writing top-level names to ../../build/pyfile/pyfile.egg-info/top_level.txt
[0.500s] writing manifest file '../../build/pyfile/pyfile.egg-info/SOURCES.txt'
[0.501s] reading manifest file '../../build/pyfile/pyfile.egg-info/SOURCES.txt'
[0.501s] writing manifest file '../../build/pyfile/pyfile.egg-info/SOURCES.txt'
[0.501s] running build
[0.501s] running build_py
[0.501s] creating /home/yadhu/ur3e/build/pyfile/build
[0.501s] creating /home/yadhu/ur3e/build/pyfile/build/lib
[0.501s] creating /home/yadhu/ur3e/build/pyfile/build/lib/pyfile
[0.501s] copying pyfile/move.py -> /home/yadhu/ur3e/build/pyfile/build/lib/pyfile
[0.501s] copying pyfile/__init__.py -> /home/yadhu/ur3e/build/pyfile/build/lib/pyfile
[0.501s] running install
[0.501s] running install_lib
[0.502s] creating /home/yadhu/ur3e/install/pyfile/lib/python3.10/site-packages/pyfile
[0.502s] copying /home/yadhu/ur3e/build/pyfile/build/lib/pyfile/move.py -> /home/yadhu/ur3e/install/pyfile/lib/python3.10/site-packages/pyfile
[0.502s] copying /home/yadhu/ur3e/build/pyfile/build/lib/pyfile/__init__.py -> /home/yadhu/ur3e/install/pyfile/lib/python3.10/site-packages/pyfile
[0.502s] byte-compiling /home/yadhu/ur3e/install/pyfile/lib/python3.10/site-packages/pyfile/move.py to move.cpython-310.pyc
[0.502s] byte-compiling /home/yadhu/ur3e/install/pyfile/lib/python3.10/site-packages/pyfile/__init__.py to __init__.cpython-310.pyc
[0.502s] running install_data
[0.502s] creating /home/yadhu/ur3e/install/pyfile/share/ament_index
[0.502s] creating /home/yadhu/ur3e/install/pyfile/share/ament_index/resource_index
[0.502s] creating /home/yadhu/ur3e/install/pyfile/share/ament_index/resource_index/packages
[0.502s] copying resource/pyfile -> /home/yadhu/ur3e/install/pyfile/share/ament_index/resource_index/packages
[0.503s] copying package.xml -> /home/yadhu/ur3e/install/pyfile/share/pyfile
[0.503s] running install_egg_info
[0.503s] Copying ../../build/pyfile/pyfile.egg-info to /home/yadhu/ur3e/install/pyfile/lib/python3.10/site-packages/pyfile-0.0.0-py3.10.egg-info
[0.504s] running install_scripts
[0.515s] Installing move_bot script to /home/yadhu/ur3e/install/pyfile/lib/pyfile
[0.515s] writing list of installed files to '/home/yadhu/ur3e/build/pyfile/install.log'
[0.526s] Invoked command in '/home/yadhu/ur3e/src/pyfile' returned '0': CMAKE_PREFIX_PATH=/home/yadhu/ur3e/install/ur_gripper_gazebo:/home/yadhu/ur3e/install/ur_description:/home/yadhu/ur3e/install/ur_robot_driver:/home/yadhu/ur3e/install/ur_moveit_config PYTHONPATH=/home/yadhu/ur3e/build/pyfile/prefix_override:/usr/lib/python3/dist-packages/colcon_core/task/python/colcon_distutils_commands:/home/yadhu/ur3e/install/pyfile/lib/python3.10/site-packages:${PYTHONPATH} /usr/bin/python3 -W ignore:setup.py install is deprecated setup.py egg_info --egg-base ../../build/pyfile build --build-base /home/yadhu/ur3e/build/pyfile/build install --record /home/yadhu/ur3e/build/pyfile/install.log --single-version-externally-managed install_data
