[0.006s] Invoking command in '/home/yadhu/ur3e/build/ur_moveit_config': CMAKE_PREFIX_PATH=${CMAKE_PREFIX_PATH}:/opt/ros/humble /usr/bin/cmake --build /home/yadhu/ur3e/build/ur_moveit_config -- -j16 -l16
[0.033s] Invoked command in '/home/yadhu/ur3e/build/ur_moveit_config' returned '0': CMAKE_PREFIX_PATH=${CMAKE_PREFIX_PATH}:/opt/ros/humble /usr/bin/cmake --build /home/yadhu/ur3e/build/ur_moveit_config -- -j16 -l16
[0.053s] Invoking command in '/home/yadhu/ur3e/build/ur_moveit_config': CMAKE_PREFIX_PATH=${CMAKE_PREFIX_PATH}:/opt/ros/humble /usr/bin/cmake --install /home/yadhu/ur3e/build/ur_moveit_config
[0.058s] -- Install configuration: ""
[0.058s] -- Up-to-date: /home/yadhu/ur3e/install/ur_moveit_config/share/ament_index/resource_index/package_run_dependencies/ur_moveit_config
[0.058s] -- Up-to-date: /home/yadhu/ur3e/install/ur_moveit_config/share/ament_index/resource_index/parent_prefix_path/ur_moveit_config
[0.058s] -- Up-to-date: /home/yadhu/ur3e/install/ur_moveit_config/share/ur_moveit_config/environment/ament_prefix_path.sh
[0.058s] -- Up-to-date: /home/yadhu/ur3e/install/ur_moveit_config/share/ur_moveit_config/environment/ament_prefix_path.dsv
[0.058s] -- Up-to-date: /home/yadhu/ur3e/install/ur_moveit_config/share/ur_moveit_config/environment/path.sh
[0.058s] -- Up-to-date: /home/yadhu/ur3e/install/ur_moveit_config/share/ur_moveit_config/environment/path.dsv
[0.058s] -- Up-to-date: /home/yadhu/ur3e/install/ur_moveit_config/share/ur_moveit_config/local_setup.bash
[0.058s] -- Up-to-date: /home/yadhu/ur3e/install/ur_moveit_config/share/ur_moveit_config/local_setup.sh
[0.059s] -- Up-to-date: /home/yadhu/ur3e/install/ur_moveit_config/share/ur_moveit_config/local_setup.zsh
[0.059s] -- Up-to-date: /home/yadhu/ur3e/install/ur_moveit_config/share/ur_moveit_config/local_setup.dsv
[0.059s] -- Installing: /home/yadhu/ur3e/install/ur_moveit_config/share/ur_moveit_config/package.dsv
[0.059s] -- Up-to-date: /home/yadhu/ur3e/install/ur_moveit_config/share/ament_index/resource_index/packages/ur_moveit_config
[0.059s] -- Up-to-date: /home/yadhu/ur3e/install/ur_moveit_config/share/ur_moveit_config/cmake/ur_moveit_configConfig.cmake
[0.059s] -- Up-to-date: /home/yadhu/ur3e/install/ur_moveit_config/share/ur_moveit_config/cmake/ur_moveit_configConfig-version.cmake
[0.059s] -- Up-to-date: /home/yadhu/ur3e/install/ur_moveit_config/share/ur_moveit_config/package.xml
[0.063s] Invoked command in '/home/yadhu/ur3e/build/ur_moveit_config' returned '0': CMAKE_PREFIX_PATH=${CMAKE_PREFIX_PATH}:/opt/ros/humble /usr/bin/cmake --install /home/yadhu/ur3e/build/ur_moveit_config
