[0.007s] Invoking command in '/home/yadhu/ur3e/build/ur3e_robot': CMAKE_PREFIX_PATH=/home/yadhu/ur3e/install/ur3e_description:/home/yadhu/ur3e/install/ur3e_robot:/opt/ros/humble /usr/bin/cmake /home/yadhu/ur3e/src/ur3e_robot -DAMENT_CMAKE_SYMLINK_INSTALL=1 -DCMAKE_INSTALL_PREFIX=/home/yadhu/ur3e/install/ur3e_robot
[0.017s] -- Found ament_cmake: 1.3.10 (/opt/ros/humble/share/ament_cmake/cmake)
[0.090s] -- Override CMake install command with custom implementation using symlinks instead of copying resources
[0.094s] -- Found ament_lint_auto: 0.12.11 (/opt/ros/humble/share/ament_lint_auto/cmake)
[0.136s] -- Added test 'lint_cmake' to check CMake code style
[0.136s] -- Added test 'xmllint' to check XML markup files
[0.137s] -- Configuring done
[0.139s] -- Generating done
[0.139s] -- Build files have been written to: /home/yadhu/ur3e/build/ur3e_robot
[0.141s] Invoked command in '/home/yadhu/ur3e/build/ur3e_robot' returned '0': CMAKE_PREFIX_PATH=/home/yadhu/ur3e/install/ur3e_description:/home/yadhu/ur3e/install/ur3e_robot:/opt/ros/humble /usr/bin/cmake /home/yadhu/ur3e/src/ur3e_robot -DAMENT_CMAKE_SYMLINK_INSTALL=1 -DCMAKE_INSTALL_PREFIX=/home/yadhu/ur3e/install/ur3e_robot
[0.142s] Invoking command in '/home/yadhu/ur3e/build/ur3e_robot': CMAKE_PREFIX_PATH=/home/yadhu/ur3e/install/ur3e_description:/home/yadhu/ur3e/install/ur3e_robot:/opt/ros/humble /usr/bin/cmake --build /home/yadhu/ur3e/build/ur3e_robot -- -j16 -l16
[0.172s] Invoked command in '/home/yadhu/ur3e/build/ur3e_robot' returned '0': CMAKE_PREFIX_PATH=/home/yadhu/ur3e/install/ur3e_description:/home/yadhu/ur3e/install/ur3e_robot:/opt/ros/humble /usr/bin/cmake --build /home/yadhu/ur3e/build/ur3e_robot -- -j16 -l16
[0.198s] Invoking command in '/home/yadhu/ur3e/build/ur3e_robot': CMAKE_PREFIX_PATH=/home/yadhu/ur3e/install/ur3e_description:/home/yadhu/ur3e/install/ur3e_robot:/opt/ros/humble /usr/bin/cmake --install /home/yadhu/ur3e/build/ur3e_robot
[0.205s] -- Install configuration: ""
[0.205s] -- Execute custom install script
[0.205s] -- Symlinking: /home/yadhu/ur3e/install/ur3e_robot/share/ament_index/resource_index/package_run_dependencies/ur3e_robot
[0.212s] -- Symlinking: /home/yadhu/ur3e/install/ur3e_robot/share/ament_index/resource_index/parent_prefix_path/ur3e_robot
[0.218s] -- Symlinking: /home/yadhu/ur3e/install/ur3e_robot/share/ur3e_robot/environment/ament_prefix_path.sh
[0.223s] -- Symlinking: /home/yadhu/ur3e/install/ur3e_robot/share/ur3e_robot/environment/ament_prefix_path.dsv
[0.229s] -- Symlinking: /home/yadhu/ur3e/install/ur3e_robot/share/ur3e_robot/environment/path.sh
[0.235s] -- Symlinking: /home/yadhu/ur3e/install/ur3e_robot/share/ur3e_robot/environment/path.dsv
[0.242s] -- Symlinking: /home/yadhu/ur3e/install/ur3e_robot/share/ur3e_robot/local_setup.bash
[0.248s] -- Symlinking: /home/yadhu/ur3e/install/ur3e_robot/share/ur3e_robot/local_setup.sh
[0.254s] -- Symlinking: /home/yadhu/ur3e/install/ur3e_robot/share/ur3e_robot/local_setup.zsh
[0.261s] -- Symlinking: /home/yadhu/ur3e/install/ur3e_robot/share/ur3e_robot/local_setup.dsv
[0.266s] -- Symlinking: /home/yadhu/ur3e/install/ur3e_robot/share/ur3e_robot/package.dsv
[0.271s] -- Symlinking: /home/yadhu/ur3e/install/ur3e_robot/share/ament_index/resource_index/packages/ur3e_robot
[0.277s] -- Symlinking: /home/yadhu/ur3e/install/ur3e_robot/share/ur3e_robot/cmake/ur3e_robotConfig.cmake
[0.281s] -- Symlinking: /home/yadhu/ur3e/install/ur3e_robot/share/ur3e_robot/cmake/ur3e_robotConfig-version.cmake
[0.287s] -- Symlinking: /home/yadhu/ur3e/install/ur3e_robot/share/ur3e_robot/package.xml
[0.294s] Invoked command in '/home/yadhu/ur3e/build/ur3e_robot' returned '0': CMAKE_PREFIX_PATH=/home/yadhu/ur3e/install/ur3e_description:/home/yadhu/ur3e/install/ur3e_robot:/opt/ros/humble /usr/bin/cmake --install /home/yadhu/ur3e/build/ur3e_robot
