-- Install configuration: ""
-- Up-to-date: /home/yadhu/ur3e/install/ur_gripper_gazebo/share/ur_gripper_gazebo/config
-- Installing: /home/yadhu/ur3e/install/ur_gripper_gazebo/share/ur_gripper_gazebo/config/controllers.yaml
-- Up-to-date: /home/yadhu/ur3e/install/ur_gripper_gazebo/share/ur_gripper_gazebo/launch
-- Installing: /home/yadhu/ur3e/install/ur_gripper_gazebo/share/ur_gripper_gazebo/launch/gazebo.launch.py
-- Up-to-date: /home/yadhu/ur3e/install/ur_gripper_gazebo/share/ur_gripper_gazebo/launch/rviz.launch.py
-- Up-to-date: /home/yadhu/ur3e/install/ur_gripper_gazebo/share/ur_gripper_gazebo/urdf
-- Up-to-date: /home/yadhu/ur3e/install/ur_gripper_gazebo/share/ur_gripper_gazebo/urdf/ur_gripper.xacro
-- Up-to-date: /home/yadhu/ur3e/install/ur_gripper_gazebo/share/ament_index/resource_index/package_run_dependencies/ur_gripper_gazebo
-- Up-to-date: /home/yadhu/ur3e/install/ur_gripper_gazebo/share/ament_index/resource_index/parent_prefix_path/ur_gripper_gazebo
-- Up-to-date: /home/yadhu/ur3e/install/ur_gripper_gazebo/share/ur_gripper_gazebo/environment/ament_prefix_path.sh
-- Up-to-date: /home/yadhu/ur3e/install/ur_gripper_gazebo/share/ur_gripper_gazebo/environment/ament_prefix_path.dsv
-- Up-to-date: /home/yadhu/ur3e/install/ur_gripper_gazebo/share/ur_gripper_gazebo/environment/path.sh
-- Up-to-date: /home/yadhu/ur3e/install/ur_gripper_gazebo/share/ur_gripper_gazebo/environment/path.dsv
-- Up-to-date: /home/yadhu/ur3e/install/ur_gripper_gazebo/share/ur_gripper_gazebo/local_setup.bash
-- Up-to-date: /home/yadhu/ur3e/install/ur_gripper_gazebo/share/ur_gripper_gazebo/local_setup.sh
-- Up-to-date: /home/yadhu/ur3e/install/ur_gripper_gazebo/share/ur_gripper_gazebo/local_setup.zsh
-- Up-to-date: /home/yadhu/ur3e/install/ur_gripper_gazebo/share/ur_gripper_gazebo/local_setup.dsv
-- Installing: /home/yadhu/ur3e/install/ur_gripper_gazebo/share/ur_gripper_gazebo/package.dsv
-- Up-to-date: /home/yadhu/ur3e/install/ur_gripper_gazebo/share/ament_index/resource_index/packages/ur_gripper_gazebo
-- Up-to-date: /home/yadhu/ur3e/install/ur_gripper_gazebo/share/ur_gripper_gazebo/cmake/ur_gripper_gazeboConfig.cmake
-- Up-to-date: /home/yadhu/ur3e/install/ur_gripper_gazebo/share/ur_gripper_gazebo/cmake/ur_gripper_gazeboConfig-version.cmake
-- Up-to-date: /home/yadhu/ur3e/install/ur_gripper_gazebo/share/ur_gripper_gazebo/package.xml
