[0.008s] Invoking command in '/home/yadhu/ur3e/build/ur3ebot_description': CMAKE_PREFIX_PATH=${CMAKE_PREFIX_PATH}:/opt/ros/humble /usr/bin/cmake /home/yadhu/ur3e/src/ur3ebot_description -DCMAKE_INSTALL_PREFIX=/home/yadhu/ur3e/install/ur3ebot_description
[0.016s] -- Found ament_cmake: 1.3.10 (/opt/ros/humble/share/ament_cmake/cmake)
[0.089s] -- Found robotiq_description: 0.0.1 (/opt/ros/humble/share/robotiq_description/cmake)
[0.089s] -- Found ur_description: 2.1.8 (/opt/ros/humble/share/ur_description/cmake)
[0.089s] -- Found controller_manager: 2.43.1 (/opt/ros/humble/share/controller_manager/cmake)
[0.105s] -- Found rosidl_generator_c: 3.1.5 (/opt/ros/humble/share/rosidl_generator_c/cmake)
[0.106s] -- Found rosidl_adapter: 3.1.5 (/opt/ros/humble/share/rosidl_adapter/cmake)
[0.110s] -- Found rosidl_generator_cpp: 3.1.5 (/opt/ros/humble/share/rosidl_generator_cpp/cmake)
[0.119s] -- Using all available rosidl_typesupport_c: rosidl_typesupport_fastrtps_c;rosidl_typesupport_introspection_c
[0.126s] -- Using all available rosidl_typesupport_cpp: rosidl_typesupport_fastrtps_cpp;rosidl_typesupport_introspection_cpp
[0.227s] -- Found rmw_implementation_cmake: 6.1.2 (/opt/ros/humble/share/rmw_implementation_cmake/cmake)
[0.228s] -- Found rmw_cyclonedds_cpp: 1.3.4 (/opt/ros/humble/share/rmw_cyclonedds_cpp/cmake)
[0.238s] -- Using RMW implementation 'rmw_cyclonedds_cpp' as default
[0.283s] -- Found rclpy: 3.3.14 (/opt/ros/humble/share/rclpy/cmake)
[0.283s] -- Found std_srvs: 4.2.4 (/opt/ros/humble/share/std_srvs/cmake)
[0.287s] -- Found tf2_geometry_msgs: 0.25.7 (/opt/ros/humble/share/tf2_geometry_msgs/cmake)
[0.289s] -- Found eigen3_cmake_module: 0.1.1 (/opt/ros/humble/share/eigen3_cmake_module/cmake)
[0.290s] -- Ensuring Eigen3 include directory is part of orocos-kdl CMake target
[0.318s] -- Found urdf: 2.6.1 (/opt/ros/humble/share/urdf/cmake)
[0.321s] -- Found ament_lint_auto: 0.12.11 (/opt/ros/humble/share/ament_lint_auto/cmake)
[0.378s] -- Added test 'flake8' to check Python code syntax and style conventions
[0.378s] -- Added test 'lint_cmake' to check CMake code style
[0.378s] -- Added test 'pep257' to check Python code against some of the docstring style conventions in PEP 257
[0.379s] -- Added test 'xmllint' to check XML markup files
[0.380s] -- Configuring done
[0.383s] -- Generating done
[0.383s] -- Build files have been written to: /home/yadhu/ur3e/build/ur3ebot_description
[0.388s] Invoked command in '/home/yadhu/ur3e/build/ur3ebot_description' returned '0': CMAKE_PREFIX_PATH=${CMAKE_PREFIX_PATH}:/opt/ros/humble /usr/bin/cmake /home/yadhu/ur3e/src/ur3ebot_description -DCMAKE_INSTALL_PREFIX=/home/yadhu/ur3e/install/ur3ebot_description
[0.390s] Invoking command in '/home/yadhu/ur3e/build/ur3ebot_description': CMAKE_PREFIX_PATH=${CMAKE_PREFIX_PATH}:/opt/ros/humble /usr/bin/cmake --build /home/yadhu/ur3e/build/ur3ebot_description -- -j16 -l16
[0.419s] Invoked command in '/home/yadhu/ur3e/build/ur3ebot_description' returned '0': CMAKE_PREFIX_PATH=${CMAKE_PREFIX_PATH}:/opt/ros/humble /usr/bin/cmake --build /home/yadhu/ur3e/build/ur3ebot_description -- -j16 -l16
[0.455s] Invoking command in '/home/yadhu/ur3e/build/ur3ebot_description': CMAKE_PREFIX_PATH=${CMAKE_PREFIX_PATH}:/opt/ros/humble /usr/bin/cmake --install /home/yadhu/ur3e/build/ur3ebot_description
[0.462s] -- Install configuration: ""
[0.462s] -- Installing: /home/yadhu/ur3e/install/ur3ebot_description/share/ur3ebot_description/urdf
[0.462s] -- Installing: /home/yadhu/ur3e/install/ur3ebot_description/share/ur3ebot_description/urdf/ur.ros2_control.xacro
[0.462s] -- Installing: /home/yadhu/ur3e/install/ur3ebot_description/share/ur3ebot_description/urdf/ur.urdf.xacro
[0.463s] [31mCMake Error at cmake_install.cmake:46 (file):
[0.463s]   file INSTALL cannot find "/home/yadhu/ur3e/src/ur3ebot_description/launch":
[0.463s]   No such file or directory.
[0.463s] 
[0.463s] [0m
[0.464s] Invoked command in '/home/yadhu/ur3e/build/ur3ebot_description' returned '1': CMAKE_PREFIX_PATH=${CMAKE_PREFIX_PATH}:/opt/ros/humble /usr/bin/cmake --install /home/yadhu/ur3e/build/ur3ebot_description
