[0.007s] Invoking command in '/home/yadhu/ur3e/src/build/unity_ros_msgs': AMENT_PREFIX_PATH=/home/yadhu/ur3e/src/install/moveit_msgs:${AMENT_PREFIX_PATH} CMAKE_PREFIX_PATH=/home/yadhu/ur3e/src/install/moveit_msgs:/opt/ros/humble LD_LIBRARY_PATH=/home/yadhu/ur3e/src/install/moveit_msgs/lib:${LD_LIBRARY_PATH} PYTHONPATH=/home/yadhu/ur3e/src/install/moveit_msgs/local/lib/python3.10/dist-packages:${PYTHONPATH} /usr/bin/cmake --build /home/yadhu/ur3e/src/build/unity_ros_msgs -- -j16 -l16
[0.024s] -- Found ament_cmake: 1.3.10 (/opt/ros/humble/share/ament_cmake/cmake)
[0.108s] -- Found rosidl_default_generators: 1.2.0 (/opt/ros/humble/share/rosidl_default_generators/cmake)
[0.109s] -- Using all available rosidl_typesupport_c: rosidl_typesupport_fastrtps_c;rosidl_typesupport_introspection_c
[0.111s] -- Found rosidl_adapter: 3.1.5 (/opt/ros/humble/share/rosidl_adapter/cmake)
[0.135s] -- Using all available rosidl_typesupport_cpp: rosidl_typesupport_fastrtps_cpp;rosidl_typesupport_introspection_cpp
[0.154s] -- Found builtin_interfaces: 1.2.1 (/opt/ros/humble/share/builtin_interfaces/cmake)
[0.163s] -- Found geometry_msgs: 4.2.4 (/opt/ros/humble/share/geometry_msgs/cmake)
[0.185s] -- Found moveit_msgs: 2.2.1 (/home/yadhu/ur3e/src/install/moveit_msgs/share/moveit_msgs/cmake)
[0.538s] -- Found ament_cmake_ros: 0.10.0 (/opt/ros/humble/share/ament_cmake_ros/cmake)
[0.795s] -- Using all available rosidl_typesupport_c: rosidl_typesupport_fastrtps_c;rosidl_typesupport_introspection_c
[1.143s] -- Using all available rosidl_typesupport_cpp: rosidl_typesupport_fastrtps_cpp;rosidl_typesupport_introspection_cpp
[1.157s] -- Found python_cmake_module: 0.10.0 (/opt/ros/humble/share/python_cmake_module/cmake)
[1.176s] -- Using PYTHON_EXECUTABLE: /usr/bin/python3
[1.176s] -- Using PYTHON_INCLUDE_DIRS: /usr/include/python3.10
[1.176s] -- Using PYTHON_LIBRARIES: /usr/lib/x86_64-linux-gnu/libpython3.10.so
[1.234s] -- Found ament_lint_auto: 0.12.11 (/opt/ros/humble/share/ament_lint_auto/cmake)
[1.244s] -- Added test 'lint_cmake' to check CMake code style
[1.244s] -- Added test 'xmllint' to check XML markup files
[1.245s] -- Configuring done
[1.282s] -- Generating done
[1.284s] -- Build files have been written to: /home/yadhu/ur3e/src/build/unity_ros_msgs
[1.303s] [  1%] [34m[1mGenerating C code for ROS interfaces[0m
[1.309s] [  3%] [34m[1mGenerating C++ code for ROS interfaces[0m
[1.315s] [  3%] Built target ament_cmake_python_copy_unity_ros_msgs
[1.457s] running egg_info
[1.457s] writing unity_ros_msgs.egg-info/PKG-INFO
[1.457s] writing dependency_links to unity_ros_msgs.egg-info/dependency_links.txt
[1.457s] writing top-level names to unity_ros_msgs.egg-info/top_level.txt
[1.459s] reading manifest file 'unity_ros_msgs.egg-info/SOURCES.txt'
[1.459s] writing manifest file 'unity_ros_msgs.egg-info/SOURCES.txt'
[1.478s] [  3%] Built target ament_cmake_python_build_unity_ros_msgs_egg
[1.558s] [  3%] Built target unity_ros_msgs__cpp
[1.568s] [  5%] [34m[1mGenerating C++ type support dispatch for ROS interfaces[0m
[1.568s] [  7%] [34m[1mGenerating C++ introspection for ROS interfaces[0m
[1.570s] [  9%] [34m[1mGenerating C++ type support for eProsima Fast-RTPS[0m
[1.586s] [35m[1mConsolidate compiler generated dependencies of target unity_ros_msgs__rosidl_generator_c[0m
[1.595s] [ 12%] [32mBuilding C object CMakeFiles/unity_ros_msgs__rosidl_generator_c.dir/rosidl_generator_c/unity_ros_msgs/msg/detail/ur3e_trajectory__functions.c.o[0m
[1.595s] [ 12%] [32mBuilding C object CMakeFiles/unity_ros_msgs__rosidl_generator_c.dir/rosidl_generator_c/unity_ros_msgs/srv/detail/ur_mover_service__functions.c.o[0m
[1.597s] [ 14%] [32mBuilding C object CMakeFiles/unity_ros_msgs__rosidl_generator_c.dir/rosidl_generator_c/unity_ros_msgs/msg/detail/ur3e_gripper__functions.c.o[0m
[1.597s] [ 16%] [32mBuilding C object CMakeFiles/unity_ros_msgs__rosidl_generator_c.dir/rosidl_generator_c/unity_ros_msgs/msg/detail/ur3e_moveit_joints__functions.c.o[0m
[1.656s] [ 18%] [32m[1mLinking C shared library libunity_ros_msgs__rosidl_generator_c.so[0m
[1.705s] [ 18%] Built target unity_ros_msgs__rosidl_generator_c
[1.714s] [ 20%] [34m[1mGenerating C type support dispatch for ROS interfaces[0m
[1.718s] [ 23%] [34m[1mGenerating C introspection for ROS interfaces[0m
[1.718s] [ 23%] [34m[1mGenerating C type support for eProsima Fast-RTPS[0m
[1.861s] [35m[1mConsolidate compiler generated dependencies of target unity_ros_msgs__rosidl_typesupport_introspection_cpp[0m
[1.876s] [35m[1mConsolidate compiler generated dependencies of target unity_ros_msgs__rosidl_typesupport_cpp[0m
[1.889s] [ 25%] [32mBuilding CXX object CMakeFiles/unity_ros_msgs__rosidl_typesupport_introspection_cpp.dir/rosidl_typesupport_introspection_cpp/unity_ros_msgs/msg/detail/ur3e_moveit_joints__type_support.cpp.o[0m
[1.889s] [ 27%] [32mBuilding CXX object CMakeFiles/unity_ros_msgs__rosidl_typesupport_introspection_cpp.dir/rosidl_typesupport_introspection_cpp/unity_ros_msgs/msg/detail/ur3e_gripper__type_support.cpp.o[0m
[1.893s] [ 29%] [32mBuilding CXX object CMakeFiles/unity_ros_msgs__rosidl_typesupport_introspection_cpp.dir/rosidl_typesupport_introspection_cpp/unity_ros_msgs/srv/detail/ur_mover_service__type_support.cpp.o[0m
[1.897s] [ 30%] [32mBuilding CXX object CMakeFiles/unity_ros_msgs__rosidl_typesupport_introspection_cpp.dir/rosidl_typesupport_introspection_cpp/unity_ros_msgs/msg/detail/ur3e_trajectory__type_support.cpp.o[0m
[1.902s] [ 32%] [32mBuilding CXX object CMakeFiles/unity_ros_msgs__rosidl_typesupport_cpp.dir/rosidl_typesupport_cpp/unity_ros_msgs/msg/ur3e_gripper__type_support.cpp.o[0m
[1.904s] [ 34%] [32mBuilding CXX object CMakeFiles/unity_ros_msgs__rosidl_typesupport_cpp.dir/rosidl_typesupport_cpp/unity_ros_msgs/msg/ur3e_moveit_joints__type_support.cpp.o[0m
[1.910s] [ 36%] [32mBuilding CXX object CMakeFiles/unity_ros_msgs__rosidl_typesupport_cpp.dir/rosidl_typesupport_cpp/unity_ros_msgs/msg/ur3e_trajectory__type_support.cpp.o[0m
[1.916s] [ 38%] [32mBuilding CXX object CMakeFiles/unity_ros_msgs__rosidl_typesupport_cpp.dir/rosidl_typesupport_cpp/unity_ros_msgs/srv/ur_mover_service__type_support.cpp.o[0m
[2.041s] [35m[1mConsolidate compiler generated dependencies of target unity_ros_msgs__rosidl_typesupport_fastrtps_cpp[0m
[2.064s] [35m[1mConsolidate compiler generated dependencies of target unity_ros_msgs__rosidl_typesupport_c[0m
[2.070s] [ 40%] [32mBuilding CXX object CMakeFiles/unity_ros_msgs__rosidl_typesupport_fastrtps_cpp.dir/rosidl_typesupport_fastrtps_cpp/unity_ros_msgs/msg/detail/dds_fastrtps/ur3e_gripper__type_support.cpp.o[0m
[2.089s] [ 41%] [32mBuilding CXX object CMakeFiles/unity_ros_msgs__rosidl_typesupport_fastrtps_cpp.dir/rosidl_typesupport_fastrtps_cpp/unity_ros_msgs/msg/detail/dds_fastrtps/ur3e_moveit_joints__type_support.cpp.o[0m
[2.089s] [ 45%] [32mBuilding CXX object CMakeFiles/unity_ros_msgs__rosidl_typesupport_fastrtps_cpp.dir/rosidl_typesupport_fastrtps_cpp/unity_ros_msgs/srv/detail/dds_fastrtps/ur_mover_service__type_support.cpp.o[0m
[2.090s] [ 43%] [32mBuilding CXX object CMakeFiles/unity_ros_msgs__rosidl_typesupport_fastrtps_cpp.dir/rosidl_typesupport_fastrtps_cpp/unity_ros_msgs/msg/detail/dds_fastrtps/ur3e_trajectory__type_support.cpp.o[0m
[2.102s] [ 47%] [32mBuilding CXX object CMakeFiles/unity_ros_msgs__rosidl_typesupport_c.dir/rosidl_typesupport_c/unity_ros_msgs/msg/ur3e_gripper__type_support.cpp.o[0m
[2.103s] [ 49%] [32mBuilding CXX object CMakeFiles/unity_ros_msgs__rosidl_typesupport_c.dir/rosidl_typesupport_c/unity_ros_msgs/msg/ur3e_moveit_joints__type_support.cpp.o[0m
[2.194s] [ 50%] [32mBuilding CXX object CMakeFiles/unity_ros_msgs__rosidl_typesupport_c.dir/rosidl_typesupport_c/unity_ros_msgs/msg/ur3e_trajectory__type_support.cpp.o[0m
[2.206s] [ 52%] [32mBuilding CXX object CMakeFiles/unity_ros_msgs__rosidl_typesupport_c.dir/rosidl_typesupport_c/unity_ros_msgs/srv/ur_mover_service__type_support.cpp.o[0m
[2.297s] [ 54%] [32m[1mLinking CXX shared library libunity_ros_msgs__rosidl_typesupport_c.so[0m
[2.319s] [35m[1mConsolidate compiler generated dependencies of target unity_ros_msgs__rosidl_typesupport_introspection_c[0m
[2.358s] [ 56%] [32mBuilding C object CMakeFiles/unity_ros_msgs__rosidl_typesupport_introspection_c.dir/rosidl_typesupport_introspection_c/unity_ros_msgs/msg/detail/ur3e_gripper__type_support.c.o[0m
[2.411s] [ 58%] [32mBuilding C object CMakeFiles/unity_ros_msgs__rosidl_typesupport_introspection_c.dir/rosidl_typesupport_introspection_c/unity_ros_msgs/msg/detail/ur3e_moveit_joints__type_support.c.o[0m
[2.444s] [35m[1mConsolidate compiler generated dependencies of target unity_ros_msgs__rosidl_typesupport_fastrtps_c[0m
[2.450s] [ 60%] [32mBuilding C object CMakeFiles/unity_ros_msgs__rosidl_typesupport_introspection_c.dir/rosidl_typesupport_introspection_c/unity_ros_msgs/srv/detail/ur_mover_service__type_support.c.o[0m
[2.451s] [ 61%] [32mBuilding C object CMakeFiles/unity_ros_msgs__rosidl_typesupport_introspection_c.dir/rosidl_typesupport_introspection_c/unity_ros_msgs/msg/detail/ur3e_trajectory__type_support.c.o[0m
[2.536s] [ 61%] Built target unity_ros_msgs__rosidl_typesupport_c
[2.574s] [ 63%] [32mBuilding CXX object CMakeFiles/unity_ros_msgs__rosidl_typesupport_fastrtps_c.dir/rosidl_typesupport_fastrtps_c/unity_ros_msgs/msg/detail/ur3e_gripper__type_support_c.cpp.o[0m
[2.636s] [ 65%] [32mBuilding CXX object CMakeFiles/unity_ros_msgs__rosidl_typesupport_fastrtps_c.dir/rosidl_typesupport_fastrtps_c/unity_ros_msgs/msg/detail/ur3e_moveit_joints__type_support_c.cpp.o[0m
[2.674s] [ 67%] [32mBuilding CXX object CMakeFiles/unity_ros_msgs__rosidl_typesupport_fastrtps_c.dir/rosidl_typesupport_fastrtps_c/unity_ros_msgs/srv/detail/ur_mover_service__type_support_c.cpp.o[0m
[2.717s] [ 69%] [32mBuilding CXX object CMakeFiles/unity_ros_msgs__rosidl_typesupport_fastrtps_c.dir/rosidl_typesupport_fastrtps_c/unity_ros_msgs/msg/detail/ur3e_trajectory__type_support_c.cpp.o[0m
[3.027s] [ 70%] [32m[1mLinking C shared library libunity_ros_msgs__rosidl_typesupport_introspection_c.so[0m
[3.093s] [ 72%] [32m[1mLinking CXX shared library libunity_ros_msgs__rosidl_typesupport_cpp.so[0m
[3.179s] [ 72%] Built target unity_ros_msgs__rosidl_typesupport_introspection_c
[3.212s] [ 72%] Built target unity_ros_msgs__rosidl_typesupport_cpp
[3.622s] [ 74%] [32m[1mLinking CXX shared library libunity_ros_msgs__rosidl_typesupport_fastrtps_cpp.so[0m
[3.740s] [ 76%] [32m[1mLinking CXX shared library libunity_ros_msgs__rosidl_typesupport_fastrtps_c.so[0m
[3.865s] [ 76%] Built target unity_ros_msgs__rosidl_typesupport_fastrtps_cpp
[3.961s] [ 76%] Built target unity_ros_msgs__rosidl_typesupport_fastrtps_c
[4.055s] [ 78%] [32m[1mLinking CXX shared library libunity_ros_msgs__rosidl_typesupport_introspection_cpp.so[0m
[4.257s] [ 78%] Built target unity_ros_msgs__rosidl_typesupport_introspection_cpp
[4.284s] [ 78%] Built target unity_ros_msgs
[4.320s] [ 80%] [34m[1mGenerating Python code for ROS interfaces[0m
[4.834s] [ 80%] Built target unity_ros_msgs__py
[4.842s] [35m[1mConsolidate compiler generated dependencies of target unity_ros_msgs__rosidl_generator_py[0m
[4.852s] [ 81%] [32mBuilding C object CMakeFiles/unity_ros_msgs__rosidl_generator_py.dir/rosidl_generator_py/unity_ros_msgs/msg/_ur3e_gripper_s.c.o[0m
[4.852s] [ 83%] [32mBuilding C object CMakeFiles/unity_ros_msgs__rosidl_generator_py.dir/rosidl_generator_py/unity_ros_msgs/msg/_ur3e_moveit_joints_s.c.o[0m
[4.853s] [ 85%] [32mBuilding C object CMakeFiles/unity_ros_msgs__rosidl_generator_py.dir/rosidl_generator_py/unity_ros_msgs/msg/_ur3e_trajectory_s.c.o[0m
[4.853s] [ 87%] [32mBuilding C object CMakeFiles/unity_ros_msgs__rosidl_generator_py.dir/rosidl_generator_py/unity_ros_msgs/srv/_ur_mover_service_s.c.o[0m
[4.954s] [ 89%] [32m[1mLinking C shared library rosidl_generator_py/unity_ros_msgs/libunity_ros_msgs__rosidl_generator_py.so[0m
[4.997s] [ 89%] Built target unity_ros_msgs__rosidl_generator_py
[5.006s] [35m[1mConsolidate compiler generated dependencies of target unity_ros_msgs__rosidl_typesupport_c__pyext[0m
[5.006s] [35m[1mConsolidate compiler generated dependencies of target unity_ros_msgs__rosidl_typesupport_fastrtps_c__pyext[0m
[5.007s] [35m[1mConsolidate compiler generated dependencies of target unity_ros_msgs__rosidl_typesupport_introspection_c__pyext[0m
[5.015s] [ 90%] [32mBuilding C object CMakeFiles/unity_ros_msgs__rosidl_typesupport_fastrtps_c__pyext.dir/rosidl_generator_py/unity_ros_msgs/_unity_ros_msgs_s.ep.rosidl_typesupport_fastrtps_c.c.o[0m
[5.017s] [ 92%] [32mBuilding C object CMakeFiles/unity_ros_msgs__rosidl_typesupport_introspection_c__pyext.dir/rosidl_generator_py/unity_ros_msgs/_unity_ros_msgs_s.ep.rosidl_typesupport_introspection_c.c.o[0m
[5.018s] [ 94%] [32mBuilding C object CMakeFiles/unity_ros_msgs__rosidl_typesupport_c__pyext.dir/rosidl_generator_py/unity_ros_msgs/_unity_ros_msgs_s.ep.rosidl_typesupport_c.c.o[0m
[5.117s] [ 96%] [32m[1mLinking C shared library rosidl_generator_py/unity_ros_msgs/unity_ros_msgs_s__rosidl_typesupport_fastrtps_c.cpython-310-x86_64-linux-gnu.so[0m
[5.126s] [ 98%] [32m[1mLinking C shared library rosidl_generator_py/unity_ros_msgs/unity_ros_msgs_s__rosidl_typesupport_introspection_c.cpython-310-x86_64-linux-gnu.so[0m
[5.149s] [100%] [32m[1mLinking C shared library rosidl_generator_py/unity_ros_msgs/unity_ros_msgs_s__rosidl_typesupport_c.cpython-310-x86_64-linux-gnu.so[0m
[5.168s] [100%] Built target unity_ros_msgs__rosidl_typesupport_fastrtps_c__pyext
[5.176s] [100%] Built target unity_ros_msgs__rosidl_typesupport_introspection_c__pyext
[5.202s] [100%] Built target unity_ros_msgs__rosidl_typesupport_c__pyext
[5.213s] Invoked command in '/home/yadhu/ur3e/src/build/unity_ros_msgs' returned '0': AMENT_PREFIX_PATH=/home/yadhu/ur3e/src/install/moveit_msgs:${AMENT_PREFIX_PATH} CMAKE_PREFIX_PATH=/home/yadhu/ur3e/src/install/moveit_msgs:/opt/ros/humble LD_LIBRARY_PATH=/home/yadhu/ur3e/src/install/moveit_msgs/lib:${LD_LIBRARY_PATH} PYTHONPATH=/home/yadhu/ur3e/src/install/moveit_msgs/local/lib/python3.10/dist-packages:${PYTHONPATH} /usr/bin/cmake --build /home/yadhu/ur3e/src/build/unity_ros_msgs -- -j16 -l16
[5.312s] Invoking command in '/home/yadhu/ur3e/src/build/unity_ros_msgs': AMENT_PREFIX_PATH=/home/yadhu/ur3e/src/install/moveit_msgs:${AMENT_PREFIX_PATH} CMAKE_PREFIX_PATH=/home/yadhu/ur3e/src/install/moveit_msgs:/opt/ros/humble LD_LIBRARY_PATH=/home/yadhu/ur3e/src/install/moveit_msgs/lib:${LD_LIBRARY_PATH} PYTHONPATH=/home/yadhu/ur3e/src/install/moveit_msgs/local/lib/python3.10/dist-packages:${PYTHONPATH} /usr/bin/cmake --install /home/yadhu/ur3e/src/build/unity_ros_msgs
[5.319s] -- Install configuration: ""
[5.319s] -- Installing: /home/yadhu/ur3e/src/install/unity_ros_msgs/share/ament_index/resource_index/rosidl_interfaces/unity_ros_msgs
[5.319s] -- Installing: /home/yadhu/ur3e/src/install/unity_ros_msgs/include/unity_ros_msgs/unity_ros_msgs
[5.319s] -- Installing: /home/yadhu/ur3e/src/install/unity_ros_msgs/include/unity_ros_msgs/unity_ros_msgs/msg
[5.319s] -- Installing: /home/yadhu/ur3e/src/install/unity_ros_msgs/include/unity_ros_msgs/unity_ros_msgs/msg/rosidl_generator_c__visibility_control.h
[5.319s] -- Installing: /home/yadhu/ur3e/src/install/unity_ros_msgs/include/unity_ros_msgs/unity_ros_msgs/msg/ur3e_moveit_joints.h
[5.319s] -- Installing: /home/yadhu/ur3e/src/install/unity_ros_msgs/include/unity_ros_msgs/unity_ros_msgs/msg/detail
[5.319s] -- Installing: /home/yadhu/ur3e/src/install/unity_ros_msgs/include/unity_ros_msgs/unity_ros_msgs/msg/detail/ur3e_gripper__type_support.h
[5.320s] -- Installing: /home/yadhu/ur3e/src/install/unity_ros_msgs/include/unity_ros_msgs/unity_ros_msgs/msg/detail/ur3e_trajectory__struct.h
[5.320s] -- Installing: /home/yadhu/ur3e/src/install/unity_ros_msgs/include/unity_ros_msgs/unity_ros_msgs/msg/detail/ur3e_trajectory__functions.c
[5.320s] -- Installing: /home/yadhu/ur3e/src/install/unity_ros_msgs/include/unity_ros_msgs/unity_ros_msgs/msg/detail/ur3e_moveit_joints__functions.h
[5.320s] -- Installing: /home/yadhu/ur3e/src/install/unity_ros_msgs/include/unity_ros_msgs/unity_ros_msgs/msg/detail/ur3e_moveit_joints__type_support.h
[5.320s] -- Installing: /home/yadhu/ur3e/src/install/unity_ros_msgs/include/unity_ros_msgs/unity_ros_msgs/msg/detail/ur3e_gripper__struct.h
[5.320s] -- Installing: /home/yadhu/ur3e/src/install/unity_ros_msgs/include/unity_ros_msgs/unity_ros_msgs/msg/detail/ur3e_trajectory__functions.h
[5.320s] -- Installing: /home/yadhu/ur3e/src/install/unity_ros_msgs/include/unity_ros_msgs/unity_ros_msgs/msg/detail/ur3e_moveit_joints__struct.h
[5.320s] -- Installing: /home/yadhu/ur3e/src/install/unity_ros_msgs/include/unity_ros_msgs/unity_ros_msgs/msg/detail/ur3e_moveit_joints__functions.c
[5.320s] -- Installing: /home/yadhu/ur3e/src/install/unity_ros_msgs/include/unity_ros_msgs/unity_ros_msgs/msg/detail/ur3e_trajectory__type_support.h
[5.320s] -- Installing: /home/yadhu/ur3e/src/install/unity_ros_msgs/include/unity_ros_msgs/unity_ros_msgs/msg/detail/ur3e_gripper__functions.h
[5.320s] -- Installing: /home/yadhu/ur3e/src/install/unity_ros_msgs/include/unity_ros_msgs/unity_ros_msgs/msg/detail/ur3e_gripper__functions.c
[5.320s] -- Installing: /home/yadhu/ur3e/src/install/unity_ros_msgs/include/unity_ros_msgs/unity_ros_msgs/msg/ur3e_trajectory.h
[5.320s] -- Installing: /home/yadhu/ur3e/src/install/unity_ros_msgs/include/unity_ros_msgs/unity_ros_msgs/msg/ur3e_gripper.h
[5.320s] -- Installing: /home/yadhu/ur3e/src/install/unity_ros_msgs/include/unity_ros_msgs/unity_ros_msgs/srv
[5.321s] -- Installing: /home/yadhu/ur3e/src/install/unity_ros_msgs/include/unity_ros_msgs/unity_ros_msgs/srv/ur_mover_service.h
[5.321s] -- Installing: /home/yadhu/ur3e/src/install/unity_ros_msgs/include/unity_ros_msgs/unity_ros_msgs/srv/detail
[5.321s] -- Installing: /home/yadhu/ur3e/src/install/unity_ros_msgs/include/unity_ros_msgs/unity_ros_msgs/srv/detail/ur_mover_service__functions.c
[5.321s] -- Installing: /home/yadhu/ur3e/src/install/unity_ros_msgs/include/unity_ros_msgs/unity_ros_msgs/srv/detail/ur_mover_service__struct.h
[5.321s] -- Installing: /home/yadhu/ur3e/src/install/unity_ros_msgs/include/unity_ros_msgs/unity_ros_msgs/srv/detail/ur_mover_service__type_support.h
[5.321s] -- Installing: /home/yadhu/ur3e/src/install/unity_ros_msgs/include/unity_ros_msgs/unity_ros_msgs/srv/detail/ur_mover_service__functions.h
[5.321s] -- Installing: /home/yadhu/ur3e/src/install/unity_ros_msgs/share/unity_ros_msgs/environment/library_path.sh
[5.321s] -- Installing: /home/yadhu/ur3e/src/install/unity_ros_msgs/share/unity_ros_msgs/environment/library_path.dsv
[5.321s] -- Installing: /home/yadhu/ur3e/src/install/unity_ros_msgs/lib/libunity_ros_msgs__rosidl_generator_c.so
[5.321s] -- Set runtime path of "/home/yadhu/ur3e/src/install/unity_ros_msgs/lib/libunity_ros_msgs__rosidl_generator_c.so" to ""
[5.321s] -- Up-to-date: /home/yadhu/ur3e/src/install/unity_ros_msgs/include/unity_ros_msgs/unity_ros_msgs
[5.321s] -- Up-to-date: /home/yadhu/ur3e/src/install/unity_ros_msgs/include/unity_ros_msgs/unity_ros_msgs/msg
[5.321s] -- Installing: /home/yadhu/ur3e/src/install/unity_ros_msgs/include/unity_ros_msgs/unity_ros_msgs/msg/rosidl_typesupport_fastrtps_c__visibility_control.h
[5.321s] -- Up-to-date: /home/yadhu/ur3e/src/install/unity_ros_msgs/include/unity_ros_msgs/unity_ros_msgs/msg/detail
[5.321s] -- Installing: /home/yadhu/ur3e/src/install/unity_ros_msgs/include/unity_ros_msgs/unity_ros_msgs/msg/detail/ur3e_gripper__rosidl_typesupport_fastrtps_c.h
[5.321s] -- Installing: /home/yadhu/ur3e/src/install/unity_ros_msgs/include/unity_ros_msgs/unity_ros_msgs/msg/detail/ur3e_trajectory__rosidl_typesupport_fastrtps_c.h
[5.322s] -- Installing: /home/yadhu/ur3e/src/install/unity_ros_msgs/include/unity_ros_msgs/unity_ros_msgs/msg/detail/ur3e_moveit_joints__rosidl_typesupport_fastrtps_c.h
[5.322s] -- Up-to-date: /home/yadhu/ur3e/src/install/unity_ros_msgs/include/unity_ros_msgs/unity_ros_msgs/srv
[5.322s] -- Up-to-date: /home/yadhu/ur3e/src/install/unity_ros_msgs/include/unity_ros_msgs/unity_ros_msgs/srv/detail
[5.322s] -- Installing: /home/yadhu/ur3e/src/install/unity_ros_msgs/include/unity_ros_msgs/unity_ros_msgs/srv/detail/ur_mover_service__rosidl_typesupport_fastrtps_c.h
[5.322s] -- Installing: /home/yadhu/ur3e/src/install/unity_ros_msgs/lib/libunity_ros_msgs__rosidl_typesupport_fastrtps_c.so
[5.322s] -- Set runtime path of "/home/yadhu/ur3e/src/install/unity_ros_msgs/lib/libunity_ros_msgs__rosidl_typesupport_fastrtps_c.so" to ""
[5.322s] -- Up-to-date: /home/yadhu/ur3e/src/install/unity_ros_msgs/include/unity_ros_msgs/unity_ros_msgs
[5.322s] -- Up-to-date: /home/yadhu/ur3e/src/install/unity_ros_msgs/include/unity_ros_msgs/unity_ros_msgs/msg
[5.322s] -- Up-to-date: /home/yadhu/ur3e/src/install/unity_ros_msgs/include/unity_ros_msgs/unity_ros_msgs/msg/detail
[5.322s] -- Installing: /home/yadhu/ur3e/src/install/unity_ros_msgs/include/unity_ros_msgs/unity_ros_msgs/msg/detail/ur3e_trajectory__rosidl_typesupport_introspection_c.h
[5.322s] -- Installing: /home/yadhu/ur3e/src/install/unity_ros_msgs/include/unity_ros_msgs/unity_ros_msgs/msg/detail/ur3e_gripper__rosidl_typesupport_introspection_c.h
[5.322s] -- Installing: /home/yadhu/ur3e/src/install/unity_ros_msgs/include/unity_ros_msgs/unity_ros_msgs/msg/detail/ur3e_gripper__type_support.c
[5.322s] -- Installing: /home/yadhu/ur3e/src/install/unity_ros_msgs/include/unity_ros_msgs/unity_ros_msgs/msg/detail/ur3e_trajectory__type_support.c
[5.322s] -- Installing: /home/yadhu/ur3e/src/install/unity_ros_msgs/include/unity_ros_msgs/unity_ros_msgs/msg/detail/ur3e_moveit_joints__rosidl_typesupport_introspection_c.h
[5.322s] -- Installing: /home/yadhu/ur3e/src/install/unity_ros_msgs/include/unity_ros_msgs/unity_ros_msgs/msg/detail/ur3e_moveit_joints__type_support.c
[5.322s] -- Installing: /home/yadhu/ur3e/src/install/unity_ros_msgs/include/unity_ros_msgs/unity_ros_msgs/msg/rosidl_typesupport_introspection_c__visibility_control.h
[5.322s] -- Up-to-date: /home/yadhu/ur3e/src/install/unity_ros_msgs/include/unity_ros_msgs/unity_ros_msgs/srv
[5.323s] -- Up-to-date: /home/yadhu/ur3e/src/install/unity_ros_msgs/include/unity_ros_msgs/unity_ros_msgs/srv/detail
[5.323s] -- Installing: /home/yadhu/ur3e/src/install/unity_ros_msgs/include/unity_ros_msgs/unity_ros_msgs/srv/detail/ur_mover_service__type_support.c
[5.323s] -- Installing: /home/yadhu/ur3e/src/install/unity_ros_msgs/include/unity_ros_msgs/unity_ros_msgs/srv/detail/ur_mover_service__rosidl_typesupport_introspection_c.h
[5.323s] -- Installing: /home/yadhu/ur3e/src/install/unity_ros_msgs/lib/libunity_ros_msgs__rosidl_typesupport_introspection_c.so
[5.323s] -- Set runtime path of "/home/yadhu/ur3e/src/install/unity_ros_msgs/lib/libunity_ros_msgs__rosidl_typesupport_introspection_c.so" to ""
[5.323s] -- Installing: /home/yadhu/ur3e/src/install/unity_ros_msgs/lib/libunity_ros_msgs__rosidl_typesupport_c.so
[5.323s] -- Set runtime path of "/home/yadhu/ur3e/src/install/unity_ros_msgs/lib/libunity_ros_msgs__rosidl_typesupport_c.so" to ""
[5.323s] -- Up-to-date: /home/yadhu/ur3e/src/install/unity_ros_msgs/include/unity_ros_msgs/unity_ros_msgs
[5.323s] -- Up-to-date: /home/yadhu/ur3e/src/install/unity_ros_msgs/include/unity_ros_msgs/unity_ros_msgs/msg
[5.323s] -- Installing: /home/yadhu/ur3e/src/install/unity_ros_msgs/include/unity_ros_msgs/unity_ros_msgs/msg/ur3e_moveit_joints.hpp
[5.323s] -- Installing: /home/yadhu/ur3e/src/install/unity_ros_msgs/include/unity_ros_msgs/unity_ros_msgs/msg/ur3e_trajectory.hpp
[5.323s] -- Up-to-date: /home/yadhu/ur3e/src/install/unity_ros_msgs/include/unity_ros_msgs/unity_ros_msgs/msg/detail
[5.323s] -- Installing: /home/yadhu/ur3e/src/install/unity_ros_msgs/include/unity_ros_msgs/unity_ros_msgs/msg/detail/ur3e_trajectory__builder.hpp
[5.323s] -- Installing: /home/yadhu/ur3e/src/install/unity_ros_msgs/include/unity_ros_msgs/unity_ros_msgs/msg/detail/ur3e_moveit_joints__builder.hpp
[5.323s] -- Installing: /home/yadhu/ur3e/src/install/unity_ros_msgs/include/unity_ros_msgs/unity_ros_msgs/msg/detail/ur3e_trajectory__struct.hpp
[5.323s] -- Installing: /home/yadhu/ur3e/src/install/unity_ros_msgs/include/unity_ros_msgs/unity_ros_msgs/msg/detail/ur3e_gripper__traits.hpp
[5.324s] -- Installing: /home/yadhu/ur3e/src/install/unity_ros_msgs/include/unity_ros_msgs/unity_ros_msgs/msg/detail/ur3e_moveit_joints__traits.hpp
[5.324s] -- Installing: /home/yadhu/ur3e/src/install/unity_ros_msgs/include/unity_ros_msgs/unity_ros_msgs/msg/detail/ur3e_moveit_joints__struct.hpp
[5.324s] -- Installing: /home/yadhu/ur3e/src/install/unity_ros_msgs/include/unity_ros_msgs/unity_ros_msgs/msg/detail/ur3e_trajectory__traits.hpp
[5.324s] -- Installing: /home/yadhu/ur3e/src/install/unity_ros_msgs/include/unity_ros_msgs/unity_ros_msgs/msg/detail/ur3e_gripper__builder.hpp
[5.324s] -- Installing: /home/yadhu/ur3e/src/install/unity_ros_msgs/include/unity_ros_msgs/unity_ros_msgs/msg/detail/ur3e_gripper__struct.hpp
[5.324s] -- Installing: /home/yadhu/ur3e/src/install/unity_ros_msgs/include/unity_ros_msgs/unity_ros_msgs/msg/ur3e_gripper.hpp
[5.324s] -- Up-to-date: /home/yadhu/ur3e/src/install/unity_ros_msgs/include/unity_ros_msgs/unity_ros_msgs/srv
[5.324s] -- Up-to-date: /home/yadhu/ur3e/src/install/unity_ros_msgs/include/unity_ros_msgs/unity_ros_msgs/srv/detail
[5.324s] -- Installing: /home/yadhu/ur3e/src/install/unity_ros_msgs/include/unity_ros_msgs/unity_ros_msgs/srv/detail/ur_mover_service__traits.hpp
[5.324s] -- Installing: /home/yadhu/ur3e/src/install/unity_ros_msgs/include/unity_ros_msgs/unity_ros_msgs/srv/detail/ur_mover_service__struct.hpp
[5.324s] -- Installing: /home/yadhu/ur3e/src/install/unity_ros_msgs/include/unity_ros_msgs/unity_ros_msgs/srv/detail/ur_mover_service__builder.hpp
[5.324s] -- Installing: /home/yadhu/ur3e/src/install/unity_ros_msgs/include/unity_ros_msgs/unity_ros_msgs/srv/ur_mover_service.hpp
[5.324s] -- Up-to-date: /home/yadhu/ur3e/src/install/unity_ros_msgs/include/unity_ros_msgs/unity_ros_msgs
[5.324s] -- Up-to-date: /home/yadhu/ur3e/src/install/unity_ros_msgs/include/unity_ros_msgs/unity_ros_msgs/msg
[5.324s] -- Installing: /home/yadhu/ur3e/src/install/unity_ros_msgs/include/unity_ros_msgs/unity_ros_msgs/msg/rosidl_typesupport_fastrtps_cpp__visibility_control.h
[5.324s] -- Up-to-date: /home/yadhu/ur3e/src/install/unity_ros_msgs/include/unity_ros_msgs/unity_ros_msgs/msg/detail
[5.325s] -- Installing: /home/yadhu/ur3e/src/install/unity_ros_msgs/include/unity_ros_msgs/unity_ros_msgs/msg/detail/ur3e_moveit_joints__rosidl_typesupport_fastrtps_cpp.hpp
[5.325s] -- Installing: /home/yadhu/ur3e/src/install/unity_ros_msgs/include/unity_ros_msgs/unity_ros_msgs/msg/detail/dds_fastrtps
[5.325s] -- Installing: /home/yadhu/ur3e/src/install/unity_ros_msgs/include/unity_ros_msgs/unity_ros_msgs/msg/detail/ur3e_trajectory__rosidl_typesupport_fastrtps_cpp.hpp
[5.325s] -- Installing: /home/yadhu/ur3e/src/install/unity_ros_msgs/include/unity_ros_msgs/unity_ros_msgs/msg/detail/ur3e_gripper__rosidl_typesupport_fastrtps_cpp.hpp
[5.325s] -- Up-to-date: /home/yadhu/ur3e/src/install/unity_ros_msgs/include/unity_ros_msgs/unity_ros_msgs/srv
[5.325s] -- Up-to-date: /home/yadhu/ur3e/src/install/unity_ros_msgs/include/unity_ros_msgs/unity_ros_msgs/srv/detail
[5.325s] -- Installing: /home/yadhu/ur3e/src/install/unity_ros_msgs/include/unity_ros_msgs/unity_ros_msgs/srv/detail/ur_mover_service__rosidl_typesupport_fastrtps_cpp.hpp
[5.325s] -- Installing: /home/yadhu/ur3e/src/install/unity_ros_msgs/include/unity_ros_msgs/unity_ros_msgs/srv/detail/dds_fastrtps
[5.325s] -- Installing: /home/yadhu/ur3e/src/install/unity_ros_msgs/lib/libunity_ros_msgs__rosidl_typesupport_fastrtps_cpp.so
[5.325s] -- Set runtime path of "/home/yadhu/ur3e/src/install/unity_ros_msgs/lib/libunity_ros_msgs__rosidl_typesupport_fastrtps_cpp.so" to ""
[5.325s] -- Up-to-date: /home/yadhu/ur3e/src/install/unity_ros_msgs/include/unity_ros_msgs/unity_ros_msgs
[5.325s] -- Up-to-date: /home/yadhu/ur3e/src/install/unity_ros_msgs/include/unity_ros_msgs/unity_ros_msgs/msg
[5.325s] -- Up-to-date: /home/yadhu/ur3e/src/install/unity_ros_msgs/include/unity_ros_msgs/unity_ros_msgs/msg/detail
[5.325s] -- Installing: /home/yadhu/ur3e/src/install/unity_ros_msgs/include/unity_ros_msgs/unity_ros_msgs/msg/detail/ur3e_trajectory__rosidl_typesupport_introspection_cpp.hpp
[5.325s] -- Installing: /home/yadhu/ur3e/src/install/unity_ros_msgs/include/unity_ros_msgs/unity_ros_msgs/msg/detail/ur3e_trajectory__type_support.cpp
[5.325s] -- Installing: /home/yadhu/ur3e/src/install/unity_ros_msgs/include/unity_ros_msgs/unity_ros_msgs/msg/detail/ur3e_gripper__type_support.cpp
[5.325s] -- Installing: /home/yadhu/ur3e/src/install/unity_ros_msgs/include/unity_ros_msgs/unity_ros_msgs/msg/detail/ur3e_moveit_joints__type_support.cpp
[5.325s] -- Installing: /home/yadhu/ur3e/src/install/unity_ros_msgs/include/unity_ros_msgs/unity_ros_msgs/msg/detail/ur3e_moveit_joints__rosidl_typesupport_introspection_cpp.hpp
[5.326s] -- Installing: /home/yadhu/ur3e/src/install/unity_ros_msgs/include/unity_ros_msgs/unity_ros_msgs/msg/detail/ur3e_gripper__rosidl_typesupport_introspection_cpp.hpp
[5.326s] -- Up-to-date: /home/yadhu/ur3e/src/install/unity_ros_msgs/include/unity_ros_msgs/unity_ros_msgs/srv
[5.326s] -- Up-to-date: /home/yadhu/ur3e/src/install/unity_ros_msgs/include/unity_ros_msgs/unity_ros_msgs/srv/detail
[5.326s] -- Installing: /home/yadhu/ur3e/src/install/unity_ros_msgs/include/unity_ros_msgs/unity_ros_msgs/srv/detail/ur_mover_service__type_support.cpp
[5.326s] -- Installing: /home/yadhu/ur3e/src/install/unity_ros_msgs/include/unity_ros_msgs/unity_ros_msgs/srv/detail/ur_mover_service__rosidl_typesupport_introspection_cpp.hpp
[5.326s] -- Installing: /home/yadhu/ur3e/src/install/unity_ros_msgs/lib/libunity_ros_msgs__rosidl_typesupport_introspection_cpp.so
[5.326s] -- Set runtime path of "/home/yadhu/ur3e/src/install/unity_ros_msgs/lib/libunity_ros_msgs__rosidl_typesupport_introspection_cpp.so" to ""
[5.326s] -- Installing: /home/yadhu/ur3e/src/install/unity_ros_msgs/lib/libunity_ros_msgs__rosidl_typesupport_cpp.so
[5.326s] -- Set runtime path of "/home/yadhu/ur3e/src/install/unity_ros_msgs/lib/libunity_ros_msgs__rosidl_typesupport_cpp.so" to ""
[5.326s] -- Installing: /home/yadhu/ur3e/src/install/unity_ros_msgs/share/unity_ros_msgs/environment/pythonpath.sh
[5.326s] -- Installing: /home/yadhu/ur3e/src/install/unity_ros_msgs/share/unity_ros_msgs/environment/pythonpath.dsv
[5.326s] -- Installing: /home/yadhu/ur3e/src/install/unity_ros_msgs/local/lib/python3.10/dist-packages/unity_ros_msgs-0.0.0-py3.10.egg-info
[5.326s] -- Installing: /home/yadhu/ur3e/src/install/unity_ros_msgs/local/lib/python3.10/dist-packages/unity_ros_msgs-0.0.0-py3.10.egg-info/top_level.txt
[5.326s] -- Installing: /home/yadhu/ur3e/src/install/unity_ros_msgs/local/lib/python3.10/dist-packages/unity_ros_msgs-0.0.0-py3.10.egg-info/PKG-INFO
[5.326s] -- Installing: /home/yadhu/ur3e/src/install/unity_ros_msgs/local/lib/python3.10/dist-packages/unity_ros_msgs-0.0.0-py3.10.egg-info/dependency_links.txt
[5.326s] -- Installing: /home/yadhu/ur3e/src/install/unity_ros_msgs/local/lib/python3.10/dist-packages/unity_ros_msgs-0.0.0-py3.10.egg-info/SOURCES.txt
[5.326s] -- Installing: /home/yadhu/ur3e/src/install/unity_ros_msgs/local/lib/python3.10/dist-packages/unity_ros_msgs
[5.326s] -- Installing: /home/yadhu/ur3e/src/install/unity_ros_msgs/local/lib/python3.10/dist-packages/unity_ros_msgs/_unity_ros_msgs_s.ep.rosidl_typesupport_c.c
[5.326s] -- Installing: /home/yadhu/ur3e/src/install/unity_ros_msgs/local/lib/python3.10/dist-packages/unity_ros_msgs/unity_ros_msgs_s__rosidl_typesupport_c.cpython-310-x86_64-linux-gnu.so
[5.327s] -- Installing: /home/yadhu/ur3e/src/install/unity_ros_msgs/local/lib/python3.10/dist-packages/unity_ros_msgs/msg
[5.327s] -- Installing: /home/yadhu/ur3e/src/install/unity_ros_msgs/local/lib/python3.10/dist-packages/unity_ros_msgs/msg/_ur3e_gripper_s.c
[5.327s] -- Installing: /home/yadhu/ur3e/src/install/unity_ros_msgs/local/lib/python3.10/dist-packages/unity_ros_msgs/msg/_ur3e_moveit_joints_s.c
[5.327s] -- Installing: /home/yadhu/ur3e/src/install/unity_ros_msgs/local/lib/python3.10/dist-packages/unity_ros_msgs/msg/_ur3e_moveit_joints.py
[5.327s] -- Installing: /home/yadhu/ur3e/src/install/unity_ros_msgs/local/lib/python3.10/dist-packages/unity_ros_msgs/msg/_ur3e_gripper.py
[5.327s] -- Installing: /home/yadhu/ur3e/src/install/unity_ros_msgs/local/lib/python3.10/dist-packages/unity_ros_msgs/msg/_ur3e_trajectory.py
[5.327s] -- Installing: /home/yadhu/ur3e/src/install/unity_ros_msgs/local/lib/python3.10/dist-packages/unity_ros_msgs/msg/__init__.py
[5.327s] -- Installing: /home/yadhu/ur3e/src/install/unity_ros_msgs/local/lib/python3.10/dist-packages/unity_ros_msgs/msg/_ur3e_trajectory_s.c
[5.327s] -- Installing: /home/yadhu/ur3e/src/install/unity_ros_msgs/local/lib/python3.10/dist-packages/unity_ros_msgs/srv
[5.327s] -- Installing: /home/yadhu/ur3e/src/install/unity_ros_msgs/local/lib/python3.10/dist-packages/unity_ros_msgs/srv/_ur_mover_service_s.c
[5.327s] -- Installing: /home/yadhu/ur3e/src/install/unity_ros_msgs/local/lib/python3.10/dist-packages/unity_ros_msgs/srv/_ur_mover_service.py
[5.327s] -- Installing: /home/yadhu/ur3e/src/install/unity_ros_msgs/local/lib/python3.10/dist-packages/unity_ros_msgs/srv/__init__.py
[5.327s] -- Installing: /home/yadhu/ur3e/src/install/unity_ros_msgs/local/lib/python3.10/dist-packages/unity_ros_msgs/_unity_ros_msgs_s.ep.rosidl_typesupport_fastrtps_c.c
[5.327s] -- Installing: /home/yadhu/ur3e/src/install/unity_ros_msgs/local/lib/python3.10/dist-packages/unity_ros_msgs/_unity_ros_msgs_s.ep.rosidl_typesupport_introspection_c.c
[5.327s] -- Installing: /home/yadhu/ur3e/src/install/unity_ros_msgs/local/lib/python3.10/dist-packages/unity_ros_msgs/__init__.py
[5.327s] -- Installing: /home/yadhu/ur3e/src/install/unity_ros_msgs/local/lib/python3.10/dist-packages/unity_ros_msgs/libunity_ros_msgs__rosidl_generator_py.so
[5.327s] -- Installing: /home/yadhu/ur3e/src/install/unity_ros_msgs/local/lib/python3.10/dist-packages/unity_ros_msgs/unity_ros_msgs_s__rosidl_typesupport_fastrtps_c.cpython-310-x86_64-linux-gnu.so
[5.328s] -- Installing: /home/yadhu/ur3e/src/install/unity_ros_msgs/local/lib/python3.10/dist-packages/unity_ros_msgs/unity_ros_msgs_s__rosidl_typesupport_introspection_c.cpython-310-x86_64-linux-gnu.so
[5.362s] Listing '/home/yadhu/ur3e/src/install/unity_ros_msgs/local/lib/python3.10/dist-packages/unity_ros_msgs'...
[5.362s] Compiling '/home/yadhu/ur3e/src/install/unity_ros_msgs/local/lib/python3.10/dist-packages/unity_ros_msgs/__init__.py'...
[5.362s] Listing '/home/yadhu/ur3e/src/install/unity_ros_msgs/local/lib/python3.10/dist-packages/unity_ros_msgs/msg'...
[5.363s] Compiling '/home/yadhu/ur3e/src/install/unity_ros_msgs/local/lib/python3.10/dist-packages/unity_ros_msgs/msg/__init__.py'...
[5.363s] Compiling '/home/yadhu/ur3e/src/install/unity_ros_msgs/local/lib/python3.10/dist-packages/unity_ros_msgs/msg/_ur3e_gripper.py'...
[5.363s] Compiling '/home/yadhu/ur3e/src/install/unity_ros_msgs/local/lib/python3.10/dist-packages/unity_ros_msgs/msg/_ur3e_moveit_joints.py'...
[5.363s] Compiling '/home/yadhu/ur3e/src/install/unity_ros_msgs/local/lib/python3.10/dist-packages/unity_ros_msgs/msg/_ur3e_trajectory.py'...
[5.363s] Listing '/home/yadhu/ur3e/src/install/unity_ros_msgs/local/lib/python3.10/dist-packages/unity_ros_msgs/srv'...
[5.363s] Compiling '/home/yadhu/ur3e/src/install/unity_ros_msgs/local/lib/python3.10/dist-packages/unity_ros_msgs/srv/__init__.py'...
[5.363s] Compiling '/home/yadhu/ur3e/src/install/unity_ros_msgs/local/lib/python3.10/dist-packages/unity_ros_msgs/srv/_ur_mover_service.py'...
[5.366s] -- Installing: /home/yadhu/ur3e/src/install/unity_ros_msgs/local/lib/python3.10/dist-packages/unity_ros_msgs/unity_ros_msgs_s__rosidl_typesupport_fastrtps_c.cpython-310-x86_64-linux-gnu.so
[5.366s] -- Set runtime path of "/home/yadhu/ur3e/src/install/unity_ros_msgs/local/lib/python3.10/dist-packages/unity_ros_msgs/unity_ros_msgs_s__rosidl_typesupport_fastrtps_c.cpython-310-x86_64-linux-gnu.so" to ""
[5.366s] -- Installing: /home/yadhu/ur3e/src/install/unity_ros_msgs/local/lib/python3.10/dist-packages/unity_ros_msgs/unity_ros_msgs_s__rosidl_typesupport_introspection_c.cpython-310-x86_64-linux-gnu.so
[5.366s] -- Set runtime path of "/home/yadhu/ur3e/src/install/unity_ros_msgs/local/lib/python3.10/dist-packages/unity_ros_msgs/unity_ros_msgs_s__rosidl_typesupport_introspection_c.cpython-310-x86_64-linux-gnu.so" to ""
[5.366s] -- Installing: /home/yadhu/ur3e/src/install/unity_ros_msgs/local/lib/python3.10/dist-packages/unity_ros_msgs/unity_ros_msgs_s__rosidl_typesupport_c.cpython-310-x86_64-linux-gnu.so
[5.366s] -- Set runtime path of "/home/yadhu/ur3e/src/install/unity_ros_msgs/local/lib/python3.10/dist-packages/unity_ros_msgs/unity_ros_msgs_s__rosidl_typesupport_c.cpython-310-x86_64-linux-gnu.so" to ""
[5.367s] -- Installing: /home/yadhu/ur3e/src/install/unity_ros_msgs/lib/libunity_ros_msgs__rosidl_generator_py.so
[5.367s] -- Set runtime path of "/home/yadhu/ur3e/src/install/unity_ros_msgs/lib/libunity_ros_msgs__rosidl_generator_py.so" to ""
[5.367s] -- Installing: /home/yadhu/ur3e/src/install/unity_ros_msgs/share/unity_ros_msgs/msg/UR3eGripper.idl
[5.367s] -- Installing: /home/yadhu/ur3e/src/install/unity_ros_msgs/share/unity_ros_msgs/msg/UR3eMoveitJoints.idl
[5.367s] -- Installing: /home/yadhu/ur3e/src/install/unity_ros_msgs/share/unity_ros_msgs/msg/UR3eTrajectory.idl
[5.367s] -- Installing: /home/yadhu/ur3e/src/install/unity_ros_msgs/share/unity_ros_msgs/srv/UrMoverService.idl
[5.367s] -- Installing: /home/yadhu/ur3e/src/install/unity_ros_msgs/share/unity_ros_msgs/msg/UR3eGripper.msg
[5.367s] -- Installing: /home/yadhu/ur3e/src/install/unity_ros_msgs/share/unity_ros_msgs/msg/UR3eMoveitJoints.msg
[5.367s] -- Installing: /home/yadhu/ur3e/src/install/unity_ros_msgs/share/unity_ros_msgs/msg/UR3eTrajectory.msg
[5.367s] -- Installing: /home/yadhu/ur3e/src/install/unity_ros_msgs/share/unity_ros_msgs/srv/UrMoverService.srv
[5.368s] -- Installing: /home/yadhu/ur3e/src/install/unity_ros_msgs/share/unity_ros_msgs/srv/UrMoverService_Request.msg
[5.368s] -- Installing: /home/yadhu/ur3e/src/install/unity_ros_msgs/share/unity_ros_msgs/srv/UrMoverService_Response.msg
[5.368s] -- Installing: /home/yadhu/ur3e/src/install/unity_ros_msgs/share/ament_index/resource_index/package_run_dependencies/unity_ros_msgs
[5.368s] -- Installing: /home/yadhu/ur3e/src/install/unity_ros_msgs/share/ament_index/resource_index/parent_prefix_path/unity_ros_msgs
[5.368s] -- Installing: /home/yadhu/ur3e/src/install/unity_ros_msgs/share/unity_ros_msgs/environment/ament_prefix_path.sh
[5.368s] -- Installing: /home/yadhu/ur3e/src/install/unity_ros_msgs/share/unity_ros_msgs/environment/ament_prefix_path.dsv
[5.368s] -- Installing: /home/yadhu/ur3e/src/install/unity_ros_msgs/share/unity_ros_msgs/environment/path.sh
[5.368s] -- Installing: /home/yadhu/ur3e/src/install/unity_ros_msgs/share/unity_ros_msgs/environment/path.dsv
[5.368s] -- Installing: /home/yadhu/ur3e/src/install/unity_ros_msgs/share/unity_ros_msgs/local_setup.bash
[5.368s] -- Installing: /home/yadhu/ur3e/src/install/unity_ros_msgs/share/unity_ros_msgs/local_setup.sh
[5.368s] -- Installing: /home/yadhu/ur3e/src/install/unity_ros_msgs/share/unity_ros_msgs/local_setup.zsh
[5.368s] -- Installing: /home/yadhu/ur3e/src/install/unity_ros_msgs/share/unity_ros_msgs/local_setup.dsv
[5.368s] -- Installing: /home/yadhu/ur3e/src/install/unity_ros_msgs/share/unity_ros_msgs/package.dsv
[5.369s] -- Installing: /home/yadhu/ur3e/src/install/unity_ros_msgs/share/ament_index/resource_index/packages/unity_ros_msgs
[5.369s] -- Installing: /home/yadhu/ur3e/src/install/unity_ros_msgs/share/unity_ros_msgs/cmake/export_unity_ros_msgs__rosidl_generator_cExport.cmake
[5.369s] -- Installing: /home/yadhu/ur3e/src/install/unity_ros_msgs/share/unity_ros_msgs/cmake/export_unity_ros_msgs__rosidl_generator_cExport-noconfig.cmake
[5.369s] -- Installing: /home/yadhu/ur3e/src/install/unity_ros_msgs/share/unity_ros_msgs/cmake/export_unity_ros_msgs__rosidl_typesupport_fastrtps_cExport.cmake
[5.369s] -- Installing: /home/yadhu/ur3e/src/install/unity_ros_msgs/share/unity_ros_msgs/cmake/export_unity_ros_msgs__rosidl_typesupport_fastrtps_cExport-noconfig.cmake
[5.369s] -- Installing: /home/yadhu/ur3e/src/install/unity_ros_msgs/share/unity_ros_msgs/cmake/unity_ros_msgs__rosidl_typesupport_introspection_cExport.cmake
[5.369s] -- Installing: /home/yadhu/ur3e/src/install/unity_ros_msgs/share/unity_ros_msgs/cmake/unity_ros_msgs__rosidl_typesupport_introspection_cExport-noconfig.cmake
[5.369s] -- Installing: /home/yadhu/ur3e/src/install/unity_ros_msgs/share/unity_ros_msgs/cmake/unity_ros_msgs__rosidl_typesupport_cExport.cmake
[5.369s] -- Installing: /home/yadhu/ur3e/src/install/unity_ros_msgs/share/unity_ros_msgs/cmake/unity_ros_msgs__rosidl_typesupport_cExport-noconfig.cmake
[5.369s] -- Installing: /home/yadhu/ur3e/src/install/unity_ros_msgs/share/unity_ros_msgs/cmake/export_unity_ros_msgs__rosidl_generator_cppExport.cmake
[5.369s] -- Installing: /home/yadhu/ur3e/src/install/unity_ros_msgs/share/unity_ros_msgs/cmake/export_unity_ros_msgs__rosidl_typesupport_fastrtps_cppExport.cmake
[5.369s] -- Installing: /home/yadhu/ur3e/src/install/unity_ros_msgs/share/unity_ros_msgs/cmake/export_unity_ros_msgs__rosidl_typesupport_fastrtps_cppExport-noconfig.cmake
[5.369s] -- Installing: /home/yadhu/ur3e/src/install/unity_ros_msgs/share/unity_ros_msgs/cmake/unity_ros_msgs__rosidl_typesupport_introspection_cppExport.cmake
[5.370s] -- Installing: /home/yadhu/ur3e/src/install/unity_ros_msgs/share/unity_ros_msgs/cmake/unity_ros_msgs__rosidl_typesupport_introspection_cppExport-noconfig.cmake
[5.370s] -- Installing: /home/yadhu/ur3e/src/install/unity_ros_msgs/share/unity_ros_msgs/cmake/unity_ros_msgs__rosidl_typesupport_cppExport.cmake
[5.370s] -- Installing: /home/yadhu/ur3e/src/install/unity_ros_msgs/share/unity_ros_msgs/cmake/unity_ros_msgs__rosidl_typesupport_cppExport-noconfig.cmake
[5.370s] -- Installing: /home/yadhu/ur3e/src/install/unity_ros_msgs/share/unity_ros_msgs/cmake/export_unity_ros_msgs__rosidl_generator_pyExport.cmake
[5.370s] -- Installing: /home/yadhu/ur3e/src/install/unity_ros_msgs/share/unity_ros_msgs/cmake/export_unity_ros_msgs__rosidl_generator_pyExport-noconfig.cmake
[5.370s] -- Installing: /home/yadhu/ur3e/src/install/unity_ros_msgs/share/unity_ros_msgs/cmake/rosidl_cmake-extras.cmake
[5.370s] -- Installing: /home/yadhu/ur3e/src/install/unity_ros_msgs/share/unity_ros_msgs/cmake/ament_cmake_export_dependencies-extras.cmake
[5.370s] -- Installing: /home/yadhu/ur3e/src/install/unity_ros_msgs/share/unity_ros_msgs/cmake/ament_cmake_export_include_directories-extras.cmake
[5.370s] -- Installing: /home/yadhu/ur3e/src/install/unity_ros_msgs/share/unity_ros_msgs/cmake/ament_cmake_export_libraries-extras.cmake
[5.370s] -- Installing: /home/yadhu/ur3e/src/install/unity_ros_msgs/share/unity_ros_msgs/cmake/ament_cmake_export_targets-extras.cmake
[5.370s] -- Installing: /home/yadhu/ur3e/src/install/unity_ros_msgs/share/unity_ros_msgs/cmake/rosidl_cmake_export_typesupport_targets-extras.cmake
[5.370s] -- Installing: /home/yadhu/ur3e/src/install/unity_ros_msgs/share/unity_ros_msgs/cmake/rosidl_cmake_export_typesupport_libraries-extras.cmake
[5.370s] -- Installing: /home/yadhu/ur3e/src/install/unity_ros_msgs/share/unity_ros_msgs/cmake/unity_ros_msgsConfig.cmake
[5.370s] -- Installing: /home/yadhu/ur3e/src/install/unity_ros_msgs/share/unity_ros_msgs/cmake/unity_ros_msgsConfig-version.cmake
[5.370s] -- Installing: /home/yadhu/ur3e/src/install/unity_ros_msgs/share/unity_ros_msgs/package.xml
[5.372s] Invoked command in '/home/yadhu/ur3e/src/build/unity_ros_msgs' returned '0': AMENT_PREFIX_PATH=/home/yadhu/ur3e/src/install/moveit_msgs:${AMENT_PREFIX_PATH} CMAKE_PREFIX_PATH=/home/yadhu/ur3e/src/install/moveit_msgs:/opt/ros/humble LD_LIBRARY_PATH=/home/yadhu/ur3e/src/install/moveit_msgs/lib:${LD_LIBRARY_PATH} PYTHONPATH=/home/yadhu/ur3e/src/install/moveit_msgs/local/lib/python3.10/dist-packages:${PYTHONPATH} /usr/bin/cmake --install /home/yadhu/ur3e/src/build/unity_ros_msgs
