-- Install configuration: ""
-- Up-to-date: /home/yadhu/ur3e/install/ur_robot_driver/share/ur_robot_driver/config
-- Up-to-date: /home/yadhu/ur3e/install/ur_robot_driver/share/ur_robot_driver/config/ur_controllers.yaml
-- Up-to-date: /home/yadhu/ur3e/install/ur_robot_driver/share/ur_robot_driver/config/ur3e_update_rate.yaml
-- Up-to-date: /home/yadhu/ur3e/install/ur_robot_driver/share/ur_robot_driver/config/ur30_update_rate.yaml
-- Up-to-date: /home/yadhu/ur3e/install/ur_robot_driver/share/ur_robot_driver/config/test_velocity_goal_publishers_config.yaml
-- Up-to-date: /home/yadhu/ur3e/install/ur_robot_driver/share/ur_robot_driver/config/ur3_update_rate.yaml
-- Up-to-date: /home/yadhu/ur3e/install/ur_robot_driver/share/ur_robot_driver/config/test_goal_publishers_config.yaml
-- Up-to-date: /home/yadhu/ur3e/install/ur_robot_driver/share/ur_robot_driver/config/ur16e_update_rate.yaml
-- Up-to-date: /home/yadhu/ur3e/install/ur_robot_driver/share/ur_robot_driver/config/ur10e_update_rate.yaml
-- Up-to-date: /home/yadhu/ur3e/install/ur_robot_driver/share/ur_robot_driver/config/ur5_update_rate.yaml
-- Up-to-date: /home/yadhu/ur3e/install/ur_robot_driver/share/ur_robot_driver/config/ur20_update_rate.yaml
-- Up-to-date: /home/yadhu/ur3e/install/ur_robot_driver/share/ur_robot_driver/config/ur5e_update_rate.yaml
-- Up-to-date: /home/yadhu/ur3e/install/ur_robot_driver/share/ur_robot_driver/config/ur10_update_rate.yaml
-- Up-to-date: /home/yadhu/ur3e/install/ur_robot_driver/share/ur_robot_driver/include
-- Up-to-date: /home/yadhu/ur3e/install/ur_robot_driver/share/ur_robot_driver/include/ur_robot_driver
-- Up-to-date: /home/yadhu/ur3e/install/ur_robot_driver/share/ur_robot_driver/include/ur_robot_driver/hardware_interface.hpp
-- Up-to-date: /home/yadhu/ur3e/install/ur_robot_driver/share/ur_robot_driver/include/ur_robot_driver/dashboard_client_ros.hpp
-- Up-to-date: /home/yadhu/ur3e/install/ur_robot_driver/share/ur_robot_driver/include/ur_robot_driver/controller_stopper.hpp
-- Up-to-date: /home/yadhu/ur3e/install/ur_robot_driver/share/ur_robot_driver/include/ur_robot_driver/urcl_log_handler.hpp
-- Up-to-date: /home/yadhu/ur3e/install/ur_robot_driver/share/ur_robot_driver/src
-- Up-to-date: /home/yadhu/ur3e/install/ur_robot_driver/share/ur_robot_driver/src/ur_ros2_control_node.cpp
-- Up-to-date: /home/yadhu/ur3e/install/ur_robot_driver/share/ur_robot_driver/src/dashboard_client_node.cpp
-- Up-to-date: /home/yadhu/ur3e/install/ur_robot_driver/share/ur_robot_driver/src/controller_stopper.cpp
-- Up-to-date: /home/yadhu/ur3e/install/ur_robot_driver/share/ur_robot_driver/src/controller_stopper_node.cpp
-- Up-to-date: /home/yadhu/ur3e/install/ur_robot_driver/share/ur_robot_driver/src/urscript_interface.cpp
-- Up-to-date: /home/yadhu/ur3e/install/ur_robot_driver/share/ur_robot_driver/src/hardware_interface.cpp
-- Up-to-date: /home/yadhu/ur3e/install/ur_robot_driver/share/ur_robot_driver/src/urcl_log_handler.cpp
-- Up-to-date: /home/yadhu/ur3e/install/ur_robot_driver/share/ur_robot_driver/src/dashboard_client_ros.cpp
-- Up-to-date: /home/yadhu/ur3e/install/ur_robot_driver/share/ur_robot_driver/launch
-- Installing: /home/yadhu/ur3e/install/ur_robot_driver/share/ur_robot_driver/launch/controller.launch.py
-- Up-to-date: /home/yadhu/ur3e/install/ur_robot_driver/share/ur_robot_driver/launch/ur_control.launch.py
-- Up-to-date: /home/yadhu/ur3e/install/ur_robot_driver/share/ur_robot_driver/launch/test_joint_trajectory_controller.launch.py
-- Up-to-date: /home/yadhu/ur3e/install/ur_robot_driver/share/ur_robot_driver/launch/ur_dashboard_client.launch.py
-- Up-to-date: /home/yadhu/ur3e/install/ur_robot_driver/share/ur_robot_driver/launch/test_forward_velocity_controller.launch.py
-- Up-to-date: /home/yadhu/ur3e/install/ur_robot_driver/share/ur_robot_driver/launch/test_scaled_joint_trajectory_controller.launch.py
-- Up-to-date: /home/yadhu/ur3e/install/ur_robot_driver/share/ur_robot_driver/launch/ur3e.launch.py
-- Up-to-date: /home/yadhu/ur3e/install/ur_robot_driver/share/ur_robot_driver/ur_robot_driver
-- Up-to-date: /home/yadhu/ur3e/install/ur_robot_driver/share/ur_robot_driver/ur_robot_driver/__init__.py
-- Up-to-date: /home/yadhu/ur3e/install/ur_robot_driver/share/ament_index/resource_index/package_run_dependencies/ur_robot_driver
-- Up-to-date: /home/yadhu/ur3e/install/ur_robot_driver/share/ament_index/resource_index/parent_prefix_path/ur_robot_driver
-- Up-to-date: /home/yadhu/ur3e/install/ur_robot_driver/share/ur_robot_driver/environment/ament_prefix_path.sh
-- Up-to-date: /home/yadhu/ur3e/install/ur_robot_driver/share/ur_robot_driver/environment/ament_prefix_path.dsv
-- Up-to-date: /home/yadhu/ur3e/install/ur_robot_driver/share/ur_robot_driver/environment/path.sh
-- Up-to-date: /home/yadhu/ur3e/install/ur_robot_driver/share/ur_robot_driver/environment/path.dsv
-- Up-to-date: /home/yadhu/ur3e/install/ur_robot_driver/share/ur_robot_driver/local_setup.bash
-- Up-to-date: /home/yadhu/ur3e/install/ur_robot_driver/share/ur_robot_driver/local_setup.sh
-- Up-to-date: /home/yadhu/ur3e/install/ur_robot_driver/share/ur_robot_driver/local_setup.zsh
-- Up-to-date: /home/yadhu/ur3e/install/ur_robot_driver/share/ur_robot_driver/local_setup.dsv
-- Installing: /home/yadhu/ur3e/install/ur_robot_driver/share/ur_robot_driver/package.dsv
-- Up-to-date: /home/yadhu/ur3e/install/ur_robot_driver/share/ament_index/resource_index/packages/ur_robot_driver
-- Up-to-date: /home/yadhu/ur3e/install/ur_robot_driver/share/ur_robot_driver/cmake/ur_robot_driverConfig.cmake
-- Up-to-date: /home/yadhu/ur3e/install/ur_robot_driver/share/ur_robot_driver/cmake/ur_robot_driverConfig-version.cmake
-- Up-to-date: /home/yadhu/ur3e/install/ur_robot_driver/share/ur_robot_driver/package.xml
