[0.007s] Invoking command in '/home/yadhu/ur3e/build/ur3e_description': CMAKE_PREFIX_PATH=${CMAKE_PREFIX_PATH}:/opt/ros/humble /usr/bin/cmake /home/yadhu/ur3e/src/ur3e_description -DCMAKE_INSTALL_PREFIX=/home/yadhu/ur3e/install/ur3e_description
[0.016s] -- Found ament_cmake: 1.3.10 (/opt/ros/humble/share/ament_cmake/cmake)
[0.090s] -- Override CMake install command with custom implementation using symlinks instead of copying resources
[0.094s] -- Found ur3e_description: 0.0.0 (/home/yadhu/ur3e/install/ur3e_description/share/ur3e_description/cmake)
[0.094s] -- Found robotiq_description: 0.0.1 (/opt/ros/humble/share/robotiq_description/cmake)
[0.094s] -- Found ur_description: 2.1.8 (/opt/ros/humble/share/ur_description/cmake)
[0.095s] -- Found ament_lint_auto: 0.12.11 (/opt/ros/humble/share/ament_lint_auto/cmake)
[0.143s] -- Added test 'flake8' to check Python code syntax and style conventions
[0.143s] -- Added test 'lint_cmake' to check CMake code style
[0.143s] -- Added test 'pep257' to check Python code against some of the docstring style conventions in PEP 257
[0.143s] -- Added test 'xmllint' to check XML markup files
[0.144s] -- Configuring done
[0.145s] -- Generating done
[0.146s] -- Build files have been written to: /home/yadhu/ur3e/build/ur3e_description
[0.148s] Invoked command in '/home/yadhu/ur3e/build/ur3e_description' returned '0': CMAKE_PREFIX_PATH=${CMAKE_PREFIX_PATH}:/opt/ros/humble /usr/bin/cmake /home/yadhu/ur3e/src/ur3e_description -DCMAKE_INSTALL_PREFIX=/home/yadhu/ur3e/install/ur3e_description
[0.150s] Invoking command in '/home/yadhu/ur3e/build/ur3e_description': CMAKE_PREFIX_PATH=${CMAKE_PREFIX_PATH}:/opt/ros/humble /usr/bin/cmake --build /home/yadhu/ur3e/build/ur3e_description -- -j16 -l16
[0.172s] Invoked command in '/home/yadhu/ur3e/build/ur3e_description' returned '0': CMAKE_PREFIX_PATH=${CMAKE_PREFIX_PATH}:/opt/ros/humble /usr/bin/cmake --build /home/yadhu/ur3e/build/ur3e_description -- -j16 -l16
[0.194s] Invoking command in '/home/yadhu/ur3e/build/ur3e_description': CMAKE_PREFIX_PATH=${CMAKE_PREFIX_PATH}:/opt/ros/humble /usr/bin/cmake --install /home/yadhu/ur3e/build/ur3e_description
[0.199s] -- Install configuration: ""
[0.199s] -- Execute custom install script
[0.199s] -- Up-to-date symlink: /home/yadhu/ur3e/install/ur3e_description/share/ur3e_description/urdf/robotiq_gripper.urdf.xacro
[0.199s] -- Up-to-date symlink: /home/yadhu/ur3e/install/ur3e_description/share/ur3e_description/urdf/ur.ros2_controll.xacro
[0.199s] -- Up-to-date symlink: /home/yadhu/ur3e/install/ur3e_description/share/ur3e_description/urdf/ur.urdf.xacro
[0.200s] -- Up-to-date symlink: /home/yadhu/ur3e/install/ur3e_description/share/ur3e_description/urdf/ur3e.urdf.xacro
[0.200s] -- Up-to-date symlink: /home/yadhu/ur3e/install/ur3e_description/share/ur3e_description/launch/display.launch.py
[0.200s] -- Up-to-date symlink: /home/yadhu/ur3e/install/ur3e_description/share/ament_index/resource_index/package_run_dependencies/ur3e_description
[0.200s] -- Up-to-date symlink: /home/yadhu/ur3e/install/ur3e_description/share/ament_index/resource_index/parent_prefix_path/ur3e_description
[0.200s] -- Up-to-date symlink: /home/yadhu/ur3e/install/ur3e_description/share/ur3e_description/environment/ament_prefix_path.sh
[0.200s] -- Up-to-date symlink: /home/yadhu/ur3e/install/ur3e_description/share/ur3e_description/environment/ament_prefix_path.dsv
[0.200s] -- Up-to-date symlink: /home/yadhu/ur3e/install/ur3e_description/share/ur3e_description/environment/path.sh
[0.200s] -- Up-to-date symlink: /home/yadhu/ur3e/install/ur3e_description/share/ur3e_description/environment/path.dsv
[0.200s] -- Up-to-date symlink: /home/yadhu/ur3e/install/ur3e_description/share/ur3e_description/local_setup.bash
[0.200s] -- Up-to-date symlink: /home/yadhu/ur3e/install/ur3e_description/share/ur3e_description/local_setup.sh
[0.200s] -- Up-to-date symlink: /home/yadhu/ur3e/install/ur3e_description/share/ur3e_description/local_setup.zsh
[0.200s] -- Up-to-date symlink: /home/yadhu/ur3e/install/ur3e_description/share/ur3e_description/local_setup.dsv
[0.200s] -- Symlinking: /home/yadhu/ur3e/install/ur3e_description/share/ur3e_description/package.dsv
[0.206s] -- Up-to-date symlink: /home/yadhu/ur3e/install/ur3e_description/share/ament_index/resource_index/packages/ur3e_description
[0.206s] -- Up-to-date symlink: /home/yadhu/ur3e/install/ur3e_description/share/ur3e_description/cmake/ur3e_descriptionConfig.cmake
[0.206s] -- Up-to-date symlink: /home/yadhu/ur3e/install/ur3e_description/share/ur3e_description/cmake/ur3e_descriptionConfig-version.cmake
[0.206s] -- Up-to-date symlink: /home/yadhu/ur3e/install/ur3e_description/share/ur3e_description/package.xml
[0.207s] Invoked command in '/home/yadhu/ur3e/build/ur3e_description' returned '0': CMAKE_PREFIX_PATH=${CMAKE_PREFIX_PATH}:/opt/ros/humble /usr/bin/cmake --install /home/yadhu/ur3e/build/ur3e_description
