[0.005s] Invoking command in '/home/yadhu/ur3e/src/build/ur_description': AMENT_PREFIX_PATH=/home/yadhu/ur3e/src/install/robotiq_description:${AMENT_PREFIX_PATH} CMAKE_PREFIX_PATH=/home/yadhu/ur3e/src/install/robotiq_description:/opt/ros/humble /usr/bin/cmake --build /home/yadhu/ur3e/src/build/ur_description -- -j16 -l16
[0.034s] Invoked command in '/home/yadhu/ur3e/src/build/ur_description' returned '0': AMENT_PREFIX_PATH=/home/yadhu/ur3e/src/install/robotiq_description:${AMENT_PREFIX_PATH} CMAKE_PREFIX_PATH=/home/yadhu/ur3e/src/install/robotiq_description:/opt/ros/humble /usr/bin/cmake --build /home/yadhu/ur3e/src/build/ur_description -- -j16 -l16
[0.049s] Invoking command in '/home/yadhu/ur3e/src/build/ur_description': AMENT_PREFIX_PATH=/home/yadhu/ur3e/src/install/robotiq_description:${AMENT_PREFIX_PATH} CMAKE_PREFIX_PATH=/home/yadhu/ur3e/src/install/robotiq_description:/opt/ros/humble /usr/bin/cmake --install /home/yadhu/ur3e/src/build/ur_description
[0.055s] -- Install configuration: ""
[0.055s] -- Installing: /home/yadhu/ur3e/src/install/ur_description/share/ur_description/config
[0.055s] -- Installing: /home/yadhu/ur3e/src/install/ur_description/share/ur_description/config/ur_controllers.yaml
[0.056s] -- Installing: /home/yadhu/ur3e/src/install/ur_description/share/ur_description/config/ur10e
[0.056s] -- Installing: /home/yadhu/ur3e/src/install/ur_description/share/ur_description/config/ur10e/joint_limits.yaml
[0.056s] -- Installing: /home/yadhu/ur3e/src/install/ur_description/share/ur_description/config/ur10e/visual_parameters.yaml
[0.057s] -- Installing: /home/yadhu/ur3e/src/install/ur_description/share/ur_description/config/ur10e/physical_parameters.yaml
[0.057s] -- Installing: /home/yadhu/ur3e/src/install/ur_description/share/ur_description/config/ur10e/default_kinematics.yaml
[0.057s] -- Installing: /home/yadhu/ur3e/src/install/ur_description/share/ur_description/config/ur30
[0.057s] -- Installing: /home/yadhu/ur3e/src/install/ur_description/share/ur_description/config/ur30/joint_limits.yaml
[0.059s] -- Installing: /home/yadhu/ur3e/src/install/ur_description/share/ur_description/config/ur30/visual_parameters.yaml
[0.059s] -- Installing: /home/yadhu/ur3e/src/install/ur_description/share/ur_description/config/ur30/physical_parameters.yaml
[0.060s] -- Installing: /home/yadhu/ur3e/src/install/ur_description/share/ur_description/config/ur30/default_kinematics.yaml
[0.060s] -- Installing: /home/yadhu/ur3e/src/install/ur_description/share/ur_description/config/ur5e
[0.060s] -- Installing: /home/yadhu/ur3e/src/install/ur_description/share/ur_description/config/ur5e/joint_limits.yaml
[0.060s] -- Installing: /home/yadhu/ur3e/src/install/ur_description/share/ur_description/config/ur5e/visual_parameters.yaml
[0.060s] -- Installing: /home/yadhu/ur3e/src/install/ur_description/share/ur_description/config/ur5e/physical_parameters.yaml
[0.061s] -- Installing: /home/yadhu/ur3e/src/install/ur_description/share/ur_description/config/ur5e/default_kinematics.yaml
[0.061s] -- Installing: /home/yadhu/ur3e/src/install/ur_description/share/ur_description/config/ur5
[0.062s] -- Installing: /home/yadhu/ur3e/src/install/ur_description/share/ur_description/config/ur5/joint_limits.yaml
[0.062s] -- Installing: /home/yadhu/ur3e/src/install/ur_description/share/ur_description/config/ur5/visual_parameters.yaml
[0.063s] -- Installing: /home/yadhu/ur3e/src/install/ur_description/share/ur_description/config/ur5/physical_parameters.yaml
[0.063s] -- Installing: /home/yadhu/ur3e/src/install/ur_description/share/ur_description/config/ur5/default_kinematics.yaml
[0.063s] -- Installing: /home/yadhu/ur3e/src/install/ur_description/share/ur_description/config/ur3e
[0.063s] -- Installing: /home/yadhu/ur3e/src/install/ur_description/share/ur_description/config/ur3e/joint_limits.yaml
[0.064s] -- Installing: /home/yadhu/ur3e/src/install/ur_description/share/ur_description/config/ur3e/visual_parameters.yaml
[0.064s] -- Installing: /home/yadhu/ur3e/src/install/ur_description/share/ur_description/config/ur3e/physical_parameters.yaml
[0.064s] -- Installing: /home/yadhu/ur3e/src/install/ur_description/share/ur_description/config/ur3e/default_kinematics.yaml
[0.064s] -- Installing: /home/yadhu/ur3e/src/install/ur_description/share/ur_description/config/ur10
[0.064s] -- Installing: /home/yadhu/ur3e/src/install/ur_description/share/ur_description/config/ur10/joint_limits.yaml
[0.065s] -- Installing: /home/yadhu/ur3e/src/install/ur_description/share/ur_description/config/ur10/visual_parameters.yaml
[0.065s] -- Installing: /home/yadhu/ur3e/src/install/ur_description/share/ur_description/config/ur10/physical_parameters.yaml
[0.065s] -- Installing: /home/yadhu/ur3e/src/install/ur_description/share/ur_description/config/ur10/default_kinematics.yaml
[0.065s] -- Installing: /home/yadhu/ur3e/src/install/ur_description/share/ur_description/config/initial_positions.yaml
[0.066s] -- Installing: /home/yadhu/ur3e/src/install/ur_description/share/ur_description/config/ros2control_controllers.yaml
[0.066s] -- Installing: /home/yadhu/ur3e/src/install/ur_description/share/ur_description/config/ur20
[0.066s] -- Installing: /home/yadhu/ur3e/src/install/ur_description/share/ur_description/config/ur20/joint_limits.yaml
[0.066s] -- Installing: /home/yadhu/ur3e/src/install/ur_description/share/ur_description/config/ur20/visual_parameters.yaml
[0.067s] -- Installing: /home/yadhu/ur3e/src/install/ur_description/share/ur_description/config/ur20/physical_parameters.yaml
[0.067s] -- Installing: /home/yadhu/ur3e/src/install/ur_description/share/ur_description/config/ur20/default_kinematics.yaml
[0.067s] -- Installing: /home/yadhu/ur3e/src/install/ur_description/share/ur_description/config/ur3
[0.067s] -- Installing: /home/yadhu/ur3e/src/install/ur_description/share/ur_description/config/ur3/joint_limits.yaml
[0.067s] -- Installing: /home/yadhu/ur3e/src/install/ur_description/share/ur_description/config/ur3/visual_parameters.yaml
[0.068s] -- Installing: /home/yadhu/ur3e/src/install/ur_description/share/ur_description/config/ur3/physical_parameters.yaml
[0.068s] -- Installing: /home/yadhu/ur3e/src/install/ur_description/share/ur_description/config/ur3/default_kinematics.yaml
[0.068s] -- Installing: /home/yadhu/ur3e/src/install/ur_description/share/ur_description/config/ur16e
[0.068s] -- Installing: /home/yadhu/ur3e/src/install/ur_description/share/ur_description/config/ur16e/joint_limits.yaml
[0.068s] -- Installing: /home/yadhu/ur3e/src/install/ur_description/share/ur_description/config/ur16e/visual_parameters.yaml
[0.068s] -- Installing: /home/yadhu/ur3e/src/install/ur_description/share/ur_description/config/ur16e/physical_parameters.yaml
[0.068s] -- Installing: /home/yadhu/ur3e/src/install/ur_description/share/ur_description/config/ur16e/default_kinematics.yaml
[0.069s] -- Installing: /home/yadhu/ur3e/src/install/ur_description/share/ur_description/launch
[0.069s] -- Installing: /home/yadhu/ur3e/src/install/ur_description/share/ur_description/launch/gazebo.launch.py
[0.069s] -- Installing: /home/yadhu/ur3e/src/install/ur_description/share/ur_description/launch/rviz.launch.py
[0.069s] -- Installing: /home/yadhu/ur3e/src/install/ur_description/share/ur_description/meshes
[0.069s] -- Installing: /home/yadhu/ur3e/src/install/ur_description/share/ur_description/meshes/ur10e
[0.069s] -- Installing: /home/yadhu/ur3e/src/install/ur_description/share/ur_description/meshes/ur10e/collision
[0.070s] -- Installing: /home/yadhu/ur3e/src/install/ur_description/share/ur_description/meshes/ur10e/collision/wrist2.stl
[0.070s] -- Installing: /home/yadhu/ur3e/src/install/ur_description/share/ur_description/meshes/ur10e/collision/base.stl
[0.070s] -- Installing: /home/yadhu/ur3e/src/install/ur_description/share/ur_description/meshes/ur10e/collision/upperarm.stl
[0.071s] -- Installing: /home/yadhu/ur3e/src/install/ur_description/share/ur_description/meshes/ur10e/collision/forearm.stl
[0.072s] -- Installing: /home/yadhu/ur3e/src/install/ur_description/share/ur_description/meshes/ur10e/collision/wrist1.stl
[0.072s] -- Installing: /home/yadhu/ur3e/src/install/ur_description/share/ur_description/meshes/ur10e/collision/shoulder.stl
[0.072s] -- Installing: /home/yadhu/ur3e/src/install/ur_description/share/ur_description/meshes/ur10e/collision/wrist3.stl
[0.072s] -- Installing: /home/yadhu/ur3e/src/install/ur_description/share/ur_description/meshes/ur10e/visual
[0.072s] -- Installing: /home/yadhu/ur3e/src/install/ur_description/share/ur_description/meshes/ur10e/visual/wrist2.dae
[0.074s] -- Installing: /home/yadhu/ur3e/src/install/ur_description/share/ur_description/meshes/ur10e/visual/base.dae
[0.076s] -- Installing: /home/yadhu/ur3e/src/install/ur_description/share/ur_description/meshes/ur10e/visual/wrist3.dae
[0.076s] -- Installing: /home/yadhu/ur3e/src/install/ur_description/share/ur_description/meshes/ur10e/visual/upperarm.dae
[0.082s] -- Installing: /home/yadhu/ur3e/src/install/ur_description/share/ur_description/meshes/ur10e/visual/wrist1.dae
[0.084s] -- Installing: /home/yadhu/ur3e/src/install/ur_description/share/ur_description/meshes/ur10e/visual/forearm.dae
[0.086s] -- Installing: /home/yadhu/ur3e/src/install/ur_description/share/ur_description/meshes/ur10e/visual/shoulder.dae
[0.092s] -- Installing: /home/yadhu/ur3e/src/install/ur_description/share/ur_description/meshes/ur30
[0.092s] -- Installing: /home/yadhu/ur3e/src/install/ur_description/share/ur_description/meshes/ur30/LICENSE.txt
[0.092s] -- Installing: /home/yadhu/ur3e/src/install/ur_description/share/ur_description/meshes/ur30/collision
[0.092s] -- Installing: /home/yadhu/ur3e/src/install/ur_description/share/ur_description/meshes/ur30/collision/upperarm.stl
[0.092s] -- Installing: /home/yadhu/ur3e/src/install/ur_description/share/ur_description/meshes/ur30/collision/forearm.stl
[0.093s] -- Installing: /home/yadhu/ur3e/src/install/ur_description/share/ur_description/meshes/ur30/visual
[0.093s] -- Installing: /home/yadhu/ur3e/src/install/ur_description/share/ur_description/meshes/ur30/visual/UR30_DIFF_8bit_2K.png
[0.095s] -- Installing: /home/yadhu/ur3e/src/install/ur_description/share/ur_description/meshes/ur30/visual/upperarm.dae
[0.098s] -- Installing: /home/yadhu/ur3e/src/install/ur_description/share/ur_description/meshes/ur30/visual/forearm.dae
[0.099s] -- Installing: /home/yadhu/ur3e/src/install/ur_description/share/ur_description/meshes/ur5e
[0.099s] -- Installing: /home/yadhu/ur3e/src/install/ur_description/share/ur_description/meshes/ur5e/collision
[0.099s] -- Installing: /home/yadhu/ur3e/src/install/ur_description/share/ur_description/meshes/ur5e/collision/wrist2.stl
[0.099s] -- Installing: /home/yadhu/ur3e/src/install/ur_description/share/ur_description/meshes/ur5e/collision/base.stl
[0.099s] -- Installing: /home/yadhu/ur3e/src/install/ur_description/share/ur_description/meshes/ur5e/collision/upperarm.stl
[0.100s] -- Installing: /home/yadhu/ur3e/src/install/ur_description/share/ur_description/meshes/ur5e/collision/forearm.stl
[0.101s] -- Installing: /home/yadhu/ur3e/src/install/ur_description/share/ur_description/meshes/ur5e/collision/wrist1.stl
[0.101s] -- Installing: /home/yadhu/ur3e/src/install/ur_description/share/ur_description/meshes/ur5e/collision/shoulder.stl
[0.101s] -- Installing: /home/yadhu/ur3e/src/install/ur_description/share/ur_description/meshes/ur5e/collision/wrist3.stl
[0.102s] -- Installing: /home/yadhu/ur3e/src/install/ur_description/share/ur_description/meshes/ur5e/visual
[0.102s] -- Installing: /home/yadhu/ur3e/src/install/ur_description/share/ur_description/meshes/ur5e/visual/wrist2.dae
[0.106s] -- Installing: /home/yadhu/ur3e/src/install/ur_description/share/ur_description/meshes/ur5e/visual/base.dae
[0.107s] -- Installing: /home/yadhu/ur3e/src/install/ur_description/share/ur_description/meshes/ur5e/visual/wrist3.dae
[0.108s] -- Installing: /home/yadhu/ur3e/src/install/ur_description/share/ur_description/meshes/ur5e/visual/upperarm.dae
[0.113s] -- Installing: /home/yadhu/ur3e/src/install/ur_description/share/ur_description/meshes/ur5e/visual/wrist1.dae
[0.116s] -- Installing: /home/yadhu/ur3e/src/install/ur_description/share/ur_description/meshes/ur5e/visual/forearm.dae
[0.121s] -- Installing: /home/yadhu/ur3e/src/install/ur_description/share/ur_description/meshes/ur5e/visual/shoulder.dae
[0.125s] -- Installing: /home/yadhu/ur3e/src/install/ur_description/share/ur_description/meshes/ur5
[0.125s] -- Installing: /home/yadhu/ur3e/src/install/ur_description/share/ur_description/meshes/ur5/collision
[0.125s] -- Installing: /home/yadhu/ur3e/src/install/ur_description/share/ur_description/meshes/ur5/collision/wrist2.stl
[0.125s] -- Installing: /home/yadhu/ur3e/src/install/ur_description/share/ur_description/meshes/ur5/collision/base.stl
[0.126s] -- Installing: /home/yadhu/ur3e/src/install/ur_description/share/ur_description/meshes/ur5/collision/upperarm.stl
[0.126s] -- Installing: /home/yadhu/ur3e/src/install/ur_description/share/ur_description/meshes/ur5/collision/forearm.stl
[0.127s] -- Installing: /home/yadhu/ur3e/src/install/ur_description/share/ur_description/meshes/ur5/collision/wrist1.stl
[0.127s] -- Installing: /home/yadhu/ur3e/src/install/ur_description/share/ur_description/meshes/ur5/collision/shoulder.stl
[0.127s] -- Installing: /home/yadhu/ur3e/src/install/ur_description/share/ur_description/meshes/ur5/collision/wrist3.stl
[0.128s] -- Installing: /home/yadhu/ur3e/src/install/ur_description/share/ur_description/meshes/ur5/visual
[0.128s] -- Installing: /home/yadhu/ur3e/src/install/ur_description/share/ur_description/meshes/ur5/visual/wrist2.dae
[0.130s] -- Installing: /home/yadhu/ur3e/src/install/ur_description/share/ur_description/meshes/ur5/visual/base.dae
[0.131s] -- Installing: /home/yadhu/ur3e/src/install/ur_description/share/ur_description/meshes/ur5/visual/wrist3.dae
[0.132s] -- Installing: /home/yadhu/ur3e/src/install/ur_description/share/ur_description/meshes/ur5/visual/upperarm.dae
[0.135s] -- Installing: /home/yadhu/ur3e/src/install/ur_description/share/ur_description/meshes/ur5/visual/wrist1.dae
[0.138s] -- Installing: /home/yadhu/ur3e/src/install/ur_description/share/ur_description/meshes/ur5/visual/forearm.dae
[0.141s] -- Installing: /home/yadhu/ur3e/src/install/ur_description/share/ur_description/meshes/ur5/visual/shoulder.dae
[0.144s] -- Installing: /home/yadhu/ur3e/src/install/ur_description/share/ur_description/meshes/ur3e
[0.144s] -- Installing: /home/yadhu/ur3e/src/install/ur_description/share/ur_description/meshes/ur3e/collision
[0.144s] -- Installing: /home/yadhu/ur3e/src/install/ur_description/share/ur_description/meshes/ur3e/collision/wrist2.stl
[0.144s] -- Installing: /home/yadhu/ur3e/src/install/ur_description/share/ur_description/meshes/ur3e/collision/base.stl
[0.144s] -- Installing: /home/yadhu/ur3e/src/install/ur_description/share/ur_description/meshes/ur3e/collision/upperarm.stl
[0.145s] -- Installing: /home/yadhu/ur3e/src/install/ur_description/share/ur_description/meshes/ur3e/collision/forearm.stl
[0.145s] -- Installing: /home/yadhu/ur3e/src/install/ur_description/share/ur_description/meshes/ur3e/collision/wrist1.stl
[0.146s] -- Installing: /home/yadhu/ur3e/src/install/ur_description/share/ur_description/meshes/ur3e/collision/shoulder.stl
[0.146s] -- Installing: /home/yadhu/ur3e/src/install/ur_description/share/ur_description/meshes/ur3e/collision/wrist3.stl
[0.147s] -- Installing: /home/yadhu/ur3e/src/install/ur_description/share/ur_description/meshes/ur3e/visual
[0.147s] -- Installing: /home/yadhu/ur3e/src/install/ur_description/share/ur_description/meshes/ur3e/visual/wrist2.dae
[0.150s] -- Installing: /home/yadhu/ur3e/src/install/ur_description/share/ur_description/meshes/ur3e/visual/base.dae
[0.151s] -- Installing: /home/yadhu/ur3e/src/install/ur_description/share/ur_description/meshes/ur3e/visual/wrist3.dae
[0.152s] -- Installing: /home/yadhu/ur3e/src/install/ur_description/share/ur_description/meshes/ur3e/visual/upperarm.dae
[0.161s] -- Installing: /home/yadhu/ur3e/src/install/ur_description/share/ur_description/meshes/ur3e/visual/wrist1.dae
[0.166s] -- Installing: /home/yadhu/ur3e/src/install/ur_description/share/ur_description/meshes/ur3e/visual/forearm.dae
[0.168s] -- Installing: /home/yadhu/ur3e/src/install/ur_description/share/ur_description/meshes/ur3e/visual/shoulder.dae
[0.173s] -- Installing: /home/yadhu/ur3e/src/install/ur_description/share/ur_description/meshes/ur10
[0.174s] -- Installing: /home/yadhu/ur3e/src/install/ur_description/share/ur_description/meshes/ur10/collision
[0.174s] -- Installing: /home/yadhu/ur3e/src/install/ur_description/share/ur_description/meshes/ur10/collision/wrist2.stl
[0.174s] -- Installing: /home/yadhu/ur3e/src/install/ur_description/share/ur_description/meshes/ur10/collision/base.stl
[0.174s] -- Installing: /home/yadhu/ur3e/src/install/ur_description/share/ur_description/meshes/ur10/collision/upperarm.stl
[0.175s] -- Installing: /home/yadhu/ur3e/src/install/ur_description/share/ur_description/meshes/ur10/collision/forearm.stl
[0.175s] -- Installing: /home/yadhu/ur3e/src/install/ur_description/share/ur_description/meshes/ur10/collision/wrist1.stl
[0.175s] -- Installing: /home/yadhu/ur3e/src/install/ur_description/share/ur_description/meshes/ur10/collision/shoulder.stl
[0.175s] -- Installing: /home/yadhu/ur3e/src/install/ur_description/share/ur_description/meshes/ur10/collision/wrist3.stl
[0.176s] -- Installing: /home/yadhu/ur3e/src/install/ur_description/share/ur_description/meshes/ur10/visual
[0.176s] -- Installing: /home/yadhu/ur3e/src/install/ur_description/share/ur_description/meshes/ur10/visual/wrist2.dae
[0.180s] -- Installing: /home/yadhu/ur3e/src/install/ur_description/share/ur_description/meshes/ur10/visual/base.dae
[0.181s] -- Installing: /home/yadhu/ur3e/src/install/ur_description/share/ur_description/meshes/ur10/visual/wrist3.dae
[0.181s] -- Installing: /home/yadhu/ur3e/src/install/ur_description/share/ur_description/meshes/ur10/visual/upperarm.dae
[0.185s] -- Installing: /home/yadhu/ur3e/src/install/ur_description/share/ur_description/meshes/ur10/visual/wrist1.dae
[0.188s] -- Installing: /home/yadhu/ur3e/src/install/ur_description/share/ur_description/meshes/ur10/visual/forearm.dae
[0.193s] -- Installing: /home/yadhu/ur3e/src/install/ur_description/share/ur_description/meshes/ur10/visual/shoulder.dae
[0.195s] -- Installing: /home/yadhu/ur3e/src/install/ur_description/share/ur_description/meshes/ur20
[0.195s] -- Installing: /home/yadhu/ur3e/src/install/ur_description/share/ur_description/meshes/ur20/LICENSE.txt
[0.196s] -- Installing: /home/yadhu/ur3e/src/install/ur_description/share/ur_description/meshes/ur20/collision
[0.196s] -- Installing: /home/yadhu/ur3e/src/install/ur_description/share/ur_description/meshes/ur20/collision/wrist2.stl
[0.196s] -- Installing: /home/yadhu/ur3e/src/install/ur_description/share/ur_description/meshes/ur20/collision/base.stl
[0.197s] -- Installing: /home/yadhu/ur3e/src/install/ur_description/share/ur_description/meshes/ur20/collision/upperarm.stl
[0.198s] -- Installing: /home/yadhu/ur3e/src/install/ur_description/share/ur_description/meshes/ur20/collision/forearm.stl
[0.198s] -- Installing: /home/yadhu/ur3e/src/install/ur_description/share/ur_description/meshes/ur20/collision/wrist1.stl
[0.198s] -- Installing: /home/yadhu/ur3e/src/install/ur_description/share/ur_description/meshes/ur20/collision/shoulder.stl
[0.199s] -- Installing: /home/yadhu/ur3e/src/install/ur_description/share/ur_description/meshes/ur20/collision/wrist3.stl
[0.199s] -- Installing: /home/yadhu/ur3e/src/install/ur_description/share/ur_description/meshes/ur20/visual
[0.199s] -- Installing: /home/yadhu/ur3e/src/install/ur_description/share/ur_description/meshes/ur20/visual/wrist2.dae
[0.200s] -- Installing: /home/yadhu/ur3e/src/install/ur_description/share/ur_description/meshes/ur20/visual/base.dae
[0.201s] -- Installing: /home/yadhu/ur3e/src/install/ur_description/share/ur_description/meshes/ur20/visual/wrist3.dae
[0.203s] -- Installing: /home/yadhu/ur3e/src/install/ur_description/share/ur_description/meshes/ur20/visual/upperarm.dae
[0.204s] -- Installing: /home/yadhu/ur3e/src/install/ur_description/share/ur_description/meshes/ur20/visual/wrist1.dae
[0.206s] -- Installing: /home/yadhu/ur3e/src/install/ur_description/share/ur_description/meshes/ur20/visual/forearm.dae
[0.208s] -- Installing: /home/yadhu/ur3e/src/install/ur_description/share/ur_description/meshes/ur20/visual/UR20_DIFF_8bit_2K.png
[0.211s] -- Installing: /home/yadhu/ur3e/src/install/ur_description/share/ur_description/meshes/ur20/visual/shoulder.dae
[0.212s] -- Installing: /home/yadhu/ur3e/src/install/ur_description/share/ur_description/meshes/ur3
[0.212s] -- Installing: /home/yadhu/ur3e/src/install/ur_description/share/ur_description/meshes/ur3/collision
[0.212s] -- Installing: /home/yadhu/ur3e/src/install/ur_description/share/ur_description/meshes/ur3/collision/wrist2.stl
[0.214s] -- Installing: /home/yadhu/ur3e/src/install/ur_description/share/ur_description/meshes/ur3/collision/base.stl
[0.215s] -- Installing: /home/yadhu/ur3e/src/install/ur_description/share/ur_description/meshes/ur3/collision/upperarm.stl
[0.216s] -- Installing: /home/yadhu/ur3e/src/install/ur_description/share/ur_description/meshes/ur3/collision/forearm.stl
[0.216s] -- Installing: /home/yadhu/ur3e/src/install/ur_description/share/ur_description/meshes/ur3/collision/wrist1.stl
[0.217s] -- Installing: /home/yadhu/ur3e/src/install/ur_description/share/ur_description/meshes/ur3/collision/shoulder.stl
[0.218s] -- Installing: /home/yadhu/ur3e/src/install/ur_description/share/ur_description/meshes/ur3/collision/wrist3.stl
[0.218s] -- Installing: /home/yadhu/ur3e/src/install/ur_description/share/ur_description/meshes/ur3/visual
[0.218s] -- Installing: /home/yadhu/ur3e/src/install/ur_description/share/ur_description/meshes/ur3/visual/wrist2.dae
[0.220s] -- Installing: /home/yadhu/ur3e/src/install/ur_description/share/ur_description/meshes/ur3/visual/base.dae
[0.221s] -- Installing: /home/yadhu/ur3e/src/install/ur_description/share/ur_description/meshes/ur3/visual/wrist3.dae
[0.221s] -- Installing: /home/yadhu/ur3e/src/install/ur_description/share/ur_description/meshes/ur3/visual/upperarm.dae
[0.226s] -- Installing: /home/yadhu/ur3e/src/install/ur_description/share/ur_description/meshes/ur3/visual/wrist1.dae
[0.228s] -- Installing: /home/yadhu/ur3e/src/install/ur_description/share/ur_description/meshes/ur3/visual/forearm.dae
[0.229s] -- Installing: /home/yadhu/ur3e/src/install/ur_description/share/ur_description/meshes/ur3/visual/shoulder.dae
[0.233s] -- Installing: /home/yadhu/ur3e/src/install/ur_description/share/ur_description/meshes/ur16e
[0.233s] -- Installing: /home/yadhu/ur3e/src/install/ur_description/share/ur_description/meshes/ur16e/collision
[0.233s] -- Installing: /home/yadhu/ur3e/src/install/ur_description/share/ur_description/meshes/ur16e/collision/upperarm.stl
[0.233s] -- Installing: /home/yadhu/ur3e/src/install/ur_description/share/ur_description/meshes/ur16e/collision/forearm.stl
[0.234s] -- Installing: /home/yadhu/ur3e/src/install/ur_description/share/ur_description/meshes/ur16e/visual
[0.234s] -- Installing: /home/yadhu/ur3e/src/install/ur_description/share/ur_description/meshes/ur16e/visual/upperarm.dae
[0.241s] -- Installing: /home/yadhu/ur3e/src/install/ur_description/share/ur_description/meshes/ur16e/visual/forearm.dae
[0.243s] -- Installing: /home/yadhu/ur3e/src/install/ur_description/share/ur_description/rviz
[0.243s] -- Installing: /home/yadhu/ur3e/src/install/ur_description/share/ur_description/rviz/view_robot.rviz
[0.243s] -- Installing: /home/yadhu/ur3e/src/install/ur_description/share/ur_description/urdf
[0.243s] -- Installing: /home/yadhu/ur3e/src/install/ur_description/share/ur_description/urdf/ur.urdf
[0.244s] -- Installing: /home/yadhu/ur3e/src/install/ur_description/share/ur_description/urdf/ur.ros2_control.xacro
[0.244s] -- Installing: /home/yadhu/ur3e/src/install/ur_description/share/ur_description/urdf/ur.urdf.xacro
[0.244s] -- Installing: /home/yadhu/ur3e/src/install/ur_description/share/ur_description/urdf/initial_positions.yaml
[0.244s] -- Installing: /home/yadhu/ur3e/src/install/ur_description/share/ur_description/urdf/ur_gripper.xacro
[0.244s] -- Installing: /home/yadhu/ur3e/src/install/ur_description/share/ur_description/urdf/ur_macro.xacro
[0.244s] -- Installing: /home/yadhu/ur3e/src/install/ur_description/share/ur_description/urdf/inc
[0.244s] -- Installing: /home/yadhu/ur3e/src/install/ur_description/share/ur_description/urdf/inc/ur_common.xacro
[0.245s] -- Installing: /home/yadhu/ur3e/src/install/ur_description/share/ur_description/urdf/inc/ur_transmissions.xacro
[0.245s] -- Installing: /home/yadhu/ur3e/src/install/ur_description/share/ur_description/test
[0.245s] -- Installing: /home/yadhu/ur3e/src/install/ur_description/share/ur_description/test/test_ur_urdf_xacro.py
[0.245s] -- Installing: /home/yadhu/ur3e/src/install/ur_description/share/ur_description/test/test_view_ur_launch.py
[0.245s] -- Installing: /home/yadhu/ur3e/src/install/ur_description/share/ament_index/resource_index/package_run_dependencies/ur_description
[0.245s] -- Installing: /home/yadhu/ur3e/src/install/ur_description/share/ament_index/resource_index/parent_prefix_path/ur_description
[0.245s] -- Installing: /home/yadhu/ur3e/src/install/ur_description/share/ur_description/environment/ament_prefix_path.sh
[0.246s] -- Installing: /home/yadhu/ur3e/src/install/ur_description/share/ur_description/environment/ament_prefix_path.dsv
[0.246s] -- Installing: /home/yadhu/ur3e/src/install/ur_description/share/ur_description/environment/path.sh
[0.246s] -- Installing: /home/yadhu/ur3e/src/install/ur_description/share/ur_description/environment/path.dsv
[0.246s] -- Installing: /home/yadhu/ur3e/src/install/ur_description/share/ur_description/local_setup.bash
[0.246s] -- Installing: /home/yadhu/ur3e/src/install/ur_description/share/ur_description/local_setup.sh
[0.246s] -- Installing: /home/yadhu/ur3e/src/install/ur_description/share/ur_description/local_setup.zsh
[0.246s] -- Installing: /home/yadhu/ur3e/src/install/ur_description/share/ur_description/local_setup.dsv
[0.246s] -- Installing: /home/yadhu/ur3e/src/install/ur_description/share/ur_description/package.dsv
[0.246s] -- Installing: /home/yadhu/ur3e/src/install/ur_description/share/ament_index/resource_index/packages/ur_description
[0.247s] -- Installing: /home/yadhu/ur3e/src/install/ur_description/share/ur_description/cmake/ur_descriptionConfig.cmake
[0.247s] -- Installing: /home/yadhu/ur3e/src/install/ur_description/share/ur_description/cmake/ur_descriptionConfig-version.cmake
[0.247s] -- Installing: /home/yadhu/ur3e/src/install/ur_description/share/ur_description/package.xml
[0.248s] Invoked command in '/home/yadhu/ur3e/src/build/ur_description' returned '0': AMENT_PREFIX_PATH=/home/yadhu/ur3e/src/install/robotiq_description:${AMENT_PREFIX_PATH} CMAKE_PREFIX_PATH=/home/yadhu/ur3e/src/install/robotiq_description:/opt/ros/humble /usr/bin/cmake --install /home/yadhu/ur3e/src/build/ur_description
