[0.205s] Invoking command in '/home/yadhu/ur3e/build/ur_moveit_config': CMAKE_PREFIX_PATH=/home/yadhu/ur3e/install/ur_gripper_gazebo:/home/yadhu/ur3e/install/ur_description:/home/yadhu/ur3e/install/robotiq_description:/home/yadhu/ur3e/install/ur_moveit_config:/home/yadhu/ur3e/install/cppfile:/home/yadhu/ur3e/install/pyfile:/opt/ros/humble /usr/bin/cmake --build /home/yadhu/ur3e/build/ur_moveit_config -- -j16 -l16
[0.265s] Built target ament_cmake_python_copy_ur_moveit_config
[0.449s] running egg_info
[0.450s] writing ur_moveit_config.egg-info/PKG-INFO
[0.450s] writing dependency_links to ur_moveit_config.egg-info/dependency_links.txt
[0.450s] writing top-level names to ur_moveit_config.egg-info/top_level.txt
[0.452s] reading manifest file 'ur_moveit_config.egg-info/SOURCES.txt'
[0.452s] writing manifest file 'ur_moveit_config.egg-info/SOURCES.txt'
[0.476s] Built target ament_cmake_python_build_ur_moveit_config_egg
[0.485s] Invoked command in '/home/yadhu/ur3e/build/ur_moveit_config' returned '0': CMAKE_PREFIX_PATH=/home/yadhu/ur3e/install/ur_gripper_gazebo:/home/yadhu/ur3e/install/ur_description:/home/yadhu/ur3e/install/robotiq_description:/home/yadhu/ur3e/install/ur_moveit_config:/home/yadhu/ur3e/install/cppfile:/home/yadhu/ur3e/install/pyfile:/opt/ros/humble /usr/bin/cmake --build /home/yadhu/ur3e/build/ur_moveit_config -- -j16 -l16
[0.509s] Invoking command in '/home/yadhu/ur3e/build/ur_moveit_config': CMAKE_PREFIX_PATH=/home/yadhu/ur3e/install/ur_gripper_gazebo:/home/yadhu/ur3e/install/ur_description:/home/yadhu/ur3e/install/robotiq_description:/home/yadhu/ur3e/install/ur_moveit_config:/home/yadhu/ur3e/install/cppfile:/home/yadhu/ur3e/install/pyfile:/opt/ros/humble /usr/bin/cmake --install /home/yadhu/ur3e/build/ur_moveit_config
[0.516s] -- Install configuration: ""
[0.516s] -- Up-to-date: /home/yadhu/ur3e/install/ur_moveit_config/share/ur_moveit_config/config
[0.516s] -- Up-to-date: /home/yadhu/ur3e/install/ur_moveit_config/share/ur_moveit_config/config/controllers.yaml
[0.516s] -- Up-to-date: /home/yadhu/ur3e/install/ur_moveit_config/share/ur_moveit_config/config/kinematics.yaml
[0.516s] -- Up-to-date: /home/yadhu/ur3e/install/ur_moveit_config/share/ur_moveit_config/config/joint_limits.yaml
[0.516s] -- Up-to-date: /home/yadhu/ur3e/install/ur_moveit_config/share/ur_moveit_config/config/ur_servo.yaml
[0.516s] -- Up-to-date: /home/yadhu/ur3e/install/ur_moveit_config/share/ur_moveit_config/config/ompl_planning.yaml
[0.516s] -- Up-to-date: /home/yadhu/ur3e/install/ur_moveit_config/share/ur_moveit_config/launch
[0.516s] -- Up-to-date: /home/yadhu/ur3e/install/ur_moveit_config/share/ur_moveit_config/launch/ur_moveit.launch.py
[0.516s] -- Up-to-date: /home/yadhu/ur3e/install/ur_moveit_config/share/ur_moveit_config/rviz
[0.516s] -- Up-to-date: /home/yadhu/ur3e/install/ur_moveit_config/share/ur_moveit_config/rviz/view_robot.rviz
[0.516s] -- Up-to-date: /home/yadhu/ur3e/install/ur_moveit_config/share/ur_moveit_config/srdf
[0.516s] -- Up-to-date: /home/yadhu/ur3e/install/ur_moveit_config/share/ur_moveit_config/srdf/ur_macro.srdf.xacro
[0.516s] -- Up-to-date: /home/yadhu/ur3e/install/ur_moveit_config/share/ur_moveit_config/srdf/ur.srdf.xacro
[0.516s] -- Up-to-date: /home/yadhu/ur3e/install/ur_moveit_config/share/ur_moveit_config/environment/pythonpath.sh
[0.516s] -- Up-to-date: /home/yadhu/ur3e/install/ur_moveit_config/share/ur_moveit_config/environment/pythonpath.dsv
[0.516s] -- Up-to-date: /home/yadhu/ur3e/install/ur_moveit_config/local/lib/python3.10/dist-packages/ur_moveit_config-2.2.16-py3.10.egg-info
[0.516s] -- Installing: /home/yadhu/ur3e/install/ur_moveit_config/local/lib/python3.10/dist-packages/ur_moveit_config-2.2.16-py3.10.egg-info/top_level.txt
[0.516s] -- Installing: /home/yadhu/ur3e/install/ur_moveit_config/local/lib/python3.10/dist-packages/ur_moveit_config-2.2.16-py3.10.egg-info/PKG-INFO
[0.516s] -- Installing: /home/yadhu/ur3e/install/ur_moveit_config/local/lib/python3.10/dist-packages/ur_moveit_config-2.2.16-py3.10.egg-info/dependency_links.txt
[0.516s] -- Installing: /home/yadhu/ur3e/install/ur_moveit_config/local/lib/python3.10/dist-packages/ur_moveit_config-2.2.16-py3.10.egg-info/SOURCES.txt
[0.516s] -- Up-to-date: /home/yadhu/ur3e/install/ur_moveit_config/local/lib/python3.10/dist-packages/ur_moveit_config
[0.516s] -- Up-to-date: /home/yadhu/ur3e/install/ur_moveit_config/local/lib/python3.10/dist-packages/ur_moveit_config/launch_common.py
[0.516s] -- Up-to-date: /home/yadhu/ur3e/install/ur_moveit_config/local/lib/python3.10/dist-packages/ur_moveit_config/__init__.py
[0.544s] Listing '/home/yadhu/ur3e/install/ur_moveit_config/local/lib/python3.10/dist-packages/ur_moveit_config'...
[0.548s] -- Up-to-date: /home/yadhu/ur3e/install/ur_moveit_config/local/lib/python3.10/dist-packages/launch_common.py
[0.579s] -- Up-to-date: /home/yadhu/ur3e/install/ur_moveit_config/share/ament_index/resource_index/package_run_dependencies/ur_moveit_config
[0.579s] -- Up-to-date: /home/yadhu/ur3e/install/ur_moveit_config/share/ament_index/resource_index/parent_prefix_path/ur_moveit_config
[0.579s] -- Up-to-date: /home/yadhu/ur3e/install/ur_moveit_config/share/ur_moveit_config/environment/ament_prefix_path.sh
[0.579s] -- Up-to-date: /home/yadhu/ur3e/install/ur_moveit_config/share/ur_moveit_config/environment/ament_prefix_path.dsv
[0.579s] -- Up-to-date: /home/yadhu/ur3e/install/ur_moveit_config/share/ur_moveit_config/environment/path.sh
[0.579s] -- Up-to-date: /home/yadhu/ur3e/install/ur_moveit_config/share/ur_moveit_config/environment/path.dsv
[0.579s] -- Up-to-date: /home/yadhu/ur3e/install/ur_moveit_config/share/ur_moveit_config/local_setup.bash
[0.579s] -- Up-to-date: /home/yadhu/ur3e/install/ur_moveit_config/share/ur_moveit_config/local_setup.sh
[0.579s] -- Up-to-date: /home/yadhu/ur3e/install/ur_moveit_config/share/ur_moveit_config/local_setup.zsh
[0.579s] -- Up-to-date: /home/yadhu/ur3e/install/ur_moveit_config/share/ur_moveit_config/local_setup.dsv
[0.579s] -- Installing: /home/yadhu/ur3e/install/ur_moveit_config/share/ur_moveit_config/package.dsv
[0.579s] -- Up-to-date: /home/yadhu/ur3e/install/ur_moveit_config/share/ament_index/resource_index/packages/ur_moveit_config
[0.579s] -- Up-to-date: /home/yadhu/ur3e/install/ur_moveit_config/share/ur_moveit_config/cmake/ur_moveit_configConfig.cmake
[0.579s] -- Up-to-date: /home/yadhu/ur3e/install/ur_moveit_config/share/ur_moveit_config/cmake/ur_moveit_configConfig-version.cmake
[0.579s] -- Up-to-date: /home/yadhu/ur3e/install/ur_moveit_config/share/ur_moveit_config/package.xml
[0.581s] Invoked command in '/home/yadhu/ur3e/build/ur_moveit_config' returned '0': CMAKE_PREFIX_PATH=/home/yadhu/ur3e/install/ur_gripper_gazebo:/home/yadhu/ur3e/install/ur_description:/home/yadhu/ur3e/install/robotiq_description:/home/yadhu/ur3e/install/ur_moveit_config:/home/yadhu/ur3e/install/cppfile:/home/yadhu/ur3e/install/pyfile:/opt/ros/humble /usr/bin/cmake --install /home/yadhu/ur3e/build/ur_moveit_config
