[0.006s] Invoking command in '/home/yadhu/ur3e/build/ur_gripper_gazebo': CMAKE_PREFIX_PATH=/home/yadhu/ur3e/install/ur_description:/home/yadhu/ur3e/install/ur_gripper_gazebo:/home/yadhu/ur3e/install/ur_robot_driver:/home/yadhu/ur3e/install/ur_moveit_config:/opt/ros/humble /usr/bin/cmake --build /home/yadhu/ur3e/build/ur_gripper_gazebo -- -j16 -l16
[0.033s] Invoked command in '/home/yadhu/ur3e/build/ur_gripper_gazebo' returned '0': CMAKE_PREFIX_PATH=/home/yadhu/ur3e/install/ur_description:/home/yadhu/ur3e/install/ur_gripper_gazebo:/home/yadhu/ur3e/install/ur_robot_driver:/home/yadhu/ur3e/install/ur_moveit_config:/opt/ros/humble /usr/bin/cmake --build /home/yadhu/ur3e/build/ur_gripper_gazebo -- -j16 -l16
[0.049s] Invoking command in '/home/yadhu/ur3e/build/ur_gripper_gazebo': CMAKE_PREFIX_PATH=/home/yadhu/ur3e/install/ur_description:/home/yadhu/ur3e/install/ur_gripper_gazebo:/home/yadhu/ur3e/install/ur_robot_driver:/home/yadhu/ur3e/install/ur_moveit_config:/opt/ros/humble /usr/bin/cmake --install /home/yadhu/ur3e/build/ur_gripper_gazebo
[0.053s] -- Install configuration: ""
[0.053s] -- Up-to-date: /home/yadhu/ur3e/install/ur_gripper_gazebo/share/ur_gripper_gazebo/config
[0.053s] -- Installing: /home/yadhu/ur3e/install/ur_gripper_gazebo/share/ur_gripper_gazebo/config/controllers.yaml
[0.053s] -- Up-to-date: /home/yadhu/ur3e/install/ur_gripper_gazebo/share/ur_gripper_gazebo/launch
[0.053s] -- Up-to-date: /home/yadhu/ur3e/install/ur_gripper_gazebo/share/ur_gripper_gazebo/launch/gazebo.launch.py
[0.053s] -- Up-to-date: /home/yadhu/ur3e/install/ur_gripper_gazebo/share/ur_gripper_gazebo/launch/rviz.launch.py
[0.053s] -- Up-to-date: /home/yadhu/ur3e/install/ur_gripper_gazebo/share/ur_gripper_gazebo/urdf
[0.053s] -- Up-to-date: /home/yadhu/ur3e/install/ur_gripper_gazebo/share/ur_gripper_gazebo/urdf/ur_gripper.xacro
[0.053s] -- Up-to-date: /home/yadhu/ur3e/install/ur_gripper_gazebo/share/ament_index/resource_index/package_run_dependencies/ur_gripper_gazebo
[0.053s] -- Up-to-date: /home/yadhu/ur3e/install/ur_gripper_gazebo/share/ament_index/resource_index/parent_prefix_path/ur_gripper_gazebo
[0.053s] -- Up-to-date: /home/yadhu/ur3e/install/ur_gripper_gazebo/share/ur_gripper_gazebo/environment/ament_prefix_path.sh
[0.053s] -- Up-to-date: /home/yadhu/ur3e/install/ur_gripper_gazebo/share/ur_gripper_gazebo/environment/ament_prefix_path.dsv
[0.054s] -- Up-to-date: /home/yadhu/ur3e/install/ur_gripper_gazebo/share/ur_gripper_gazebo/environment/path.sh
[0.054s] -- Up-to-date: /home/yadhu/ur3e/install/ur_gripper_gazebo/share/ur_gripper_gazebo/environment/path.dsv
[0.054s] -- Up-to-date: /home/yadhu/ur3e/install/ur_gripper_gazebo/share/ur_gripper_gazebo/local_setup.bash
[0.054s] -- Up-to-date: /home/yadhu/ur3e/install/ur_gripper_gazebo/share/ur_gripper_gazebo/local_setup.sh
[0.054s] -- Up-to-date: /home/yadhu/ur3e/install/ur_gripper_gazebo/share/ur_gripper_gazebo/local_setup.zsh
[0.054s] -- Up-to-date: /home/yadhu/ur3e/install/ur_gripper_gazebo/share/ur_gripper_gazebo/local_setup.dsv
[0.054s] -- Installing: /home/yadhu/ur3e/install/ur_gripper_gazebo/share/ur_gripper_gazebo/package.dsv
[0.054s] -- Up-to-date: /home/yadhu/ur3e/install/ur_gripper_gazebo/share/ament_index/resource_index/packages/ur_gripper_gazebo
[0.054s] -- Up-to-date: /home/yadhu/ur3e/install/ur_gripper_gazebo/share/ur_gripper_gazebo/cmake/ur_gripper_gazeboConfig.cmake
[0.054s] -- Up-to-date: /home/yadhu/ur3e/install/ur_gripper_gazebo/share/ur_gripper_gazebo/cmake/ur_gripper_gazeboConfig-version.cmake
[0.054s] -- Up-to-date: /home/yadhu/ur3e/install/ur_gripper_gazebo/share/ur_gripper_gazebo/package.xml
[0.055s] Invoked command in '/home/yadhu/ur3e/build/ur_gripper_gazebo' returned '0': CMAKE_PREFIX_PATH=/home/yadhu/ur3e/install/ur_description:/home/yadhu/ur3e/install/ur_gripper_gazebo:/home/yadhu/ur3e/install/ur_robot_driver:/home/yadhu/ur3e/install/ur_moveit_config:/opt/ros/humble /usr/bin/cmake --install /home/yadhu/ur3e/build/ur_gripper_gazebo
