[0.007s] Invoking command in '/home/yadhu/ur3e/build/ur_description': CMAKE_PREFIX_PATH=${CMAKE_PREFIX_PATH}:/opt/ros/humble /usr/bin/cmake /home/yadhu/ur3e/src/ur_description -DCMAKE_INSTALL_PREFIX=/home/yadhu/ur3e/install/ur_description
[0.092s] -- The C compiler identification is GNU 11.4.0
[0.170s] -- The CXX compiler identification is GNU 11.4.0
[0.175s] -- Detecting C compiler ABI info
[0.241s] -- Detecting C compiler ABI info - done
[0.245s] -- Check for working C compiler: /usr/bin/cc - skipped
[0.246s] -- Detecting C compile features
[0.246s] -- Detecting C compile features - done
[0.248s] -- Detecting CXX compiler ABI info
[0.303s] -- Detecting CXX compiler ABI info - done
[0.307s] -- Check for working CXX compiler: /usr/bin/c++ - skipped
[0.307s] -- Detecting CXX compile features
[0.307s] -- Detecting CXX compile features - done
[0.312s] -- Found ament_cmake: 1.3.10 (/opt/ros/humble/share/ament_cmake/cmake)
[0.409s] -- Found Python3: /usr/bin/python3 (found version "3.10.12") found components: Interpreter 
[0.475s] -- Found robotiq_description: 0.0.1 (/opt/ros/humble/share/robotiq_description/cmake)
[0.477s] -- Found rclcpp: 16.0.10 (/opt/ros/humble/share/rclcpp/cmake)
[0.514s] -- Found rosidl_generator_c: 3.1.5 (/opt/ros/humble/share/rosidl_generator_c/cmake)
[0.519s] -- Found rosidl_adapter: 3.1.5 (/opt/ros/humble/share/rosidl_adapter/cmake)
[0.527s] -- Found rosidl_generator_cpp: 3.1.5 (/opt/ros/humble/share/rosidl_generator_cpp/cmake)
[0.538s] -- Using all available rosidl_typesupport_c: rosidl_typesupport_fastrtps_c;rosidl_typesupport_introspection_c
[0.549s] -- Using all available rosidl_typesupport_cpp: rosidl_typesupport_fastrtps_cpp;rosidl_typesupport_introspection_cpp
[0.579s] -- Found rmw_implementation_cmake: 6.1.2 (/opt/ros/humble/share/rmw_implementation_cmake/cmake)
[0.581s] -- Found rmw_cyclonedds_cpp: 1.3.4 (/opt/ros/humble/share/rmw_cyclonedds_cpp/cmake)
[0.595s] -- Using RMW implementation 'rmw_cyclonedds_cpp' as default
[0.602s] -- Looking for pthread.h
[0.670s] -- Looking for pthread.h - found
[0.670s] -- Performing Test CMAKE_HAVE_LIBC_PTHREAD
[0.736s] -- Performing Test CMAKE_HAVE_LIBC_PTHREAD - Success
[0.736s] -- Found Threads: TRUE  
[0.770s] -- Found rclpy: 3.3.14 (/opt/ros/humble/share/rclpy/cmake)
[0.772s] -- Found tf2_geometry_msgs: 0.25.7 (/opt/ros/humble/share/tf2_geometry_msgs/cmake)
[0.791s] -- Found eigen3_cmake_module: 0.1.1 (/opt/ros/humble/share/eigen3_cmake_module/cmake)
[0.792s] -- Found Eigen3: TRUE (found version "3.4.0") 
[0.792s] -- Ensuring Eigen3 include directory is part of orocos-kdl CMake target
[0.865s] -- Found urdf: 2.6.1 (/opt/ros/humble/share/urdf/cmake)
[0.885s] -- Found ament_lint_auto: 0.12.11 (/opt/ros/humble/share/ament_lint_auto/cmake)
[0.942s] -- Added test 'flake8' to check Python code syntax and style conventions
[0.943s] -- Added test 'lint_cmake' to check CMake code style
[0.943s] -- Added test 'pep257' to check Python code against some of the docstring style conventions in PEP 257
[0.944s] -- Added test 'xmllint' to check XML markup files
[0.944s] -- Configuring done
[0.947s] -- Generating done
[0.948s] -- Build files have been written to: /home/yadhu/ur3e/build/ur_description
[0.955s] Invoked command in '/home/yadhu/ur3e/build/ur_description' returned '0': CMAKE_PREFIX_PATH=${CMAKE_PREFIX_PATH}:/opt/ros/humble /usr/bin/cmake /home/yadhu/ur3e/src/ur_description -DCMAKE_INSTALL_PREFIX=/home/yadhu/ur3e/install/ur_description
[0.955s] Invoking command in '/home/yadhu/ur3e/build/ur_description': CMAKE_PREFIX_PATH=${CMAKE_PREFIX_PATH}:/opt/ros/humble /usr/bin/cmake --build /home/yadhu/ur3e/build/ur_description -- -j16 -l16
[0.986s] Invoked command in '/home/yadhu/ur3e/build/ur_description' returned '0': CMAKE_PREFIX_PATH=${CMAKE_PREFIX_PATH}:/opt/ros/humble /usr/bin/cmake --build /home/yadhu/ur3e/build/ur_description -- -j16 -l16
[1.004s] Invoking command in '/home/yadhu/ur3e/build/ur_description': CMAKE_PREFIX_PATH=${CMAKE_PREFIX_PATH}:/opt/ros/humble /usr/bin/cmake --install /home/yadhu/ur3e/build/ur_description
[1.008s] -- Install configuration: ""
[1.009s] -- Installing: /home/yadhu/ur3e/install/ur_description/share/ur_description/urdf
[1.009s] -- Installing: /home/yadhu/ur3e/install/ur_description/share/ur_description/urdf/ur.ros2_control.xacro
[1.009s] -- Installing: /home/yadhu/ur3e/install/ur_description/share/ur_description/urdf/ur.urdf.xacro
[1.009s] -- Installing: /home/yadhu/ur3e/install/ur_description/share/ur_description/urdf/ur_macro.xacro
[1.009s] -- Installing: /home/yadhu/ur3e/install/ur_description/share/ur_description/urdf/inc
[1.009s] -- Installing: /home/yadhu/ur3e/install/ur_description/share/ur_description/urdf/inc/ur_common.xacro
[1.009s] -- Installing: /home/yadhu/ur3e/install/ur_description/share/ur_description/urdf/inc/ur_transmissions.xacro
[1.009s] -- Installing: /home/yadhu/ur3e/install/ur_description/share/ur_description/config
[1.009s] -- Installing: /home/yadhu/ur3e/install/ur_description/share/ur_description/config/ur3e
[1.009s] -- Installing: /home/yadhu/ur3e/install/ur_description/share/ur_description/config/ur3e/joint_limits.yaml
[1.009s] -- Installing: /home/yadhu/ur3e/install/ur_description/share/ur_description/config/ur3e/visual_parameters.yaml
[1.009s] -- Installing: /home/yadhu/ur3e/install/ur_description/share/ur_description/config/ur3e/physical_parameters.yaml
[1.009s] -- Installing: /home/yadhu/ur3e/install/ur_description/share/ur_description/config/ur3e/default_kinematics.yaml
[1.009s] -- Installing: /home/yadhu/ur3e/install/ur_description/share/ur_description/config/initial_positions.yaml
[1.009s] -- Installing: /home/yadhu/ur3e/install/ur_description/share/ur_description/launch
[1.009s] -- Installing: /home/yadhu/ur3e/install/ur_description/share/ur_description/launch/view_ur.launch.py
[1.009s] -- Installing: /home/yadhu/ur3e/install/ur_description/share/ur_description/meshes
[1.009s] -- Installing: /home/yadhu/ur3e/install/ur_description/share/ur_description/meshes/ur3e
[1.009s] -- Installing: /home/yadhu/ur3e/install/ur_description/share/ur_description/meshes/ur3e/collision
[1.009s] -- Installing: /home/yadhu/ur3e/install/ur_description/share/ur_description/meshes/ur3e/collision/wrist2.stl
[1.009s] -- Installing: /home/yadhu/ur3e/install/ur_description/share/ur_description/meshes/ur3e/collision/base.stl
[1.009s] -- Installing: /home/yadhu/ur3e/install/ur_description/share/ur_description/meshes/ur3e/collision/upperarm.stl
[1.010s] -- Installing: /home/yadhu/ur3e/install/ur_description/share/ur_description/meshes/ur3e/collision/forearm.stl
[1.010s] -- Installing: /home/yadhu/ur3e/install/ur_description/share/ur_description/meshes/ur3e/collision/wrist1.stl
[1.010s] -- Installing: /home/yadhu/ur3e/install/ur_description/share/ur_description/meshes/ur3e/collision/shoulder.stl
[1.010s] -- Installing: /home/yadhu/ur3e/install/ur_description/share/ur_description/meshes/ur3e/collision/wrist3.stl
[1.010s] -- Installing: /home/yadhu/ur3e/install/ur_description/share/ur_description/meshes/ur3e/visual
[1.010s] -- Installing: /home/yadhu/ur3e/install/ur_description/share/ur_description/meshes/ur3e/visual/wrist2.dae
[1.011s] -- Installing: /home/yadhu/ur3e/install/ur_description/share/ur_description/meshes/ur3e/visual/base.dae
[1.011s] -- Installing: /home/yadhu/ur3e/install/ur_description/share/ur_description/meshes/ur3e/visual/wrist3.dae
[1.011s] -- Installing: /home/yadhu/ur3e/install/ur_description/share/ur_description/meshes/ur3e/visual/upperarm.dae
[1.013s] -- Installing: /home/yadhu/ur3e/install/ur_description/share/ur_description/meshes/ur3e/visual/wrist1.dae
[1.014s] -- Installing: /home/yadhu/ur3e/install/ur_description/share/ur_description/meshes/ur3e/visual/forearm.dae
[1.015s] -- Installing: /home/yadhu/ur3e/install/ur_description/share/ur_description/meshes/ur3e/visual/shoulder.dae
[1.016s] -- Installing: /home/yadhu/ur3e/install/ur_description/share/ur_description/rviz
[1.016s] -- Installing: /home/yadhu/ur3e/install/ur_description/share/ur_description/rviz/view_robot.rviz
[1.016s] -- Installing: /home/yadhu/ur3e/install/ur_description/share/ament_index/resource_index/package_run_dependencies/ur_description
[1.016s] -- Installing: /home/yadhu/ur3e/install/ur_description/share/ament_index/resource_index/parent_prefix_path/ur_description
[1.017s] -- Installing: /home/yadhu/ur3e/install/ur_description/share/ur_description/environment/ament_prefix_path.sh
[1.017s] -- Installing: /home/yadhu/ur3e/install/ur_description/share/ur_description/environment/ament_prefix_path.dsv
[1.017s] -- Installing: /home/yadhu/ur3e/install/ur_description/share/ur_description/environment/path.sh
[1.017s] -- Installing: /home/yadhu/ur3e/install/ur_description/share/ur_description/environment/path.dsv
[1.017s] -- Installing: /home/yadhu/ur3e/install/ur_description/share/ur_description/local_setup.bash
[1.017s] -- Installing: /home/yadhu/ur3e/install/ur_description/share/ur_description/local_setup.sh
[1.017s] -- Installing: /home/yadhu/ur3e/install/ur_description/share/ur_description/local_setup.zsh
[1.017s] -- Installing: /home/yadhu/ur3e/install/ur_description/share/ur_description/local_setup.dsv
[1.017s] -- Installing: /home/yadhu/ur3e/install/ur_description/share/ur_description/package.dsv
[1.017s] -- Installing: /home/yadhu/ur3e/install/ur_description/share/ament_index/resource_index/packages/ur_description
[1.017s] -- Installing: /home/yadhu/ur3e/install/ur_description/share/ur_description/cmake/ur_descriptionConfig.cmake
[1.017s] -- Installing: /home/yadhu/ur3e/install/ur_description/share/ur_description/cmake/ur_descriptionConfig-version.cmake
[1.017s] -- Installing: /home/yadhu/ur3e/install/ur_description/share/ur_description/package.xml
[1.018s] Invoked command in '/home/yadhu/ur3e/build/ur_description' returned '0': CMAKE_PREFIX_PATH=${CMAKE_PREFIX_PATH}:/opt/ros/humble /usr/bin/cmake --install /home/yadhu/ur3e/build/ur_description
