[0.370s] Invoking command in '/home/yadhu/ur3e/src/pyfile': AMENT_PREFIX_PATH=/home/yadhu/ur3e/install/ur_gripper_gazebo:/home/yadhu/ur3e/install/ur_description:${AMENT_PREFIX_PATH} CMAKE_PREFIX_PATH=/home/yadhu/ur3e/install/ur_gripper_gazebo:/home/yadhu/ur3e/install/ur_description PYTHONPATH=/home/yadhu/ur3e/build/pyfile/prefix_override:/usr/lib/python3/dist-packages/colcon_core/task/python/colcon_distutils_commands:/home/yadhu/ur3e/install/pyfile/lib/python3.10/site-packages:${PYTHONPATH} /usr/bin/python3 -W ignore:setup.py install is deprecated setup.py egg_info --egg-base ../../build/pyfile build --build-base /home/yadhu/ur3e/build/pyfile/build install --record /home/yadhu/ur3e/build/pyfile/install.log --single-version-externally-managed install_data
[0.503s] running egg_info
[0.503s] creating ../../build/pyfile/pyfile.egg-info
[0.503s] writing ../../build/pyfile/pyfile.egg-info/PKG-INFO
[0.503s] writing dependency_links to ../../build/pyfile/pyfile.egg-info/dependency_links.txt
[0.503s] writing entry points to ../../build/pyfile/pyfile.egg-info/entry_points.txt
[0.503s] writing requirements to ../../build/pyfile/pyfile.egg-info/requires.txt
[0.504s] writing top-level names to ../../build/pyfile/pyfile.egg-info/top_level.txt
[0.504s] writing manifest file '../../build/pyfile/pyfile.egg-info/SOURCES.txt'
[0.504s] reading manifest file '../../build/pyfile/pyfile.egg-info/SOURCES.txt'
[0.505s] writing manifest file '../../build/pyfile/pyfile.egg-info/SOURCES.txt'
[0.505s] running build
[0.505s] running build_py
[0.505s] creating /home/yadhu/ur3e/build/pyfile/build
[0.505s] creating /home/yadhu/ur3e/build/pyfile/build/lib
[0.505s] creating /home/yadhu/ur3e/build/pyfile/build/lib/pyfile
[0.505s] copying pyfile/move.py -> /home/yadhu/ur3e/build/pyfile/build/lib/pyfile
[0.505s] copying pyfile/__init__.py -> /home/yadhu/ur3e/build/pyfile/build/lib/pyfile
[0.505s] running install
[0.505s] running install_lib
[0.506s] creating /home/yadhu/ur3e/install/pyfile/lib/python3.10/site-packages/pyfile
[0.506s] copying /home/yadhu/ur3e/build/pyfile/build/lib/pyfile/move.py -> /home/yadhu/ur3e/install/pyfile/lib/python3.10/site-packages/pyfile
[0.506s] copying /home/yadhu/ur3e/build/pyfile/build/lib/pyfile/__init__.py -> /home/yadhu/ur3e/install/pyfile/lib/python3.10/site-packages/pyfile
[0.506s] byte-compiling /home/yadhu/ur3e/install/pyfile/lib/python3.10/site-packages/pyfile/move.py to move.cpython-310.pyc
[0.507s] byte-compiling /home/yadhu/ur3e/install/pyfile/lib/python3.10/site-packages/pyfile/__init__.py to __init__.cpython-310.pyc
[0.507s] running install_data
[0.507s] creating /home/yadhu/ur3e/install/pyfile/share/ament_index
[0.507s] creating /home/yadhu/ur3e/install/pyfile/share/ament_index/resource_index
[0.507s] creating /home/yadhu/ur3e/install/pyfile/share/ament_index/resource_index/packages
[0.507s] copying resource/pyfile -> /home/yadhu/ur3e/install/pyfile/share/ament_index/resource_index/packages
[0.507s] copying package.xml -> /home/yadhu/ur3e/install/pyfile/share/pyfile
[0.507s] running install_egg_info
[0.509s] Copying ../../build/pyfile/pyfile.egg-info to /home/yadhu/ur3e/install/pyfile/lib/python3.10/site-packages/pyfile-0.0.0-py3.10.egg-info
[0.509s] running install_scripts
[0.521s] Installing move_bot script to /home/yadhu/ur3e/install/pyfile/lib/pyfile
[0.522s] writing list of installed files to '/home/yadhu/ur3e/build/pyfile/install.log'
[0.536s] Invoked command in '/home/yadhu/ur3e/src/pyfile' returned '0': AMENT_PREFIX_PATH=/home/yadhu/ur3e/install/ur_gripper_gazebo:/home/yadhu/ur3e/install/ur_description:${AMENT_PREFIX_PATH} CMAKE_PREFIX_PATH=/home/yadhu/ur3e/install/ur_gripper_gazebo:/home/yadhu/ur3e/install/ur_description PYTHONPATH=/home/yadhu/ur3e/build/pyfile/prefix_override:/usr/lib/python3/dist-packages/colcon_core/task/python/colcon_distutils_commands:/home/yadhu/ur3e/install/pyfile/lib/python3.10/site-packages:${PYTHONPATH} /usr/bin/python3 -W ignore:setup.py install is deprecated setup.py egg_info --egg-base ../../build/pyfile build --build-base /home/yadhu/ur3e/build/pyfile/build install --record /home/yadhu/ur3e/build/pyfile/install.log --single-version-externally-managed install_data
