-- The C compiler identification is GNU 11.4.0
-- The CXX compiler identification is GNU 11.4.0
-- Detecting C compiler ABI info
-- Detecting C compiler ABI info - done
-- Check for working C compiler: /usr/bin/cc - skipped
-- Detecting C compile features
-- Detecting C compile features - done
-- Detecting CXX compiler ABI info
-- Detecting CXX compiler ABI info - done
-- Check for working CXX compiler: /usr/bin/c++ - skipped
-- Detecting CXX compile features
-- Detecting CXX compile features - done
-- Found ament_cmake: 1.3.10 (/opt/ros/humble/share/ament_cmake/cmake)
-- Found Python3: /usr/bin/python3 (found version "3.10.12") found components: Interpreter 
-- Found ur3e_description: 0.0.0 (/home/yadhu/ur3e/install/ur3e_description/share/ur3e_description/cmake)
-- Found ur_description: 2.1.8 (/opt/ros/humble/share/ur_description/cmake)
-- Found ament_lint_auto: 0.12.11 (/opt/ros/humble/share/ament_lint_auto/cmake)
-- Added test 'lint_cmake' to check CMake code style
-- Added test 'xmllint' to check XML markup files
-- Configuring done
-- Generating done
-- Build files have been written to: /home/yadhu/ur3e/build/ur3e_robot
-- Install configuration: ""
-- Installing: /home/yadhu/ur3e/install/ur3e_robot/share/ament_index/resource_index/package_run_dependencies/ur3e_robot
-- Installing: /home/yadhu/ur3e/install/ur3e_robot/share/ament_index/resource_index/parent_prefix_path/ur3e_robot
-- Installing: /home/yadhu/ur3e/install/ur3e_robot/share/ur3e_robot/environment/ament_prefix_path.sh
-- Installing: /home/yadhu/ur3e/install/ur3e_robot/share/ur3e_robot/environment/ament_prefix_path.dsv
-- Installing: /home/yadhu/ur3e/install/ur3e_robot/share/ur3e_robot/environment/path.sh
-- Installing: /home/yadhu/ur3e/install/ur3e_robot/share/ur3e_robot/environment/path.dsv
-- Installing: /home/yadhu/ur3e/install/ur3e_robot/share/ur3e_robot/local_setup.bash
-- Installing: /home/yadhu/ur3e/install/ur3e_robot/share/ur3e_robot/local_setup.sh
-- Installing: /home/yadhu/ur3e/install/ur3e_robot/share/ur3e_robot/local_setup.zsh
-- Installing: /home/yadhu/ur3e/install/ur3e_robot/share/ur3e_robot/local_setup.dsv
-- Installing: /home/yadhu/ur3e/install/ur3e_robot/share/ur3e_robot/package.dsv
-- Installing: /home/yadhu/ur3e/install/ur3e_robot/share/ament_index/resource_index/packages/ur3e_robot
-- Installing: /home/yadhu/ur3e/install/ur3e_robot/share/ur3e_robot/cmake/ur3e_robotConfig.cmake
-- Installing: /home/yadhu/ur3e/install/ur3e_robot/share/ur3e_robot/cmake/ur3e_robotConfig-version.cmake
-- Installing: /home/yadhu/ur3e/install/ur3e_robot/share/ur3e_robot/package.xml
