[0.005s] Invoking command in '/home/yadhu/ur3e/build/ur3e_robot': CMAKE_PREFIX_PATH=${CMAKE_PREFIX_PATH}:/opt/ros/humble /usr/bin/cmake /home/yadhu/ur3e/src/ur3e_robot -DCMAKE_INSTALL_PREFIX=/home/yadhu/ur3e/install/ur3e_robot
[0.116s] -- The C compiler identification is GNU 11.4.0
[0.206s] -- The CXX compiler identification is GNU 11.4.0
[0.212s] -- Detecting C compiler ABI info
[0.268s] -- Detecting C compiler ABI info - done
[0.273s] -- Check for working C compiler: /usr/bin/cc - skipped
[0.274s] -- Detecting C compile features
[0.274s] -- Detecting C compile features - done
[0.277s] -- Detecting CXX compiler ABI info
[0.354s] -- Detecting CXX compiler ABI info - done
[0.359s] -- Check for working CXX compiler: /usr/bin/c++ - skipped
[0.359s] -- Detecting CXX compile features
[0.359s] -- Detecting CXX compile features - done
[0.362s] -- Found ament_cmake: 1.3.10 (/opt/ros/humble/share/ament_cmake/cmake)
[0.464s] -- Found Python3: /usr/bin/python3 (found version "3.10.12") found components: Interpreter 
[0.526s] -- Found ur3e_description: 0.0.0 (/home/yadhu/ur3e/install/ur3e_description/share/ur3e_description/cmake)
[0.529s] -- Found ur_description: 2.1.8 (/opt/ros/humble/share/ur_description/cmake)
[0.531s] -- Found ament_lint_auto: 0.12.11 (/opt/ros/humble/share/ament_lint_auto/cmake)
[0.590s] -- Added test 'lint_cmake' to check CMake code style
[0.590s] -- Added test 'xmllint' to check XML markup files
[0.591s] -- Configuring done
[0.592s] -- Generating done
[0.593s] -- Build files have been written to: /home/yadhu/ur3e/build/ur3e_robot
[0.596s] Invoked command in '/home/yadhu/ur3e/build/ur3e_robot' returned '0': CMAKE_PREFIX_PATH=${CMAKE_PREFIX_PATH}:/opt/ros/humble /usr/bin/cmake /home/yadhu/ur3e/src/ur3e_robot -DCMAKE_INSTALL_PREFIX=/home/yadhu/ur3e/install/ur3e_robot
[0.597s] Invoking command in '/home/yadhu/ur3e/build/ur3e_robot': CMAKE_PREFIX_PATH=${CMAKE_PREFIX_PATH}:/opt/ros/humble /usr/bin/cmake --build /home/yadhu/ur3e/build/ur3e_robot -- -j16 -l16
[0.624s] Invoked command in '/home/yadhu/ur3e/build/ur3e_robot' returned '0': CMAKE_PREFIX_PATH=${CMAKE_PREFIX_PATH}:/opt/ros/humble /usr/bin/cmake --build /home/yadhu/ur3e/build/ur3e_robot -- -j16 -l16
[0.643s] Invoking command in '/home/yadhu/ur3e/build/ur3e_robot': CMAKE_PREFIX_PATH=${CMAKE_PREFIX_PATH}:/opt/ros/humble /usr/bin/cmake --install /home/yadhu/ur3e/build/ur3e_robot
[0.648s] -- Install configuration: ""
[0.648s] -- Installing: /home/yadhu/ur3e/install/ur3e_robot/share/ament_index/resource_index/package_run_dependencies/ur3e_robot
[0.648s] -- Installing: /home/yadhu/ur3e/install/ur3e_robot/share/ament_index/resource_index/parent_prefix_path/ur3e_robot
[0.648s] -- Installing: /home/yadhu/ur3e/install/ur3e_robot/share/ur3e_robot/environment/ament_prefix_path.sh
[0.648s] -- Installing: /home/yadhu/ur3e/install/ur3e_robot/share/ur3e_robot/environment/ament_prefix_path.dsv
[0.649s] -- Installing: /home/yadhu/ur3e/install/ur3e_robot/share/ur3e_robot/environment/path.sh
[0.649s] -- Installing: /home/yadhu/ur3e/install/ur3e_robot/share/ur3e_robot/environment/path.dsv
[0.649s] -- Installing: /home/yadhu/ur3e/install/ur3e_robot/share/ur3e_robot/local_setup.bash
[0.649s] -- Installing: /home/yadhu/ur3e/install/ur3e_robot/share/ur3e_robot/local_setup.sh
[0.649s] -- Installing: /home/yadhu/ur3e/install/ur3e_robot/share/ur3e_robot/local_setup.zsh
[0.649s] -- Installing: /home/yadhu/ur3e/install/ur3e_robot/share/ur3e_robot/local_setup.dsv
[0.649s] -- Installing: /home/yadhu/ur3e/install/ur3e_robot/share/ur3e_robot/package.dsv
[0.649s] -- Installing: /home/yadhu/ur3e/install/ur3e_robot/share/ament_index/resource_index/packages/ur3e_robot
[0.649s] -- Installing: /home/yadhu/ur3e/install/ur3e_robot/share/ur3e_robot/cmake/ur3e_robotConfig.cmake
[0.649s] -- Installing: /home/yadhu/ur3e/install/ur3e_robot/share/ur3e_robot/cmake/ur3e_robotConfig-version.cmake
[0.649s] -- Installing: /home/yadhu/ur3e/install/ur3e_robot/share/ur3e_robot/package.xml
[0.651s] Invoked command in '/home/yadhu/ur3e/build/ur3e_robot' returned '0': CMAKE_PREFIX_PATH=${CMAKE_PREFIX_PATH}:/opt/ros/humble /usr/bin/cmake --install /home/yadhu/ur3e/build/ur3e_robot
