[0.019s] Invoking command in '/home/yadhu/ur3e/build/cppfile': AMENT_PREFIX_PATH=/home/yadhu/ur3e/install/ur_gripper_gazebo:/home/yadhu/ur3e/install/ur_description:${AMENT_PREFIX_PATH} CMAKE_PREFIX_PATH=/home/yadhu/ur3e/install/ur_gripper_gazebo:/home/yadhu/ur3e/install/ur_description:/opt/ros/humble /usr/bin/cmake /home/yadhu/ur3e/src/cppfile -DCMAKE_INSTALL_PREFIX=/home/yadhu/ur3e/install/cppfile
[0.158s] -- The C compiler identification is GNU 11.4.0
[0.159s] -- The CXX compiler identification is GNU 11.4.0
[0.159s] -- Detecting C compiler ABI info
[0.159s] -- Detecting C compiler ABI info - done
[0.160s] -- Check for working C compiler: /usr/bin/cc - skipped
[0.160s] -- Detecting C compile features
[0.160s] -- Detecting C compile features - done
[0.162s] -- Detecting CXX compiler ABI info
[0.217s] -- Detecting CXX compiler ABI info - done
[0.222s] -- Check for working CXX compiler: /usr/bin/c++ - skipped
[0.222s] -- Detecting CXX compile features
[0.223s] -- Detecting CXX compile features - done
[0.225s] -- Found ament_cmake: 1.3.10 (/opt/ros/humble/share/ament_cmake/cmake)
[0.334s] -- Found Python3: /usr/bin/python3 (found version "3.10.12") found components: Interpreter 
[0.411s] -- Found ur_gripper_gazebo: 0.0.0 (/home/yadhu/ur3e/install/ur_gripper_gazebo/share/ur_gripper_gazebo/cmake)
[0.413s] -- Found rclcpp_action: 16.0.10 (/opt/ros/humble/share/rclcpp_action/cmake)
[0.446s] -- Found rosidl_generator_c: 3.1.5 (/opt/ros/humble/share/rosidl_generator_c/cmake)
[0.451s] -- Found rosidl_adapter: 3.1.5 (/opt/ros/humble/share/rosidl_adapter/cmake)
[0.458s] -- Found rosidl_generator_cpp: 3.1.5 (/opt/ros/humble/share/rosidl_generator_cpp/cmake)
[0.467s] -- Using all available rosidl_typesupport_c: rosidl_typesupport_fastrtps_c;rosidl_typesupport_introspection_c
[0.479s] -- Using all available rosidl_typesupport_cpp: rosidl_typesupport_fastrtps_cpp;rosidl_typesupport_introspection_cpp
[0.543s] -- Found rmw_implementation_cmake: 6.1.2 (/opt/ros/humble/share/rmw_implementation_cmake/cmake)
[0.545s] -- Found rmw_cyclonedds_cpp: 1.3.4 (/opt/ros/humble/share/rmw_cyclonedds_cpp/cmake)
[0.564s] -- Using RMW implementation 'rmw_cyclonedds_cpp' as default
[0.573s] -- Looking for pthread.h
[0.626s] -- Looking for pthread.h - found
[0.626s] -- Performing Test CMAKE_HAVE_LIBC_PTHREAD
[0.681s] -- Performing Test CMAKE_HAVE_LIBC_PTHREAD - Success
[0.682s] -- Found Threads: TRUE  
[0.726s] -- Found rclcpp_components: 16.0.10 (/opt/ros/humble/share/rclcpp_components/cmake)
[0.745s] -- Found moveit_ros_planning_interface: 2.5.6 (/opt/ros/humble/share/moveit_ros_planning_interface/cmake)
[0.765s] -- Found Boost: /usr/lib/x86_64-linux-gnu/cmake/Boost-1.74.0/BoostConfig.cmake (found version "1.74.0") found components: date_time filesystem program_options system thread 
[0.886s] -- Found Boost: /usr/lib/x86_64-linux-gnu/cmake/Boost-1.74.0/BoostConfig.cmake (found version "1.74.0") found components: chrono date_time filesystem iostreams program_options regex serialization system thread 
[0.919s] -- Found parameter_traits: 0.3.9 (/opt/ros/humble/share/parameter_traits/cmake)
[0.929s] -- Found Eigen3: TRUE (found version "3.4.0") 
[0.930s] -- Found rclcpp_lifecycle: 16.0.10 (/opt/ros/humble/share/rclcpp_lifecycle/cmake)
[0.948s] -- Found Boost: /usr/lib/x86_64-linux-gnu/cmake/Boost-1.74.0/BoostConfig.cmake (found version "1.74.0") found components: filesystem 
[1.023s] -- library: /usr/lib/x86_64-linux-gnu/libcurl.so
[1.048s] -- Ensuring Eigen3 include directory is part of orocos-kdl CMake target
[1.127s] -- Found Boost: /usr/lib/x86_64-linux-gnu/cmake/Boost-1.74.0/BoostConfig.cmake (found version "1.74.0") found components: system filesystem date_time program_options thread chrono 
[1.147s] -- Found Boost: /usr/lib/x86_64-linux-gnu/cmake/Boost-1.74.0/BoostConfig.cmake (found version "1.74.0") found components: thread system filesystem regex date_time program_options 
[1.221s] -- Found Boost: /usr/lib/x86_64-linux-gnu/cmake/Boost-1.74.0/BoostConfig.cmake (found version "1.74.0") found components: system filesystem date_time program_options thread 
[1.279s] -- Configuring done
[1.295s] -- Generating done
[1.296s] -- Build files have been written to: /home/yadhu/ur3e/build/cppfile
[1.304s] Invoked command in '/home/yadhu/ur3e/build/cppfile' returned '0': AMENT_PREFIX_PATH=/home/yadhu/ur3e/install/ur_gripper_gazebo:/home/yadhu/ur3e/install/ur_description:${AMENT_PREFIX_PATH} CMAKE_PREFIX_PATH=/home/yadhu/ur3e/install/ur_gripper_gazebo:/home/yadhu/ur3e/install/ur_description:/opt/ros/humble /usr/bin/cmake /home/yadhu/ur3e/src/cppfile -DCMAKE_INSTALL_PREFIX=/home/yadhu/ur3e/install/cppfile
[1.305s] Invoking command in '/home/yadhu/ur3e/build/cppfile': AMENT_PREFIX_PATH=/home/yadhu/ur3e/install/ur_gripper_gazebo:/home/yadhu/ur3e/install/ur_description:${AMENT_PREFIX_PATH} CMAKE_PREFIX_PATH=/home/yadhu/ur3e/install/ur_gripper_gazebo:/home/yadhu/ur3e/install/ur_description:/opt/ros/humble /usr/bin/cmake --build /home/yadhu/ur3e/build/cppfile -- -j16 -l16
[1.344s] [ 50%] [32mBuilding CXX object CMakeFiles/simple_moveit_interface.dir/src/simple_moveit_interface.cpp.o[0m
[5.328s] [100%] [32m[1mLinking CXX executable simple_moveit_interface[0m
[5.496s] [100%] Built target simple_moveit_interface
[5.506s] Invoked command in '/home/yadhu/ur3e/build/cppfile' returned '0': AMENT_PREFIX_PATH=/home/yadhu/ur3e/install/ur_gripper_gazebo:/home/yadhu/ur3e/install/ur_description:${AMENT_PREFIX_PATH} CMAKE_PREFIX_PATH=/home/yadhu/ur3e/install/ur_gripper_gazebo:/home/yadhu/ur3e/install/ur_description:/opt/ros/humble /usr/bin/cmake --build /home/yadhu/ur3e/build/cppfile -- -j16 -l16
[5.526s] Invoking command in '/home/yadhu/ur3e/build/cppfile': AMENT_PREFIX_PATH=/home/yadhu/ur3e/install/ur_gripper_gazebo:/home/yadhu/ur3e/install/ur_description:${AMENT_PREFIX_PATH} CMAKE_PREFIX_PATH=/home/yadhu/ur3e/install/ur_gripper_gazebo:/home/yadhu/ur3e/install/ur_description:/opt/ros/humble /usr/bin/cmake --install /home/yadhu/ur3e/build/cppfile
[5.532s] -- Install configuration: ""
[5.532s] -- Installing: /home/yadhu/ur3e/install/cppfile/lib/cppfile/simple_moveit_interface
[5.532s] -- Set runtime path of "/home/yadhu/ur3e/install/cppfile/lib/cppfile/simple_moveit_interface" to ""
[5.532s] -- Installing: /home/yadhu/ur3e/install/cppfile/share/ament_index/resource_index/package_run_dependencies/cppfile
[5.532s] -- Installing: /home/yadhu/ur3e/install/cppfile/share/ament_index/resource_index/parent_prefix_path/cppfile
[5.532s] -- Installing: /home/yadhu/ur3e/install/cppfile/share/cppfile/environment/ament_prefix_path.sh
[5.532s] -- Installing: /home/yadhu/ur3e/install/cppfile/share/cppfile/environment/ament_prefix_path.dsv
[5.532s] -- Installing: /home/yadhu/ur3e/install/cppfile/share/cppfile/environment/path.sh
[5.532s] -- Installing: /home/yadhu/ur3e/install/cppfile/share/cppfile/environment/path.dsv
[5.533s] -- Installing: /home/yadhu/ur3e/install/cppfile/share/cppfile/local_setup.bash
[5.533s] -- Installing: /home/yadhu/ur3e/install/cppfile/share/cppfile/local_setup.sh
[5.533s] -- Installing: /home/yadhu/ur3e/install/cppfile/share/cppfile/local_setup.zsh
[5.533s] -- Installing: /home/yadhu/ur3e/install/cppfile/share/cppfile/local_setup.dsv
[5.533s] -- Installing: /home/yadhu/ur3e/install/cppfile/share/cppfile/package.dsv
[5.533s] -- Installing: /home/yadhu/ur3e/install/cppfile/share/ament_index/resource_index/packages/cppfile
[5.533s] -- Installing: /home/yadhu/ur3e/install/cppfile/share/cppfile/cmake/cppfileConfig.cmake
[5.533s] -- Installing: /home/yadhu/ur3e/install/cppfile/share/cppfile/cmake/cppfileConfig-version.cmake
[5.533s] -- Installing: /home/yadhu/ur3e/install/cppfile/share/cppfile/package.xml
[5.534s] Invoked command in '/home/yadhu/ur3e/build/cppfile' returned '0': AMENT_PREFIX_PATH=/home/yadhu/ur3e/install/ur_gripper_gazebo:/home/yadhu/ur3e/install/ur_description:${AMENT_PREFIX_PATH} CMAKE_PREFIX_PATH=/home/yadhu/ur3e/install/ur_gripper_gazebo:/home/yadhu/ur3e/install/ur_description:/opt/ros/humble /usr/bin/cmake --install /home/yadhu/ur3e/build/cppfile
