[0.008s] Invoking command in '/home/yadhu/ur3e/build/ur_description': CMAKE_PREFIX_PATH=${CMAKE_PREFIX_PATH}:/opt/ros/humble /usr/bin/cmake --build /home/yadhu/ur3e/build/ur_description -- -j16 -l16
[0.041s] Invoked command in '/home/yadhu/ur3e/build/ur_description' returned '0': CMAKE_PREFIX_PATH=${CMAKE_PREFIX_PATH}:/opt/ros/humble /usr/bin/cmake --build /home/yadhu/ur3e/build/ur_description -- -j16 -l16
[0.057s] Invoking command in '/home/yadhu/ur3e/build/ur_description': CMAKE_PREFIX_PATH=${CMAKE_PREFIX_PATH}:/opt/ros/humble /usr/bin/cmake --install /home/yadhu/ur3e/build/ur_description
[0.062s] -- Install configuration: ""
[0.063s] -- Up-to-date: /home/yadhu/ur3e/install/ur_description/share/ur_description/urdf
[0.065s] -- Up-to-date: /home/yadhu/ur3e/install/ur_description/share/ur_description/urdf/ur.ros2_control.xacro
[0.065s] -- Up-to-date: /home/yadhu/ur3e/install/ur_description/share/ur_description/urdf/ur.urdf.xacro
[0.065s] -- Up-to-date: /home/yadhu/ur3e/install/ur_description/share/ur_description/urdf/ur_macro.xacro
[0.065s] -- Up-to-date: /home/yadhu/ur3e/install/ur_description/share/ur_description/urdf/inc
[0.065s] -- Up-to-date: /home/yadhu/ur3e/install/ur_description/share/ur_description/urdf/inc/ur_common.xacro
[0.065s] -- Up-to-date: /home/yadhu/ur3e/install/ur_description/share/ur_description/urdf/inc/ur_transmissions.xacro
[0.065s] -- Up-to-date: /home/yadhu/ur3e/install/ur_description/share/ur_description/config
[0.065s] -- Up-to-date: /home/yadhu/ur3e/install/ur_description/share/ur_description/config/ur3e
[0.065s] -- Up-to-date: /home/yadhu/ur3e/install/ur_description/share/ur_description/config/ur3e/joint_limits.yaml
[0.065s] -- Up-to-date: /home/yadhu/ur3e/install/ur_description/share/ur_description/config/ur3e/visual_parameters.yaml
[0.065s] -- Up-to-date: /home/yadhu/ur3e/install/ur_description/share/ur_description/config/ur3e/physical_parameters.yaml
[0.065s] -- Up-to-date: /home/yadhu/ur3e/install/ur_description/share/ur_description/config/ur3e/default_kinematics.yaml
[0.065s] -- Up-to-date: /home/yadhu/ur3e/install/ur_description/share/ur_description/config/initial_positions.yaml
[0.065s] -- Up-to-date: /home/yadhu/ur3e/install/ur_description/share/ur_description/launch
[0.065s] -- Up-to-date: /home/yadhu/ur3e/install/ur_description/share/ur_description/launch/gazebo.launch.py
[0.065s] -- Up-to-date: /home/yadhu/ur3e/install/ur_description/share/ur_description/launch/view_ur.launch.py
[0.065s] -- Up-to-date: /home/yadhu/ur3e/install/ur_description/share/ur_description/meshes
[0.065s] -- Up-to-date: /home/yadhu/ur3e/install/ur_description/share/ur_description/meshes/ur10e
[0.065s] -- Up-to-date: /home/yadhu/ur3e/install/ur_description/share/ur_description/meshes/ur10e/collision
[0.066s] -- Up-to-date: /home/yadhu/ur3e/install/ur_description/share/ur_description/meshes/ur10e/collision/wrist2.stl
[0.066s] -- Up-to-date: /home/yadhu/ur3e/install/ur_description/share/ur_description/meshes/ur10e/collision/base.stl
[0.066s] -- Up-to-date: /home/yadhu/ur3e/install/ur_description/share/ur_description/meshes/ur10e/collision/upperarm.stl
[0.066s] -- Up-to-date: /home/yadhu/ur3e/install/ur_description/share/ur_description/meshes/ur10e/collision/forearm.stl
[0.066s] -- Up-to-date: /home/yadhu/ur3e/install/ur_description/share/ur_description/meshes/ur10e/collision/wrist1.stl
[0.066s] -- Up-to-date: /home/yadhu/ur3e/install/ur_description/share/ur_description/meshes/ur10e/collision/shoulder.stl
[0.066s] -- Up-to-date: /home/yadhu/ur3e/install/ur_description/share/ur_description/meshes/ur10e/collision/wrist3.stl
[0.066s] -- Up-to-date: /home/yadhu/ur3e/install/ur_description/share/ur_description/meshes/ur10e/visual
[0.066s] -- Up-to-date: /home/yadhu/ur3e/install/ur_description/share/ur_description/meshes/ur10e/visual/wrist2.dae
[0.066s] -- Up-to-date: /home/yadhu/ur3e/install/ur_description/share/ur_description/meshes/ur10e/visual/base.dae
[0.066s] -- Up-to-date: /home/yadhu/ur3e/install/ur_description/share/ur_description/meshes/ur10e/visual/wrist3.dae
[0.066s] -- Up-to-date: /home/yadhu/ur3e/install/ur_description/share/ur_description/meshes/ur10e/visual/upperarm.dae
[0.066s] -- Up-to-date: /home/yadhu/ur3e/install/ur_description/share/ur_description/meshes/ur10e/visual/wrist1.dae
[0.066s] -- Up-to-date: /home/yadhu/ur3e/install/ur_description/share/ur_description/meshes/ur10e/visual/forearm.dae
[0.066s] -- Up-to-date: /home/yadhu/ur3e/install/ur_description/share/ur_description/meshes/ur10e/visual/shoulder.dae
[0.066s] -- Up-to-date: /home/yadhu/ur3e/install/ur_description/share/ur_description/meshes/ur30
[0.066s] -- Up-to-date: /home/yadhu/ur3e/install/ur_description/share/ur_description/meshes/ur30/LICENSE.txt
[0.066s] -- Up-to-date: /home/yadhu/ur3e/install/ur_description/share/ur_description/meshes/ur30/collision
[0.066s] -- Up-to-date: /home/yadhu/ur3e/install/ur_description/share/ur_description/meshes/ur30/collision/upperarm.stl
[0.066s] -- Up-to-date: /home/yadhu/ur3e/install/ur_description/share/ur_description/meshes/ur30/collision/forearm.stl
[0.066s] -- Up-to-date: /home/yadhu/ur3e/install/ur_description/share/ur_description/meshes/ur30/visual
[0.066s] -- Up-to-date: /home/yadhu/ur3e/install/ur_description/share/ur_description/meshes/ur30/visual/UR30_DIFF_8bit_2K.png
[0.066s] -- Up-to-date: /home/yadhu/ur3e/install/ur_description/share/ur_description/meshes/ur30/visual/upperarm.dae
[0.066s] -- Up-to-date: /home/yadhu/ur3e/install/ur_description/share/ur_description/meshes/ur30/visual/forearm.dae
[0.066s] -- Up-to-date: /home/yadhu/ur3e/install/ur_description/share/ur_description/meshes/ur5e
[0.067s] -- Up-to-date: /home/yadhu/ur3e/install/ur_description/share/ur_description/meshes/ur5e/collision
[0.067s] -- Up-to-date: /home/yadhu/ur3e/install/ur_description/share/ur_description/meshes/ur5e/collision/wrist2.stl
[0.067s] -- Up-to-date: /home/yadhu/ur3e/install/ur_description/share/ur_description/meshes/ur5e/collision/base.stl
[0.067s] -- Up-to-date: /home/yadhu/ur3e/install/ur_description/share/ur_description/meshes/ur5e/collision/upperarm.stl
[0.067s] -- Up-to-date: /home/yadhu/ur3e/install/ur_description/share/ur_description/meshes/ur5e/collision/forearm.stl
[0.067s] -- Up-to-date: /home/yadhu/ur3e/install/ur_description/share/ur_description/meshes/ur5e/collision/wrist1.stl
[0.067s] -- Up-to-date: /home/yadhu/ur3e/install/ur_description/share/ur_description/meshes/ur5e/collision/shoulder.stl
[0.067s] -- Up-to-date: /home/yadhu/ur3e/install/ur_description/share/ur_description/meshes/ur5e/collision/wrist3.stl
[0.067s] -- Up-to-date: /home/yadhu/ur3e/install/ur_description/share/ur_description/meshes/ur5e/visual
[0.067s] -- Up-to-date: /home/yadhu/ur3e/install/ur_description/share/ur_description/meshes/ur5e/visual/wrist2.dae
[0.067s] -- Up-to-date: /home/yadhu/ur3e/install/ur_description/share/ur_description/meshes/ur5e/visual/base.dae
[0.067s] -- Up-to-date: /home/yadhu/ur3e/install/ur_description/share/ur_description/meshes/ur5e/visual/wrist3.dae
[0.067s] -- Up-to-date: /home/yadhu/ur3e/install/ur_description/share/ur_description/meshes/ur5e/visual/upperarm.dae
[0.067s] -- Up-to-date: /home/yadhu/ur3e/install/ur_description/share/ur_description/meshes/ur5e/visual/wrist1.dae
[0.067s] -- Up-to-date: /home/yadhu/ur3e/install/ur_description/share/ur_description/meshes/ur5e/visual/forearm.dae
[0.067s] -- Up-to-date: /home/yadhu/ur3e/install/ur_description/share/ur_description/meshes/ur5e/visual/shoulder.dae
[0.067s] -- Up-to-date: /home/yadhu/ur3e/install/ur_description/share/ur_description/meshes/ur5
[0.067s] -- Up-to-date: /home/yadhu/ur3e/install/ur_description/share/ur_description/meshes/ur5/collision
[0.067s] -- Up-to-date: /home/yadhu/ur3e/install/ur_description/share/ur_description/meshes/ur5/collision/wrist2.stl
[0.067s] -- Up-to-date: /home/yadhu/ur3e/install/ur_description/share/ur_description/meshes/ur5/collision/base.stl
[0.067s] -- Up-to-date: /home/yadhu/ur3e/install/ur_description/share/ur_description/meshes/ur5/collision/upperarm.stl
[0.067s] -- Up-to-date: /home/yadhu/ur3e/install/ur_description/share/ur_description/meshes/ur5/collision/forearm.stl
[0.067s] -- Up-to-date: /home/yadhu/ur3e/install/ur_description/share/ur_description/meshes/ur5/collision/wrist1.stl
[0.067s] -- Up-to-date: /home/yadhu/ur3e/install/ur_description/share/ur_description/meshes/ur5/collision/shoulder.stl
[0.067s] -- Up-to-date: /home/yadhu/ur3e/install/ur_description/share/ur_description/meshes/ur5/collision/wrist3.stl
[0.067s] -- Up-to-date: /home/yadhu/ur3e/install/ur_description/share/ur_description/meshes/ur5/visual
[0.067s] -- Up-to-date: /home/yadhu/ur3e/install/ur_description/share/ur_description/meshes/ur5/visual/wrist2.dae
[0.067s] -- Up-to-date: /home/yadhu/ur3e/install/ur_description/share/ur_description/meshes/ur5/visual/base.dae
[0.067s] -- Up-to-date: /home/yadhu/ur3e/install/ur_description/share/ur_description/meshes/ur5/visual/wrist3.dae
[0.067s] -- Up-to-date: /home/yadhu/ur3e/install/ur_description/share/ur_description/meshes/ur5/visual/upperarm.dae
[0.067s] -- Up-to-date: /home/yadhu/ur3e/install/ur_description/share/ur_description/meshes/ur5/visual/wrist1.dae
[0.067s] -- Up-to-date: /home/yadhu/ur3e/install/ur_description/share/ur_description/meshes/ur5/visual/forearm.dae
[0.067s] -- Up-to-date: /home/yadhu/ur3e/install/ur_description/share/ur_description/meshes/ur5/visual/shoulder.dae
[0.067s] -- Up-to-date: /home/yadhu/ur3e/install/ur_description/share/ur_description/meshes/ur3e
[0.067s] -- Up-to-date: /home/yadhu/ur3e/install/ur_description/share/ur_description/meshes/ur3e/collision
[0.067s] -- Up-to-date: /home/yadhu/ur3e/install/ur_description/share/ur_description/meshes/ur3e/collision/wrist2.stl
[0.068s] -- Up-to-date: /home/yadhu/ur3e/install/ur_description/share/ur_description/meshes/ur3e/collision/base.stl
[0.068s] -- Up-to-date: /home/yadhu/ur3e/install/ur_description/share/ur_description/meshes/ur3e/collision/upperarm.stl
[0.068s] -- Up-to-date: /home/yadhu/ur3e/install/ur_description/share/ur_description/meshes/ur3e/collision/forearm.stl
[0.068s] -- Up-to-date: /home/yadhu/ur3e/install/ur_description/share/ur_description/meshes/ur3e/collision/wrist1.stl
[0.068s] -- Up-to-date: /home/yadhu/ur3e/install/ur_description/share/ur_description/meshes/ur3e/collision/shoulder.stl
[0.068s] -- Up-to-date: /home/yadhu/ur3e/install/ur_description/share/ur_description/meshes/ur3e/collision/wrist3.stl
[0.068s] -- Up-to-date: /home/yadhu/ur3e/install/ur_description/share/ur_description/meshes/ur3e/visual
[0.068s] -- Up-to-date: /home/yadhu/ur3e/install/ur_description/share/ur_description/meshes/ur3e/visual/wrist2.dae
[0.068s] -- Up-to-date: /home/yadhu/ur3e/install/ur_description/share/ur_description/meshes/ur3e/visual/base.dae
[0.068s] -- Up-to-date: /home/yadhu/ur3e/install/ur_description/share/ur_description/meshes/ur3e/visual/wrist3.dae
[0.068s] -- Up-to-date: /home/yadhu/ur3e/install/ur_description/share/ur_description/meshes/ur3e/visual/upperarm.dae
[0.068s] -- Up-to-date: /home/yadhu/ur3e/install/ur_description/share/ur_description/meshes/ur3e/visual/wrist1.dae
[0.068s] -- Up-to-date: /home/yadhu/ur3e/install/ur_description/share/ur_description/meshes/ur3e/visual/forearm.dae
[0.068s] -- Up-to-date: /home/yadhu/ur3e/install/ur_description/share/ur_description/meshes/ur3e/visual/shoulder.dae
[0.068s] -- Up-to-date: /home/yadhu/ur3e/install/ur_description/share/ur_description/meshes/ur10
[0.068s] -- Up-to-date: /home/yadhu/ur3e/install/ur_description/share/ur_description/meshes/ur10/collision
[0.068s] -- Up-to-date: /home/yadhu/ur3e/install/ur_description/share/ur_description/meshes/ur10/collision/wrist2.stl
[0.068s] -- Up-to-date: /home/yadhu/ur3e/install/ur_description/share/ur_description/meshes/ur10/collision/base.stl
[0.068s] -- Up-to-date: /home/yadhu/ur3e/install/ur_description/share/ur_description/meshes/ur10/collision/upperarm.stl
[0.068s] -- Up-to-date: /home/yadhu/ur3e/install/ur_description/share/ur_description/meshes/ur10/collision/forearm.stl
[0.068s] -- Up-to-date: /home/yadhu/ur3e/install/ur_description/share/ur_description/meshes/ur10/collision/wrist1.stl
[0.068s] -- Up-to-date: /home/yadhu/ur3e/install/ur_description/share/ur_description/meshes/ur10/collision/shoulder.stl
[0.068s] -- Up-to-date: /home/yadhu/ur3e/install/ur_description/share/ur_description/meshes/ur10/collision/wrist3.stl
[0.068s] -- Up-to-date: /home/yadhu/ur3e/install/ur_description/share/ur_description/meshes/ur10/visual
[0.068s] -- Up-to-date: /home/yadhu/ur3e/install/ur_description/share/ur_description/meshes/ur10/visual/wrist2.dae
[0.068s] -- Up-to-date: /home/yadhu/ur3e/install/ur_description/share/ur_description/meshes/ur10/visual/base.dae
[0.068s] -- Up-to-date: /home/yadhu/ur3e/install/ur_description/share/ur_description/meshes/ur10/visual/wrist3.dae
[0.068s] -- Up-to-date: /home/yadhu/ur3e/install/ur_description/share/ur_description/meshes/ur10/visual/upperarm.dae
[0.068s] -- Up-to-date: /home/yadhu/ur3e/install/ur_description/share/ur_description/meshes/ur10/visual/wrist1.dae
[0.068s] -- Up-to-date: /home/yadhu/ur3e/install/ur_description/share/ur_description/meshes/ur10/visual/forearm.dae
[0.069s] -- Up-to-date: /home/yadhu/ur3e/install/ur_description/share/ur_description/meshes/ur10/visual/shoulder.dae
[0.069s] -- Up-to-date: /home/yadhu/ur3e/install/ur_description/share/ur_description/meshes/ur20
[0.069s] -- Up-to-date: /home/yadhu/ur3e/install/ur_description/share/ur_description/meshes/ur20/LICENSE.txt
[0.069s] -- Up-to-date: /home/yadhu/ur3e/install/ur_description/share/ur_description/meshes/ur20/collision
[0.069s] -- Up-to-date: /home/yadhu/ur3e/install/ur_description/share/ur_description/meshes/ur20/collision/wrist2.stl
[0.069s] -- Up-to-date: /home/yadhu/ur3e/install/ur_description/share/ur_description/meshes/ur20/collision/base.stl
[0.069s] -- Up-to-date: /home/yadhu/ur3e/install/ur_description/share/ur_description/meshes/ur20/collision/upperarm.stl
[0.069s] -- Up-to-date: /home/yadhu/ur3e/install/ur_description/share/ur_description/meshes/ur20/collision/forearm.stl
[0.069s] -- Up-to-date: /home/yadhu/ur3e/install/ur_description/share/ur_description/meshes/ur20/collision/wrist1.stl
[0.069s] -- Up-to-date: /home/yadhu/ur3e/install/ur_description/share/ur_description/meshes/ur20/collision/shoulder.stl
[0.069s] -- Up-to-date: /home/yadhu/ur3e/install/ur_description/share/ur_description/meshes/ur20/collision/wrist3.stl
[0.069s] -- Up-to-date: /home/yadhu/ur3e/install/ur_description/share/ur_description/meshes/ur20/visual
[0.069s] -- Up-to-date: /home/yadhu/ur3e/install/ur_description/share/ur_description/meshes/ur20/visual/wrist2.dae
[0.069s] -- Up-to-date: /home/yadhu/ur3e/install/ur_description/share/ur_description/meshes/ur20/visual/base.dae
[0.069s] -- Up-to-date: /home/yadhu/ur3e/install/ur_description/share/ur_description/meshes/ur20/visual/wrist3.dae
[0.069s] -- Up-to-date: /home/yadhu/ur3e/install/ur_description/share/ur_description/meshes/ur20/visual/upperarm.dae
[0.069s] -- Up-to-date: /home/yadhu/ur3e/install/ur_description/share/ur_description/meshes/ur20/visual/wrist1.dae
[0.069s] -- Up-to-date: /home/yadhu/ur3e/install/ur_description/share/ur_description/meshes/ur20/visual/forearm.dae
[0.069s] -- Up-to-date: /home/yadhu/ur3e/install/ur_description/share/ur_description/meshes/ur20/visual/UR20_DIFF_8bit_2K.png
[0.069s] -- Up-to-date: /home/yadhu/ur3e/install/ur_description/share/ur_description/meshes/ur20/visual/shoulder.dae
[0.069s] -- Up-to-date: /home/yadhu/ur3e/install/ur_description/share/ur_description/meshes/ur3
[0.069s] -- Up-to-date: /home/yadhu/ur3e/install/ur_description/share/ur_description/meshes/ur3/collision
[0.069s] -- Up-to-date: /home/yadhu/ur3e/install/ur_description/share/ur_description/meshes/ur3/collision/wrist2.stl
[0.069s] -- Up-to-date: /home/yadhu/ur3e/install/ur_description/share/ur_description/meshes/ur3/collision/base.stl
[0.069s] -- Up-to-date: /home/yadhu/ur3e/install/ur_description/share/ur_description/meshes/ur3/collision/upperarm.stl
[0.069s] -- Up-to-date: /home/yadhu/ur3e/install/ur_description/share/ur_description/meshes/ur3/collision/forearm.stl
[0.069s] -- Up-to-date: /home/yadhu/ur3e/install/ur_description/share/ur_description/meshes/ur3/collision/wrist1.stl
[0.069s] -- Up-to-date: /home/yadhu/ur3e/install/ur_description/share/ur_description/meshes/ur3/collision/shoulder.stl
[0.069s] -- Up-to-date: /home/yadhu/ur3e/install/ur_description/share/ur_description/meshes/ur3/collision/wrist3.stl
[0.070s] -- Up-to-date: /home/yadhu/ur3e/install/ur_description/share/ur_description/meshes/ur3/visual
[0.070s] -- Up-to-date: /home/yadhu/ur3e/install/ur_description/share/ur_description/meshes/ur3/visual/wrist2.dae
[0.070s] -- Up-to-date: /home/yadhu/ur3e/install/ur_description/share/ur_description/meshes/ur3/visual/base.dae
[0.070s] -- Up-to-date: /home/yadhu/ur3e/install/ur_description/share/ur_description/meshes/ur3/visual/wrist3.dae
[0.070s] -- Up-to-date: /home/yadhu/ur3e/install/ur_description/share/ur_description/meshes/ur3/visual/upperarm.dae
[0.070s] -- Up-to-date: /home/yadhu/ur3e/install/ur_description/share/ur_description/meshes/ur3/visual/wrist1.dae
[0.070s] -- Up-to-date: /home/yadhu/ur3e/install/ur_description/share/ur_description/meshes/ur3/visual/forearm.dae
[0.070s] -- Up-to-date: /home/yadhu/ur3e/install/ur_description/share/ur_description/meshes/ur3/visual/shoulder.dae
[0.070s] -- Up-to-date: /home/yadhu/ur3e/install/ur_description/share/ur_description/meshes/ur16e
[0.070s] -- Up-to-date: /home/yadhu/ur3e/install/ur_description/share/ur_description/meshes/ur16e/collision
[0.070s] -- Up-to-date: /home/yadhu/ur3e/install/ur_description/share/ur_description/meshes/ur16e/collision/upperarm.stl
[0.070s] -- Up-to-date: /home/yadhu/ur3e/install/ur_description/share/ur_description/meshes/ur16e/collision/forearm.stl
[0.070s] -- Up-to-date: /home/yadhu/ur3e/install/ur_description/share/ur_description/meshes/ur16e/visual
[0.070s] -- Up-to-date: /home/yadhu/ur3e/install/ur_description/share/ur_description/meshes/ur16e/visual/upperarm.dae
[0.070s] -- Up-to-date: /home/yadhu/ur3e/install/ur_description/share/ur_description/meshes/ur16e/visual/forearm.dae
[0.070s] -- Up-to-date: /home/yadhu/ur3e/install/ur_description/share/ur_description/rviz
[0.070s] -- Up-to-date: /home/yadhu/ur3e/install/ur_description/share/ur_description/rviz/view_robot.rviz
[0.070s] -- Up-to-date: /home/yadhu/ur3e/install/ur_description/share/ament_index/resource_index/package_run_dependencies/ur_description
[0.070s] -- Up-to-date: /home/yadhu/ur3e/install/ur_description/share/ament_index/resource_index/parent_prefix_path/ur_description
[0.070s] -- Up-to-date: /home/yadhu/ur3e/install/ur_description/share/ur_description/environment/ament_prefix_path.sh
[0.070s] -- Up-to-date: /home/yadhu/ur3e/install/ur_description/share/ur_description/environment/ament_prefix_path.dsv
[0.070s] -- Up-to-date: /home/yadhu/ur3e/install/ur_description/share/ur_description/environment/path.sh
[0.070s] -- Up-to-date: /home/yadhu/ur3e/install/ur_description/share/ur_description/environment/path.dsv
[0.070s] -- Up-to-date: /home/yadhu/ur3e/install/ur_description/share/ur_description/local_setup.bash
[0.070s] -- Up-to-date: /home/yadhu/ur3e/install/ur_description/share/ur_description/local_setup.sh
[0.070s] -- Up-to-date: /home/yadhu/ur3e/install/ur_description/share/ur_description/local_setup.zsh
[0.070s] -- Up-to-date: /home/yadhu/ur3e/install/ur_description/share/ur_description/local_setup.dsv
[0.070s] -- Installing: /home/yadhu/ur3e/install/ur_description/share/ur_description/package.dsv
[0.070s] -- Up-to-date: /home/yadhu/ur3e/install/ur_description/share/ament_index/resource_index/packages/ur_description
[0.070s] -- Up-to-date: /home/yadhu/ur3e/install/ur_description/share/ur_description/cmake/ur_descriptionConfig.cmake
[0.070s] -- Up-to-date: /home/yadhu/ur3e/install/ur_description/share/ur_description/cmake/ur_descriptionConfig-version.cmake
[0.070s] -- Up-to-date: /home/yadhu/ur3e/install/ur_description/share/ur_description/package.xml
[0.076s] Invoked command in '/home/yadhu/ur3e/build/ur_description' returned '0': CMAKE_PREFIX_PATH=${CMAKE_PREFIX_PATH}:/opt/ros/humble /usr/bin/cmake --install /home/yadhu/ur3e/build/ur_description
