[0.010s] Invoking command in '/home/yadhu/ur3e/build/ur3ebot_description': CMAKE_PREFIX_PATH=${CMAKE_PREFIX_PATH}:/opt/ros/humble /usr/bin/cmake --build /home/yadhu/ur3e/build/ur3ebot_description -- -j16 -l16
[0.049s] -- Found ament_cmake: 1.3.10 (/opt/ros/humble/share/ament_cmake/cmake)
[0.151s] -- Found robotiq_description: 0.0.1 (/opt/ros/humble/share/robotiq_description/cmake)
[0.152s] -- Found rclcpp: 16.0.10 (/opt/ros/humble/share/rclcpp/cmake)
[0.178s] -- Found rosidl_generator_c: 3.1.5 (/opt/ros/humble/share/rosidl_generator_c/cmake)
[0.180s] -- Found rosidl_adapter: 3.1.5 (/opt/ros/humble/share/rosidl_adapter/cmake)
[0.185s] -- Found rosidl_generator_cpp: 3.1.5 (/opt/ros/humble/share/rosidl_generator_cpp/cmake)
[0.192s] -- Using all available rosidl_typesupport_c: rosidl_typesupport_fastrtps_c;rosidl_typesupport_introspection_c
[0.201s] -- Using all available rosidl_typesupport_cpp: rosidl_typesupport_fastrtps_cpp;rosidl_typesupport_introspection_cpp
[0.229s] -- Found rmw_implementation_cmake: 6.1.2 (/opt/ros/humble/share/rmw_implementation_cmake/cmake)
[0.231s] -- Found rmw_cyclonedds_cpp: 1.3.4 (/opt/ros/humble/share/rmw_cyclonedds_cpp/cmake)
[0.247s] -- Using RMW implementation 'rmw_cyclonedds_cpp' as default
[0.284s] -- Found rclpy: 3.3.14 (/opt/ros/humble/share/rclpy/cmake)
[0.284s] -- Found tf2_geometry_msgs: 0.25.7 (/opt/ros/humble/share/tf2_geometry_msgs/cmake)
[0.297s] -- Found eigen3_cmake_module: 0.1.1 (/opt/ros/humble/share/eigen3_cmake_module/cmake)
[0.298s] -- Ensuring Eigen3 include directory is part of orocos-kdl CMake target
[0.362s] -- Found urdf: 2.6.1 (/opt/ros/humble/share/urdf/cmake)
[0.378s] -- Found ament_lint_auto: 0.12.11 (/opt/ros/humble/share/ament_lint_auto/cmake)
[0.421s] -- Added test 'flake8' to check Python code syntax and style conventions
[0.422s] -- Added test 'lint_cmake' to check CMake code style
[0.422s] -- Added test 'pep257' to check Python code against some of the docstring style conventions in PEP 257
[0.423s] -- Added test 'xmllint' to check XML markup files
[0.424s] -- Configuring done
[0.429s] -- Generating done
[0.430s] -- Build files have been written to: /home/yadhu/ur3e/build/ur3ebot_description
[0.448s] Invoked command in '/home/yadhu/ur3e/build/ur3ebot_description' returned '0': CMAKE_PREFIX_PATH=${CMAKE_PREFIX_PATH}:/opt/ros/humble /usr/bin/cmake --build /home/yadhu/ur3e/build/ur3ebot_description -- -j16 -l16
[0.478s] Invoking command in '/home/yadhu/ur3e/build/ur3ebot_description': CMAKE_PREFIX_PATH=${CMAKE_PREFIX_PATH}:/opt/ros/humble /usr/bin/cmake --install /home/yadhu/ur3e/build/ur3ebot_description
[0.485s] -- Install configuration: ""
[0.485s] -- Up-to-date: /home/yadhu/ur3e/install/ur3ebot_description/share/ur3ebot_description/urdf
[0.486s] -- Installing: /home/yadhu/ur3e/install/ur3ebot_description/share/ur3ebot_description/urdf/ur.ros2_control.xacro
[0.486s] -- Installing: /home/yadhu/ur3e/install/ur3ebot_description/share/ur3ebot_description/urdf/ur.urdf.xacro
[0.486s] -- Installing: /home/yadhu/ur3e/install/ur3ebot_description/share/ur3ebot_description/urdf/ur_macro.xacro
[0.486s] -- Installing: /home/yadhu/ur3e/install/ur3ebot_description/share/ur3ebot_description/urdf/inc
[0.486s] -- Installing: /home/yadhu/ur3e/install/ur3ebot_description/share/ur3ebot_description/urdf/inc/ur_common.xacro
[0.486s] -- Installing: /home/yadhu/ur3e/install/ur3ebot_description/share/ur3ebot_description/urdf/inc/ur_transmissions.xacro
[0.486s] -- Up-to-date: /home/yadhu/ur3e/install/ur3ebot_description/share/ur3ebot_description/config
[0.486s] -- Installing: /home/yadhu/ur3e/install/ur3ebot_description/share/ur3ebot_description/config/ur3e
[0.486s] -- Installing: /home/yadhu/ur3e/install/ur3ebot_description/share/ur3ebot_description/config/ur3e/joint_limits.yaml
[0.486s] -- Installing: /home/yadhu/ur3e/install/ur3ebot_description/share/ur3ebot_description/config/ur3e/visual_parameters.yaml
[0.486s] -- Installing: /home/yadhu/ur3e/install/ur3ebot_description/share/ur3ebot_description/config/ur3e/physical_parameters.yaml
[0.486s] -- Installing: /home/yadhu/ur3e/install/ur3ebot_description/share/ur3ebot_description/config/ur3e/default_kinematics.yaml
[0.487s] -- Installing: /home/yadhu/ur3e/install/ur3ebot_description/share/ur3ebot_description/config/initial_positions.yaml
[0.487s] -- Installing: /home/yadhu/ur3e/install/ur3ebot_description/share/ur3ebot_description/launch
[0.487s] -- Installing: /home/yadhu/ur3e/install/ur3ebot_description/share/ur3ebot_description/launch/view_ur.launch.py
[0.487s] -- Installing: /home/yadhu/ur3e/install/ur3ebot_description/share/ur3ebot_description/meshes
[0.487s] -- Installing: /home/yadhu/ur3e/install/ur3ebot_description/share/ur3ebot_description/meshes/ur3e
[0.487s] -- Installing: /home/yadhu/ur3e/install/ur3ebot_description/share/ur3ebot_description/meshes/ur3e/collision
[0.487s] -- Installing: /home/yadhu/ur3e/install/ur3ebot_description/share/ur3ebot_description/meshes/ur3e/collision/wrist2.stl
[0.487s] -- Installing: /home/yadhu/ur3e/install/ur3ebot_description/share/ur3ebot_description/meshes/ur3e/collision/base.stl
[0.487s] -- Installing: /home/yadhu/ur3e/install/ur3ebot_description/share/ur3ebot_description/meshes/ur3e/collision/upperarm.stl
[0.487s] -- Installing: /home/yadhu/ur3e/install/ur3ebot_description/share/ur3ebot_description/meshes/ur3e/collision/forearm.stl
[0.487s] -- Installing: /home/yadhu/ur3e/install/ur3ebot_description/share/ur3ebot_description/meshes/ur3e/collision/wrist1.stl
[0.488s] -- Installing: /home/yadhu/ur3e/install/ur3ebot_description/share/ur3ebot_description/meshes/ur3e/collision/shoulder.stl
[0.488s] -- Installing: /home/yadhu/ur3e/install/ur3ebot_description/share/ur3ebot_description/meshes/ur3e/collision/wrist3.stl
[0.488s] -- Installing: /home/yadhu/ur3e/install/ur3ebot_description/share/ur3ebot_description/meshes/ur3e/visual
[0.488s] -- Installing: /home/yadhu/ur3e/install/ur3ebot_description/share/ur3ebot_description/meshes/ur3e/visual/wrist2.dae
[0.489s] -- Installing: /home/yadhu/ur3e/install/ur3ebot_description/share/ur3ebot_description/meshes/ur3e/visual/base.dae
[0.489s] -- Installing: /home/yadhu/ur3e/install/ur3ebot_description/share/ur3ebot_description/meshes/ur3e/visual/wrist3.dae
[0.489s] -- Installing: /home/yadhu/ur3e/install/ur3ebot_description/share/ur3ebot_description/meshes/ur3e/visual/upperarm.dae
[0.492s] -- Installing: /home/yadhu/ur3e/install/ur3ebot_description/share/ur3ebot_description/meshes/ur3e/visual/wrist1.dae
[0.493s] -- Installing: /home/yadhu/ur3e/install/ur3ebot_description/share/ur3ebot_description/meshes/ur3e/visual/forearm.dae
[0.494s] -- Installing: /home/yadhu/ur3e/install/ur3ebot_description/share/ur3ebot_description/meshes/ur3e/visual/shoulder.dae
[0.495s] -- Installing: /home/yadhu/ur3e/install/ur3ebot_description/share/ur3ebot_description/rviz
[0.495s] -- Installing: /home/yadhu/ur3e/install/ur3ebot_description/share/ur3ebot_description/rviz/view_robot.rviz
[0.495s] -- Installing: /home/yadhu/ur3e/install/ur3ebot_description/share/ament_index/resource_index/package_run_dependencies/ur3ebot_description
[0.495s] -- Installing: /home/yadhu/ur3e/install/ur3ebot_description/share/ament_index/resource_index/parent_prefix_path/ur3ebot_description
[0.495s] -- Up-to-date: /home/yadhu/ur3e/install/ur3ebot_description/share/ur3ebot_description/environment/ament_prefix_path.sh
[0.495s] -- Installing: /home/yadhu/ur3e/install/ur3ebot_description/share/ur3ebot_description/environment/ament_prefix_path.dsv
[0.495s] -- Up-to-date: /home/yadhu/ur3e/install/ur3ebot_description/share/ur3ebot_description/environment/path.sh
[0.495s] -- Installing: /home/yadhu/ur3e/install/ur3ebot_description/share/ur3ebot_description/environment/path.dsv
[0.495s] -- Up-to-date: /home/yadhu/ur3e/install/ur3ebot_description/share/ur3ebot_description/local_setup.bash
[0.495s] -- Up-to-date: /home/yadhu/ur3e/install/ur3ebot_description/share/ur3ebot_description/local_setup.sh
[0.496s] -- Up-to-date: /home/yadhu/ur3e/install/ur3ebot_description/share/ur3ebot_description/local_setup.zsh
[0.496s] -- Installing: /home/yadhu/ur3e/install/ur3ebot_description/share/ur3ebot_description/local_setup.dsv
[0.496s] -- Installing: /home/yadhu/ur3e/install/ur3ebot_description/share/ur3ebot_description/package.dsv
[0.496s] -- Up-to-date: /home/yadhu/ur3e/install/ur3ebot_description/share/ament_index/resource_index/packages/ur3ebot_description
[0.496s] -- Up-to-date: /home/yadhu/ur3e/install/ur3ebot_description/share/ur3ebot_description/cmake/ur3ebot_descriptionConfig.cmake
[0.496s] -- Up-to-date: /home/yadhu/ur3e/install/ur3ebot_description/share/ur3ebot_description/cmake/ur3ebot_descriptionConfig-version.cmake
[0.496s] -- Installing: /home/yadhu/ur3e/install/ur3ebot_description/share/ur3ebot_description/package.xml
[0.497s] Invoked command in '/home/yadhu/ur3e/build/ur3ebot_description' returned '0': CMAKE_PREFIX_PATH=${CMAKE_PREFIX_PATH}:/opt/ros/humble /usr/bin/cmake --install /home/yadhu/ur3e/build/ur3ebot_description
