-- Found ament_cmake: 1.3.10 (/opt/ros/humble/share/ament_cmake/cmake)
-- Found ament_lint_auto: 0.12.11 (/opt/ros/humble/share/ament_lint_auto/cmake)
-- Added test 'lint_cmake' to check CMake code style
-- Added test 'xmllint' to check XML markup files
-- Configuring done
-- Generating done
-- Build files have been written to: /home/yadhu/ur3e/build/ur3e_robot
-- Install configuration: ""
-- Up-to-date: /home/yadhu/ur3e/install/ur3e_robot/share/ament_index/resource_index/package_run_dependencies/ur3e_robot
-- Installing: /home/yadhu/ur3e/install/ur3e_robot/share/ament_index/resource_index/parent_prefix_path/ur3e_robot
-- Up-to-date: /home/yadhu/ur3e/install/ur3e_robot/share/ur3e_robot/environment/ament_prefix_path.sh
-- Installing: /home/yadhu/ur3e/install/ur3e_robot/share/ur3e_robot/environment/ament_prefix_path.dsv
-- Up-to-date: /home/yadhu/ur3e/install/ur3e_robot/share/ur3e_robot/environment/path.sh
-- Installing: /home/yadhu/ur3e/install/ur3e_robot/share/ur3e_robot/environment/path.dsv
-- Up-to-date: /home/yadhu/ur3e/install/ur3e_robot/share/ur3e_robot/local_setup.bash
-- Up-to-date: /home/yadhu/ur3e/install/ur3e_robot/share/ur3e_robot/local_setup.sh
-- Up-to-date: /home/yadhu/ur3e/install/ur3e_robot/share/ur3e_robot/local_setup.zsh
-- Installing: /home/yadhu/ur3e/install/ur3e_robot/share/ur3e_robot/local_setup.dsv
-- Installing: /home/yadhu/ur3e/install/ur3e_robot/share/ur3e_robot/package.dsv
-- Up-to-date: /home/yadhu/ur3e/install/ur3e_robot/share/ament_index/resource_index/packages/ur3e_robot
-- Up-to-date: /home/yadhu/ur3e/install/ur3e_robot/share/ur3e_robot/cmake/ur3e_robotConfig.cmake
-- Up-to-date: /home/yadhu/ur3e/install/ur3e_robot/share/ur3e_robot/cmake/ur3e_robotConfig-version.cmake
-- Up-to-date: /home/yadhu/ur3e/install/ur3e_robot/share/ur3e_robot/package.xml
