[0.005s] Invoking command in '/home/yadhu/ur3e/build/ur3e_robot': CMAKE_PREFIX_PATH=/home/yadhu/ur3e/install/ur3e_description:/home/yadhu/ur3e/install/ur3e_robot:/opt/ros/humble /usr/bin/cmake --build /home/yadhu/ur3e/build/ur3e_robot -- -j16 -l16
[0.022s] -- Found ament_cmake: 1.3.10 (/opt/ros/humble/share/ament_cmake/cmake)
[0.100s] -- Found ament_lint_auto: 0.12.11 (/opt/ros/humble/share/ament_lint_auto/cmake)
[0.140s] -- Added test 'lint_cmake' to check CMake code style
[0.140s] -- Added test 'xmllint' to check XML markup files
[0.141s] -- Configuring done
[0.143s] -- Generating done
[0.143s] -- Build files have been written to: /home/yadhu/ur3e/build/ur3e_robot
[0.158s] Invoked command in '/home/yadhu/ur3e/build/ur3e_robot' returned '0': CMAKE_PREFIX_PATH=/home/yadhu/ur3e/install/ur3e_description:/home/yadhu/ur3e/install/ur3e_robot:/opt/ros/humble /usr/bin/cmake --build /home/yadhu/ur3e/build/ur3e_robot -- -j16 -l16
[0.177s] Invoking command in '/home/yadhu/ur3e/build/ur3e_robot': CMAKE_PREFIX_PATH=/home/yadhu/ur3e/install/ur3e_description:/home/yadhu/ur3e/install/ur3e_robot:/opt/ros/humble /usr/bin/cmake --install /home/yadhu/ur3e/build/ur3e_robot
[0.187s] -- Install configuration: ""
[0.187s] -- Up-to-date: /home/yadhu/ur3e/install/ur3e_robot/share/ament_index/resource_index/package_run_dependencies/ur3e_robot
[0.187s] -- Installing: /home/yadhu/ur3e/install/ur3e_robot/share/ament_index/resource_index/parent_prefix_path/ur3e_robot
[0.187s] -- Up-to-date: /home/yadhu/ur3e/install/ur3e_robot/share/ur3e_robot/environment/ament_prefix_path.sh
[0.187s] -- Installing: /home/yadhu/ur3e/install/ur3e_robot/share/ur3e_robot/environment/ament_prefix_path.dsv
[0.187s] -- Up-to-date: /home/yadhu/ur3e/install/ur3e_robot/share/ur3e_robot/environment/path.sh
[0.187s] -- Installing: /home/yadhu/ur3e/install/ur3e_robot/share/ur3e_robot/environment/path.dsv
[0.187s] -- Up-to-date: /home/yadhu/ur3e/install/ur3e_robot/share/ur3e_robot/local_setup.bash
[0.188s] -- Up-to-date: /home/yadhu/ur3e/install/ur3e_robot/share/ur3e_robot/local_setup.sh
[0.188s] -- Up-to-date: /home/yadhu/ur3e/install/ur3e_robot/share/ur3e_robot/local_setup.zsh
[0.188s] -- Installing: /home/yadhu/ur3e/install/ur3e_robot/share/ur3e_robot/local_setup.dsv
[0.188s] -- Installing: /home/yadhu/ur3e/install/ur3e_robot/share/ur3e_robot/package.dsv
[0.188s] -- Up-to-date: /home/yadhu/ur3e/install/ur3e_robot/share/ament_index/resource_index/packages/ur3e_robot
[0.188s] -- Up-to-date: /home/yadhu/ur3e/install/ur3e_robot/share/ur3e_robot/cmake/ur3e_robotConfig.cmake
[0.188s] -- Up-to-date: /home/yadhu/ur3e/install/ur3e_robot/share/ur3e_robot/cmake/ur3e_robotConfig-version.cmake
[0.188s] -- Up-to-date: /home/yadhu/ur3e/install/ur3e_robot/share/ur3e_robot/package.xml
[0.189s] Invoked command in '/home/yadhu/ur3e/build/ur3e_robot' returned '0': CMAKE_PREFIX_PATH=/home/yadhu/ur3e/install/ur3e_description:/home/yadhu/ur3e/install/ur3e_robot:/opt/ros/humble /usr/bin/cmake --install /home/yadhu/ur3e/build/ur3e_robot
