[0.008s] Invoking command in '/home/yadhu/ur3e/build/ur_description': CMAKE_PREFIX_PATH=${CMAKE_PREFIX_PATH}:/opt/ros/humble /usr/bin/cmake /home/yadhu/ur3e/src/ur3e_description -DCMAKE_INSTALL_PREFIX=/home/yadhu/ur3e/install/ur_description
[0.057s] -- The C compiler identification is GNU 11.4.0
[0.098s] -- The CXX compiler identification is GNU 11.4.0
[0.103s] -- Detecting C compiler ABI info
[0.158s] -- Detecting C compiler ABI info - done
[0.162s] -- Check for working C compiler: /usr/bin/cc - skipped
[0.163s] -- Detecting C compile features
[0.163s] -- Detecting C compile features - done
[0.164s] -- Detecting CXX compiler ABI info
[0.223s] -- Detecting CXX compiler ABI info - done
[0.227s] -- Check for working CXX compiler: /usr/bin/c++ - skipped
[0.227s] -- Detecting CXX compile features
[0.227s] -- Detecting CXX compile features - done
[0.229s] -- Found ament_cmake: 1.3.10 (/opt/ros/humble/share/ament_cmake/cmake)
[0.325s] -- Found Python3: /usr/bin/python3 (found version "3.10.12") found components: Interpreter 
[0.388s] -- Found ament_lint_auto: 0.12.11 (/opt/ros/humble/share/ament_lint_auto/cmake)
[0.429s] [31mCMake Error at /opt/ros/humble/share/ament_cmake_core/cmake/core/ament_package_xml.cmake:53 (message):
[0.429s]   ament_package_xml() package name 'ur_description' in '/package.xml' does
[0.429s]   not match current PROJECT_NAME 'ur3e_description'.  You must call project()
[0.429s]   with the same package name before.
[0.430s] Call Stack (most recent call first):
[0.430s]   /opt/ros/humble/share/ament_lint_auto/cmake/ament_lint_auto_find_test_dependencies.cmake:31 (ament_package_xml)
[0.430s]   CMakeLists.txt:26 (ament_lint_auto_find_test_dependencies)
[0.430s] 
[0.430s] [0m
[0.430s] -- Configuring incomplete, errors occurred!
[0.430s] See also "/home/yadhu/ur3e/build/ur_description/CMakeFiles/CMakeOutput.log".
[0.433s] Invoked command in '/home/yadhu/ur3e/build/ur_description' returned '1': CMAKE_PREFIX_PATH=${CMAKE_PREFIX_PATH}:/opt/ros/humble /usr/bin/cmake /home/yadhu/ur3e/src/ur3e_description -DCMAKE_INSTALL_PREFIX=/home/yadhu/ur3e/install/ur_description
