[0.008s] Invoking command in '/home/yadhu/ur3e/build/ur3e_description': CMAKE_PREFIX_PATH=${CMAKE_PREFIX_PATH}:/opt/ros/humble /usr/bin/cmake --build /home/yadhu/ur3e/build/ur3e_description -- -j16 -l16
[0.023s] -- Found ament_cmake: 1.3.10 (/opt/ros/humble/share/ament_cmake/cmake)
[0.104s] -- Found ur3e_description: 0.0.0 (/home/yadhu/ur3e/install/ur3e_description/share/ur3e_description/cmake)
[0.104s] -- Found ur_description: 2.1.8 (/opt/ros/humble/share/ur_description/cmake)
[0.104s] -- Found ament_lint_auto: 0.12.11 (/opt/ros/humble/share/ament_lint_auto/cmake)
[0.147s] -- Added test 'flake8' to check Python code syntax and style conventions
[0.147s] -- Added test 'lint_cmake' to check CMake code style
[0.147s] -- Added test 'pep257' to check Python code against some of the docstring style conventions in PEP 257
[0.148s] -- Added test 'xmllint' to check XML markup files
[0.148s] -- Configuring done
[0.150s] -- Generating done
[0.150s] -- Build files have been written to: /home/yadhu/ur3e/build/ur3e_description
[0.164s] Invoked command in '/home/yadhu/ur3e/build/ur3e_description' returned '0': CMAKE_PREFIX_PATH=${CMAKE_PREFIX_PATH}:/opt/ros/humble /usr/bin/cmake --build /home/yadhu/ur3e/build/ur3e_description -- -j16 -l16
[0.188s] Invoking command in '/home/yadhu/ur3e/build/ur3e_description': CMAKE_PREFIX_PATH=${CMAKE_PREFIX_PATH}:/opt/ros/humble /usr/bin/cmake --install /home/yadhu/ur3e/build/ur3e_description
[0.194s] -- Install configuration: ""
[0.194s] -- Up-to-date: /home/yadhu/ur3e/install/ur3e_description/share/ur3e_description/urdf
[0.194s] -- Up-to-date: /home/yadhu/ur3e/install/ur3e_description/share/ur3e_description/urdf/ur.urdf.xacro
[0.194s] -- Up-to-date: /home/yadhu/ur3e/install/ur3e_description/share/ur3e_description/urdf/robotiq_gripper.urdf.xacro
[0.194s] -- Up-to-date: /home/yadhu/ur3e/install/ur3e_description/share/ur3e_description/urdf/ur3e.urdf.xacro
[0.194s] -- Up-to-date: /home/yadhu/ur3e/install/ur3e_description/share/ur3e_description/urdf/ur.ros2_controll.xacro
[0.194s] -- Up-to-date: /home/yadhu/ur3e/install/ur3e_description/share/ur3e_description/launch
[0.194s] -- Up-to-date: /home/yadhu/ur3e/install/ur3e_description/share/ur3e_description/launch/display.launch.py
[0.194s] -- Up-to-date: /home/yadhu/ur3e/install/ur3e_description/share/ur3e_description/rviz
[0.194s] -- Installing: /home/yadhu/ur3e/install/ur3e_description/share/ament_index/resource_index/package_run_dependencies/ur3e_description
[0.194s] -- Installing: /home/yadhu/ur3e/install/ur3e_description/share/ament_index/resource_index/parent_prefix_path/ur3e_description
[0.194s] -- Up-to-date: /home/yadhu/ur3e/install/ur3e_description/share/ur3e_description/environment/ament_prefix_path.sh
[0.194s] -- Installing: /home/yadhu/ur3e/install/ur3e_description/share/ur3e_description/environment/ament_prefix_path.dsv
[0.194s] -- Up-to-date: /home/yadhu/ur3e/install/ur3e_description/share/ur3e_description/environment/path.sh
[0.195s] -- Installing: /home/yadhu/ur3e/install/ur3e_description/share/ur3e_description/environment/path.dsv
[0.195s] -- Up-to-date: /home/yadhu/ur3e/install/ur3e_description/share/ur3e_description/local_setup.bash
[0.195s] -- Up-to-date: /home/yadhu/ur3e/install/ur3e_description/share/ur3e_description/local_setup.sh
[0.195s] -- Up-to-date: /home/yadhu/ur3e/install/ur3e_description/share/ur3e_description/local_setup.zsh
[0.195s] -- Installing: /home/yadhu/ur3e/install/ur3e_description/share/ur3e_description/local_setup.dsv
[0.195s] -- Installing: /home/yadhu/ur3e/install/ur3e_description/share/ur3e_description/package.dsv
[0.195s] -- Up-to-date: /home/yadhu/ur3e/install/ur3e_description/share/ament_index/resource_index/packages/ur3e_description
[0.195s] -- Up-to-date: /home/yadhu/ur3e/install/ur3e_description/share/ur3e_description/cmake/ur3e_descriptionConfig.cmake
[0.195s] -- Up-to-date: /home/yadhu/ur3e/install/ur3e_description/share/ur3e_description/cmake/ur3e_descriptionConfig-version.cmake
[0.195s] -- Installing: /home/yadhu/ur3e/install/ur3e_description/share/ur3e_description/package.xml
[0.196s] Invoked command in '/home/yadhu/ur3e/build/ur3e_description' returned '0': CMAKE_PREFIX_PATH=${CMAKE_PREFIX_PATH}:/opt/ros/humble /usr/bin/cmake --install /home/yadhu/ur3e/build/ur3e_description
