running egg_info
writing ../build/pyfile/pyfile.egg-info/PKG-INFO
writing dependency_links to ../build/pyfile/pyfile.egg-info/dependency_links.txt
writing entry points to ../build/pyfile/pyfile.egg-info/entry_points.txt
writing requirements to ../build/pyfile/pyfile.egg-info/requires.txt
writing top-level names to ../build/pyfile/pyfile.egg-info/top_level.txt
reading manifest file '../build/pyfile/pyfile.egg-info/SOURCES.txt'
writing manifest file '../build/pyfile/pyfile.egg-info/SOURCES.txt'
running build
running build_py
running install
running install_lib
creating /home/yadhu/ur3e/src/install/pyfile/lib/python3.10/site-packages/pyfile
copying /home/yadhu/ur3e/src/build/pyfile/build/lib/pyfile/move.py -> /home/yadhu/ur3e/src/install/pyfile/lib/python3.10/site-packages/pyfile
copying /home/yadhu/ur3e/src/build/pyfile/build/lib/pyfile/__init__.py -> /home/yadhu/ur3e/src/install/pyfile/lib/python3.10/site-packages/pyfile
byte-compiling /home/yadhu/ur3e/src/install/pyfile/lib/python3.10/site-packages/pyfile/move.py to move.cpython-310.pyc
byte-compiling /home/yadhu/ur3e/src/install/pyfile/lib/python3.10/site-packages/pyfile/__init__.py to __init__.cpython-310.pyc
running install_data
creating /home/yadhu/ur3e/src/install/pyfile/share/ament_index
creating /home/yadhu/ur3e/src/install/pyfile/share/ament_index/resource_index
creating /home/yadhu/ur3e/src/install/pyfile/share/ament_index/resource_index/packages
copying resource/pyfile -> /home/yadhu/ur3e/src/install/pyfile/share/ament_index/resource_index/packages
copying package.xml -> /home/yadhu/ur3e/src/install/pyfile/share/pyfile
running install_egg_info
Copying ../build/pyfile/pyfile.egg-info to /home/yadhu/ur3e/src/install/pyfile/lib/python3.10/site-packages/pyfile-0.0.0-py3.10.egg-info
running install_scripts
Installing move_bot script to /home/yadhu/ur3e/src/install/pyfile/lib/pyfile
writing list of installed files to '/home/yadhu/ur3e/src/build/pyfile/install.log'
