[0.436s] Invoking command in '/home/yadhu/ur3e/src/pyfile': AMENT_PREFIX_PATH=/home/yadhu/ur3e/src/install/ur_description:/home/yadhu/ur3e/src/install/robotiq_description:${AMENT_PREFIX_PATH} CMAKE_PREFIX_PATH=/home/yadhu/ur3e/src/install/ur_description:/home/yadhu/ur3e/src/install/robotiq_description PYTHONPATH=/home/yadhu/ur3e/src/build/pyfile/prefix_override:/usr/lib/python3/dist-packages/colcon_core/task/python/colcon_distutils_commands:/home/yadhu/ur3e/src/install/pyfile/lib/python3.10/site-packages:${PYTHONPATH} /usr/bin/python3 -W ignore:setup.py install is deprecated setup.py egg_info --egg-base ../build/pyfile build --build-base /home/yadhu/ur3e/src/build/pyfile/build install --record /home/yadhu/ur3e/src/build/pyfile/install.log --single-version-externally-managed install_data
[0.571s] running egg_info
[0.572s] writing ../build/pyfile/pyfile.egg-info/PKG-INFO
[0.572s] writing dependency_links to ../build/pyfile/pyfile.egg-info/dependency_links.txt
[0.572s] writing entry points to ../build/pyfile/pyfile.egg-info/entry_points.txt
[0.572s] writing requirements to ../build/pyfile/pyfile.egg-info/requires.txt
[0.572s] writing top-level names to ../build/pyfile/pyfile.egg-info/top_level.txt
[0.573s] reading manifest file '../build/pyfile/pyfile.egg-info/SOURCES.txt'
[0.573s] writing manifest file '../build/pyfile/pyfile.egg-info/SOURCES.txt'
[0.573s] running build
[0.573s] running build_py
[0.574s] running install
[0.574s] running install_lib
[0.574s] creating /home/yadhu/ur3e/src/install/pyfile/lib/python3.10/site-packages/pyfile
[0.574s] copying /home/yadhu/ur3e/src/build/pyfile/build/lib/pyfile/move.py -> /home/yadhu/ur3e/src/install/pyfile/lib/python3.10/site-packages/pyfile
[0.574s] copying /home/yadhu/ur3e/src/build/pyfile/build/lib/pyfile/__init__.py -> /home/yadhu/ur3e/src/install/pyfile/lib/python3.10/site-packages/pyfile
[0.574s] byte-compiling /home/yadhu/ur3e/src/install/pyfile/lib/python3.10/site-packages/pyfile/move.py to move.cpython-310.pyc
[0.575s] byte-compiling /home/yadhu/ur3e/src/install/pyfile/lib/python3.10/site-packages/pyfile/__init__.py to __init__.cpython-310.pyc
[0.575s] running install_data
[0.575s] creating /home/yadhu/ur3e/src/install/pyfile/share/ament_index
[0.575s] creating /home/yadhu/ur3e/src/install/pyfile/share/ament_index/resource_index
[0.575s] creating /home/yadhu/ur3e/src/install/pyfile/share/ament_index/resource_index/packages
[0.575s] copying resource/pyfile -> /home/yadhu/ur3e/src/install/pyfile/share/ament_index/resource_index/packages
[0.575s] copying package.xml -> /home/yadhu/ur3e/src/install/pyfile/share/pyfile
[0.575s] running install_egg_info
[0.576s] Copying ../build/pyfile/pyfile.egg-info to /home/yadhu/ur3e/src/install/pyfile/lib/python3.10/site-packages/pyfile-0.0.0-py3.10.egg-info
[0.577s] running install_scripts
[0.592s] Installing move_bot script to /home/yadhu/ur3e/src/install/pyfile/lib/pyfile
[0.592s] writing list of installed files to '/home/yadhu/ur3e/src/build/pyfile/install.log'
[0.610s] Invoked command in '/home/yadhu/ur3e/src/pyfile' returned '0': AMENT_PREFIX_PATH=/home/yadhu/ur3e/src/install/ur_description:/home/yadhu/ur3e/src/install/robotiq_description:${AMENT_PREFIX_PATH} CMAKE_PREFIX_PATH=/home/yadhu/ur3e/src/install/ur_description:/home/yadhu/ur3e/src/install/robotiq_description PYTHONPATH=/home/yadhu/ur3e/src/build/pyfile/prefix_override:/usr/lib/python3/dist-packages/colcon_core/task/python/colcon_distutils_commands:/home/yadhu/ur3e/src/install/pyfile/lib/python3.10/site-packages:${PYTHONPATH} /usr/bin/python3 -W ignore:setup.py install is deprecated setup.py egg_info --egg-base ../build/pyfile build --build-base /home/yadhu/ur3e/src/build/pyfile/build install --record /home/yadhu/ur3e/src/build/pyfile/install.log --single-version-externally-managed install_data
