[0.008s] Invoking command in '/home/yadhu/ur3e/build/ur3e_description': CMAKE_PREFIX_PATH=${CMAKE_PREFIX_PATH}:/opt/ros/humble /usr/bin/cmake --build /home/yadhu/ur3e/build/ur3e_description -- -j16 -l16
[0.036s] Invoked command in '/home/yadhu/ur3e/build/ur3e_description' returned '0': CMAKE_PREFIX_PATH=${CMAKE_PREFIX_PATH}:/opt/ros/humble /usr/bin/cmake --build /home/yadhu/ur3e/build/ur3e_description -- -j16 -l16
[0.058s] Invoking command in '/home/yadhu/ur3e/build/ur3e_description': CMAKE_PREFIX_PATH=${CMAKE_PREFIX_PATH}:/opt/ros/humble /usr/bin/cmake --install /home/yadhu/ur3e/build/ur3e_description
[0.066s] -- Install configuration: ""
[0.066s] -- Up-to-date: /home/yadhu/ur3e/install/ur3e_description/share/ur3e_description/urdf
[0.066s] -- Up-to-date: /home/yadhu/ur3e/install/ur3e_description/share/ur3e_description/urdf/ur.urdf.xacro
[0.066s] -- Up-to-date: /home/yadhu/ur3e/install/ur3e_description/share/ur3e_description/urdf/robotiq_gripper.urdf.xacro
[0.066s] -- Installing: /home/yadhu/ur3e/install/ur3e_description/share/ur3e_description/urdf/ur3e.urdf.xacro
[0.066s] -- Up-to-date: /home/yadhu/ur3e/install/ur3e_description/share/ur3e_description/urdf/ur.ros2_controll.xacro
[0.066s] -- Up-to-date: /home/yadhu/ur3e/install/ur3e_description/share/ur3e_description/launch
[0.066s] -- Up-to-date: /home/yadhu/ur3e/install/ur3e_description/share/ur3e_description/launch/display.launch.py
[0.066s] -- Up-to-date: /home/yadhu/ur3e/install/ur3e_description/share/ur3e_description/rviz
[0.066s] -- Up-to-date: /home/yadhu/ur3e/install/ur3e_description/share/ament_index/resource_index/package_run_dependencies/ur3e_description
[0.066s] -- Up-to-date: /home/yadhu/ur3e/install/ur3e_description/share/ament_index/resource_index/parent_prefix_path/ur3e_description
[0.066s] -- Up-to-date: /home/yadhu/ur3e/install/ur3e_description/share/ur3e_description/environment/ament_prefix_path.sh
[0.067s] -- Up-to-date: /home/yadhu/ur3e/install/ur3e_description/share/ur3e_description/environment/ament_prefix_path.dsv
[0.067s] -- Up-to-date: /home/yadhu/ur3e/install/ur3e_description/share/ur3e_description/environment/path.sh
[0.067s] -- Up-to-date: /home/yadhu/ur3e/install/ur3e_description/share/ur3e_description/environment/path.dsv
[0.067s] -- Up-to-date: /home/yadhu/ur3e/install/ur3e_description/share/ur3e_description/local_setup.bash
[0.067s] -- Up-to-date: /home/yadhu/ur3e/install/ur3e_description/share/ur3e_description/local_setup.sh
[0.067s] -- Up-to-date: /home/yadhu/ur3e/install/ur3e_description/share/ur3e_description/local_setup.zsh
[0.067s] -- Up-to-date: /home/yadhu/ur3e/install/ur3e_description/share/ur3e_description/local_setup.dsv
[0.067s] -- Installing: /home/yadhu/ur3e/install/ur3e_description/share/ur3e_description/package.dsv
[0.067s] -- Up-to-date: /home/yadhu/ur3e/install/ur3e_description/share/ament_index/resource_index/packages/ur3e_description
[0.067s] -- Up-to-date: /home/yadhu/ur3e/install/ur3e_description/share/ur3e_description/cmake/ur3e_descriptionConfig.cmake
[0.067s] -- Up-to-date: /home/yadhu/ur3e/install/ur3e_description/share/ur3e_description/cmake/ur3e_descriptionConfig-version.cmake
[0.067s] -- Up-to-date: /home/yadhu/ur3e/install/ur3e_description/share/ur3e_description/package.xml
[0.069s] Invoked command in '/home/yadhu/ur3e/build/ur3e_description' returned '0': CMAKE_PREFIX_PATH=${CMAKE_PREFIX_PATH}:/opt/ros/humble /usr/bin/cmake --install /home/yadhu/ur3e/build/ur3e_description
