-- Found ament_cmake: 1.3.10 (/opt/ros/humble/share/ament_cmake/cmake)
-- Found ur_description: 2.1.4 (/home/yadhu/ur3e/src/install/ur_description/share/ur_description/cmake)
-- Found unity_robotics_demo_msgs: 0.0.1 (/home/yadhu/ur3e/src/install/unity_robotics_demo_msgs/share/unity_robotics_demo_msgs/cmake)
-- Found rosidl_generator_c: 3.1.5 (/opt/ros/humble/share/rosidl_generator_c/cmake)
-- Found rosidl_adapter: 3.1.5 (/opt/ros/humble/share/rosidl_adapter/cmake)
-- Found rosidl_generator_cpp: 3.1.5 (/opt/ros/humble/share/rosidl_generator_cpp/cmake)
-- Using all available rosidl_typesupport_c: rosidl_typesupport_fastrtps_c;rosidl_typesupport_introspection_c
-- Using all available rosidl_typesupport_cpp: rosidl_typesupport_fastrtps_cpp;rosidl_typesupport_introspection_cpp
-- Found unity_ros_msgs: 0.0.0 (/home/yadhu/ur3e/src/install/unity_ros_msgs/share/unity_ros_msgs/cmake)
-- Found rclcpp_action: 16.0.10 (/opt/ros/humble/share/rclcpp_action/cmake)
-- Found rmw_implementation_cmake: 6.1.2 (/opt/ros/humble/share/rmw_implementation_cmake/cmake)
-- Found rmw_cyclonedds_cpp: 1.3.4 (/opt/ros/humble/share/rmw_cyclonedds_cpp/cmake)
-- Using RMW implementation 'rmw_cyclonedds_cpp' as default
-- Found rclcpp_components: 16.0.10 (/opt/ros/humble/share/rclcpp_components/cmake)
-- Found moveit_ros_planning_interface: 2.5.6 (/opt/ros/humble/share/moveit_ros_planning_interface/cmake)
-- Found Boost: /usr/lib/x86_64-linux-gnu/cmake/Boost-1.74.0/BoostConfig.cmake (found version "1.74.0") found components: date_time filesystem program_options system thread 
-- Found Boost: /usr/lib/x86_64-linux-gnu/cmake/Boost-1.74.0/BoostConfig.cmake (found version "1.74.0") found components: chrono date_time filesystem iostreams program_options regex serialization system thread 
-- Found parameter_traits: 0.3.9 (/opt/ros/humble/share/parameter_traits/cmake)
-- Found rclcpp_lifecycle: 16.0.10 (/opt/ros/humble/share/rclcpp_lifecycle/cmake)
-- Found Boost: /usr/lib/x86_64-linux-gnu/cmake/Boost-1.74.0/BoostConfig.cmake (found version "1.74.0") found components: filesystem 
-- library: /usr/lib/x86_64-linux-gnu/libcurl.so
-- Ensuring Eigen3 include directory is part of orocos-kdl CMake target
-- Found Boost: /usr/lib/x86_64-linux-gnu/cmake/Boost-1.74.0/BoostConfig.cmake (found version "1.74.0") found components: system filesystem date_time program_options thread chrono 
-- Found Boost: /usr/lib/x86_64-linux-gnu/cmake/Boost-1.74.0/BoostConfig.cmake (found version "1.74.0") found components: thread system filesystem regex date_time program_options 
-- Found Boost: /usr/lib/x86_64-linux-gnu/cmake/Boost-1.74.0/BoostConfig.cmake (found version "1.74.0") found components: system filesystem date_time program_options thread 
-- Found ament_lint_auto: 0.12.11 (/opt/ros/humble/share/ament_lint_auto/cmake)
-- Added test 'cppcheck' to perform static code analysis on C / C++ code
-- Configured cppcheck include dirs: 
-- Configured cppcheck exclude dirs and/or files: 
-- Added test 'lint_cmake' to check CMake code style
-- Added test 'uncrustify' to check C / C++ code style
-- Configured uncrustify additional arguments: 
-- Added test 'xmllint' to check XML markup files
-- Configuring done
-- Generating done
-- Build files have been written to: /home/yadhu/ur3e/src/build/cppfile
[35m[1mConsolidate compiler generated dependencies of target position_publisher[0m
[35m[1mConsolidate compiler generated dependencies of target position_pub[0m
[35m[1mConsolidate compiler generated dependencies of target simple_moveit_interface[0m
[ 16%] [32mBuilding CXX object CMakeFiles/position_publisher.dir/src/position_publisher.cpp.o[0m
[ 33%] [32mBuilding CXX object CMakeFiles/position_pub.dir/src/position_pub.cpp.o[0m
[ 50%] [32mBuilding CXX object CMakeFiles/simple_moveit_interface.dir/src/simple_moveit_interface.cpp.o[0m
[ 66%] [32m[1mLinking CXX executable simple_moveit_interface[0m
[ 66%] Built target simple_moveit_interface
[ 83%] [32m[1mLinking CXX executable position_publisher[0m
[ 83%] Built target position_publisher
[100%] [32m[1mLinking CXX executable position_pub[0m
[100%] Built target position_pub
-- Install configuration: ""
-- Installing: /home/yadhu/ur3e/src/install/cppfile/lib/cppfile/position_pub
-- Set runtime path of "/home/yadhu/ur3e/src/install/cppfile/lib/cppfile/position_pub" to ""
-- Installing: /home/yadhu/ur3e/src/install/cppfile/lib/cppfile/position_publisher
-- Set runtime path of "/home/yadhu/ur3e/src/install/cppfile/lib/cppfile/position_publisher" to ""
-- Installing: /home/yadhu/ur3e/src/install/cppfile/lib/cppfile/simple_moveit_interface
-- Set runtime path of "/home/yadhu/ur3e/src/install/cppfile/lib/cppfile/simple_moveit_interface" to ""
-- Installing: /home/yadhu/ur3e/src/install/cppfile/share/ament_index/resource_index/package_run_dependencies/cppfile
-- Installing: /home/yadhu/ur3e/src/install/cppfile/share/ament_index/resource_index/parent_prefix_path/cppfile
-- Installing: /home/yadhu/ur3e/src/install/cppfile/share/cppfile/environment/ament_prefix_path.sh
-- Installing: /home/yadhu/ur3e/src/install/cppfile/share/cppfile/environment/ament_prefix_path.dsv
-- Installing: /home/yadhu/ur3e/src/install/cppfile/share/cppfile/environment/path.sh
-- Installing: /home/yadhu/ur3e/src/install/cppfile/share/cppfile/environment/path.dsv
-- Installing: /home/yadhu/ur3e/src/install/cppfile/share/cppfile/local_setup.bash
-- Installing: /home/yadhu/ur3e/src/install/cppfile/share/cppfile/local_setup.sh
-- Installing: /home/yadhu/ur3e/src/install/cppfile/share/cppfile/local_setup.zsh
-- Installing: /home/yadhu/ur3e/src/install/cppfile/share/cppfile/local_setup.dsv
-- Installing: /home/yadhu/ur3e/src/install/cppfile/share/cppfile/package.dsv
-- Installing: /home/yadhu/ur3e/src/install/cppfile/share/ament_index/resource_index/packages/cppfile
-- Installing: /home/yadhu/ur3e/src/install/cppfile/share/cppfile/cmake/cppfileConfig.cmake
-- Installing: /home/yadhu/ur3e/src/install/cppfile/share/cppfile/cmake/cppfileConfig-version.cmake
-- Installing: /home/yadhu/ur3e/src/install/cppfile/share/cppfile/package.xml
