[0.014s] Invoking command in '/home/yadhu/ur3e/src/build/cppfile': AMENT_PREFIX_PATH=/home/yadhu/ur3e/src/install/ur_robotiq:/home/yadhu/ur3e/src/install/ur_description:/home/yadhu/ur3e/src/install/unity_ros_msgs:/home/yadhu/ur3e/src/install/unity_robotics_demo_msgs:/home/yadhu/ur3e/src/install/robotiq_description:/home/yadhu/ur3e/src/install/moveit_msgs:${AMENT_PREFIX_PATH} CMAKE_PREFIX_PATH=/home/yadhu/ur3e/src/install/ur_robotiq:/home/yadhu/ur3e/src/install/ur_description:/home/yadhu/ur3e/src/install/unity_ros_msgs:/home/yadhu/ur3e/src/install/unity_robotics_demo_msgs:/home/yadhu/ur3e/src/install/robotiq_description:/home/yadhu/ur3e/src/install/moveit_msgs:/opt/ros/humble LD_LIBRARY_PATH=/home/yadhu/ur3e/src/install/ur_robotiq/lib:/home/yadhu/ur3e/src/install/unity_ros_msgs/lib:/home/yadhu/ur3e/src/install/unity_robotics_demo_msgs/lib:/home/yadhu/ur3e/src/install/moveit_msgs/lib:${LD_LIBRARY_PATH} PYTHONPATH=/home/yadhu/ur3e/src/install/ur_robotiq/local/lib/python3.10/dist-packages:/home/yadhu/ur3e/src/install/unity_ros_msgs/local/lib/python3.10/dist-packages:/home/yadhu/ur3e/src/install/unity_robotics_demo_msgs/local/lib/python3.10/dist-packages:/home/yadhu/ur3e/src/install/moveit_msgs/local/lib/python3.10/dist-packages:${PYTHONPATH} /usr/bin/cmake --build /home/yadhu/ur3e/src/build/cppfile -- -j16 -l16
[0.037s] -- Found ament_cmake: 1.3.10 (/opt/ros/humble/share/ament_cmake/cmake)
[0.122s] -- Found ur_description: 2.1.4 (/home/yadhu/ur3e/src/install/ur_description/share/ur_description/cmake)
[0.122s] -- Found unity_robotics_demo_msgs: 0.0.1 (/home/yadhu/ur3e/src/install/unity_robotics_demo_msgs/share/unity_robotics_demo_msgs/cmake)
[0.136s] -- Found rosidl_generator_c: 3.1.5 (/opt/ros/humble/share/rosidl_generator_c/cmake)
[0.138s] -- Found rosidl_adapter: 3.1.5 (/opt/ros/humble/share/rosidl_adapter/cmake)
[0.142s] -- Found rosidl_generator_cpp: 3.1.5 (/opt/ros/humble/share/rosidl_generator_cpp/cmake)
[0.150s] -- Using all available rosidl_typesupport_c: rosidl_typesupport_fastrtps_c;rosidl_typesupport_introspection_c
[0.158s] -- Using all available rosidl_typesupport_cpp: rosidl_typesupport_fastrtps_cpp;rosidl_typesupport_introspection_cpp
[0.191s] -- Found unity_ros_msgs: 0.0.0 (/home/yadhu/ur3e/src/install/unity_ros_msgs/share/unity_ros_msgs/cmake)
[0.295s] -- Found ur_robotiq: 0.0.0 (/home/yadhu/ur3e/src/install/ur_robotiq/share/ur_robotiq/cmake)
[0.308s] -- Found rclcpp_action: 16.0.10 (/opt/ros/humble/share/rclcpp_action/cmake)
[0.326s] -- Found rmw_implementation_cmake: 6.1.2 (/opt/ros/humble/share/rmw_implementation_cmake/cmake)
[0.327s] -- Found rmw_cyclonedds_cpp: 1.3.4 (/opt/ros/humble/share/rmw_cyclonedds_cpp/cmake)
[0.338s] -- Using RMW implementation 'rmw_cyclonedds_cpp' as default
[0.368s] -- Found rclcpp_components: 16.0.10 (/opt/ros/humble/share/rclcpp_components/cmake)
[0.379s] -- Found moveit_ros_planning_interface: 2.5.6 (/opt/ros/humble/share/moveit_ros_planning_interface/cmake)
[0.386s] -- Found Boost: /usr/lib/x86_64-linux-gnu/cmake/Boost-1.74.0/BoostConfig.cmake (found version "1.74.0") found components: date_time filesystem program_options system thread 
[0.394s] -- Found Boost: /usr/lib/x86_64-linux-gnu/cmake/Boost-1.74.0/BoostConfig.cmake (found version "1.74.0") found components: chrono date_time filesystem iostreams program_options regex serialization system thread 
[0.408s] -- Found parameter_traits: 0.3.9 (/opt/ros/humble/share/parameter_traits/cmake)
[0.413s] -- Found rclcpp_lifecycle: 16.0.10 (/opt/ros/humble/share/rclcpp_lifecycle/cmake)
[0.424s] -- Found Boost: /usr/lib/x86_64-linux-gnu/cmake/Boost-1.74.0/BoostConfig.cmake (found version "1.74.0") found components: filesystem 
[0.447s] -- library: /usr/lib/x86_64-linux-gnu/libcurl.so
[0.464s] -- Ensuring Eigen3 include directory is part of orocos-kdl CMake target
[0.525s] -- Found Boost: /usr/lib/x86_64-linux-gnu/cmake/Boost-1.74.0/BoostConfig.cmake (found version "1.74.0") found components: system filesystem date_time program_options thread chrono 
[0.544s] -- Found Boost: /usr/lib/x86_64-linux-gnu/cmake/Boost-1.74.0/BoostConfig.cmake (found version "1.74.0") found components: thread system filesystem regex date_time program_options 
[0.564s] -- Found Boost: /usr/lib/x86_64-linux-gnu/cmake/Boost-1.74.0/BoostConfig.cmake (found version "1.74.0") found components: system filesystem date_time program_options thread 
[0.584s] -- Found ament_lint_auto: 0.12.11 (/opt/ros/humble/share/ament_lint_auto/cmake)
[0.628s] -- Added test 'cppcheck' to perform static code analysis on C / C++ code
[0.629s] -- Configured cppcheck include dirs: 
[0.629s] -- Configured cppcheck exclude dirs and/or files: 
[0.629s] -- Added test 'lint_cmake' to check CMake code style
[0.629s] -- Added test 'uncrustify' to check C / C++ code style
[0.629s] -- Configured uncrustify additional arguments: 
[0.629s] -- Added test 'xmllint' to check XML markup files
[0.630s] -- Configuring done
[0.664s] -- Generating done
[0.665s] -- Build files have been written to: /home/yadhu/ur3e/src/build/cppfile
[0.687s] [35m[1mConsolidate compiler generated dependencies of target simple_moveit_interface[0m
[0.689s] [35m[1mConsolidate compiler generated dependencies of target position_pub[0m
[0.689s] [35m[1mConsolidate compiler generated dependencies of target position_publisher[0m
[0.700s] [ 33%] Built target simple_moveit_interface
[0.703s] [ 50%] [32mBuilding CXX object CMakeFiles/position_pub.dir/src/position_pub.cpp.o[0m
[0.710s] [ 66%] [32mBuilding CXX object CMakeFiles/position_publisher.dir/src/position_publisher.cpp.o[0m
[6.548s] [ 83%] [32m[1mLinking CXX executable position_publisher[0m
[6.838s] [ 83%] Built target position_publisher
[8.746s] [100%] [32m[1mLinking CXX executable position_pub[0m
[9.167s] [100%] Built target position_pub
[9.176s] Invoked command in '/home/yadhu/ur3e/src/build/cppfile' returned '0': AMENT_PREFIX_PATH=/home/yadhu/ur3e/src/install/ur_robotiq:/home/yadhu/ur3e/src/install/ur_description:/home/yadhu/ur3e/src/install/unity_ros_msgs:/home/yadhu/ur3e/src/install/unity_robotics_demo_msgs:/home/yadhu/ur3e/src/install/robotiq_description:/home/yadhu/ur3e/src/install/moveit_msgs:${AMENT_PREFIX_PATH} CMAKE_PREFIX_PATH=/home/yadhu/ur3e/src/install/ur_robotiq:/home/yadhu/ur3e/src/install/ur_description:/home/yadhu/ur3e/src/install/unity_ros_msgs:/home/yadhu/ur3e/src/install/unity_robotics_demo_msgs:/home/yadhu/ur3e/src/install/robotiq_description:/home/yadhu/ur3e/src/install/moveit_msgs:/opt/ros/humble LD_LIBRARY_PATH=/home/yadhu/ur3e/src/install/ur_robotiq/lib:/home/yadhu/ur3e/src/install/unity_ros_msgs/lib:/home/yadhu/ur3e/src/install/unity_robotics_demo_msgs/lib:/home/yadhu/ur3e/src/install/moveit_msgs/lib:${LD_LIBRARY_PATH} PYTHONPATH=/home/yadhu/ur3e/src/install/ur_robotiq/local/lib/python3.10/dist-packages:/home/yadhu/ur3e/src/install/unity_ros_msgs/local/lib/python3.10/dist-packages:/home/yadhu/ur3e/src/install/unity_robotics_demo_msgs/local/lib/python3.10/dist-packages:/home/yadhu/ur3e/src/install/moveit_msgs/local/lib/python3.10/dist-packages:${PYTHONPATH} /usr/bin/cmake --build /home/yadhu/ur3e/src/build/cppfile -- -j16 -l16
[9.199s] Invoking command in '/home/yadhu/ur3e/src/build/cppfile': AMENT_PREFIX_PATH=/home/yadhu/ur3e/src/install/ur_robotiq:/home/yadhu/ur3e/src/install/ur_description:/home/yadhu/ur3e/src/install/unity_ros_msgs:/home/yadhu/ur3e/src/install/unity_robotics_demo_msgs:/home/yadhu/ur3e/src/install/robotiq_description:/home/yadhu/ur3e/src/install/moveit_msgs:${AMENT_PREFIX_PATH} CMAKE_PREFIX_PATH=/home/yadhu/ur3e/src/install/ur_robotiq:/home/yadhu/ur3e/src/install/ur_description:/home/yadhu/ur3e/src/install/unity_ros_msgs:/home/yadhu/ur3e/src/install/unity_robotics_demo_msgs:/home/yadhu/ur3e/src/install/robotiq_description:/home/yadhu/ur3e/src/install/moveit_msgs:/opt/ros/humble LD_LIBRARY_PATH=/home/yadhu/ur3e/src/install/ur_robotiq/lib:/home/yadhu/ur3e/src/install/unity_ros_msgs/lib:/home/yadhu/ur3e/src/install/unity_robotics_demo_msgs/lib:/home/yadhu/ur3e/src/install/moveit_msgs/lib:${LD_LIBRARY_PATH} PYTHONPATH=/home/yadhu/ur3e/src/install/ur_robotiq/local/lib/python3.10/dist-packages:/home/yadhu/ur3e/src/install/unity_ros_msgs/local/lib/python3.10/dist-packages:/home/yadhu/ur3e/src/install/unity_robotics_demo_msgs/local/lib/python3.10/dist-packages:/home/yadhu/ur3e/src/install/moveit_msgs/local/lib/python3.10/dist-packages:${PYTHONPATH} /usr/bin/cmake --install /home/yadhu/ur3e/src/build/cppfile
[9.205s] -- Install configuration: ""
[9.205s] -- Installing: /home/yadhu/ur3e/src/install/cppfile/lib/cppfile/position_pub
[9.207s] -- Set runtime path of "/home/yadhu/ur3e/src/install/cppfile/lib/cppfile/position_pub" to ""
[9.207s] -- Installing: /home/yadhu/ur3e/src/install/cppfile/lib/cppfile/position_publisher
[9.208s] -- Set runtime path of "/home/yadhu/ur3e/src/install/cppfile/lib/cppfile/position_publisher" to ""
[9.208s] -- Up-to-date: /home/yadhu/ur3e/src/install/cppfile/lib/cppfile/simple_moveit_interface
[9.208s] -- Installing: /home/yadhu/ur3e/src/install/cppfile/share/ament_index/resource_index/package_run_dependencies/cppfile
[9.208s] -- Installing: /home/yadhu/ur3e/src/install/cppfile/share/ament_index/resource_index/parent_prefix_path/cppfile
[9.208s] -- Up-to-date: /home/yadhu/ur3e/src/install/cppfile/share/cppfile/environment/ament_prefix_path.sh
[9.208s] -- Installing: /home/yadhu/ur3e/src/install/cppfile/share/cppfile/environment/ament_prefix_path.dsv
[9.208s] -- Up-to-date: /home/yadhu/ur3e/src/install/cppfile/share/cppfile/environment/path.sh
[9.208s] -- Installing: /home/yadhu/ur3e/src/install/cppfile/share/cppfile/environment/path.dsv
[9.208s] -- Up-to-date: /home/yadhu/ur3e/src/install/cppfile/share/cppfile/local_setup.bash
[9.208s] -- Up-to-date: /home/yadhu/ur3e/src/install/cppfile/share/cppfile/local_setup.sh
[9.208s] -- Up-to-date: /home/yadhu/ur3e/src/install/cppfile/share/cppfile/local_setup.zsh
[9.208s] -- Installing: /home/yadhu/ur3e/src/install/cppfile/share/cppfile/local_setup.dsv
[9.208s] -- Installing: /home/yadhu/ur3e/src/install/cppfile/share/cppfile/package.dsv
[9.208s] -- Up-to-date: /home/yadhu/ur3e/src/install/cppfile/share/ament_index/resource_index/packages/cppfile
[9.208s] -- Up-to-date: /home/yadhu/ur3e/src/install/cppfile/share/cppfile/cmake/cppfileConfig.cmake
[9.208s] -- Up-to-date: /home/yadhu/ur3e/src/install/cppfile/share/cppfile/cmake/cppfileConfig-version.cmake
[9.208s] -- Installing: /home/yadhu/ur3e/src/install/cppfile/share/cppfile/package.xml
[9.210s] Invoked command in '/home/yadhu/ur3e/src/build/cppfile' returned '0': AMENT_PREFIX_PATH=/home/yadhu/ur3e/src/install/ur_robotiq:/home/yadhu/ur3e/src/install/ur_description:/home/yadhu/ur3e/src/install/unity_ros_msgs:/home/yadhu/ur3e/src/install/unity_robotics_demo_msgs:/home/yadhu/ur3e/src/install/robotiq_description:/home/yadhu/ur3e/src/install/moveit_msgs:${AMENT_PREFIX_PATH} CMAKE_PREFIX_PATH=/home/yadhu/ur3e/src/install/ur_robotiq:/home/yadhu/ur3e/src/install/ur_description:/home/yadhu/ur3e/src/install/unity_ros_msgs:/home/yadhu/ur3e/src/install/unity_robotics_demo_msgs:/home/yadhu/ur3e/src/install/robotiq_description:/home/yadhu/ur3e/src/install/moveit_msgs:/opt/ros/humble LD_LIBRARY_PATH=/home/yadhu/ur3e/src/install/ur_robotiq/lib:/home/yadhu/ur3e/src/install/unity_ros_msgs/lib:/home/yadhu/ur3e/src/install/unity_robotics_demo_msgs/lib:/home/yadhu/ur3e/src/install/moveit_msgs/lib:${LD_LIBRARY_PATH} PYTHONPATH=/home/yadhu/ur3e/src/install/ur_robotiq/local/lib/python3.10/dist-packages:/home/yadhu/ur3e/src/install/unity_ros_msgs/local/lib/python3.10/dist-packages:/home/yadhu/ur3e/src/install/unity_robotics_demo_msgs/local/lib/python3.10/dist-packages:/home/yadhu/ur3e/src/install/moveit_msgs/local/lib/python3.10/dist-packages:${PYTHONPATH} /usr/bin/cmake --install /home/yadhu/ur3e/src/build/cppfile
