[0.409s] Invoking command in '/home/yadhu/ur3e/src/pyfile': AMENT_PREFIX_PATH=/home/yadhu/ur3e/src/install/ur_description:/home/yadhu/ur3e/src/install/robotiq_description:${AMENT_PREFIX_PATH} CMAKE_PREFIX_PATH=/home/yadhu/ur3e/src/install/ur_description:/home/yadhu/ur3e/src/install/robotiq_description PYTHONPATH=/home/yadhu/ur3e/src/build/pyfile/prefix_override:/usr/lib/python3/dist-packages/colcon_core/task/python/colcon_distutils_commands:/home/yadhu/ur3e/src/install/pyfile/lib/python3.10/site-packages:${PYTHONPATH} /usr/bin/python3 -W ignore:setup.py install is deprecated setup.py egg_info --egg-base ../build/pyfile build --build-base /home/yadhu/ur3e/src/build/pyfile/build install --record /home/yadhu/ur3e/src/build/pyfile/install.log --single-version-externally-managed install_data
[0.551s] running egg_info
[0.551s] writing ../build/pyfile/pyfile.egg-info/PKG-INFO
[0.551s] writing dependency_links to ../build/pyfile/pyfile.egg-info/dependency_links.txt
[0.551s] writing entry points to ../build/pyfile/pyfile.egg-info/entry_points.txt
[0.551s] writing requirements to ../build/pyfile/pyfile.egg-info/requires.txt
[0.551s] writing top-level names to ../build/pyfile/pyfile.egg-info/top_level.txt
[0.552s] reading manifest file '../build/pyfile/pyfile.egg-info/SOURCES.txt'
[0.553s] writing manifest file '../build/pyfile/pyfile.egg-info/SOURCES.txt'
[0.553s] running build
[0.553s] running build_py
[0.553s] running install
[0.553s] running install_lib
[0.554s] running install_data
[0.554s] running install_egg_info
[0.555s] removing '/home/yadhu/ur3e/src/install/pyfile/lib/python3.10/site-packages/pyfile-0.0.0-py3.10.egg-info' (and everything under it)
[0.555s] Copying ../build/pyfile/pyfile.egg-info to /home/yadhu/ur3e/src/install/pyfile/lib/python3.10/site-packages/pyfile-0.0.0-py3.10.egg-info
[0.556s] running install_scripts
[0.569s] Installing move_bot script to /home/yadhu/ur3e/src/install/pyfile/lib/pyfile
[0.569s] writing list of installed files to '/home/yadhu/ur3e/src/build/pyfile/install.log'
[0.584s] Invoked command in '/home/yadhu/ur3e/src/pyfile' returned '0': AMENT_PREFIX_PATH=/home/yadhu/ur3e/src/install/ur_description:/home/yadhu/ur3e/src/install/robotiq_description:${AMENT_PREFIX_PATH} CMAKE_PREFIX_PATH=/home/yadhu/ur3e/src/install/ur_description:/home/yadhu/ur3e/src/install/robotiq_description PYTHONPATH=/home/yadhu/ur3e/src/build/pyfile/prefix_override:/usr/lib/python3/dist-packages/colcon_core/task/python/colcon_distutils_commands:/home/yadhu/ur3e/src/install/pyfile/lib/python3.10/site-packages:${PYTHONPATH} /usr/bin/python3 -W ignore:setup.py install is deprecated setup.py egg_info --egg-base ../build/pyfile build --build-base /home/yadhu/ur3e/src/build/pyfile/build install --record /home/yadhu/ur3e/src/build/pyfile/install.log --single-version-externally-managed install_data
