[0.006s] Invoking command in '/home/yadhu/ur3e/build/ur3e_description': CMAKE_PREFIX_PATH=${CMAKE_PREFIX_PATH}:/opt/ros/humble /usr/bin/cmake /home/yadhu/ur3e/src/ur3e_description -DCMAKE_INSTALL_PREFIX=/home/yadhu/ur3e/install/ur3e_description
[0.044s] -- The C compiler identification is GNU 11.4.0
[0.081s] -- The CXX compiler identification is GNU 11.4.0
[0.085s] -- Detecting C compiler ABI info
[0.143s] -- Detecting C compiler ABI info - done
[0.147s] -- Check for working C compiler: /usr/bin/cc - skipped
[0.148s] -- Detecting C compile features
[0.148s] -- Detecting C compile features - done
[0.149s] -- Detecting CXX compiler ABI info
[0.208s] -- Detecting CXX compiler ABI info - done
[0.213s] -- Check for working CXX compiler: /usr/bin/c++ - skipped
[0.213s] -- Detecting CXX compile features
[0.213s] -- Detecting CXX compile features - done
[0.215s] -- Found ament_cmake: 1.3.10 (/opt/ros/humble/share/ament_cmake/cmake)
[0.311s] -- Found Python3: /usr/bin/python3 (found version "3.10.12") found components: Interpreter 
[0.372s] -- Found ament_lint_auto: 0.12.11 (/opt/ros/humble/share/ament_lint_auto/cmake)
[0.423s] -- Added test 'flake8' to check Python code syntax and style conventions
[0.423s] -- Added test 'lint_cmake' to check CMake code style
[0.423s] -- Added test 'pep257' to check Python code against some of the docstring style conventions in PEP 257
[0.424s] -- Added test 'xmllint' to check XML markup files
[0.425s] -- Configuring done
[0.426s] -- Generating done
[0.426s] -- Build files have been written to: /home/yadhu/ur3e/build/ur3e_description
[0.429s] Invoked command in '/home/yadhu/ur3e/build/ur3e_description' returned '0': CMAKE_PREFIX_PATH=${CMAKE_PREFIX_PATH}:/opt/ros/humble /usr/bin/cmake /home/yadhu/ur3e/src/ur3e_description -DCMAKE_INSTALL_PREFIX=/home/yadhu/ur3e/install/ur3e_description
[0.430s] Invoking command in '/home/yadhu/ur3e/build/ur3e_description': CMAKE_PREFIX_PATH=${CMAKE_PREFIX_PATH}:/opt/ros/humble /usr/bin/cmake --build /home/yadhu/ur3e/build/ur3e_description -- -j16 -l16
[0.461s] Invoked command in '/home/yadhu/ur3e/build/ur3e_description' returned '0': CMAKE_PREFIX_PATH=${CMAKE_PREFIX_PATH}:/opt/ros/humble /usr/bin/cmake --build /home/yadhu/ur3e/build/ur3e_description -- -j16 -l16
[0.490s] Invoking command in '/home/yadhu/ur3e/build/ur3e_description': CMAKE_PREFIX_PATH=${CMAKE_PREFIX_PATH}:/opt/ros/humble /usr/bin/cmake --install /home/yadhu/ur3e/build/ur3e_description
[0.495s] -- Install configuration: ""
[0.495s] -- Installing: /home/yadhu/ur3e/install/ur3e_description/share/ur3e_description/urdf
[0.495s] -- Installing: /home/yadhu/ur3e/install/ur3e_description/share/ur3e_description/urdf/ur.urdf.xacro
[0.495s] -- Installing: /home/yadhu/ur3e/install/ur3e_description/share/ur3e_description/urdf/ur.ros2_controll.xacro
[0.495s] -- Installing: /home/yadhu/ur3e/install/ur3e_description/share/ur3e_description/launch
[0.495s] -- Installing: /home/yadhu/ur3e/install/ur3e_description/share/ur3e_description/launch/display.launch.py
[0.495s] -- Installing: /home/yadhu/ur3e/install/ur3e_description/share/ur3e_description/rviz
[0.495s] -- Installing: /home/yadhu/ur3e/install/ur3e_description/share/ament_index/resource_index/package_run_dependencies/ur3e_description
[0.495s] -- Installing: /home/yadhu/ur3e/install/ur3e_description/share/ament_index/resource_index/parent_prefix_path/ur3e_description
[0.495s] -- Installing: /home/yadhu/ur3e/install/ur3e_description/share/ur3e_description/environment/ament_prefix_path.sh
[0.495s] -- Installing: /home/yadhu/ur3e/install/ur3e_description/share/ur3e_description/environment/ament_prefix_path.dsv
[0.496s] -- Installing: /home/yadhu/ur3e/install/ur3e_description/share/ur3e_description/environment/path.sh
[0.496s] -- Installing: /home/yadhu/ur3e/install/ur3e_description/share/ur3e_description/environment/path.dsv
[0.496s] -- Installing: /home/yadhu/ur3e/install/ur3e_description/share/ur3e_description/local_setup.bash
[0.496s] -- Installing: /home/yadhu/ur3e/install/ur3e_description/share/ur3e_description/local_setup.sh
[0.496s] -- Installing: /home/yadhu/ur3e/install/ur3e_description/share/ur3e_description/local_setup.zsh
[0.496s] -- Installing: /home/yadhu/ur3e/install/ur3e_description/share/ur3e_description/local_setup.dsv
[0.496s] -- Installing: /home/yadhu/ur3e/install/ur3e_description/share/ur3e_description/package.dsv
[0.496s] -- Installing: /home/yadhu/ur3e/install/ur3e_description/share/ament_index/resource_index/packages/ur3e_description
[0.496s] -- Installing: /home/yadhu/ur3e/install/ur3e_description/share/ur3e_description/cmake/ur3e_descriptionConfig.cmake
[0.496s] -- Installing: /home/yadhu/ur3e/install/ur3e_description/share/ur3e_description/cmake/ur3e_descriptionConfig-version.cmake
[0.496s] -- Installing: /home/yadhu/ur3e/install/ur3e_description/share/ur3e_description/package.xml
[0.497s] Invoked command in '/home/yadhu/ur3e/build/ur3e_description' returned '0': CMAKE_PREFIX_PATH=${CMAKE_PREFIX_PATH}:/opt/ros/humble /usr/bin/cmake --install /home/yadhu/ur3e/build/ur3e_description
