[0.082s] DEBUG:colcon:Command line arguments: ['/usr/bin/colcon', 'build']
[0.082s] DEBUG:colcon:Parsed command line arguments: Namespace(log_base=None, log_level=None, verb_name='build', build_base='build', install_base='install', merge_install=False, symlink_install=False, test_result_base=None, continue_on_error=False, executor='parallel', parallel_workers=16, event_handlers=None, ignore_user_meta=False, metas=['./colcon.meta'], base_paths=['.'], packages_ignore=None, packages_ignore_regex=None, paths=None, packages_up_to=None, packages_up_to_regex=None, packages_above=None, packages_above_and_dependencies=None, packages_above_depth=None, packages_select_by_dep=None, packages_skip_by_dep=None, packages_skip_up_to=None, packages_select_build_failed=False, packages_skip_build_finished=False, packages_select_test_failures=False, packages_skip_test_passed=False, packages_select=None, packages_skip=None, packages_select_regex=None, packages_skip_regex=None, packages_start=None, packages_end=None, cmake_args=None, cmake_target=None, cmake_target_skip_unavailable=False, cmake_clean_cache=False, cmake_clean_first=False, cmake_force_configure=False, ament_cmake_args=None, catkin_cmake_args=None, catkin_skip_building_tests=False, mixin_files=None, mixin=None, verb_parser=<colcon_mixin.mixin.mixin_argument.MixinArgumentDecorator object at 0x7cfc5ef99060>, verb_extension=<colcon_core.verb.build.BuildVerb object at 0x7cfc5f10edd0>, main=<bound method BuildVerb.main of <colcon_core.verb.build.BuildVerb object at 0x7cfc5f10edd0>>, mixin_verb=('build',))
[0.185s] Level 1:colcon.colcon_core.package_discovery:discover_packages(colcon_meta) check parameters
[0.185s] Level 1:colcon.colcon_core.package_discovery:discover_packages(recursive) check parameters
[0.185s] Level 1:colcon.colcon_core.package_discovery:discover_packages(ignore) check parameters
[0.185s] Level 1:colcon.colcon_core.package_discovery:discover_packages(path) check parameters
[0.186s] Level 1:colcon.colcon_core.package_discovery:discover_packages(colcon_meta) discover
[0.186s] Level 1:colcon.colcon_core.package_discovery:discover_packages(recursive) discover
[0.186s] INFO:colcon.colcon_core.package_discovery:Crawling recursively for packages in '/home/yadhu/ur3e'
[0.186s] Level 1:colcon.colcon_core.package_identification:_identify(.) by extensions ['ignore', 'ignore_ament_install']
[0.186s] Level 1:colcon.colcon_core.package_identification:_identify(.) by extension 'ignore'
[0.186s] Level 1:colcon.colcon_core.package_identification:_identify(.) by extension 'ignore_ament_install'
[0.186s] Level 1:colcon.colcon_core.package_identification:_identify(.) by extensions ['colcon_pkg']
[0.186s] Level 1:colcon.colcon_core.package_identification:_identify(.) by extension 'colcon_pkg'
[0.186s] Level 1:colcon.colcon_core.package_identification:_identify(.) by extensions ['colcon_meta']
[0.186s] Level 1:colcon.colcon_core.package_identification:_identify(.) by extension 'colcon_meta'
[0.186s] Level 1:colcon.colcon_core.package_identification:_identify(.) by extensions ['ros']
[0.186s] Level 1:colcon.colcon_core.package_identification:_identify(.) by extension 'ros'
[0.196s] Level 1:colcon.colcon_core.package_identification:_identify(.) by extensions ['cmake', 'python']
[0.196s] Level 1:colcon.colcon_core.package_identification:_identify(.) by extension 'cmake'
[0.196s] Level 1:colcon.colcon_core.package_identification:_identify(.) by extension 'python'
[0.196s] Level 1:colcon.colcon_core.package_identification:_identify(.) by extensions ['python_setup_py']
[0.196s] Level 1:colcon.colcon_core.package_identification:_identify(.) by extension 'python_setup_py'
[0.196s] Level 1:colcon.colcon_core.package_identification:_identify(build) by extensions ['ignore', 'ignore_ament_install']
[0.196s] Level 1:colcon.colcon_core.package_identification:_identify(build) by extension 'ignore'
[0.196s] Level 1:colcon.colcon_core.package_identification:_identify(build) ignored
[0.196s] Level 1:colcon.colcon_core.package_identification:_identify(install) by extensions ['ignore', 'ignore_ament_install']
[0.196s] Level 1:colcon.colcon_core.package_identification:_identify(install) by extension 'ignore'
[0.196s] Level 1:colcon.colcon_core.package_identification:_identify(install) ignored
[0.197s] Level 1:colcon.colcon_core.package_identification:_identify(log) by extensions ['ignore', 'ignore_ament_install']
[0.197s] Level 1:colcon.colcon_core.package_identification:_identify(log) by extension 'ignore'
[0.197s] Level 1:colcon.colcon_core.package_identification:_identify(log) ignored
[0.197s] Level 1:colcon.colcon_core.package_identification:_identify(src) by extensions ['ignore', 'ignore_ament_install']
[0.197s] Level 1:colcon.colcon_core.package_identification:_identify(src) by extension 'ignore'
[0.197s] Level 1:colcon.colcon_core.package_identification:_identify(src) by extension 'ignore_ament_install'
[0.197s] Level 1:colcon.colcon_core.package_identification:_identify(src) by extensions ['colcon_pkg']
[0.197s] Level 1:colcon.colcon_core.package_identification:_identify(src) by extension 'colcon_pkg'
[0.197s] Level 1:colcon.colcon_core.package_identification:_identify(src) by extensions ['colcon_meta']
[0.197s] Level 1:colcon.colcon_core.package_identification:_identify(src) by extension 'colcon_meta'
[0.197s] Level 1:colcon.colcon_core.package_identification:_identify(src) by extensions ['ros']
[0.197s] Level 1:colcon.colcon_core.package_identification:_identify(src) by extension 'ros'
[0.197s] Level 1:colcon.colcon_core.package_identification:_identify(src) by extensions ['cmake', 'python']
[0.197s] Level 1:colcon.colcon_core.package_identification:_identify(src) by extension 'cmake'
[0.197s] Level 1:colcon.colcon_core.package_identification:_identify(src) by extension 'python'
[0.197s] Level 1:colcon.colcon_core.package_identification:_identify(src) by extensions ['python_setup_py']
[0.197s] Level 1:colcon.colcon_core.package_identification:_identify(src) by extension 'python_setup_py'
[0.197s] Level 1:colcon.colcon_core.package_identification:_identify(src/cppfile) by extensions ['ignore', 'ignore_ament_install']
[0.197s] Level 1:colcon.colcon_core.package_identification:_identify(src/cppfile) by extension 'ignore'
[0.197s] Level 1:colcon.colcon_core.package_identification:_identify(src/cppfile) by extension 'ignore_ament_install'
[0.197s] Level 1:colcon.colcon_core.package_identification:_identify(src/cppfile) by extensions ['colcon_pkg']
[0.197s] Level 1:colcon.colcon_core.package_identification:_identify(src/cppfile) by extension 'colcon_pkg'
[0.197s] Level 1:colcon.colcon_core.package_identification:_identify(src/cppfile) by extensions ['colcon_meta']
[0.197s] Level 1:colcon.colcon_core.package_identification:_identify(src/cppfile) by extension 'colcon_meta'
[0.197s] Level 1:colcon.colcon_core.package_identification:_identify(src/cppfile) by extensions ['ros']
[0.198s] Level 1:colcon.colcon_core.package_identification:_identify(src/cppfile) by extension 'ros'
[0.201s] DEBUG:colcon.colcon_core.package_identification:Package 'src/cppfile' with type 'ros.ament_cmake' and name 'cppfile'
[0.201s] Level 1:colcon.colcon_core.package_identification:_identify(src/pyfile) by extensions ['ignore', 'ignore_ament_install']
[0.202s] Level 1:colcon.colcon_core.package_identification:_identify(src/pyfile) by extension 'ignore'
[0.202s] Level 1:colcon.colcon_core.package_identification:_identify(src/pyfile) by extension 'ignore_ament_install'
[0.202s] Level 1:colcon.colcon_core.package_identification:_identify(src/pyfile) by extensions ['colcon_pkg']
[0.202s] Level 1:colcon.colcon_core.package_identification:_identify(src/pyfile) by extension 'colcon_pkg'
[0.202s] Level 1:colcon.colcon_core.package_identification:_identify(src/pyfile) by extensions ['colcon_meta']
[0.202s] Level 1:colcon.colcon_core.package_identification:_identify(src/pyfile) by extension 'colcon_meta'
[0.202s] Level 1:colcon.colcon_core.package_identification:_identify(src/pyfile) by extensions ['ros']
[0.202s] Level 1:colcon.colcon_core.package_identification:_identify(src/pyfile) by extension 'ros'
[0.203s] DEBUG:colcon.colcon_core.package_identification:Package 'src/pyfile' with type 'ros.ament_python' and name 'pyfile'
[0.203s] Level 1:colcon.colcon_core.package_identification:_identify(src/robotiq_description) by extensions ['ignore', 'ignore_ament_install']
[0.203s] Level 1:colcon.colcon_core.package_identification:_identify(src/robotiq_description) by extension 'ignore'
[0.203s] Level 1:colcon.colcon_core.package_identification:_identify(src/robotiq_description) by extension 'ignore_ament_install'
[0.203s] Level 1:colcon.colcon_core.package_identification:_identify(src/robotiq_description) by extensions ['colcon_pkg']
[0.203s] Level 1:colcon.colcon_core.package_identification:_identify(src/robotiq_description) by extension 'colcon_pkg'
[0.203s] Level 1:colcon.colcon_core.package_identification:_identify(src/robotiq_description) by extensions ['colcon_meta']
[0.203s] Level 1:colcon.colcon_core.package_identification:_identify(src/robotiq_description) by extension 'colcon_meta'
[0.203s] Level 1:colcon.colcon_core.package_identification:_identify(src/robotiq_description) by extensions ['ros']
[0.203s] Level 1:colcon.colcon_core.package_identification:_identify(src/robotiq_description) by extension 'ros'
[0.203s] DEBUG:colcon.colcon_core.package_identification:Package 'src/robotiq_description' with type 'ros.ament_cmake' and name 'robotiq_description'
[0.203s] Level 1:colcon.colcon_core.package_identification:_identify(src/ur_description) by extensions ['ignore', 'ignore_ament_install']
[0.203s] Level 1:colcon.colcon_core.package_identification:_identify(src/ur_description) by extension 'ignore'
[0.204s] Level 1:colcon.colcon_core.package_identification:_identify(src/ur_description) by extension 'ignore_ament_install'
[0.204s] Level 1:colcon.colcon_core.package_identification:_identify(src/ur_description) by extensions ['colcon_pkg']
[0.204s] Level 1:colcon.colcon_core.package_identification:_identify(src/ur_description) by extension 'colcon_pkg'
[0.204s] Level 1:colcon.colcon_core.package_identification:_identify(src/ur_description) by extensions ['colcon_meta']
[0.204s] Level 1:colcon.colcon_core.package_identification:_identify(src/ur_description) by extension 'colcon_meta'
[0.204s] Level 1:colcon.colcon_core.package_identification:_identify(src/ur_description) by extensions ['ros']
[0.204s] Level 1:colcon.colcon_core.package_identification:_identify(src/ur_description) by extension 'ros'
[0.204s] DEBUG:colcon.colcon_core.package_identification:Package 'src/ur_description' with type 'ros.ament_cmake' and name 'ur_description'
[0.204s] Level 1:colcon.colcon_core.package_identification:_identify(src/ur_gripper_gazebo) by extensions ['ignore', 'ignore_ament_install']
[0.204s] Level 1:colcon.colcon_core.package_identification:_identify(src/ur_gripper_gazebo) by extension 'ignore'
[0.205s] Level 1:colcon.colcon_core.package_identification:_identify(src/ur_gripper_gazebo) by extension 'ignore_ament_install'
[0.205s] Level 1:colcon.colcon_core.package_identification:_identify(src/ur_gripper_gazebo) by extensions ['colcon_pkg']
[0.205s] Level 1:colcon.colcon_core.package_identification:_identify(src/ur_gripper_gazebo) by extension 'colcon_pkg'
[0.205s] Level 1:colcon.colcon_core.package_identification:_identify(src/ur_gripper_gazebo) by extensions ['colcon_meta']
[0.205s] Level 1:colcon.colcon_core.package_identification:_identify(src/ur_gripper_gazebo) by extension 'colcon_meta'
[0.205s] Level 1:colcon.colcon_core.package_identification:_identify(src/ur_gripper_gazebo) by extensions ['ros']
[0.205s] Level 1:colcon.colcon_core.package_identification:_identify(src/ur_gripper_gazebo) by extension 'ros'
[0.205s] DEBUG:colcon.colcon_core.package_identification:Package 'src/ur_gripper_gazebo' with type 'ros.ament_cmake' and name 'ur_gripper_gazebo'
[0.205s] Level 1:colcon.colcon_core.package_identification:_identify(src/ur_moveit_config) by extensions ['ignore', 'ignore_ament_install']
[0.205s] Level 1:colcon.colcon_core.package_identification:_identify(src/ur_moveit_config) by extension 'ignore'
[0.205s] Level 1:colcon.colcon_core.package_identification:_identify(src/ur_moveit_config) by extension 'ignore_ament_install'
[0.206s] Level 1:colcon.colcon_core.package_identification:_identify(src/ur_moveit_config) by extensions ['colcon_pkg']
[0.206s] Level 1:colcon.colcon_core.package_identification:_identify(src/ur_moveit_config) by extension 'colcon_pkg'
[0.206s] Level 1:colcon.colcon_core.package_identification:_identify(src/ur_moveit_config) by extensions ['colcon_meta']
[0.206s] Level 1:colcon.colcon_core.package_identification:_identify(src/ur_moveit_config) by extension 'colcon_meta'
[0.206s] Level 1:colcon.colcon_core.package_identification:_identify(src/ur_moveit_config) by extensions ['ros']
[0.206s] Level 1:colcon.colcon_core.package_identification:_identify(src/ur_moveit_config) by extension 'ros'
[0.206s] DEBUG:colcon.colcon_core.package_identification:Package 'src/ur_moveit_config' with type 'ros.ament_cmake' and name 'ur_moveit_config'
[0.206s] Level 1:colcon.colcon_core.package_discovery:discover_packages(recursive) using defaults
[0.206s] Level 1:colcon.colcon_core.package_discovery:discover_packages(ignore) discover
[0.206s] Level 1:colcon.colcon_core.package_discovery:discover_packages(ignore) using defaults
[0.206s] Level 1:colcon.colcon_core.package_discovery:discover_packages(path) discover
[0.206s] Level 1:colcon.colcon_core.package_discovery:discover_packages(path) using defaults
[0.224s] Level 5:colcon.colcon_core.verb:set package 'robotiq_description' build argument 'cmake_args' from command line to 'None'
[0.224s] Level 5:colcon.colcon_core.verb:set package 'robotiq_description' build argument 'cmake_target' from command line to 'None'
[0.224s] Level 5:colcon.colcon_core.verb:set package 'robotiq_description' build argument 'cmake_target_skip_unavailable' from command line to 'False'
[0.224s] Level 5:colcon.colcon_core.verb:set package 'robotiq_description' build argument 'cmake_clean_cache' from command line to 'False'
[0.224s] Level 5:colcon.colcon_core.verb:set package 'robotiq_description' build argument 'cmake_clean_first' from command line to 'False'
[0.224s] Level 5:colcon.colcon_core.verb:set package 'robotiq_description' build argument 'cmake_force_configure' from command line to 'False'
[0.224s] Level 5:colcon.colcon_core.verb:set package 'robotiq_description' build argument 'ament_cmake_args' from command line to 'None'
[0.224s] Level 5:colcon.colcon_core.verb:set package 'robotiq_description' build argument 'catkin_cmake_args' from command line to 'None'
[0.224s] Level 5:colcon.colcon_core.verb:set package 'robotiq_description' build argument 'catkin_skip_building_tests' from command line to 'False'
[0.224s] DEBUG:colcon.colcon_core.verb:Building package 'robotiq_description' with the following arguments: {'ament_cmake_args': None, 'build_base': '/home/yadhu/ur3e/build/robotiq_description', 'catkin_cmake_args': None, 'catkin_skip_building_tests': False, 'cmake_args': None, 'cmake_clean_cache': False, 'cmake_clean_first': False, 'cmake_force_configure': False, 'cmake_target': None, 'cmake_target_skip_unavailable': False, 'install_base': '/home/yadhu/ur3e/install/robotiq_description', 'merge_install': False, 'path': '/home/yadhu/ur3e/src/robotiq_description', 'symlink_install': False, 'test_result_base': None}
[0.225s] Level 5:colcon.colcon_core.verb:set package 'ur_description' build argument 'cmake_args' from command line to 'None'
[0.225s] Level 5:colcon.colcon_core.verb:set package 'ur_description' build argument 'cmake_target' from command line to 'None'
[0.225s] Level 5:colcon.colcon_core.verb:set package 'ur_description' build argument 'cmake_target_skip_unavailable' from command line to 'False'
[0.225s] Level 5:colcon.colcon_core.verb:set package 'ur_description' build argument 'cmake_clean_cache' from command line to 'False'
[0.225s] Level 5:colcon.colcon_core.verb:set package 'ur_description' build argument 'cmake_clean_first' from command line to 'False'
[0.225s] Level 5:colcon.colcon_core.verb:set package 'ur_description' build argument 'cmake_force_configure' from command line to 'False'
[0.225s] Level 5:colcon.colcon_core.verb:set package 'ur_description' build argument 'ament_cmake_args' from command line to 'None'
[0.225s] Level 5:colcon.colcon_core.verb:set package 'ur_description' build argument 'catkin_cmake_args' from command line to 'None'
[0.225s] Level 5:colcon.colcon_core.verb:set package 'ur_description' build argument 'catkin_skip_building_tests' from command line to 'False'
[0.225s] DEBUG:colcon.colcon_core.verb:Building package 'ur_description' with the following arguments: {'ament_cmake_args': None, 'build_base': '/home/yadhu/ur3e/build/ur_description', 'catkin_cmake_args': None, 'catkin_skip_building_tests': False, 'cmake_args': None, 'cmake_clean_cache': False, 'cmake_clean_first': False, 'cmake_force_configure': False, 'cmake_target': None, 'cmake_target_skip_unavailable': False, 'install_base': '/home/yadhu/ur3e/install/ur_description', 'merge_install': False, 'path': '/home/yadhu/ur3e/src/ur_description', 'symlink_install': False, 'test_result_base': None}
[0.225s] Level 5:colcon.colcon_core.verb:set package 'ur_gripper_gazebo' build argument 'cmake_args' from command line to 'None'
[0.225s] Level 5:colcon.colcon_core.verb:set package 'ur_gripper_gazebo' build argument 'cmake_target' from command line to 'None'
[0.225s] Level 5:colcon.colcon_core.verb:set package 'ur_gripper_gazebo' build argument 'cmake_target_skip_unavailable' from command line to 'False'
[0.225s] Level 5:colcon.colcon_core.verb:set package 'ur_gripper_gazebo' build argument 'cmake_clean_cache' from command line to 'False'
[0.225s] Level 5:colcon.colcon_core.verb:set package 'ur_gripper_gazebo' build argument 'cmake_clean_first' from command line to 'False'
[0.225s] Level 5:colcon.colcon_core.verb:set package 'ur_gripper_gazebo' build argument 'cmake_force_configure' from command line to 'False'
[0.225s] Level 5:colcon.colcon_core.verb:set package 'ur_gripper_gazebo' build argument 'ament_cmake_args' from command line to 'None'
[0.225s] Level 5:colcon.colcon_core.verb:set package 'ur_gripper_gazebo' build argument 'catkin_cmake_args' from command line to 'None'
[0.225s] Level 5:colcon.colcon_core.verb:set package 'ur_gripper_gazebo' build argument 'catkin_skip_building_tests' from command line to 'False'
[0.225s] DEBUG:colcon.colcon_core.verb:Building package 'ur_gripper_gazebo' with the following arguments: {'ament_cmake_args': None, 'build_base': '/home/yadhu/ur3e/build/ur_gripper_gazebo', 'catkin_cmake_args': None, 'catkin_skip_building_tests': False, 'cmake_args': None, 'cmake_clean_cache': False, 'cmake_clean_first': False, 'cmake_force_configure': False, 'cmake_target': None, 'cmake_target_skip_unavailable': False, 'install_base': '/home/yadhu/ur3e/install/ur_gripper_gazebo', 'merge_install': False, 'path': '/home/yadhu/ur3e/src/ur_gripper_gazebo', 'symlink_install': False, 'test_result_base': None}
[0.225s] Level 5:colcon.colcon_core.verb:set package 'cppfile' build argument 'cmake_args' from command line to 'None'
[0.226s] Level 5:colcon.colcon_core.verb:set package 'cppfile' build argument 'cmake_target' from command line to 'None'
[0.226s] Level 5:colcon.colcon_core.verb:set package 'cppfile' build argument 'cmake_target_skip_unavailable' from command line to 'False'
[0.226s] Level 5:colcon.colcon_core.verb:set package 'cppfile' build argument 'cmake_clean_cache' from command line to 'False'
[0.226s] Level 5:colcon.colcon_core.verb:set package 'cppfile' build argument 'cmake_clean_first' from command line to 'False'
[0.226s] Level 5:colcon.colcon_core.verb:set package 'cppfile' build argument 'cmake_force_configure' from command line to 'False'
[0.226s] Level 5:colcon.colcon_core.verb:set package 'cppfile' build argument 'ament_cmake_args' from command line to 'None'
[0.226s] Level 5:colcon.colcon_core.verb:set package 'cppfile' build argument 'catkin_cmake_args' from command line to 'None'
[0.226s] Level 5:colcon.colcon_core.verb:set package 'cppfile' build argument 'catkin_skip_building_tests' from command line to 'False'
[0.226s] DEBUG:colcon.colcon_core.verb:Building package 'cppfile' with the following arguments: {'ament_cmake_args': None, 'build_base': '/home/yadhu/ur3e/build/cppfile', 'catkin_cmake_args': None, 'catkin_skip_building_tests': False, 'cmake_args': None, 'cmake_clean_cache': False, 'cmake_clean_first': False, 'cmake_force_configure': False, 'cmake_target': None, 'cmake_target_skip_unavailable': False, 'install_base': '/home/yadhu/ur3e/install/cppfile', 'merge_install': False, 'path': '/home/yadhu/ur3e/src/cppfile', 'symlink_install': False, 'test_result_base': None}
[0.226s] Level 5:colcon.colcon_core.verb:set package 'pyfile' build argument 'cmake_args' from command line to 'None'
[0.226s] Level 5:colcon.colcon_core.verb:set package 'pyfile' build argument 'cmake_target' from command line to 'None'
[0.226s] Level 5:colcon.colcon_core.verb:set package 'pyfile' build argument 'cmake_target_skip_unavailable' from command line to 'False'
[0.226s] Level 5:colcon.colcon_core.verb:set package 'pyfile' build argument 'cmake_clean_cache' from command line to 'False'
[0.226s] Level 5:colcon.colcon_core.verb:set package 'pyfile' build argument 'cmake_clean_first' from command line to 'False'
[0.226s] Level 5:colcon.colcon_core.verb:set package 'pyfile' build argument 'cmake_force_configure' from command line to 'False'
[0.226s] Level 5:colcon.colcon_core.verb:set package 'pyfile' build argument 'ament_cmake_args' from command line to 'None'
[0.226s] Level 5:colcon.colcon_core.verb:set package 'pyfile' build argument 'catkin_cmake_args' from command line to 'None'
[0.226s] Level 5:colcon.colcon_core.verb:set package 'pyfile' build argument 'catkin_skip_building_tests' from command line to 'False'
[0.226s] DEBUG:colcon.colcon_core.verb:Building package 'pyfile' with the following arguments: {'ament_cmake_args': None, 'build_base': '/home/yadhu/ur3e/build/pyfile', 'catkin_cmake_args': None, 'catkin_skip_building_tests': False, 'cmake_args': None, 'cmake_clean_cache': False, 'cmake_clean_first': False, 'cmake_force_configure': False, 'cmake_target': None, 'cmake_target_skip_unavailable': False, 'install_base': '/home/yadhu/ur3e/install/pyfile', 'merge_install': False, 'path': '/home/yadhu/ur3e/src/pyfile', 'symlink_install': False, 'test_result_base': None}
[0.227s] Level 5:colcon.colcon_core.verb:set package 'ur_moveit_config' build argument 'cmake_args' from command line to 'None'
[0.227s] Level 5:colcon.colcon_core.verb:set package 'ur_moveit_config' build argument 'cmake_target' from command line to 'None'
[0.227s] Level 5:colcon.colcon_core.verb:set package 'ur_moveit_config' build argument 'cmake_target_skip_unavailable' from command line to 'False'
[0.227s] Level 5:colcon.colcon_core.verb:set package 'ur_moveit_config' build argument 'cmake_clean_cache' from command line to 'False'
[0.227s] Level 5:colcon.colcon_core.verb:set package 'ur_moveit_config' build argument 'cmake_clean_first' from command line to 'False'
[0.227s] Level 5:colcon.colcon_core.verb:set package 'ur_moveit_config' build argument 'cmake_force_configure' from command line to 'False'
[0.227s] Level 5:colcon.colcon_core.verb:set package 'ur_moveit_config' build argument 'ament_cmake_args' from command line to 'None'
[0.227s] Level 5:colcon.colcon_core.verb:set package 'ur_moveit_config' build argument 'catkin_cmake_args' from command line to 'None'
[0.227s] Level 5:colcon.colcon_core.verb:set package 'ur_moveit_config' build argument 'catkin_skip_building_tests' from command line to 'False'
[0.227s] DEBUG:colcon.colcon_core.verb:Building package 'ur_moveit_config' with the following arguments: {'ament_cmake_args': None, 'build_base': '/home/yadhu/ur3e/build/ur_moveit_config', 'catkin_cmake_args': None, 'catkin_skip_building_tests': False, 'cmake_args': None, 'cmake_clean_cache': False, 'cmake_clean_first': False, 'cmake_force_configure': False, 'cmake_target': None, 'cmake_target_skip_unavailable': False, 'install_base': '/home/yadhu/ur3e/install/ur_moveit_config', 'merge_install': False, 'path': '/home/yadhu/ur3e/src/ur_moveit_config', 'symlink_install': False, 'test_result_base': None}
[0.227s] INFO:colcon.colcon_core.executor:Executing jobs using 'parallel' executor
[0.228s] DEBUG:colcon.colcon_parallel_executor.executor.parallel:run_until_complete
[0.228s] INFO:colcon.colcon_ros.task.ament_cmake.build:Building ROS package in '/home/yadhu/ur3e/src/ur_description' with build type 'ament_cmake'
[0.228s] INFO:colcon.colcon_cmake.task.cmake.build:Building CMake package in '/home/yadhu/ur3e/src/ur_description'
[0.230s] INFO:colcon.colcon_core.plugin_system:Skipping extension 'colcon_core.shell.bat': Not used on non-Windows systems
[0.231s] INFO:colcon.colcon_core.shell:Skip shell extension 'powershell' for command environment: Not usable outside of PowerShell
[0.231s] DEBUG:colcon.colcon_core.shell:Skip shell extension 'dsv' for command environment
[0.235s] INFO:colcon.colcon_ros.task.ament_cmake.build:Building ROS package in '/home/yadhu/ur3e/src/robotiq_description' with build type 'ament_cmake'
[0.235s] INFO:colcon.colcon_cmake.task.cmake.build:Building CMake package in '/home/yadhu/ur3e/src/robotiq_description'
[0.236s] INFO:colcon.colcon_core.shell:Skip shell extension 'powershell' for command environment: Not usable outside of PowerShell
[0.236s] DEBUG:colcon.colcon_core.shell:Skip shell extension 'dsv' for command environment
[0.243s] DEBUG:colcon.colcon_core.event_handler.log_command:Invoking command in '/home/yadhu/ur3e/build/ur_description': CMAKE_PREFIX_PATH=${CMAKE_PREFIX_PATH}:/home/yadhu/ur3e/install/pyfile:/opt/ros/humble /usr/bin/cmake --build /home/yadhu/ur3e/build/ur_description -- -j16 -l16
[0.247s] DEBUG:colcon.colcon_core.event_handler.log_command:Invoking command in '/home/yadhu/ur3e/build/robotiq_description': CMAKE_PREFIX_PATH=${CMAKE_PREFIX_PATH}:/home/yadhu/ur3e/install/pyfile:/opt/ros/humble /usr/bin/cmake --build /home/yadhu/ur3e/build/robotiq_description -- -j16 -l16
[0.277s] DEBUG:colcon.colcon_core.event_handler.log_command:Invoked command in '/home/yadhu/ur3e/build/ur_description' returned '0': CMAKE_PREFIX_PATH=${CMAKE_PREFIX_PATH}:/home/yadhu/ur3e/install/pyfile:/opt/ros/humble /usr/bin/cmake --build /home/yadhu/ur3e/build/ur_description -- -j16 -l16
[0.279s] DEBUG:colcon.colcon_core.event_handler.log_command:Invoked command in '/home/yadhu/ur3e/build/robotiq_description' returned '0': CMAKE_PREFIX_PATH=${CMAKE_PREFIX_PATH}:/home/yadhu/ur3e/install/pyfile:/opt/ros/humble /usr/bin/cmake --build /home/yadhu/ur3e/build/robotiq_description -- -j16 -l16
[0.304s] DEBUG:colcon.colcon_core.event_handler.log_command:Invoking command in '/home/yadhu/ur3e/build/ur_description': CMAKE_PREFIX_PATH=${CMAKE_PREFIX_PATH}:/home/yadhu/ur3e/install/pyfile:/opt/ros/humble /usr/bin/cmake --install /home/yadhu/ur3e/build/ur_description
[0.306s] DEBUG:colcon.colcon_core.event_handler.log_command:Invoking command in '/home/yadhu/ur3e/build/robotiq_description': CMAKE_PREFIX_PATH=${CMAKE_PREFIX_PATH}:/home/yadhu/ur3e/install/pyfile:/opt/ros/humble /usr/bin/cmake --install /home/yadhu/ur3e/build/robotiq_description
[0.316s] Level 1:colcon.colcon_core.environment:create_environment_scripts_only(robotiq_description)
[0.324s] DEBUG:colcon.colcon_core.event_handler.log_command:Invoked command in '/home/yadhu/ur3e/build/robotiq_description' returned '0': CMAKE_PREFIX_PATH=${CMAKE_PREFIX_PATH}:/home/yadhu/ur3e/install/pyfile:/opt/ros/humble /usr/bin/cmake --install /home/yadhu/ur3e/build/robotiq_description
[0.326s] Level 1:colcon.colcon_core.environment:checking '/home/yadhu/ur3e/install/robotiq_description' for CMake module files
[0.326s] Level 1:colcon.colcon_core.environment:checking '/home/yadhu/ur3e/install/robotiq_description' for CMake config files
[0.327s] Level 1:colcon.colcon_core.shell:create_environment_hook('robotiq_description', 'cmake_prefix_path')
[0.327s] INFO:colcon.colcon_core.shell:Creating environment hook '/home/yadhu/ur3e/install/robotiq_description/share/robotiq_description/hook/cmake_prefix_path.ps1'
[0.327s] INFO:colcon.colcon_core.shell:Creating environment descriptor '/home/yadhu/ur3e/install/robotiq_description/share/robotiq_description/hook/cmake_prefix_path.dsv'
[0.328s] INFO:colcon.colcon_core.shell:Creating environment hook '/home/yadhu/ur3e/install/robotiq_description/share/robotiq_description/hook/cmake_prefix_path.sh'
[0.328s] Level 1:colcon.colcon_core.environment:checking '/home/yadhu/ur3e/install/robotiq_description/bin'
[0.328s] Level 1:colcon.colcon_core.environment:checking '/home/yadhu/ur3e/install/robotiq_description/lib/pkgconfig/robotiq_description.pc'
[0.330s] Level 1:colcon.colcon_core.environment:checking '/home/yadhu/ur3e/install/robotiq_description/lib/python3.10/site-packages'
[0.330s] Level 1:colcon.colcon_core.environment:checking '/home/yadhu/ur3e/install/robotiq_description/bin'
[0.330s] INFO:colcon.colcon_core.shell:Creating package script '/home/yadhu/ur3e/install/robotiq_description/share/robotiq_description/package.ps1'
[0.331s] INFO:colcon.colcon_core.shell:Creating package descriptor '/home/yadhu/ur3e/install/robotiq_description/share/robotiq_description/package.dsv'
[0.331s] INFO:colcon.colcon_core.shell:Creating package script '/home/yadhu/ur3e/install/robotiq_description/share/robotiq_description/package.sh'
[0.332s] INFO:colcon.colcon_core.shell:Creating package script '/home/yadhu/ur3e/install/robotiq_description/share/robotiq_description/package.bash'
[0.332s] INFO:colcon.colcon_core.shell:Creating package script '/home/yadhu/ur3e/install/robotiq_description/share/robotiq_description/package.zsh'
[0.333s] Level 1:colcon.colcon_core.environment:create_file_with_runtime_dependencies(/home/yadhu/ur3e/install/robotiq_description/share/colcon-core/packages/robotiq_description)
[0.334s] Level 1:colcon.colcon_core.environment:create_environment_scripts_only(ur_description)
[0.334s] Level 1:colcon.colcon_core.environment:checking '/home/yadhu/ur3e/install/ur_description' for CMake module files
[0.334s] DEBUG:colcon.colcon_core.event_handler.log_command:Invoked command in '/home/yadhu/ur3e/build/ur_description' returned '0': CMAKE_PREFIX_PATH=${CMAKE_PREFIX_PATH}:/home/yadhu/ur3e/install/pyfile:/opt/ros/humble /usr/bin/cmake --install /home/yadhu/ur3e/build/ur_description
[0.334s] Level 1:colcon.colcon_core.environment:checking '/home/yadhu/ur3e/install/ur_description' for CMake config files
[0.335s] Level 1:colcon.colcon_core.shell:create_environment_hook('ur_description', 'cmake_prefix_path')
[0.335s] INFO:colcon.colcon_core.shell:Creating environment hook '/home/yadhu/ur3e/install/ur_description/share/ur_description/hook/cmake_prefix_path.ps1'
[0.335s] INFO:colcon.colcon_core.shell:Creating environment descriptor '/home/yadhu/ur3e/install/ur_description/share/ur_description/hook/cmake_prefix_path.dsv'
[0.335s] INFO:colcon.colcon_core.shell:Creating environment hook '/home/yadhu/ur3e/install/ur_description/share/ur_description/hook/cmake_prefix_path.sh'
[0.336s] Level 1:colcon.colcon_core.environment:checking '/home/yadhu/ur3e/install/ur_description/bin'
[0.336s] Level 1:colcon.colcon_core.environment:checking '/home/yadhu/ur3e/install/ur_description/lib/pkgconfig/ur_description.pc'
[0.336s] Level 1:colcon.colcon_core.environment:checking '/home/yadhu/ur3e/install/ur_description/lib/python3.10/site-packages'
[0.336s] Level 1:colcon.colcon_core.environment:checking '/home/yadhu/ur3e/install/ur_description/bin'
[0.337s] INFO:colcon.colcon_core.shell:Creating package script '/home/yadhu/ur3e/install/ur_description/share/ur_description/package.ps1'
[0.337s] INFO:colcon.colcon_core.shell:Creating package descriptor '/home/yadhu/ur3e/install/ur_description/share/ur_description/package.dsv'
[0.339s] INFO:colcon.colcon_core.shell:Creating package script '/home/yadhu/ur3e/install/ur_description/share/ur_description/package.sh'
[0.340s] INFO:colcon.colcon_core.shell:Creating package script '/home/yadhu/ur3e/install/ur_description/share/ur_description/package.bash'
[0.340s] INFO:colcon.colcon_core.shell:Creating package script '/home/yadhu/ur3e/install/ur_description/share/ur_description/package.zsh'
[0.340s] Level 1:colcon.colcon_core.environment:create_file_with_runtime_dependencies(/home/yadhu/ur3e/install/ur_description/share/colcon-core/packages/ur_description)
[0.354s] Level 1:colcon.colcon_core.environment:create_environment_scripts_only(robotiq_description)
[0.354s] Level 1:colcon.colcon_core.environment:checking '/home/yadhu/ur3e/install/robotiq_description' for CMake module files
[0.354s] Level 1:colcon.colcon_core.environment:checking '/home/yadhu/ur3e/install/robotiq_description' for CMake config files
[0.354s] Level 1:colcon.colcon_core.shell:create_environment_hook('robotiq_description', 'cmake_prefix_path')
[0.355s] INFO:colcon.colcon_core.shell:Creating environment hook '/home/yadhu/ur3e/install/robotiq_description/share/robotiq_description/hook/cmake_prefix_path.ps1'
[0.355s] INFO:colcon.colcon_core.shell:Creating environment descriptor '/home/yadhu/ur3e/install/robotiq_description/share/robotiq_description/hook/cmake_prefix_path.dsv'
[0.355s] INFO:colcon.colcon_core.shell:Creating environment hook '/home/yadhu/ur3e/install/robotiq_description/share/robotiq_description/hook/cmake_prefix_path.sh'
[0.356s] Level 1:colcon.colcon_core.environment:checking '/home/yadhu/ur3e/install/robotiq_description/bin'
[0.356s] Level 1:colcon.colcon_core.environment:checking '/home/yadhu/ur3e/install/robotiq_description/lib/pkgconfig/robotiq_description.pc'
[0.356s] Level 1:colcon.colcon_core.environment:checking '/home/yadhu/ur3e/install/robotiq_description/lib/python3.10/site-packages'
[0.356s] Level 1:colcon.colcon_core.environment:checking '/home/yadhu/ur3e/install/robotiq_description/bin'
[0.357s] INFO:colcon.colcon_core.shell:Creating package script '/home/yadhu/ur3e/install/robotiq_description/share/robotiq_description/package.ps1'
[0.357s] INFO:colcon.colcon_core.shell:Creating package descriptor '/home/yadhu/ur3e/install/robotiq_description/share/robotiq_description/package.dsv'
[0.358s] INFO:colcon.colcon_core.shell:Creating package script '/home/yadhu/ur3e/install/robotiq_description/share/robotiq_description/package.sh'
[0.358s] INFO:colcon.colcon_core.shell:Creating package script '/home/yadhu/ur3e/install/robotiq_description/share/robotiq_description/package.bash'
[0.358s] INFO:colcon.colcon_core.shell:Creating package script '/home/yadhu/ur3e/install/robotiq_description/share/robotiq_description/package.zsh'
[0.359s] Level 1:colcon.colcon_core.environment:create_file_with_runtime_dependencies(/home/yadhu/ur3e/install/robotiq_description/share/colcon-core/packages/robotiq_description)
[0.362s] Level 1:colcon.colcon_core.environment:create_environment_scripts_only(ur_description)
[0.362s] Level 1:colcon.colcon_core.environment:checking '/home/yadhu/ur3e/install/ur_description' for CMake module files
[0.362s] Level 1:colcon.colcon_core.environment:checking '/home/yadhu/ur3e/install/ur_description' for CMake config files
[0.363s] Level 1:colcon.colcon_core.shell:create_environment_hook('ur_description', 'cmake_prefix_path')
[0.363s] INFO:colcon.colcon_core.shell:Creating environment hook '/home/yadhu/ur3e/install/ur_description/share/ur_description/hook/cmake_prefix_path.ps1'
[0.363s] INFO:colcon.colcon_core.shell:Creating environment descriptor '/home/yadhu/ur3e/install/ur_description/share/ur_description/hook/cmake_prefix_path.dsv'
[0.363s] INFO:colcon.colcon_core.shell:Creating environment hook '/home/yadhu/ur3e/install/ur_description/share/ur_description/hook/cmake_prefix_path.sh'
[0.364s] Level 1:colcon.colcon_core.environment:checking '/home/yadhu/ur3e/install/ur_description/bin'
[0.364s] Level 1:colcon.colcon_core.environment:checking '/home/yadhu/ur3e/install/ur_description/lib/pkgconfig/ur_description.pc'
[0.364s] Level 1:colcon.colcon_core.environment:checking '/home/yadhu/ur3e/install/ur_description/lib/python3.10/site-packages'
[0.364s] Level 1:colcon.colcon_core.environment:checking '/home/yadhu/ur3e/install/ur_description/bin'
[0.364s] INFO:colcon.colcon_core.shell:Creating package script '/home/yadhu/ur3e/install/ur_description/share/ur_description/package.ps1'
[0.365s] INFO:colcon.colcon_core.shell:Creating package descriptor '/home/yadhu/ur3e/install/ur_description/share/ur_description/package.dsv'
[0.365s] INFO:colcon.colcon_core.shell:Creating package script '/home/yadhu/ur3e/install/ur_description/share/ur_description/package.sh'
[0.365s] INFO:colcon.colcon_core.shell:Creating package script '/home/yadhu/ur3e/install/ur_description/share/ur_description/package.bash'
[0.365s] INFO:colcon.colcon_core.shell:Creating package script '/home/yadhu/ur3e/install/ur_description/share/ur_description/package.zsh'
[0.366s] Level 1:colcon.colcon_core.environment:create_file_with_runtime_dependencies(/home/yadhu/ur3e/install/ur_description/share/colcon-core/packages/ur_description)
[0.366s] INFO:colcon.colcon_ros.task.ament_cmake.build:Building ROS package in '/home/yadhu/ur3e/src/ur_gripper_gazebo' with build type 'ament_cmake'
[0.366s] INFO:colcon.colcon_cmake.task.cmake.build:Building CMake package in '/home/yadhu/ur3e/src/ur_gripper_gazebo'
[0.367s] INFO:colcon.colcon_core.shell:Skip shell extension 'powershell' for command environment: Not usable outside of PowerShell
[0.367s] DEBUG:colcon.colcon_core.shell:Skip shell extension 'dsv' for command environment
[0.376s] DEBUG:colcon.colcon_core.event_handler.log_command:Invoking command in '/home/yadhu/ur3e/build/ur_gripper_gazebo': CMAKE_PREFIX_PATH=/home/yadhu/ur3e/install/ur_description:/home/yadhu/ur3e/install/ur_moveit_config:/home/yadhu/ur3e/install/cppfile:/home/yadhu/ur3e/install/ur_gripper_gazebo:/home/yadhu/ur3e/install/robotiq_description:/home/yadhu/ur3e/install/pyfile:/opt/ros/humble /usr/bin/cmake --build /home/yadhu/ur3e/build/ur_gripper_gazebo -- -j16 -l16
[0.413s] DEBUG:colcon.colcon_core.event_handler.log_command:Invoked command in '/home/yadhu/ur3e/build/ur_gripper_gazebo' returned '0': CMAKE_PREFIX_PATH=/home/yadhu/ur3e/install/ur_description:/home/yadhu/ur3e/install/ur_moveit_config:/home/yadhu/ur3e/install/cppfile:/home/yadhu/ur3e/install/ur_gripper_gazebo:/home/yadhu/ur3e/install/robotiq_description:/home/yadhu/ur3e/install/pyfile:/opt/ros/humble /usr/bin/cmake --build /home/yadhu/ur3e/build/ur_gripper_gazebo -- -j16 -l16
[0.435s] DEBUG:colcon.colcon_core.event_handler.log_command:Invoking command in '/home/yadhu/ur3e/build/ur_gripper_gazebo': CMAKE_PREFIX_PATH=/home/yadhu/ur3e/install/ur_description:/home/yadhu/ur3e/install/ur_moveit_config:/home/yadhu/ur3e/install/cppfile:/home/yadhu/ur3e/install/ur_gripper_gazebo:/home/yadhu/ur3e/install/robotiq_description:/home/yadhu/ur3e/install/pyfile:/opt/ros/humble /usr/bin/cmake --install /home/yadhu/ur3e/build/ur_gripper_gazebo
[0.445s] Level 1:colcon.colcon_core.environment:create_environment_scripts_only(ur_gripper_gazebo)
[0.445s] Level 1:colcon.colcon_core.environment:checking '/home/yadhu/ur3e/install/ur_gripper_gazebo' for CMake module files
[0.446s] DEBUG:colcon.colcon_core.event_handler.log_command:Invoked command in '/home/yadhu/ur3e/build/ur_gripper_gazebo' returned '0': CMAKE_PREFIX_PATH=/home/yadhu/ur3e/install/ur_description:/home/yadhu/ur3e/install/ur_moveit_config:/home/yadhu/ur3e/install/cppfile:/home/yadhu/ur3e/install/ur_gripper_gazebo:/home/yadhu/ur3e/install/robotiq_description:/home/yadhu/ur3e/install/pyfile:/opt/ros/humble /usr/bin/cmake --install /home/yadhu/ur3e/build/ur_gripper_gazebo
[0.447s] Level 1:colcon.colcon_core.environment:checking '/home/yadhu/ur3e/install/ur_gripper_gazebo' for CMake config files
[0.447s] Level 1:colcon.colcon_core.shell:create_environment_hook('ur_gripper_gazebo', 'cmake_prefix_path')
[0.447s] INFO:colcon.colcon_core.shell:Creating environment hook '/home/yadhu/ur3e/install/ur_gripper_gazebo/share/ur_gripper_gazebo/hook/cmake_prefix_path.ps1'
[0.448s] INFO:colcon.colcon_core.shell:Creating environment descriptor '/home/yadhu/ur3e/install/ur_gripper_gazebo/share/ur_gripper_gazebo/hook/cmake_prefix_path.dsv'
[0.449s] INFO:colcon.colcon_core.shell:Creating environment hook '/home/yadhu/ur3e/install/ur_gripper_gazebo/share/ur_gripper_gazebo/hook/cmake_prefix_path.sh'
[0.450s] Level 1:colcon.colcon_core.environment:checking '/home/yadhu/ur3e/install/ur_gripper_gazebo/bin'
[0.450s] Level 1:colcon.colcon_core.environment:checking '/home/yadhu/ur3e/install/ur_gripper_gazebo/lib/pkgconfig/ur_gripper_gazebo.pc'
[0.450s] Level 1:colcon.colcon_core.environment:checking '/home/yadhu/ur3e/install/ur_gripper_gazebo/lib/python3.10/site-packages'
[0.451s] Level 1:colcon.colcon_core.environment:checking '/home/yadhu/ur3e/install/ur_gripper_gazebo/bin'
[0.451s] INFO:colcon.colcon_core.shell:Creating package script '/home/yadhu/ur3e/install/ur_gripper_gazebo/share/ur_gripper_gazebo/package.ps1'
[0.452s] INFO:colcon.colcon_core.shell:Creating package descriptor '/home/yadhu/ur3e/install/ur_gripper_gazebo/share/ur_gripper_gazebo/package.dsv'
[0.452s] INFO:colcon.colcon_core.shell:Creating package script '/home/yadhu/ur3e/install/ur_gripper_gazebo/share/ur_gripper_gazebo/package.sh'
[0.453s] INFO:colcon.colcon_core.shell:Creating package script '/home/yadhu/ur3e/install/ur_gripper_gazebo/share/ur_gripper_gazebo/package.bash'
[0.454s] INFO:colcon.colcon_core.shell:Creating package script '/home/yadhu/ur3e/install/ur_gripper_gazebo/share/ur_gripper_gazebo/package.zsh'
[0.454s] Level 1:colcon.colcon_core.environment:create_file_with_runtime_dependencies(/home/yadhu/ur3e/install/ur_gripper_gazebo/share/colcon-core/packages/ur_gripper_gazebo)
[0.479s] Level 1:colcon.colcon_core.environment:create_environment_scripts_only(ur_gripper_gazebo)
[0.479s] Level 1:colcon.colcon_core.environment:checking '/home/yadhu/ur3e/install/ur_gripper_gazebo' for CMake module files
[0.480s] Level 1:colcon.colcon_core.environment:checking '/home/yadhu/ur3e/install/ur_gripper_gazebo' for CMake config files
[0.480s] Level 1:colcon.colcon_core.shell:create_environment_hook('ur_gripper_gazebo', 'cmake_prefix_path')
[0.481s] INFO:colcon.colcon_core.shell:Creating environment hook '/home/yadhu/ur3e/install/ur_gripper_gazebo/share/ur_gripper_gazebo/hook/cmake_prefix_path.ps1'
[0.481s] INFO:colcon.colcon_core.shell:Creating environment descriptor '/home/yadhu/ur3e/install/ur_gripper_gazebo/share/ur_gripper_gazebo/hook/cmake_prefix_path.dsv'
[0.481s] INFO:colcon.colcon_core.shell:Creating environment hook '/home/yadhu/ur3e/install/ur_gripper_gazebo/share/ur_gripper_gazebo/hook/cmake_prefix_path.sh'
[0.482s] Level 1:colcon.colcon_core.environment:checking '/home/yadhu/ur3e/install/ur_gripper_gazebo/bin'
[0.482s] Level 1:colcon.colcon_core.environment:checking '/home/yadhu/ur3e/install/ur_gripper_gazebo/lib/pkgconfig/ur_gripper_gazebo.pc'
[0.482s] Level 1:colcon.colcon_core.environment:checking '/home/yadhu/ur3e/install/ur_gripper_gazebo/lib/python3.10/site-packages'
[0.482s] Level 1:colcon.colcon_core.environment:checking '/home/yadhu/ur3e/install/ur_gripper_gazebo/bin'
[0.483s] INFO:colcon.colcon_core.shell:Creating package script '/home/yadhu/ur3e/install/ur_gripper_gazebo/share/ur_gripper_gazebo/package.ps1'
[0.483s] INFO:colcon.colcon_core.shell:Creating package descriptor '/home/yadhu/ur3e/install/ur_gripper_gazebo/share/ur_gripper_gazebo/package.dsv'
[0.483s] INFO:colcon.colcon_core.shell:Creating package script '/home/yadhu/ur3e/install/ur_gripper_gazebo/share/ur_gripper_gazebo/package.sh'
[0.483s] INFO:colcon.colcon_core.shell:Creating package script '/home/yadhu/ur3e/install/ur_gripper_gazebo/share/ur_gripper_gazebo/package.bash'
[0.484s] INFO:colcon.colcon_core.shell:Creating package script '/home/yadhu/ur3e/install/ur_gripper_gazebo/share/ur_gripper_gazebo/package.zsh'
[0.484s] Level 1:colcon.colcon_core.environment:create_file_with_runtime_dependencies(/home/yadhu/ur3e/install/ur_gripper_gazebo/share/colcon-core/packages/ur_gripper_gazebo)
[0.484s] INFO:colcon.colcon_ros.task.ament_cmake.build:Building ROS package in '/home/yadhu/ur3e/src/cppfile' with build type 'ament_cmake'
[0.485s] INFO:colcon.colcon_cmake.task.cmake.build:Building CMake package in '/home/yadhu/ur3e/src/cppfile'
[0.485s] INFO:colcon.colcon_core.shell:Skip shell extension 'powershell' for command environment: Not usable outside of PowerShell
[0.485s] DEBUG:colcon.colcon_core.shell:Skip shell extension 'dsv' for command environment
[0.489s] INFO:colcon.colcon_ros.task.ament_python.build:Building ROS package in '/home/yadhu/ur3e/src/pyfile' with build type 'ament_python'
[0.489s] Level 1:colcon.colcon_core.shell:create_environment_hook('pyfile', 'ament_prefix_path')
[0.489s] INFO:colcon.colcon_core.shell:Creating environment hook '/home/yadhu/ur3e/install/pyfile/share/pyfile/hook/ament_prefix_path.ps1'
[0.490s] INFO:colcon.colcon_core.shell:Creating environment descriptor '/home/yadhu/ur3e/install/pyfile/share/pyfile/hook/ament_prefix_path.dsv'
[0.490s] INFO:colcon.colcon_core.shell:Creating environment hook '/home/yadhu/ur3e/install/pyfile/share/pyfile/hook/ament_prefix_path.sh'
[0.490s] INFO:colcon.colcon_core.shell:Skip shell extension 'powershell' for command environment: Not usable outside of PowerShell
[0.490s] DEBUG:colcon.colcon_core.shell:Skip shell extension 'dsv' for command environment
[0.494s] INFO:colcon.colcon_ros.task.ament_cmake.build:Building ROS package in '/home/yadhu/ur3e/src/ur_moveit_config' with build type 'ament_cmake'
[0.504s] INFO:colcon.colcon_cmake.task.cmake.build:Building CMake package in '/home/yadhu/ur3e/src/ur_moveit_config'
[0.505s] INFO:colcon.colcon_core.shell:Skip shell extension 'powershell' for command environment: Not usable outside of PowerShell
[0.505s] DEBUG:colcon.colcon_core.shell:Skip shell extension 'dsv' for command environment
[0.512s] DEBUG:colcon.colcon_core.event_handler.log_command:Invoking command in '/home/yadhu/ur3e/build/cppfile': CMAKE_PREFIX_PATH=/home/yadhu/ur3e/install/ur_gripper_gazebo:/home/yadhu/ur3e/install/ur_description:/home/yadhu/ur3e/install/ur_moveit_config:/home/yadhu/ur3e/install/cppfile:/home/yadhu/ur3e/install/robotiq_description:/home/yadhu/ur3e/install/pyfile:/opt/ros/humble /usr/bin/cmake --build /home/yadhu/ur3e/build/cppfile -- -j16 -l16
[0.696s] INFO:colcon.colcon_core.task.python.build:Building Python package in '/home/yadhu/ur3e/src/pyfile'
[0.696s] INFO:colcon.colcon_core.shell:Skip shell extension 'powershell' for command environment: Not usable outside of PowerShell
[0.696s] DEBUG:colcon.colcon_core.shell:Skip shell extension 'dsv' for command environment
[0.704s] DEBUG:colcon.colcon_core.event_handler.log_command:Invoking command in '/home/yadhu/ur3e/build/ur_moveit_config': CMAKE_PREFIX_PATH=/home/yadhu/ur3e/install/ur_gripper_gazebo:/home/yadhu/ur3e/install/ur_description:/home/yadhu/ur3e/install/robotiq_description:/home/yadhu/ur3e/install/ur_moveit_config:/home/yadhu/ur3e/install/cppfile:/home/yadhu/ur3e/install/pyfile:/opt/ros/humble /usr/bin/cmake --build /home/yadhu/ur3e/build/ur_moveit_config -- -j16 -l16
[0.705s] DEBUG:colcon.colcon_core.event_handler.log_command:Invoked command in '/home/yadhu/ur3e/build/cppfile' returned '0': CMAKE_PREFIX_PATH=/home/yadhu/ur3e/install/ur_gripper_gazebo:/home/yadhu/ur3e/install/ur_description:/home/yadhu/ur3e/install/ur_moveit_config:/home/yadhu/ur3e/install/cppfile:/home/yadhu/ur3e/install/robotiq_description:/home/yadhu/ur3e/install/pyfile:/opt/ros/humble /usr/bin/cmake --build /home/yadhu/ur3e/build/cppfile -- -j16 -l16
[0.728s] DEBUG:colcon.colcon_core.event_handler.log_command:Invoking command in '/home/yadhu/ur3e/build/cppfile': CMAKE_PREFIX_PATH=/home/yadhu/ur3e/install/ur_gripper_gazebo:/home/yadhu/ur3e/install/ur_description:/home/yadhu/ur3e/install/ur_moveit_config:/home/yadhu/ur3e/install/cppfile:/home/yadhu/ur3e/install/robotiq_description:/home/yadhu/ur3e/install/pyfile:/opt/ros/humble /usr/bin/cmake --install /home/yadhu/ur3e/build/cppfile
[0.736s] Level 1:colcon.colcon_core.environment:create_environment_scripts_only(cppfile)
[0.737s] Level 1:colcon.colcon_core.environment:checking '/home/yadhu/ur3e/install/cppfile' for CMake module files
[0.737s] DEBUG:colcon.colcon_core.event_handler.log_command:Invoked command in '/home/yadhu/ur3e/build/cppfile' returned '0': CMAKE_PREFIX_PATH=/home/yadhu/ur3e/install/ur_gripper_gazebo:/home/yadhu/ur3e/install/ur_description:/home/yadhu/ur3e/install/ur_moveit_config:/home/yadhu/ur3e/install/cppfile:/home/yadhu/ur3e/install/robotiq_description:/home/yadhu/ur3e/install/pyfile:/opt/ros/humble /usr/bin/cmake --install /home/yadhu/ur3e/build/cppfile
[0.737s] Level 1:colcon.colcon_core.environment:checking '/home/yadhu/ur3e/install/cppfile' for CMake config files
[0.737s] Level 1:colcon.colcon_core.shell:create_environment_hook('cppfile', 'cmake_prefix_path')
[0.737s] INFO:colcon.colcon_core.shell:Creating environment hook '/home/yadhu/ur3e/install/cppfile/share/cppfile/hook/cmake_prefix_path.ps1'
[0.738s] INFO:colcon.colcon_core.shell:Creating environment descriptor '/home/yadhu/ur3e/install/cppfile/share/cppfile/hook/cmake_prefix_path.dsv'
[0.738s] INFO:colcon.colcon_core.shell:Creating environment hook '/home/yadhu/ur3e/install/cppfile/share/cppfile/hook/cmake_prefix_path.sh'
[0.738s] Level 1:colcon.colcon_core.environment:checking '/home/yadhu/ur3e/install/cppfile/lib'
[0.739s] Level 1:colcon.colcon_core.environment:checking '/home/yadhu/ur3e/install/cppfile/bin'
[0.739s] Level 1:colcon.colcon_core.environment:checking '/home/yadhu/ur3e/install/cppfile/lib/pkgconfig/cppfile.pc'
[0.739s] Level 1:colcon.colcon_core.environment:checking '/home/yadhu/ur3e/install/cppfile/lib/python3.10/site-packages'
[0.739s] Level 1:colcon.colcon_core.environment:checking '/home/yadhu/ur3e/install/cppfile/bin'
[0.739s] INFO:colcon.colcon_core.shell:Creating package script '/home/yadhu/ur3e/install/cppfile/share/cppfile/package.ps1'
[0.740s] INFO:colcon.colcon_core.shell:Creating package descriptor '/home/yadhu/ur3e/install/cppfile/share/cppfile/package.dsv'
[0.740s] INFO:colcon.colcon_core.shell:Creating package script '/home/yadhu/ur3e/install/cppfile/share/cppfile/package.sh'
[0.740s] INFO:colcon.colcon_core.shell:Creating package script '/home/yadhu/ur3e/install/cppfile/share/cppfile/package.bash'
[0.741s] INFO:colcon.colcon_core.shell:Creating package script '/home/yadhu/ur3e/install/cppfile/share/cppfile/package.zsh'
[0.741s] Level 1:colcon.colcon_core.environment:create_file_with_runtime_dependencies(/home/yadhu/ur3e/install/cppfile/share/colcon-core/packages/cppfile)
[0.765s] Level 1:colcon.colcon_core.environment:create_environment_scripts_only(cppfile)
[0.765s] Level 1:colcon.colcon_core.environment:checking '/home/yadhu/ur3e/install/cppfile' for CMake module files
[0.766s] Level 1:colcon.colcon_core.environment:checking '/home/yadhu/ur3e/install/cppfile' for CMake config files
[0.766s] Level 1:colcon.colcon_core.shell:create_environment_hook('cppfile', 'cmake_prefix_path')
[0.766s] INFO:colcon.colcon_core.shell:Creating environment hook '/home/yadhu/ur3e/install/cppfile/share/cppfile/hook/cmake_prefix_path.ps1'
[0.766s] INFO:colcon.colcon_core.shell:Creating environment descriptor '/home/yadhu/ur3e/install/cppfile/share/cppfile/hook/cmake_prefix_path.dsv'
[0.767s] INFO:colcon.colcon_core.shell:Creating environment hook '/home/yadhu/ur3e/install/cppfile/share/cppfile/hook/cmake_prefix_path.sh'
[0.767s] Level 1:colcon.colcon_core.environment:checking '/home/yadhu/ur3e/install/cppfile/lib'
[0.767s] Level 1:colcon.colcon_core.environment:checking '/home/yadhu/ur3e/install/cppfile/bin'
[0.767s] Level 1:colcon.colcon_core.environment:checking '/home/yadhu/ur3e/install/cppfile/lib/pkgconfig/cppfile.pc'
[0.767s] Level 1:colcon.colcon_core.environment:checking '/home/yadhu/ur3e/install/cppfile/lib/python3.10/site-packages'
[0.768s] Level 1:colcon.colcon_core.environment:checking '/home/yadhu/ur3e/install/cppfile/bin'
[0.768s] INFO:colcon.colcon_core.shell:Creating package script '/home/yadhu/ur3e/install/cppfile/share/cppfile/package.ps1'
[0.768s] INFO:colcon.colcon_core.shell:Creating package descriptor '/home/yadhu/ur3e/install/cppfile/share/cppfile/package.dsv'
[0.769s] INFO:colcon.colcon_core.shell:Creating package script '/home/yadhu/ur3e/install/cppfile/share/cppfile/package.sh'
[0.769s] INFO:colcon.colcon_core.shell:Creating package script '/home/yadhu/ur3e/install/cppfile/share/cppfile/package.bash'
[0.769s] INFO:colcon.colcon_core.shell:Creating package script '/home/yadhu/ur3e/install/cppfile/share/cppfile/package.zsh'
[0.769s] Level 1:colcon.colcon_core.environment:create_file_with_runtime_dependencies(/home/yadhu/ur3e/install/cppfile/share/colcon-core/packages/cppfile)
[0.978s] DEBUG:colcon.colcon_core.event_handler.log_command:Invoked command in '/home/yadhu/ur3e/build/ur_moveit_config' returned '0': CMAKE_PREFIX_PATH=/home/yadhu/ur3e/install/ur_gripper_gazebo:/home/yadhu/ur3e/install/ur_description:/home/yadhu/ur3e/install/robotiq_description:/home/yadhu/ur3e/install/ur_moveit_config:/home/yadhu/ur3e/install/cppfile:/home/yadhu/ur3e/install/pyfile:/opt/ros/humble /usr/bin/cmake --build /home/yadhu/ur3e/build/ur_moveit_config -- -j16 -l16
[0.992s] DEBUG:colcon.colcon_core.event_handler.log_command:Invoking command in '/home/yadhu/ur3e/src/pyfile': CMAKE_PREFIX_PATH=/home/yadhu/ur3e/install/ur_gripper_gazebo:/home/yadhu/ur3e/install/ur_description:/home/yadhu/ur3e/install/ur_moveit_config:/home/yadhu/ur3e/install/cppfile:/home/yadhu/ur3e/install/robotiq_description PYTHONPATH=/home/yadhu/ur3e/build/pyfile/prefix_override:/usr/lib/python3/dist-packages/colcon_core/task/python/colcon_distutils_commands:/home/yadhu/ur3e/install/pyfile/lib/python3.10/site-packages:${PYTHONPATH} /usr/bin/python3 -W ignore:setup.py install is deprecated setup.py egg_info --egg-base ../../build/pyfile build --build-base /home/yadhu/ur3e/build/pyfile/build install --record /home/yadhu/ur3e/build/pyfile/install.log --single-version-externally-managed install_data
[1.002s] DEBUG:colcon.colcon_core.event_handler.log_command:Invoking command in '/home/yadhu/ur3e/build/ur_moveit_config': CMAKE_PREFIX_PATH=/home/yadhu/ur3e/install/ur_gripper_gazebo:/home/yadhu/ur3e/install/ur_description:/home/yadhu/ur3e/install/robotiq_description:/home/yadhu/ur3e/install/ur_moveit_config:/home/yadhu/ur3e/install/cppfile:/home/yadhu/ur3e/install/pyfile:/opt/ros/humble /usr/bin/cmake --install /home/yadhu/ur3e/build/ur_moveit_config
[1.072s] Level 1:colcon.colcon_core.environment:create_environment_scripts_only(ur_moveit_config)
[1.073s] Level 1:colcon.colcon_core.environment:checking '/home/yadhu/ur3e/install/ur_moveit_config' for CMake module files
[1.073s] DEBUG:colcon.colcon_core.event_handler.log_command:Invoked command in '/home/yadhu/ur3e/build/ur_moveit_config' returned '0': CMAKE_PREFIX_PATH=/home/yadhu/ur3e/install/ur_gripper_gazebo:/home/yadhu/ur3e/install/ur_description:/home/yadhu/ur3e/install/robotiq_description:/home/yadhu/ur3e/install/ur_moveit_config:/home/yadhu/ur3e/install/cppfile:/home/yadhu/ur3e/install/pyfile:/opt/ros/humble /usr/bin/cmake --install /home/yadhu/ur3e/build/ur_moveit_config
[1.073s] Level 1:colcon.colcon_core.environment:checking '/home/yadhu/ur3e/install/ur_moveit_config' for CMake config files
[1.074s] Level 1:colcon.colcon_core.shell:create_environment_hook('ur_moveit_config', 'cmake_prefix_path')
[1.074s] INFO:colcon.colcon_core.shell:Creating environment hook '/home/yadhu/ur3e/install/ur_moveit_config/share/ur_moveit_config/hook/cmake_prefix_path.ps1'
[1.074s] INFO:colcon.colcon_core.shell:Creating environment descriptor '/home/yadhu/ur3e/install/ur_moveit_config/share/ur_moveit_config/hook/cmake_prefix_path.dsv'
[1.075s] INFO:colcon.colcon_core.shell:Creating environment hook '/home/yadhu/ur3e/install/ur_moveit_config/share/ur_moveit_config/hook/cmake_prefix_path.sh'
[1.075s] Level 1:colcon.colcon_core.environment:checking '/home/yadhu/ur3e/install/ur_moveit_config/bin'
[1.075s] Level 1:colcon.colcon_core.environment:checking '/home/yadhu/ur3e/install/ur_moveit_config/lib/pkgconfig/ur_moveit_config.pc'
[1.075s] Level 1:colcon.colcon_core.environment:checking '/home/yadhu/ur3e/install/ur_moveit_config/lib/python3.10/site-packages'
[1.076s] Level 1:colcon.colcon_core.environment:checking '/home/yadhu/ur3e/install/ur_moveit_config/bin'
[1.076s] INFO:colcon.colcon_core.shell:Creating package script '/home/yadhu/ur3e/install/ur_moveit_config/share/ur_moveit_config/package.ps1'
[1.076s] INFO:colcon.colcon_core.shell:Creating package descriptor '/home/yadhu/ur3e/install/ur_moveit_config/share/ur_moveit_config/package.dsv'
[1.077s] INFO:colcon.colcon_core.shell:Creating package script '/home/yadhu/ur3e/install/ur_moveit_config/share/ur_moveit_config/package.sh'
[1.077s] INFO:colcon.colcon_core.shell:Creating package script '/home/yadhu/ur3e/install/ur_moveit_config/share/ur_moveit_config/package.bash'
[1.077s] INFO:colcon.colcon_core.shell:Creating package script '/home/yadhu/ur3e/install/ur_moveit_config/share/ur_moveit_config/package.zsh'
[1.077s] Level 1:colcon.colcon_core.environment:create_file_with_runtime_dependencies(/home/yadhu/ur3e/install/ur_moveit_config/share/colcon-core/packages/ur_moveit_config)
[1.102s] Level 1:colcon.colcon_core.environment:create_environment_scripts_only(ur_moveit_config)
[1.102s] Level 1:colcon.colcon_core.environment:checking '/home/yadhu/ur3e/install/ur_moveit_config' for CMake module files
[1.102s] Level 1:colcon.colcon_core.environment:checking '/home/yadhu/ur3e/install/ur_moveit_config' for CMake config files
[1.103s] Level 1:colcon.colcon_core.shell:create_environment_hook('ur_moveit_config', 'cmake_prefix_path')
[1.103s] INFO:colcon.colcon_core.shell:Creating environment hook '/home/yadhu/ur3e/install/ur_moveit_config/share/ur_moveit_config/hook/cmake_prefix_path.ps1'
[1.103s] INFO:colcon.colcon_core.shell:Creating environment descriptor '/home/yadhu/ur3e/install/ur_moveit_config/share/ur_moveit_config/hook/cmake_prefix_path.dsv'
[1.104s] INFO:colcon.colcon_core.shell:Creating environment hook '/home/yadhu/ur3e/install/ur_moveit_config/share/ur_moveit_config/hook/cmake_prefix_path.sh'
[1.104s] Level 1:colcon.colcon_core.environment:checking '/home/yadhu/ur3e/install/ur_moveit_config/bin'
[1.104s] Level 1:colcon.colcon_core.environment:checking '/home/yadhu/ur3e/install/ur_moveit_config/lib/pkgconfig/ur_moveit_config.pc'
[1.104s] Level 1:colcon.colcon_core.environment:checking '/home/yadhu/ur3e/install/ur_moveit_config/lib/python3.10/site-packages'
[1.104s] Level 1:colcon.colcon_core.environment:checking '/home/yadhu/ur3e/install/ur_moveit_config/bin'
[1.105s] INFO:colcon.colcon_core.shell:Creating package script '/home/yadhu/ur3e/install/ur_moveit_config/share/ur_moveit_config/package.ps1'
[1.105s] INFO:colcon.colcon_core.shell:Creating package descriptor '/home/yadhu/ur3e/install/ur_moveit_config/share/ur_moveit_config/package.dsv'
[1.105s] INFO:colcon.colcon_core.shell:Creating package script '/home/yadhu/ur3e/install/ur_moveit_config/share/ur_moveit_config/package.sh'
[1.105s] INFO:colcon.colcon_core.shell:Creating package script '/home/yadhu/ur3e/install/ur_moveit_config/share/ur_moveit_config/package.bash'
[1.106s] INFO:colcon.colcon_core.shell:Creating package script '/home/yadhu/ur3e/install/ur_moveit_config/share/ur_moveit_config/package.zsh'
[1.106s] Level 1:colcon.colcon_core.environment:create_file_with_runtime_dependencies(/home/yadhu/ur3e/install/ur_moveit_config/share/colcon-core/packages/ur_moveit_config)
[1.205s] Level 1:colcon.colcon_core.environment:checking '/home/yadhu/ur3e/install/pyfile' for CMake module files
[1.205s] DEBUG:colcon.colcon_core.event_handler.log_command:Invoked command in '/home/yadhu/ur3e/src/pyfile' returned '0': CMAKE_PREFIX_PATH=/home/yadhu/ur3e/install/ur_gripper_gazebo:/home/yadhu/ur3e/install/ur_description:/home/yadhu/ur3e/install/ur_moveit_config:/home/yadhu/ur3e/install/cppfile:/home/yadhu/ur3e/install/robotiq_description PYTHONPATH=/home/yadhu/ur3e/build/pyfile/prefix_override:/usr/lib/python3/dist-packages/colcon_core/task/python/colcon_distutils_commands:/home/yadhu/ur3e/install/pyfile/lib/python3.10/site-packages:${PYTHONPATH} /usr/bin/python3 -W ignore:setup.py install is deprecated setup.py egg_info --egg-base ../../build/pyfile build --build-base /home/yadhu/ur3e/build/pyfile/build install --record /home/yadhu/ur3e/build/pyfile/install.log --single-version-externally-managed install_data
[1.206s] Level 1:colcon.colcon_core.environment:checking '/home/yadhu/ur3e/install/pyfile' for CMake config files
[1.206s] Level 1:colcon.colcon_core.environment:checking '/home/yadhu/ur3e/install/pyfile/lib'
[1.206s] Level 1:colcon.colcon_core.environment:checking '/home/yadhu/ur3e/install/pyfile/bin'
[1.206s] Level 1:colcon.colcon_core.environment:checking '/home/yadhu/ur3e/install/pyfile/lib/pkgconfig/pyfile.pc'
[1.207s] Level 1:colcon.colcon_core.environment:checking '/home/yadhu/ur3e/install/pyfile/lib/python3.10/site-packages'
[1.207s] Level 1:colcon.colcon_core.shell:create_environment_hook('pyfile', 'pythonpath')
[1.207s] INFO:colcon.colcon_core.shell:Creating environment hook '/home/yadhu/ur3e/install/pyfile/share/pyfile/hook/pythonpath.ps1'
[1.207s] INFO:colcon.colcon_core.shell:Creating environment descriptor '/home/yadhu/ur3e/install/pyfile/share/pyfile/hook/pythonpath.dsv'
[1.208s] INFO:colcon.colcon_core.shell:Creating environment hook '/home/yadhu/ur3e/install/pyfile/share/pyfile/hook/pythonpath.sh'
[1.208s] Level 1:colcon.colcon_core.environment:checking '/home/yadhu/ur3e/install/pyfile/bin'
[1.208s] Level 1:colcon.colcon_core.environment:create_environment_scripts_only(pyfile)
[1.208s] INFO:colcon.colcon_core.shell:Creating package script '/home/yadhu/ur3e/install/pyfile/share/pyfile/package.ps1'
[1.209s] INFO:colcon.colcon_core.shell:Creating package descriptor '/home/yadhu/ur3e/install/pyfile/share/pyfile/package.dsv'
[1.209s] INFO:colcon.colcon_core.shell:Creating package script '/home/yadhu/ur3e/install/pyfile/share/pyfile/package.sh'
[1.209s] INFO:colcon.colcon_core.shell:Creating package script '/home/yadhu/ur3e/install/pyfile/share/pyfile/package.bash'
[1.210s] INFO:colcon.colcon_core.shell:Creating package script '/home/yadhu/ur3e/install/pyfile/share/pyfile/package.zsh'
[1.210s] Level 1:colcon.colcon_core.environment:create_file_with_runtime_dependencies(/home/yadhu/ur3e/install/pyfile/share/colcon-core/packages/pyfile)
[1.210s] DEBUG:colcon.colcon_parallel_executor.executor.parallel:closing loop
[1.210s] DEBUG:colcon.colcon_parallel_executor.executor.parallel:loop closed
[1.210s] DEBUG:colcon.colcon_parallel_executor.executor.parallel:run_until_complete finished with '0'
[1.210s] DEBUG:colcon.colcon_core.event_reactor:joining thread
[1.214s] INFO:colcon.colcon_core.plugin_system:Skipping extension 'colcon_notification.desktop_notification.notify_send': Could not find 'notify-send'
[1.214s] INFO:colcon.colcon_core.plugin_system:Skipping extension 'colcon_notification.desktop_notification.terminal_notifier': Not used on non-Darwin systems
[1.214s] INFO:colcon.colcon_core.plugin_system:Skipping extension 'colcon_notification.desktop_notification.win32': Not used on non-Windows systems
[1.214s] INFO:colcon.colcon_notification.desktop_notification:Sending desktop notification using 'notify2'
[1.217s] DEBUG:colcon.colcon_notification.desktop_notification.notify2:Failed to initialize notify2: org.freedesktop.DBus.Error.Spawn.ExecFailed: /usr/bin/dbus-launch terminated abnormally without any error message
[1.217s] DEBUG:colcon.colcon_core.event_reactor:joined thread
[1.217s] INFO:colcon.colcon_core.shell:Creating prefix script '/home/yadhu/ur3e/install/local_setup.ps1'
[1.218s] INFO:colcon.colcon_core.shell:Creating prefix util module '/home/yadhu/ur3e/install/_local_setup_util_ps1.py'
[1.220s] INFO:colcon.colcon_core.shell:Creating prefix chain script '/home/yadhu/ur3e/install/setup.ps1'
[1.222s] INFO:colcon.colcon_core.shell:Creating prefix script '/home/yadhu/ur3e/install/local_setup.sh'
[1.222s] INFO:colcon.colcon_core.shell:Creating prefix util module '/home/yadhu/ur3e/install/_local_setup_util_sh.py'
[1.223s] INFO:colcon.colcon_core.shell:Creating prefix chain script '/home/yadhu/ur3e/install/setup.sh'
[1.224s] INFO:colcon.colcon_core.shell:Creating prefix script '/home/yadhu/ur3e/install/local_setup.bash'
[1.224s] INFO:colcon.colcon_core.shell:Creating prefix chain script '/home/yadhu/ur3e/install/setup.bash'
[1.225s] INFO:colcon.colcon_core.shell:Creating prefix script '/home/yadhu/ur3e/install/local_setup.zsh'
[1.225s] INFO:colcon.colcon_core.shell:Creating prefix chain script '/home/yadhu/ur3e/install/setup.zsh'
