[0.060s] DEBUG:colcon:Command line arguments: ['/usr/bin/colcon', 'build']
[0.060s] DEBUG:colcon:Parsed command line arguments: Namespace(log_base=None, log_level=None, verb_name='build', build_base='build', install_base='install', merge_install=False, symlink_install=False, test_result_base=None, continue_on_error=False, executor='parallel', parallel_workers=16, event_handlers=None, ignore_user_meta=False, metas=['./colcon.meta'], base_paths=['.'], packages_ignore=None, packages_ignore_regex=None, paths=None, packages_up_to=None, packages_up_to_regex=None, packages_above=None, packages_above_and_dependencies=None, packages_above_depth=None, packages_select_by_dep=None, packages_skip_by_dep=None, packages_skip_up_to=None, packages_select_build_failed=False, packages_skip_build_finished=False, packages_select_test_failures=False, packages_skip_test_passed=False, packages_select=None, packages_skip=None, packages_select_regex=None, packages_skip_regex=None, packages_start=None, packages_end=None, cmake_args=None, cmake_target=None, cmake_target_skip_unavailable=False, cmake_clean_cache=False, cmake_clean_first=False, cmake_force_configure=False, ament_cmake_args=None, catkin_cmake_args=None, catkin_skip_building_tests=False, mixin_files=None, mixin=None, verb_parser=<colcon_mixin.mixin.mixin_argument.MixinArgumentDecorator object at 0x732eced04b20>, verb_extension=<colcon_core.verb.build.BuildVerb object at 0x732ecee76890>, main=<bound method BuildVerb.main of <colcon_core.verb.build.BuildVerb object at 0x732ecee76890>>, mixin_verb=('build',))
[0.129s] Level 1:colcon.colcon_core.package_discovery:discover_packages(colcon_meta) check parameters
[0.130s] Level 1:colcon.colcon_core.package_discovery:discover_packages(recursive) check parameters
[0.130s] Level 1:colcon.colcon_core.package_discovery:discover_packages(ignore) check parameters
[0.130s] Level 1:colcon.colcon_core.package_discovery:discover_packages(path) check parameters
[0.130s] Level 1:colcon.colcon_core.package_discovery:discover_packages(colcon_meta) discover
[0.130s] Level 1:colcon.colcon_core.package_discovery:discover_packages(recursive) discover
[0.130s] INFO:colcon.colcon_core.package_discovery:Crawling recursively for packages in '/home/yadhu/ur3e'
[0.130s] Level 1:colcon.colcon_core.package_identification:_identify(.) by extensions ['ignore', 'ignore_ament_install']
[0.130s] Level 1:colcon.colcon_core.package_identification:_identify(.) by extension 'ignore'
[0.130s] Level 1:colcon.colcon_core.package_identification:_identify(.) by extension 'ignore_ament_install'
[0.130s] Level 1:colcon.colcon_core.package_identification:_identify(.) by extensions ['colcon_pkg']
[0.130s] Level 1:colcon.colcon_core.package_identification:_identify(.) by extension 'colcon_pkg'
[0.130s] Level 1:colcon.colcon_core.package_identification:_identify(.) by extensions ['colcon_meta']
[0.130s] Level 1:colcon.colcon_core.package_identification:_identify(.) by extension 'colcon_meta'
[0.130s] Level 1:colcon.colcon_core.package_identification:_identify(.) by extensions ['ros']
[0.130s] Level 1:colcon.colcon_core.package_identification:_identify(.) by extension 'ros'
[0.136s] Level 1:colcon.colcon_core.package_identification:_identify(.) by extensions ['cmake', 'python']
[0.136s] Level 1:colcon.colcon_core.package_identification:_identify(.) by extension 'cmake'
[0.136s] Level 1:colcon.colcon_core.package_identification:_identify(.) by extension 'python'
[0.136s] Level 1:colcon.colcon_core.package_identification:_identify(.) by extensions ['python_setup_py']
[0.136s] Level 1:colcon.colcon_core.package_identification:_identify(.) by extension 'python_setup_py'
[0.136s] Level 1:colcon.colcon_core.package_identification:_identify(build) by extensions ['ignore', 'ignore_ament_install']
[0.136s] Level 1:colcon.colcon_core.package_identification:_identify(build) by extension 'ignore'
[0.136s] Level 1:colcon.colcon_core.package_identification:_identify(build) ignored
[0.136s] Level 1:colcon.colcon_core.package_identification:_identify(install) by extensions ['ignore', 'ignore_ament_install']
[0.136s] Level 1:colcon.colcon_core.package_identification:_identify(install) by extension 'ignore'
[0.136s] Level 1:colcon.colcon_core.package_identification:_identify(install) ignored
[0.136s] Level 1:colcon.colcon_core.package_identification:_identify(log) by extensions ['ignore', 'ignore_ament_install']
[0.136s] Level 1:colcon.colcon_core.package_identification:_identify(log) by extension 'ignore'
[0.136s] Level 1:colcon.colcon_core.package_identification:_identify(log) ignored
[0.136s] Level 1:colcon.colcon_core.package_identification:_identify(src) by extensions ['ignore', 'ignore_ament_install']
[0.136s] Level 1:colcon.colcon_core.package_identification:_identify(src) by extension 'ignore'
[0.136s] Level 1:colcon.colcon_core.package_identification:_identify(src) by extension 'ignore_ament_install'
[0.136s] Level 1:colcon.colcon_core.package_identification:_identify(src) by extensions ['colcon_pkg']
[0.136s] Level 1:colcon.colcon_core.package_identification:_identify(src) by extension 'colcon_pkg'
[0.136s] Level 1:colcon.colcon_core.package_identification:_identify(src) by extensions ['colcon_meta']
[0.136s] Level 1:colcon.colcon_core.package_identification:_identify(src) by extension 'colcon_meta'
[0.136s] Level 1:colcon.colcon_core.package_identification:_identify(src) by extensions ['ros']
[0.136s] Level 1:colcon.colcon_core.package_identification:_identify(src) by extension 'ros'
[0.136s] Level 1:colcon.colcon_core.package_identification:_identify(src) by extensions ['cmake', 'python']
[0.136s] Level 1:colcon.colcon_core.package_identification:_identify(src) by extension 'cmake'
[0.136s] Level 1:colcon.colcon_core.package_identification:_identify(src) by extension 'python'
[0.136s] Level 1:colcon.colcon_core.package_identification:_identify(src) by extensions ['python_setup_py']
[0.136s] Level 1:colcon.colcon_core.package_identification:_identify(src) by extension 'python_setup_py'
[0.136s] Level 1:colcon.colcon_core.package_identification:_identify(src/cppfile) by extensions ['ignore', 'ignore_ament_install']
[0.137s] Level 1:colcon.colcon_core.package_identification:_identify(src/cppfile) by extension 'ignore'
[0.137s] Level 1:colcon.colcon_core.package_identification:_identify(src/cppfile) by extension 'ignore_ament_install'
[0.137s] Level 1:colcon.colcon_core.package_identification:_identify(src/cppfile) by extensions ['colcon_pkg']
[0.137s] Level 1:colcon.colcon_core.package_identification:_identify(src/cppfile) by extension 'colcon_pkg'
[0.137s] Level 1:colcon.colcon_core.package_identification:_identify(src/cppfile) by extensions ['colcon_meta']
[0.137s] Level 1:colcon.colcon_core.package_identification:_identify(src/cppfile) by extension 'colcon_meta'
[0.137s] Level 1:colcon.colcon_core.package_identification:_identify(src/cppfile) by extensions ['ros']
[0.137s] Level 1:colcon.colcon_core.package_identification:_identify(src/cppfile) by extension 'ros'
[0.139s] DEBUG:colcon.colcon_core.package_identification:Package 'src/cppfile' with type 'ros.ament_cmake' and name 'cppfile'
[0.139s] Level 1:colcon.colcon_core.package_identification:_identify(src/pyfile) by extensions ['ignore', 'ignore_ament_install']
[0.139s] Level 1:colcon.colcon_core.package_identification:_identify(src/pyfile) by extension 'ignore'
[0.139s] Level 1:colcon.colcon_core.package_identification:_identify(src/pyfile) by extension 'ignore_ament_install'
[0.139s] Level 1:colcon.colcon_core.package_identification:_identify(src/pyfile) by extensions ['colcon_pkg']
[0.139s] Level 1:colcon.colcon_core.package_identification:_identify(src/pyfile) by extension 'colcon_pkg'
[0.139s] Level 1:colcon.colcon_core.package_identification:_identify(src/pyfile) by extensions ['colcon_meta']
[0.139s] Level 1:colcon.colcon_core.package_identification:_identify(src/pyfile) by extension 'colcon_meta'
[0.139s] Level 1:colcon.colcon_core.package_identification:_identify(src/pyfile) by extensions ['ros']
[0.139s] Level 1:colcon.colcon_core.package_identification:_identify(src/pyfile) by extension 'ros'
[0.139s] DEBUG:colcon.colcon_core.package_identification:Package 'src/pyfile' with type 'ros.ament_python' and name 'pyfile'
[0.139s] Level 1:colcon.colcon_core.package_identification:_identify(src/robotiq_description) by extensions ['ignore', 'ignore_ament_install']
[0.139s] Level 1:colcon.colcon_core.package_identification:_identify(src/robotiq_description) by extension 'ignore'
[0.140s] Level 1:colcon.colcon_core.package_identification:_identify(src/robotiq_description) by extension 'ignore_ament_install'
[0.140s] Level 1:colcon.colcon_core.package_identification:_identify(src/robotiq_description) by extensions ['colcon_pkg']
[0.140s] Level 1:colcon.colcon_core.package_identification:_identify(src/robotiq_description) by extension 'colcon_pkg'
[0.140s] Level 1:colcon.colcon_core.package_identification:_identify(src/robotiq_description) by extensions ['colcon_meta']
[0.140s] Level 1:colcon.colcon_core.package_identification:_identify(src/robotiq_description) by extension 'colcon_meta'
[0.140s] Level 1:colcon.colcon_core.package_identification:_identify(src/robotiq_description) by extensions ['ros']
[0.140s] Level 1:colcon.colcon_core.package_identification:_identify(src/robotiq_description) by extension 'ros'
[0.140s] DEBUG:colcon.colcon_core.package_identification:Package 'src/robotiq_description' with type 'ros.ament_cmake' and name 'robotiq_description'
[0.140s] Level 1:colcon.colcon_core.package_identification:_identify(src/ur_description) by extensions ['ignore', 'ignore_ament_install']
[0.140s] Level 1:colcon.colcon_core.package_identification:_identify(src/ur_description) by extension 'ignore'
[0.140s] Level 1:colcon.colcon_core.package_identification:_identify(src/ur_description) by extension 'ignore_ament_install'
[0.140s] Level 1:colcon.colcon_core.package_identification:_identify(src/ur_description) by extensions ['colcon_pkg']
[0.140s] Level 1:colcon.colcon_core.package_identification:_identify(src/ur_description) by extension 'colcon_pkg'
[0.140s] Level 1:colcon.colcon_core.package_identification:_identify(src/ur_description) by extensions ['colcon_meta']
[0.140s] Level 1:colcon.colcon_core.package_identification:_identify(src/ur_description) by extension 'colcon_meta'
[0.140s] Level 1:colcon.colcon_core.package_identification:_identify(src/ur_description) by extensions ['ros']
[0.140s] Level 1:colcon.colcon_core.package_identification:_identify(src/ur_description) by extension 'ros'
[0.141s] DEBUG:colcon.colcon_core.package_identification:Package 'src/ur_description' with type 'ros.ament_cmake' and name 'ur_description'
[0.141s] Level 1:colcon.colcon_core.package_identification:_identify(src/ur_gripper_gazebo) by extensions ['ignore', 'ignore_ament_install']
[0.141s] Level 1:colcon.colcon_core.package_identification:_identify(src/ur_gripper_gazebo) by extension 'ignore'
[0.141s] Level 1:colcon.colcon_core.package_identification:_identify(src/ur_gripper_gazebo) by extension 'ignore_ament_install'
[0.141s] Level 1:colcon.colcon_core.package_identification:_identify(src/ur_gripper_gazebo) by extensions ['colcon_pkg']
[0.141s] Level 1:colcon.colcon_core.package_identification:_identify(src/ur_gripper_gazebo) by extension 'colcon_pkg'
[0.141s] Level 1:colcon.colcon_core.package_identification:_identify(src/ur_gripper_gazebo) by extensions ['colcon_meta']
[0.141s] Level 1:colcon.colcon_core.package_identification:_identify(src/ur_gripper_gazebo) by extension 'colcon_meta'
[0.141s] Level 1:colcon.colcon_core.package_identification:_identify(src/ur_gripper_gazebo) by extensions ['ros']
[0.141s] Level 1:colcon.colcon_core.package_identification:_identify(src/ur_gripper_gazebo) by extension 'ros'
[0.141s] DEBUG:colcon.colcon_core.package_identification:Package 'src/ur_gripper_gazebo' with type 'ros.ament_cmake' and name 'ur_gripper_gazebo'
[0.141s] Level 1:colcon.colcon_core.package_identification:_identify(src/ur_moveit_config) by extensions ['ignore', 'ignore_ament_install']
[0.141s] Level 1:colcon.colcon_core.package_identification:_identify(src/ur_moveit_config) by extension 'ignore'
[0.141s] Level 1:colcon.colcon_core.package_identification:_identify(src/ur_moveit_config) by extension 'ignore_ament_install'
[0.141s] Level 1:colcon.colcon_core.package_identification:_identify(src/ur_moveit_config) by extensions ['colcon_pkg']
[0.141s] Level 1:colcon.colcon_core.package_identification:_identify(src/ur_moveit_config) by extension 'colcon_pkg'
[0.141s] Level 1:colcon.colcon_core.package_identification:_identify(src/ur_moveit_config) by extensions ['colcon_meta']
[0.141s] Level 1:colcon.colcon_core.package_identification:_identify(src/ur_moveit_config) by extension 'colcon_meta'
[0.141s] Level 1:colcon.colcon_core.package_identification:_identify(src/ur_moveit_config) by extensions ['ros']
[0.141s] Level 1:colcon.colcon_core.package_identification:_identify(src/ur_moveit_config) by extension 'ros'
[0.142s] DEBUG:colcon.colcon_core.package_identification:Package 'src/ur_moveit_config' with type 'ros.ament_cmake' and name 'ur_moveit_config'
[0.142s] Level 1:colcon.colcon_core.package_discovery:discover_packages(recursive) using defaults
[0.142s] Level 1:colcon.colcon_core.package_discovery:discover_packages(ignore) discover
[0.142s] Level 1:colcon.colcon_core.package_discovery:discover_packages(ignore) using defaults
[0.142s] Level 1:colcon.colcon_core.package_discovery:discover_packages(path) discover
[0.142s] Level 1:colcon.colcon_core.package_discovery:discover_packages(path) using defaults
[0.155s] Level 5:colcon.colcon_core.verb:set package 'robotiq_description' build argument 'cmake_args' from command line to 'None'
[0.156s] Level 5:colcon.colcon_core.verb:set package 'robotiq_description' build argument 'cmake_target' from command line to 'None'
[0.156s] Level 5:colcon.colcon_core.verb:set package 'robotiq_description' build argument 'cmake_target_skip_unavailable' from command line to 'False'
[0.156s] Level 5:colcon.colcon_core.verb:set package 'robotiq_description' build argument 'cmake_clean_cache' from command line to 'False'
[0.156s] Level 5:colcon.colcon_core.verb:set package 'robotiq_description' build argument 'cmake_clean_first' from command line to 'False'
[0.156s] Level 5:colcon.colcon_core.verb:set package 'robotiq_description' build argument 'cmake_force_configure' from command line to 'False'
[0.156s] Level 5:colcon.colcon_core.verb:set package 'robotiq_description' build argument 'ament_cmake_args' from command line to 'None'
[0.156s] Level 5:colcon.colcon_core.verb:set package 'robotiq_description' build argument 'catkin_cmake_args' from command line to 'None'
[0.156s] Level 5:colcon.colcon_core.verb:set package 'robotiq_description' build argument 'catkin_skip_building_tests' from command line to 'False'
[0.156s] DEBUG:colcon.colcon_core.verb:Building package 'robotiq_description' with the following arguments: {'ament_cmake_args': None, 'build_base': '/home/yadhu/ur3e/build/robotiq_description', 'catkin_cmake_args': None, 'catkin_skip_building_tests': False, 'cmake_args': None, 'cmake_clean_cache': False, 'cmake_clean_first': False, 'cmake_force_configure': False, 'cmake_target': None, 'cmake_target_skip_unavailable': False, 'install_base': '/home/yadhu/ur3e/install/robotiq_description', 'merge_install': False, 'path': '/home/yadhu/ur3e/src/robotiq_description', 'symlink_install': False, 'test_result_base': None}
[0.156s] Level 5:colcon.colcon_core.verb:set package 'ur_description' build argument 'cmake_args' from command line to 'None'
[0.156s] Level 5:colcon.colcon_core.verb:set package 'ur_description' build argument 'cmake_target' from command line to 'None'
[0.156s] Level 5:colcon.colcon_core.verb:set package 'ur_description' build argument 'cmake_target_skip_unavailable' from command line to 'False'
[0.156s] Level 5:colcon.colcon_core.verb:set package 'ur_description' build argument 'cmake_clean_cache' from command line to 'False'
[0.156s] Level 5:colcon.colcon_core.verb:set package 'ur_description' build argument 'cmake_clean_first' from command line to 'False'
[0.156s] Level 5:colcon.colcon_core.verb:set package 'ur_description' build argument 'cmake_force_configure' from command line to 'False'
[0.156s] Level 5:colcon.colcon_core.verb:set package 'ur_description' build argument 'ament_cmake_args' from command line to 'None'
[0.156s] Level 5:colcon.colcon_core.verb:set package 'ur_description' build argument 'catkin_cmake_args' from command line to 'None'
[0.156s] Level 5:colcon.colcon_core.verb:set package 'ur_description' build argument 'catkin_skip_building_tests' from command line to 'False'
[0.156s] DEBUG:colcon.colcon_core.verb:Building package 'ur_description' with the following arguments: {'ament_cmake_args': None, 'build_base': '/home/yadhu/ur3e/build/ur_description', 'catkin_cmake_args': None, 'catkin_skip_building_tests': False, 'cmake_args': None, 'cmake_clean_cache': False, 'cmake_clean_first': False, 'cmake_force_configure': False, 'cmake_target': None, 'cmake_target_skip_unavailable': False, 'install_base': '/home/yadhu/ur3e/install/ur_description', 'merge_install': False, 'path': '/home/yadhu/ur3e/src/ur_description', 'symlink_install': False, 'test_result_base': None}
[0.156s] Level 5:colcon.colcon_core.verb:set package 'ur_gripper_gazebo' build argument 'cmake_args' from command line to 'None'
[0.156s] Level 5:colcon.colcon_core.verb:set package 'ur_gripper_gazebo' build argument 'cmake_target' from command line to 'None'
[0.156s] Level 5:colcon.colcon_core.verb:set package 'ur_gripper_gazebo' build argument 'cmake_target_skip_unavailable' from command line to 'False'
[0.156s] Level 5:colcon.colcon_core.verb:set package 'ur_gripper_gazebo' build argument 'cmake_clean_cache' from command line to 'False'
[0.156s] Level 5:colcon.colcon_core.verb:set package 'ur_gripper_gazebo' build argument 'cmake_clean_first' from command line to 'False'
[0.156s] Level 5:colcon.colcon_core.verb:set package 'ur_gripper_gazebo' build argument 'cmake_force_configure' from command line to 'False'
[0.156s] Level 5:colcon.colcon_core.verb:set package 'ur_gripper_gazebo' build argument 'ament_cmake_args' from command line to 'None'
[0.156s] Level 5:colcon.colcon_core.verb:set package 'ur_gripper_gazebo' build argument 'catkin_cmake_args' from command line to 'None'
[0.156s] Level 5:colcon.colcon_core.verb:set package 'ur_gripper_gazebo' build argument 'catkin_skip_building_tests' from command line to 'False'
[0.156s] DEBUG:colcon.colcon_core.verb:Building package 'ur_gripper_gazebo' with the following arguments: {'ament_cmake_args': None, 'build_base': '/home/yadhu/ur3e/build/ur_gripper_gazebo', 'catkin_cmake_args': None, 'catkin_skip_building_tests': False, 'cmake_args': None, 'cmake_clean_cache': False, 'cmake_clean_first': False, 'cmake_force_configure': False, 'cmake_target': None, 'cmake_target_skip_unavailable': False, 'install_base': '/home/yadhu/ur3e/install/ur_gripper_gazebo', 'merge_install': False, 'path': '/home/yadhu/ur3e/src/ur_gripper_gazebo', 'symlink_install': False, 'test_result_base': None}
[0.156s] Level 5:colcon.colcon_core.verb:set package 'cppfile' build argument 'cmake_args' from command line to 'None'
[0.156s] Level 5:colcon.colcon_core.verb:set package 'cppfile' build argument 'cmake_target' from command line to 'None'
[0.156s] Level 5:colcon.colcon_core.verb:set package 'cppfile' build argument 'cmake_target_skip_unavailable' from command line to 'False'
[0.156s] Level 5:colcon.colcon_core.verb:set package 'cppfile' build argument 'cmake_clean_cache' from command line to 'False'
[0.156s] Level 5:colcon.colcon_core.verb:set package 'cppfile' build argument 'cmake_clean_first' from command line to 'False'
[0.156s] Level 5:colcon.colcon_core.verb:set package 'cppfile' build argument 'cmake_force_configure' from command line to 'False'
[0.156s] Level 5:colcon.colcon_core.verb:set package 'cppfile' build argument 'ament_cmake_args' from command line to 'None'
[0.156s] Level 5:colcon.colcon_core.verb:set package 'cppfile' build argument 'catkin_cmake_args' from command line to 'None'
[0.156s] Level 5:colcon.colcon_core.verb:set package 'cppfile' build argument 'catkin_skip_building_tests' from command line to 'False'
[0.157s] DEBUG:colcon.colcon_core.verb:Building package 'cppfile' with the following arguments: {'ament_cmake_args': None, 'build_base': '/home/yadhu/ur3e/build/cppfile', 'catkin_cmake_args': None, 'catkin_skip_building_tests': False, 'cmake_args': None, 'cmake_clean_cache': False, 'cmake_clean_first': False, 'cmake_force_configure': False, 'cmake_target': None, 'cmake_target_skip_unavailable': False, 'install_base': '/home/yadhu/ur3e/install/cppfile', 'merge_install': False, 'path': '/home/yadhu/ur3e/src/cppfile', 'symlink_install': False, 'test_result_base': None}
[0.157s] Level 5:colcon.colcon_core.verb:set package 'pyfile' build argument 'cmake_args' from command line to 'None'
[0.157s] Level 5:colcon.colcon_core.verb:set package 'pyfile' build argument 'cmake_target' from command line to 'None'
[0.157s] Level 5:colcon.colcon_core.verb:set package 'pyfile' build argument 'cmake_target_skip_unavailable' from command line to 'False'
[0.157s] Level 5:colcon.colcon_core.verb:set package 'pyfile' build argument 'cmake_clean_cache' from command line to 'False'
[0.157s] Level 5:colcon.colcon_core.verb:set package 'pyfile' build argument 'cmake_clean_first' from command line to 'False'
[0.157s] Level 5:colcon.colcon_core.verb:set package 'pyfile' build argument 'cmake_force_configure' from command line to 'False'
[0.157s] Level 5:colcon.colcon_core.verb:set package 'pyfile' build argument 'ament_cmake_args' from command line to 'None'
[0.157s] Level 5:colcon.colcon_core.verb:set package 'pyfile' build argument 'catkin_cmake_args' from command line to 'None'
[0.157s] Level 5:colcon.colcon_core.verb:set package 'pyfile' build argument 'catkin_skip_building_tests' from command line to 'False'
[0.157s] DEBUG:colcon.colcon_core.verb:Building package 'pyfile' with the following arguments: {'ament_cmake_args': None, 'build_base': '/home/yadhu/ur3e/build/pyfile', 'catkin_cmake_args': None, 'catkin_skip_building_tests': False, 'cmake_args': None, 'cmake_clean_cache': False, 'cmake_clean_first': False, 'cmake_force_configure': False, 'cmake_target': None, 'cmake_target_skip_unavailable': False, 'install_base': '/home/yadhu/ur3e/install/pyfile', 'merge_install': False, 'path': '/home/yadhu/ur3e/src/pyfile', 'symlink_install': False, 'test_result_base': None}
[0.157s] Level 5:colcon.colcon_core.verb:set package 'ur_moveit_config' build argument 'cmake_args' from command line to 'None'
[0.157s] Level 5:colcon.colcon_core.verb:set package 'ur_moveit_config' build argument 'cmake_target' from command line to 'None'
[0.157s] Level 5:colcon.colcon_core.verb:set package 'ur_moveit_config' build argument 'cmake_target_skip_unavailable' from command line to 'False'
[0.157s] Level 5:colcon.colcon_core.verb:set package 'ur_moveit_config' build argument 'cmake_clean_cache' from command line to 'False'
[0.157s] Level 5:colcon.colcon_core.verb:set package 'ur_moveit_config' build argument 'cmake_clean_first' from command line to 'False'
[0.157s] Level 5:colcon.colcon_core.verb:set package 'ur_moveit_config' build argument 'cmake_force_configure' from command line to 'False'
[0.157s] Level 5:colcon.colcon_core.verb:set package 'ur_moveit_config' build argument 'ament_cmake_args' from command line to 'None'
[0.157s] Level 5:colcon.colcon_core.verb:set package 'ur_moveit_config' build argument 'catkin_cmake_args' from command line to 'None'
[0.157s] Level 5:colcon.colcon_core.verb:set package 'ur_moveit_config' build argument 'catkin_skip_building_tests' from command line to 'False'
[0.157s] DEBUG:colcon.colcon_core.verb:Building package 'ur_moveit_config' with the following arguments: {'ament_cmake_args': None, 'build_base': '/home/yadhu/ur3e/build/ur_moveit_config', 'catkin_cmake_args': None, 'catkin_skip_building_tests': False, 'cmake_args': None, 'cmake_clean_cache': False, 'cmake_clean_first': False, 'cmake_force_configure': False, 'cmake_target': None, 'cmake_target_skip_unavailable': False, 'install_base': '/home/yadhu/ur3e/install/ur_moveit_config', 'merge_install': False, 'path': '/home/yadhu/ur3e/src/ur_moveit_config', 'symlink_install': False, 'test_result_base': None}
[0.157s] INFO:colcon.colcon_core.executor:Executing jobs using 'parallel' executor
[0.158s] DEBUG:colcon.colcon_parallel_executor.executor.parallel:run_until_complete
[0.158s] INFO:colcon.colcon_ros.task.ament_cmake.build:Building ROS package in '/home/yadhu/ur3e/src/ur_description' with build type 'ament_cmake'
[0.158s] INFO:colcon.colcon_cmake.task.cmake.build:Building CMake package in '/home/yadhu/ur3e/src/ur_description'
[0.159s] INFO:colcon.colcon_core.plugin_system:Skipping extension 'colcon_core.shell.bat': Not used on non-Windows systems
[0.159s] INFO:colcon.colcon_core.shell:Skip shell extension 'powershell' for command environment: Not usable outside of PowerShell
[0.159s] DEBUG:colcon.colcon_core.shell:Skip shell extension 'dsv' for command environment
[0.162s] INFO:colcon.colcon_ros.task.ament_cmake.build:Building ROS package in '/home/yadhu/ur3e/src/robotiq_description' with build type 'ament_cmake'
[0.162s] INFO:colcon.colcon_cmake.task.cmake.build:Building CMake package in '/home/yadhu/ur3e/src/robotiq_description'
[0.162s] INFO:colcon.colcon_core.shell:Skip shell extension 'powershell' for command environment: Not usable outside of PowerShell
[0.162s] DEBUG:colcon.colcon_core.shell:Skip shell extension 'dsv' for command environment
[0.169s] DEBUG:colcon.colcon_core.event_handler.log_command:Invoking command in '/home/yadhu/ur3e/build/ur_description': CMAKE_PREFIX_PATH=/opt/ros/humble /usr/bin/cmake /home/yadhu/ur3e/src/ur_description -DCMAKE_INSTALL_PREFIX=/home/yadhu/ur3e/install/ur_description
[0.171s] DEBUG:colcon.colcon_core.event_handler.log_command:Invoking command in '/home/yadhu/ur3e/build/robotiq_description': CMAKE_PREFIX_PATH=/opt/ros/humble /usr/bin/cmake /home/yadhu/ur3e/src/robotiq_description -DCMAKE_INSTALL_PREFIX=/home/yadhu/ur3e/install/robotiq_description
[0.575s] DEBUG:colcon.colcon_core.event_handler.log_command:Invoked command in '/home/yadhu/ur3e/build/robotiq_description' returned '0': CMAKE_PREFIX_PATH=/opt/ros/humble /usr/bin/cmake /home/yadhu/ur3e/src/robotiq_description -DCMAKE_INSTALL_PREFIX=/home/yadhu/ur3e/install/robotiq_description
[0.576s] DEBUG:colcon.colcon_core.event_handler.log_command:Invoking command in '/home/yadhu/ur3e/build/robotiq_description': CMAKE_PREFIX_PATH=/opt/ros/humble /usr/bin/cmake --build /home/yadhu/ur3e/build/robotiq_description -- -j16 -l16
[0.604s] DEBUG:colcon.colcon_core.event_handler.log_command:Invoked command in '/home/yadhu/ur3e/build/robotiq_description' returned '0': CMAKE_PREFIX_PATH=/opt/ros/humble /usr/bin/cmake --build /home/yadhu/ur3e/build/robotiq_description -- -j16 -l16
[0.626s] DEBUG:colcon.colcon_core.event_handler.log_command:Invoking command in '/home/yadhu/ur3e/build/robotiq_description': CMAKE_PREFIX_PATH=/opt/ros/humble /usr/bin/cmake --install /home/yadhu/ur3e/build/robotiq_description
[0.635s] Level 1:colcon.colcon_core.environment:create_environment_scripts_only(robotiq_description)
[0.635s] DEBUG:colcon.colcon_core.event_handler.log_command:Invoked command in '/home/yadhu/ur3e/build/robotiq_description' returned '0': CMAKE_PREFIX_PATH=/opt/ros/humble /usr/bin/cmake --install /home/yadhu/ur3e/build/robotiq_description
[0.636s] Level 1:colcon.colcon_core.environment:checking '/home/yadhu/ur3e/install/robotiq_description' for CMake module files
[0.636s] Level 1:colcon.colcon_core.environment:checking '/home/yadhu/ur3e/install/robotiq_description' for CMake config files
[0.637s] Level 1:colcon.colcon_core.shell:create_environment_hook('robotiq_description', 'cmake_prefix_path')
[0.637s] INFO:colcon.colcon_core.shell:Creating environment hook '/home/yadhu/ur3e/install/robotiq_description/share/robotiq_description/hook/cmake_prefix_path.ps1'
[0.637s] INFO:colcon.colcon_core.shell:Creating environment descriptor '/home/yadhu/ur3e/install/robotiq_description/share/robotiq_description/hook/cmake_prefix_path.dsv'
[0.637s] INFO:colcon.colcon_core.shell:Creating environment hook '/home/yadhu/ur3e/install/robotiq_description/share/robotiq_description/hook/cmake_prefix_path.sh'
[0.638s] Level 1:colcon.colcon_core.environment:checking '/home/yadhu/ur3e/install/robotiq_description/bin'
[0.638s] Level 1:colcon.colcon_core.environment:checking '/home/yadhu/ur3e/install/robotiq_description/lib/pkgconfig/robotiq_description.pc'
[0.639s] Level 1:colcon.colcon_core.environment:checking '/home/yadhu/ur3e/install/robotiq_description/lib/python3.10/site-packages'
[0.639s] Level 1:colcon.colcon_core.environment:checking '/home/yadhu/ur3e/install/robotiq_description/bin'
[0.639s] INFO:colcon.colcon_core.shell:Creating package script '/home/yadhu/ur3e/install/robotiq_description/share/robotiq_description/package.ps1'
[0.640s] INFO:colcon.colcon_core.shell:Creating package descriptor '/home/yadhu/ur3e/install/robotiq_description/share/robotiq_description/package.dsv'
[0.640s] INFO:colcon.colcon_core.shell:Creating package script '/home/yadhu/ur3e/install/robotiq_description/share/robotiq_description/package.sh'
[0.640s] INFO:colcon.colcon_core.shell:Creating package script '/home/yadhu/ur3e/install/robotiq_description/share/robotiq_description/package.bash'
[0.641s] INFO:colcon.colcon_core.shell:Creating package script '/home/yadhu/ur3e/install/robotiq_description/share/robotiq_description/package.zsh'
[0.641s] Level 1:colcon.colcon_core.environment:create_file_with_runtime_dependencies(/home/yadhu/ur3e/install/robotiq_description/share/colcon-core/packages/robotiq_description)
[0.660s] Level 1:colcon.colcon_core.environment:create_environment_scripts_only(robotiq_description)
[0.661s] Level 1:colcon.colcon_core.environment:checking '/home/yadhu/ur3e/install/robotiq_description' for CMake module files
[0.661s] Level 1:colcon.colcon_core.environment:checking '/home/yadhu/ur3e/install/robotiq_description' for CMake config files
[0.661s] Level 1:colcon.colcon_core.shell:create_environment_hook('robotiq_description', 'cmake_prefix_path')
[0.661s] INFO:colcon.colcon_core.shell:Creating environment hook '/home/yadhu/ur3e/install/robotiq_description/share/robotiq_description/hook/cmake_prefix_path.ps1'
[0.662s] INFO:colcon.colcon_core.shell:Creating environment descriptor '/home/yadhu/ur3e/install/robotiq_description/share/robotiq_description/hook/cmake_prefix_path.dsv'
[0.662s] INFO:colcon.colcon_core.shell:Creating environment hook '/home/yadhu/ur3e/install/robotiq_description/share/robotiq_description/hook/cmake_prefix_path.sh'
[0.662s] Level 1:colcon.colcon_core.environment:checking '/home/yadhu/ur3e/install/robotiq_description/bin'
[0.662s] Level 1:colcon.colcon_core.environment:checking '/home/yadhu/ur3e/install/robotiq_description/lib/pkgconfig/robotiq_description.pc'
[0.662s] Level 1:colcon.colcon_core.environment:checking '/home/yadhu/ur3e/install/robotiq_description/lib/python3.10/site-packages'
[0.663s] Level 1:colcon.colcon_core.environment:checking '/home/yadhu/ur3e/install/robotiq_description/bin'
[0.663s] INFO:colcon.colcon_core.shell:Creating package script '/home/yadhu/ur3e/install/robotiq_description/share/robotiq_description/package.ps1'
[0.663s] INFO:colcon.colcon_core.shell:Creating package descriptor '/home/yadhu/ur3e/install/robotiq_description/share/robotiq_description/package.dsv'
[0.663s] INFO:colcon.colcon_core.shell:Creating package script '/home/yadhu/ur3e/install/robotiq_description/share/robotiq_description/package.sh'
[0.664s] INFO:colcon.colcon_core.shell:Creating package script '/home/yadhu/ur3e/install/robotiq_description/share/robotiq_description/package.bash'
[0.664s] INFO:colcon.colcon_core.shell:Creating package script '/home/yadhu/ur3e/install/robotiq_description/share/robotiq_description/package.zsh'
[0.664s] Level 1:colcon.colcon_core.environment:create_file_with_runtime_dependencies(/home/yadhu/ur3e/install/robotiq_description/share/colcon-core/packages/robotiq_description)
[0.930s] DEBUG:colcon.colcon_core.event_handler.log_command:Invoked command in '/home/yadhu/ur3e/build/ur_description' returned '0': CMAKE_PREFIX_PATH=/opt/ros/humble /usr/bin/cmake /home/yadhu/ur3e/src/ur_description -DCMAKE_INSTALL_PREFIX=/home/yadhu/ur3e/install/ur_description
[0.930s] DEBUG:colcon.colcon_core.event_handler.log_command:Invoking command in '/home/yadhu/ur3e/build/ur_description': CMAKE_PREFIX_PATH=/opt/ros/humble /usr/bin/cmake --build /home/yadhu/ur3e/build/ur_description -- -j16 -l16
[0.958s] DEBUG:colcon.colcon_core.event_handler.log_command:Invoked command in '/home/yadhu/ur3e/build/ur_description' returned '0': CMAKE_PREFIX_PATH=/opt/ros/humble /usr/bin/cmake --build /home/yadhu/ur3e/build/ur_description -- -j16 -l16
[0.986s] DEBUG:colcon.colcon_core.event_handler.log_command:Invoking command in '/home/yadhu/ur3e/build/ur_description': CMAKE_PREFIX_PATH=/opt/ros/humble /usr/bin/cmake --install /home/yadhu/ur3e/build/ur_description
[1.042s] Level 1:colcon.colcon_core.environment:create_environment_scripts_only(ur_description)
[1.042s] Level 1:colcon.colcon_core.environment:checking '/home/yadhu/ur3e/install/ur_description' for CMake module files
[1.042s] DEBUG:colcon.colcon_core.event_handler.log_command:Invoked command in '/home/yadhu/ur3e/build/ur_description' returned '0': CMAKE_PREFIX_PATH=/opt/ros/humble /usr/bin/cmake --install /home/yadhu/ur3e/build/ur_description
[1.043s] Level 1:colcon.colcon_core.environment:checking '/home/yadhu/ur3e/install/ur_description' for CMake config files
[1.043s] Level 1:colcon.colcon_core.shell:create_environment_hook('ur_description', 'cmake_prefix_path')
[1.043s] INFO:colcon.colcon_core.shell:Creating environment hook '/home/yadhu/ur3e/install/ur_description/share/ur_description/hook/cmake_prefix_path.ps1'
[1.043s] INFO:colcon.colcon_core.shell:Creating environment descriptor '/home/yadhu/ur3e/install/ur_description/share/ur_description/hook/cmake_prefix_path.dsv'
[1.043s] INFO:colcon.colcon_core.shell:Creating environment hook '/home/yadhu/ur3e/install/ur_description/share/ur_description/hook/cmake_prefix_path.sh'
[1.044s] Level 1:colcon.colcon_core.environment:checking '/home/yadhu/ur3e/install/ur_description/bin'
[1.044s] Level 1:colcon.colcon_core.environment:checking '/home/yadhu/ur3e/install/ur_description/lib/pkgconfig/ur_description.pc'
[1.044s] Level 1:colcon.colcon_core.environment:checking '/home/yadhu/ur3e/install/ur_description/lib/python3.10/site-packages'
[1.044s] Level 1:colcon.colcon_core.environment:checking '/home/yadhu/ur3e/install/ur_description/bin'
[1.044s] INFO:colcon.colcon_core.shell:Creating package script '/home/yadhu/ur3e/install/ur_description/share/ur_description/package.ps1'
[1.045s] INFO:colcon.colcon_core.shell:Creating package descriptor '/home/yadhu/ur3e/install/ur_description/share/ur_description/package.dsv'
[1.045s] INFO:colcon.colcon_core.shell:Creating package script '/home/yadhu/ur3e/install/ur_description/share/ur_description/package.sh'
[1.045s] INFO:colcon.colcon_core.shell:Creating package script '/home/yadhu/ur3e/install/ur_description/share/ur_description/package.bash'
[1.045s] INFO:colcon.colcon_core.shell:Creating package script '/home/yadhu/ur3e/install/ur_description/share/ur_description/package.zsh'
[1.045s] Level 1:colcon.colcon_core.environment:create_file_with_runtime_dependencies(/home/yadhu/ur3e/install/ur_description/share/colcon-core/packages/ur_description)
[1.061s] Level 1:colcon.colcon_core.environment:create_environment_scripts_only(ur_description)
[1.062s] Level 1:colcon.colcon_core.environment:checking '/home/yadhu/ur3e/install/ur_description' for CMake module files
[1.062s] Level 1:colcon.colcon_core.environment:checking '/home/yadhu/ur3e/install/ur_description' for CMake config files
[1.062s] Level 1:colcon.colcon_core.shell:create_environment_hook('ur_description', 'cmake_prefix_path')
[1.063s] INFO:colcon.colcon_core.shell:Creating environment hook '/home/yadhu/ur3e/install/ur_description/share/ur_description/hook/cmake_prefix_path.ps1'
[1.063s] INFO:colcon.colcon_core.shell:Creating environment descriptor '/home/yadhu/ur3e/install/ur_description/share/ur_description/hook/cmake_prefix_path.dsv'
[1.063s] INFO:colcon.colcon_core.shell:Creating environment hook '/home/yadhu/ur3e/install/ur_description/share/ur_description/hook/cmake_prefix_path.sh'
[1.064s] Level 1:colcon.colcon_core.environment:checking '/home/yadhu/ur3e/install/ur_description/bin'
[1.064s] Level 1:colcon.colcon_core.environment:checking '/home/yadhu/ur3e/install/ur_description/lib/pkgconfig/ur_description.pc'
[1.065s] Level 1:colcon.colcon_core.environment:checking '/home/yadhu/ur3e/install/ur_description/lib/python3.10/site-packages'
[1.065s] Level 1:colcon.colcon_core.environment:checking '/home/yadhu/ur3e/install/ur_description/bin'
[1.066s] INFO:colcon.colcon_core.shell:Creating package script '/home/yadhu/ur3e/install/ur_description/share/ur_description/package.ps1'
[1.066s] INFO:colcon.colcon_core.shell:Creating package descriptor '/home/yadhu/ur3e/install/ur_description/share/ur_description/package.dsv'
[1.066s] INFO:colcon.colcon_core.shell:Creating package script '/home/yadhu/ur3e/install/ur_description/share/ur_description/package.sh'
[1.067s] INFO:colcon.colcon_core.shell:Creating package script '/home/yadhu/ur3e/install/ur_description/share/ur_description/package.bash'
[1.067s] INFO:colcon.colcon_core.shell:Creating package script '/home/yadhu/ur3e/install/ur_description/share/ur_description/package.zsh'
[1.067s] Level 1:colcon.colcon_core.environment:create_file_with_runtime_dependencies(/home/yadhu/ur3e/install/ur_description/share/colcon-core/packages/ur_description)
[1.067s] INFO:colcon.colcon_ros.task.ament_cmake.build:Building ROS package in '/home/yadhu/ur3e/src/ur_gripper_gazebo' with build type 'ament_cmake'
[1.068s] INFO:colcon.colcon_cmake.task.cmake.build:Building CMake package in '/home/yadhu/ur3e/src/ur_gripper_gazebo'
[1.068s] INFO:colcon.colcon_core.shell:Skip shell extension 'powershell' for command environment: Not usable outside of PowerShell
[1.068s] DEBUG:colcon.colcon_core.shell:Skip shell extension 'dsv' for command environment
[1.075s] DEBUG:colcon.colcon_core.event_handler.log_command:Invoking command in '/home/yadhu/ur3e/build/ur_gripper_gazebo': AMENT_PREFIX_PATH=/home/yadhu/ur3e/install/ur_description:${AMENT_PREFIX_PATH} CMAKE_PREFIX_PATH=/home/yadhu/ur3e/install/ur_description:/opt/ros/humble /usr/bin/cmake /home/yadhu/ur3e/src/ur_gripper_gazebo -DCMAKE_INSTALL_PREFIX=/home/yadhu/ur3e/install/ur_gripper_gazebo
[1.517s] DEBUG:colcon.colcon_core.event_handler.log_command:Invoked command in '/home/yadhu/ur3e/build/ur_gripper_gazebo' returned '0': AMENT_PREFIX_PATH=/home/yadhu/ur3e/install/ur_description:${AMENT_PREFIX_PATH} CMAKE_PREFIX_PATH=/home/yadhu/ur3e/install/ur_description:/opt/ros/humble /usr/bin/cmake /home/yadhu/ur3e/src/ur_gripper_gazebo -DCMAKE_INSTALL_PREFIX=/home/yadhu/ur3e/install/ur_gripper_gazebo
[1.517s] DEBUG:colcon.colcon_core.event_handler.log_command:Invoking command in '/home/yadhu/ur3e/build/ur_gripper_gazebo': AMENT_PREFIX_PATH=/home/yadhu/ur3e/install/ur_description:${AMENT_PREFIX_PATH} CMAKE_PREFIX_PATH=/home/yadhu/ur3e/install/ur_description:/opt/ros/humble /usr/bin/cmake --build /home/yadhu/ur3e/build/ur_gripper_gazebo -- -j16 -l16
[1.544s] DEBUG:colcon.colcon_core.event_handler.log_command:Invoked command in '/home/yadhu/ur3e/build/ur_gripper_gazebo' returned '0': AMENT_PREFIX_PATH=/home/yadhu/ur3e/install/ur_description:${AMENT_PREFIX_PATH} CMAKE_PREFIX_PATH=/home/yadhu/ur3e/install/ur_description:/opt/ros/humble /usr/bin/cmake --build /home/yadhu/ur3e/build/ur_gripper_gazebo -- -j16 -l16
[1.560s] DEBUG:colcon.colcon_core.event_handler.log_command:Invoking command in '/home/yadhu/ur3e/build/ur_gripper_gazebo': AMENT_PREFIX_PATH=/home/yadhu/ur3e/install/ur_description:${AMENT_PREFIX_PATH} CMAKE_PREFIX_PATH=/home/yadhu/ur3e/install/ur_description:/opt/ros/humble /usr/bin/cmake --install /home/yadhu/ur3e/build/ur_gripper_gazebo
[1.567s] Level 1:colcon.colcon_core.environment:create_environment_scripts_only(ur_gripper_gazebo)
[1.568s] Level 1:colcon.colcon_core.environment:checking '/home/yadhu/ur3e/install/ur_gripper_gazebo' for CMake module files
[1.568s] DEBUG:colcon.colcon_core.event_handler.log_command:Invoked command in '/home/yadhu/ur3e/build/ur_gripper_gazebo' returned '0': AMENT_PREFIX_PATH=/home/yadhu/ur3e/install/ur_description:${AMENT_PREFIX_PATH} CMAKE_PREFIX_PATH=/home/yadhu/ur3e/install/ur_description:/opt/ros/humble /usr/bin/cmake --install /home/yadhu/ur3e/build/ur_gripper_gazebo
[1.568s] Level 1:colcon.colcon_core.environment:checking '/home/yadhu/ur3e/install/ur_gripper_gazebo' for CMake config files
[1.568s] Level 1:colcon.colcon_core.shell:create_environment_hook('ur_gripper_gazebo', 'cmake_prefix_path')
[1.568s] INFO:colcon.colcon_core.shell:Creating environment hook '/home/yadhu/ur3e/install/ur_gripper_gazebo/share/ur_gripper_gazebo/hook/cmake_prefix_path.ps1'
[1.569s] INFO:colcon.colcon_core.shell:Creating environment descriptor '/home/yadhu/ur3e/install/ur_gripper_gazebo/share/ur_gripper_gazebo/hook/cmake_prefix_path.dsv'
[1.569s] INFO:colcon.colcon_core.shell:Creating environment hook '/home/yadhu/ur3e/install/ur_gripper_gazebo/share/ur_gripper_gazebo/hook/cmake_prefix_path.sh'
[1.569s] Level 1:colcon.colcon_core.environment:checking '/home/yadhu/ur3e/install/ur_gripper_gazebo/bin'
[1.569s] Level 1:colcon.colcon_core.environment:checking '/home/yadhu/ur3e/install/ur_gripper_gazebo/lib/pkgconfig/ur_gripper_gazebo.pc'
[1.569s] Level 1:colcon.colcon_core.environment:checking '/home/yadhu/ur3e/install/ur_gripper_gazebo/lib/python3.10/site-packages'
[1.569s] Level 1:colcon.colcon_core.environment:checking '/home/yadhu/ur3e/install/ur_gripper_gazebo/bin'
[1.570s] INFO:colcon.colcon_core.shell:Creating package script '/home/yadhu/ur3e/install/ur_gripper_gazebo/share/ur_gripper_gazebo/package.ps1'
[1.570s] INFO:colcon.colcon_core.shell:Creating package descriptor '/home/yadhu/ur3e/install/ur_gripper_gazebo/share/ur_gripper_gazebo/package.dsv'
[1.570s] INFO:colcon.colcon_core.shell:Creating package script '/home/yadhu/ur3e/install/ur_gripper_gazebo/share/ur_gripper_gazebo/package.sh'
[1.570s] INFO:colcon.colcon_core.shell:Creating package script '/home/yadhu/ur3e/install/ur_gripper_gazebo/share/ur_gripper_gazebo/package.bash'
[1.570s] INFO:colcon.colcon_core.shell:Creating package script '/home/yadhu/ur3e/install/ur_gripper_gazebo/share/ur_gripper_gazebo/package.zsh'
[1.571s] Level 1:colcon.colcon_core.environment:create_file_with_runtime_dependencies(/home/yadhu/ur3e/install/ur_gripper_gazebo/share/colcon-core/packages/ur_gripper_gazebo)
[1.588s] Level 1:colcon.colcon_core.environment:create_environment_scripts_only(ur_gripper_gazebo)
[1.588s] Level 1:colcon.colcon_core.environment:checking '/home/yadhu/ur3e/install/ur_gripper_gazebo' for CMake module files
[1.588s] Level 1:colcon.colcon_core.environment:checking '/home/yadhu/ur3e/install/ur_gripper_gazebo' for CMake config files
[1.588s] Level 1:colcon.colcon_core.shell:create_environment_hook('ur_gripper_gazebo', 'cmake_prefix_path')
[1.589s] INFO:colcon.colcon_core.shell:Creating environment hook '/home/yadhu/ur3e/install/ur_gripper_gazebo/share/ur_gripper_gazebo/hook/cmake_prefix_path.ps1'
[1.589s] INFO:colcon.colcon_core.shell:Creating environment descriptor '/home/yadhu/ur3e/install/ur_gripper_gazebo/share/ur_gripper_gazebo/hook/cmake_prefix_path.dsv'
[1.589s] INFO:colcon.colcon_core.shell:Creating environment hook '/home/yadhu/ur3e/install/ur_gripper_gazebo/share/ur_gripper_gazebo/hook/cmake_prefix_path.sh'
[1.589s] Level 1:colcon.colcon_core.environment:checking '/home/yadhu/ur3e/install/ur_gripper_gazebo/bin'
[1.589s] Level 1:colcon.colcon_core.environment:checking '/home/yadhu/ur3e/install/ur_gripper_gazebo/lib/pkgconfig/ur_gripper_gazebo.pc'
[1.590s] Level 1:colcon.colcon_core.environment:checking '/home/yadhu/ur3e/install/ur_gripper_gazebo/lib/python3.10/site-packages'
[1.590s] Level 1:colcon.colcon_core.environment:checking '/home/yadhu/ur3e/install/ur_gripper_gazebo/bin'
[1.590s] INFO:colcon.colcon_core.shell:Creating package script '/home/yadhu/ur3e/install/ur_gripper_gazebo/share/ur_gripper_gazebo/package.ps1'
[1.590s] INFO:colcon.colcon_core.shell:Creating package descriptor '/home/yadhu/ur3e/install/ur_gripper_gazebo/share/ur_gripper_gazebo/package.dsv'
[1.590s] INFO:colcon.colcon_core.shell:Creating package script '/home/yadhu/ur3e/install/ur_gripper_gazebo/share/ur_gripper_gazebo/package.sh'
[1.591s] INFO:colcon.colcon_core.shell:Creating package script '/home/yadhu/ur3e/install/ur_gripper_gazebo/share/ur_gripper_gazebo/package.bash'
[1.591s] INFO:colcon.colcon_core.shell:Creating package script '/home/yadhu/ur3e/install/ur_gripper_gazebo/share/ur_gripper_gazebo/package.zsh'
[1.591s] Level 1:colcon.colcon_core.environment:create_file_with_runtime_dependencies(/home/yadhu/ur3e/install/ur_gripper_gazebo/share/colcon-core/packages/ur_gripper_gazebo)
[1.592s] INFO:colcon.colcon_ros.task.ament_cmake.build:Building ROS package in '/home/yadhu/ur3e/src/cppfile' with build type 'ament_cmake'
[1.592s] INFO:colcon.colcon_cmake.task.cmake.build:Building CMake package in '/home/yadhu/ur3e/src/cppfile'
[1.592s] INFO:colcon.colcon_core.shell:Skip shell extension 'powershell' for command environment: Not usable outside of PowerShell
[1.592s] DEBUG:colcon.colcon_core.shell:Skip shell extension 'dsv' for command environment
[1.595s] INFO:colcon.colcon_ros.task.ament_python.build:Building ROS package in '/home/yadhu/ur3e/src/pyfile' with build type 'ament_python'
[1.595s] Level 1:colcon.colcon_core.shell:create_environment_hook('pyfile', 'ament_prefix_path')
[1.595s] INFO:colcon.colcon_core.shell:Creating environment hook '/home/yadhu/ur3e/install/pyfile/share/pyfile/hook/ament_prefix_path.ps1'
[1.595s] INFO:colcon.colcon_core.shell:Creating environment descriptor '/home/yadhu/ur3e/install/pyfile/share/pyfile/hook/ament_prefix_path.dsv'
[1.596s] INFO:colcon.colcon_core.shell:Creating environment hook '/home/yadhu/ur3e/install/pyfile/share/pyfile/hook/ament_prefix_path.sh'
[1.596s] INFO:colcon.colcon_core.shell:Skip shell extension 'powershell' for command environment: Not usable outside of PowerShell
[1.596s] DEBUG:colcon.colcon_core.shell:Skip shell extension 'dsv' for command environment
[1.598s] INFO:colcon.colcon_ros.task.ament_cmake.build:Building ROS package in '/home/yadhu/ur3e/src/ur_moveit_config' with build type 'ament_cmake'
[1.598s] INFO:colcon.colcon_cmake.task.cmake.build:Building CMake package in '/home/yadhu/ur3e/src/ur_moveit_config'
[1.598s] INFO:colcon.colcon_core.shell:Skip shell extension 'powershell' for command environment: Not usable outside of PowerShell
[1.598s] DEBUG:colcon.colcon_core.shell:Skip shell extension 'dsv' for command environment
[1.611s] DEBUG:colcon.colcon_core.event_handler.log_command:Invoking command in '/home/yadhu/ur3e/build/cppfile': AMENT_PREFIX_PATH=/home/yadhu/ur3e/install/ur_gripper_gazebo:/home/yadhu/ur3e/install/ur_description:${AMENT_PREFIX_PATH} CMAKE_PREFIX_PATH=/home/yadhu/ur3e/install/ur_gripper_gazebo:/home/yadhu/ur3e/install/ur_description:/opt/ros/humble /usr/bin/cmake /home/yadhu/ur3e/src/cppfile -DCMAKE_INSTALL_PREFIX=/home/yadhu/ur3e/install/cppfile
[1.747s] INFO:colcon.colcon_core.task.python.build:Building Python package in '/home/yadhu/ur3e/src/pyfile'
[1.747s] INFO:colcon.colcon_core.shell:Skip shell extension 'powershell' for command environment: Not usable outside of PowerShell
[1.747s] DEBUG:colcon.colcon_core.shell:Skip shell extension 'dsv' for command environment
[1.751s] DEBUG:colcon.colcon_core.event_handler.log_command:Invoking command in '/home/yadhu/ur3e/build/ur_moveit_config': AMENT_PREFIX_PATH=/home/yadhu/ur3e/install/ur_gripper_gazebo:/home/yadhu/ur3e/install/ur_description:/home/yadhu/ur3e/install/robotiq_description:${AMENT_PREFIX_PATH} CMAKE_PREFIX_PATH=/home/yadhu/ur3e/install/ur_gripper_gazebo:/home/yadhu/ur3e/install/ur_description:/home/yadhu/ur3e/install/robotiq_description:/opt/ros/humble /usr/bin/cmake /home/yadhu/ur3e/src/ur_moveit_config -DCMAKE_INSTALL_PREFIX=/home/yadhu/ur3e/install/ur_moveit_config
[1.965s] DEBUG:colcon.colcon_core.event_handler.log_command:Invoking command in '/home/yadhu/ur3e/src/pyfile': AMENT_PREFIX_PATH=/home/yadhu/ur3e/install/ur_gripper_gazebo:/home/yadhu/ur3e/install/ur_description:${AMENT_PREFIX_PATH} CMAKE_PREFIX_PATH=/home/yadhu/ur3e/install/ur_gripper_gazebo:/home/yadhu/ur3e/install/ur_description PYTHONPATH=/home/yadhu/ur3e/build/pyfile/prefix_override:/usr/lib/python3/dist-packages/colcon_core/task/python/colcon_distutils_commands:/home/yadhu/ur3e/install/pyfile/lib/python3.10/site-packages:${PYTHONPATH} /usr/bin/python3 -W ignore:setup.py install is deprecated setup.py egg_info --egg-base ../../build/pyfile build --build-base /home/yadhu/ur3e/build/pyfile/build install --record /home/yadhu/ur3e/build/pyfile/install.log --single-version-externally-managed install_data
[2.131s] Level 1:colcon.colcon_core.environment:checking '/home/yadhu/ur3e/install/pyfile' for CMake module files
[2.131s] DEBUG:colcon.colcon_core.event_handler.log_command:Invoked command in '/home/yadhu/ur3e/src/pyfile' returned '0': AMENT_PREFIX_PATH=/home/yadhu/ur3e/install/ur_gripper_gazebo:/home/yadhu/ur3e/install/ur_description:${AMENT_PREFIX_PATH} CMAKE_PREFIX_PATH=/home/yadhu/ur3e/install/ur_gripper_gazebo:/home/yadhu/ur3e/install/ur_description PYTHONPATH=/home/yadhu/ur3e/build/pyfile/prefix_override:/usr/lib/python3/dist-packages/colcon_core/task/python/colcon_distutils_commands:/home/yadhu/ur3e/install/pyfile/lib/python3.10/site-packages:${PYTHONPATH} /usr/bin/python3 -W ignore:setup.py install is deprecated setup.py egg_info --egg-base ../../build/pyfile build --build-base /home/yadhu/ur3e/build/pyfile/build install --record /home/yadhu/ur3e/build/pyfile/install.log --single-version-externally-managed install_data
[2.132s] Level 1:colcon.colcon_core.environment:checking '/home/yadhu/ur3e/install/pyfile' for CMake config files
[2.132s] Level 1:colcon.colcon_core.environment:checking '/home/yadhu/ur3e/install/pyfile/lib'
[2.132s] Level 1:colcon.colcon_core.environment:checking '/home/yadhu/ur3e/install/pyfile/bin'
[2.132s] Level 1:colcon.colcon_core.environment:checking '/home/yadhu/ur3e/install/pyfile/lib/pkgconfig/pyfile.pc'
[2.132s] Level 1:colcon.colcon_core.environment:checking '/home/yadhu/ur3e/install/pyfile/lib/python3.10/site-packages'
[2.132s] Level 1:colcon.colcon_core.shell:create_environment_hook('pyfile', 'pythonpath')
[2.132s] INFO:colcon.colcon_core.shell:Creating environment hook '/home/yadhu/ur3e/install/pyfile/share/pyfile/hook/pythonpath.ps1'
[2.133s] INFO:colcon.colcon_core.shell:Creating environment descriptor '/home/yadhu/ur3e/install/pyfile/share/pyfile/hook/pythonpath.dsv'
[2.133s] INFO:colcon.colcon_core.shell:Creating environment hook '/home/yadhu/ur3e/install/pyfile/share/pyfile/hook/pythonpath.sh'
[2.133s] Level 1:colcon.colcon_core.environment:checking '/home/yadhu/ur3e/install/pyfile/bin'
[2.133s] Level 1:colcon.colcon_core.environment:create_environment_scripts_only(pyfile)
[2.133s] INFO:colcon.colcon_core.shell:Creating package script '/home/yadhu/ur3e/install/pyfile/share/pyfile/package.ps1'
[2.134s] INFO:colcon.colcon_core.shell:Creating package descriptor '/home/yadhu/ur3e/install/pyfile/share/pyfile/package.dsv'
[2.134s] INFO:colcon.colcon_core.shell:Creating package script '/home/yadhu/ur3e/install/pyfile/share/pyfile/package.sh'
[2.134s] INFO:colcon.colcon_core.shell:Creating package script '/home/yadhu/ur3e/install/pyfile/share/pyfile/package.bash'
[2.134s] INFO:colcon.colcon_core.shell:Creating package script '/home/yadhu/ur3e/install/pyfile/share/pyfile/package.zsh'
[2.134s] Level 1:colcon.colcon_core.environment:create_file_with_runtime_dependencies(/home/yadhu/ur3e/install/pyfile/share/colcon-core/packages/pyfile)
[2.243s] DEBUG:colcon.colcon_core.event_handler.log_command:Invoked command in '/home/yadhu/ur3e/build/ur_moveit_config' returned '0': AMENT_PREFIX_PATH=/home/yadhu/ur3e/install/ur_gripper_gazebo:/home/yadhu/ur3e/install/ur_description:/home/yadhu/ur3e/install/robotiq_description:${AMENT_PREFIX_PATH} CMAKE_PREFIX_PATH=/home/yadhu/ur3e/install/ur_gripper_gazebo:/home/yadhu/ur3e/install/ur_description:/home/yadhu/ur3e/install/robotiq_description:/opt/ros/humble /usr/bin/cmake /home/yadhu/ur3e/src/ur_moveit_config -DCMAKE_INSTALL_PREFIX=/home/yadhu/ur3e/install/ur_moveit_config
[2.243s] DEBUG:colcon.colcon_core.event_handler.log_command:Invoking command in '/home/yadhu/ur3e/build/ur_moveit_config': AMENT_PREFIX_PATH=/home/yadhu/ur3e/install/ur_gripper_gazebo:/home/yadhu/ur3e/install/ur_description:/home/yadhu/ur3e/install/robotiq_description:${AMENT_PREFIX_PATH} CMAKE_PREFIX_PATH=/home/yadhu/ur3e/install/ur_gripper_gazebo:/home/yadhu/ur3e/install/ur_description:/home/yadhu/ur3e/install/robotiq_description:/opt/ros/humble /usr/bin/cmake --build /home/yadhu/ur3e/build/ur_moveit_config -- -j16 -l16
[2.445s] DEBUG:colcon.colcon_core.event_handler.log_command:Invoked command in '/home/yadhu/ur3e/build/ur_moveit_config' returned '0': AMENT_PREFIX_PATH=/home/yadhu/ur3e/install/ur_gripper_gazebo:/home/yadhu/ur3e/install/ur_description:/home/yadhu/ur3e/install/robotiq_description:${AMENT_PREFIX_PATH} CMAKE_PREFIX_PATH=/home/yadhu/ur3e/install/ur_gripper_gazebo:/home/yadhu/ur3e/install/ur_description:/home/yadhu/ur3e/install/robotiq_description:/opt/ros/humble /usr/bin/cmake --build /home/yadhu/ur3e/build/ur_moveit_config -- -j16 -l16
[2.461s] DEBUG:colcon.colcon_core.event_handler.log_command:Invoking command in '/home/yadhu/ur3e/build/ur_moveit_config': AMENT_PREFIX_PATH=/home/yadhu/ur3e/install/ur_gripper_gazebo:/home/yadhu/ur3e/install/ur_description:/home/yadhu/ur3e/install/robotiq_description:${AMENT_PREFIX_PATH} CMAKE_PREFIX_PATH=/home/yadhu/ur3e/install/ur_gripper_gazebo:/home/yadhu/ur3e/install/ur_description:/home/yadhu/ur3e/install/robotiq_description:/opt/ros/humble /usr/bin/cmake --install /home/yadhu/ur3e/build/ur_moveit_config
[2.517s] Level 1:colcon.colcon_core.environment:create_environment_scripts_only(ur_moveit_config)
[2.518s] Level 1:colcon.colcon_core.environment:checking '/home/yadhu/ur3e/install/ur_moveit_config' for CMake module files
[2.518s] DEBUG:colcon.colcon_core.event_handler.log_command:Invoked command in '/home/yadhu/ur3e/build/ur_moveit_config' returned '0': AMENT_PREFIX_PATH=/home/yadhu/ur3e/install/ur_gripper_gazebo:/home/yadhu/ur3e/install/ur_description:/home/yadhu/ur3e/install/robotiq_description:${AMENT_PREFIX_PATH} CMAKE_PREFIX_PATH=/home/yadhu/ur3e/install/ur_gripper_gazebo:/home/yadhu/ur3e/install/ur_description:/home/yadhu/ur3e/install/robotiq_description:/opt/ros/humble /usr/bin/cmake --install /home/yadhu/ur3e/build/ur_moveit_config
[2.518s] Level 1:colcon.colcon_core.environment:checking '/home/yadhu/ur3e/install/ur_moveit_config' for CMake config files
[2.519s] Level 1:colcon.colcon_core.shell:create_environment_hook('ur_moveit_config', 'cmake_prefix_path')
[2.519s] INFO:colcon.colcon_core.shell:Creating environment hook '/home/yadhu/ur3e/install/ur_moveit_config/share/ur_moveit_config/hook/cmake_prefix_path.ps1'
[2.519s] INFO:colcon.colcon_core.shell:Creating environment descriptor '/home/yadhu/ur3e/install/ur_moveit_config/share/ur_moveit_config/hook/cmake_prefix_path.dsv'
[2.520s] INFO:colcon.colcon_core.shell:Creating environment hook '/home/yadhu/ur3e/install/ur_moveit_config/share/ur_moveit_config/hook/cmake_prefix_path.sh'
[2.520s] Level 1:colcon.colcon_core.environment:checking '/home/yadhu/ur3e/install/ur_moveit_config/bin'
[2.520s] Level 1:colcon.colcon_core.environment:checking '/home/yadhu/ur3e/install/ur_moveit_config/lib/pkgconfig/ur_moveit_config.pc'
[2.520s] Level 1:colcon.colcon_core.environment:checking '/home/yadhu/ur3e/install/ur_moveit_config/lib/python3.10/site-packages'
[2.520s] Level 1:colcon.colcon_core.environment:checking '/home/yadhu/ur3e/install/ur_moveit_config/bin'
[2.521s] INFO:colcon.colcon_core.shell:Creating package script '/home/yadhu/ur3e/install/ur_moveit_config/share/ur_moveit_config/package.ps1'
[2.521s] INFO:colcon.colcon_core.shell:Creating package descriptor '/home/yadhu/ur3e/install/ur_moveit_config/share/ur_moveit_config/package.dsv'
[2.522s] INFO:colcon.colcon_core.shell:Creating package script '/home/yadhu/ur3e/install/ur_moveit_config/share/ur_moveit_config/package.sh'
[2.522s] INFO:colcon.colcon_core.shell:Creating package script '/home/yadhu/ur3e/install/ur_moveit_config/share/ur_moveit_config/package.bash'
[2.522s] INFO:colcon.colcon_core.shell:Creating package script '/home/yadhu/ur3e/install/ur_moveit_config/share/ur_moveit_config/package.zsh'
[2.522s] Level 1:colcon.colcon_core.environment:create_file_with_runtime_dependencies(/home/yadhu/ur3e/install/ur_moveit_config/share/colcon-core/packages/ur_moveit_config)
[2.541s] Level 1:colcon.colcon_core.environment:create_environment_scripts_only(ur_moveit_config)
[2.541s] Level 1:colcon.colcon_core.environment:checking '/home/yadhu/ur3e/install/ur_moveit_config' for CMake module files
[2.542s] Level 1:colcon.colcon_core.environment:checking '/home/yadhu/ur3e/install/ur_moveit_config' for CMake config files
[2.542s] Level 1:colcon.colcon_core.shell:create_environment_hook('ur_moveit_config', 'cmake_prefix_path')
[2.542s] INFO:colcon.colcon_core.shell:Creating environment hook '/home/yadhu/ur3e/install/ur_moveit_config/share/ur_moveit_config/hook/cmake_prefix_path.ps1'
[2.543s] INFO:colcon.colcon_core.shell:Creating environment descriptor '/home/yadhu/ur3e/install/ur_moveit_config/share/ur_moveit_config/hook/cmake_prefix_path.dsv'
[2.543s] INFO:colcon.colcon_core.shell:Creating environment hook '/home/yadhu/ur3e/install/ur_moveit_config/share/ur_moveit_config/hook/cmake_prefix_path.sh'
[2.544s] Level 1:colcon.colcon_core.environment:checking '/home/yadhu/ur3e/install/ur_moveit_config/bin'
[2.544s] Level 1:colcon.colcon_core.environment:checking '/home/yadhu/ur3e/install/ur_moveit_config/lib/pkgconfig/ur_moveit_config.pc'
[2.544s] Level 1:colcon.colcon_core.environment:checking '/home/yadhu/ur3e/install/ur_moveit_config/lib/python3.10/site-packages'
[2.544s] Level 1:colcon.colcon_core.environment:checking '/home/yadhu/ur3e/install/ur_moveit_config/bin'
[2.544s] INFO:colcon.colcon_core.shell:Creating package script '/home/yadhu/ur3e/install/ur_moveit_config/share/ur_moveit_config/package.ps1'
[2.545s] INFO:colcon.colcon_core.shell:Creating package descriptor '/home/yadhu/ur3e/install/ur_moveit_config/share/ur_moveit_config/package.dsv'
[2.545s] INFO:colcon.colcon_core.shell:Creating package script '/home/yadhu/ur3e/install/ur_moveit_config/share/ur_moveit_config/package.sh'
[2.545s] INFO:colcon.colcon_core.shell:Creating package script '/home/yadhu/ur3e/install/ur_moveit_config/share/ur_moveit_config/package.bash'
[2.545s] INFO:colcon.colcon_core.shell:Creating package script '/home/yadhu/ur3e/install/ur_moveit_config/share/ur_moveit_config/package.zsh'
[2.546s] Level 1:colcon.colcon_core.environment:create_file_with_runtime_dependencies(/home/yadhu/ur3e/install/ur_moveit_config/share/colcon-core/packages/ur_moveit_config)
[2.896s] DEBUG:colcon.colcon_core.event_handler.log_command:Invoked command in '/home/yadhu/ur3e/build/cppfile' returned '0': AMENT_PREFIX_PATH=/home/yadhu/ur3e/install/ur_gripper_gazebo:/home/yadhu/ur3e/install/ur_description:${AMENT_PREFIX_PATH} CMAKE_PREFIX_PATH=/home/yadhu/ur3e/install/ur_gripper_gazebo:/home/yadhu/ur3e/install/ur_description:/opt/ros/humble /usr/bin/cmake /home/yadhu/ur3e/src/cppfile -DCMAKE_INSTALL_PREFIX=/home/yadhu/ur3e/install/cppfile
[2.897s] DEBUG:colcon.colcon_core.event_handler.log_command:Invoking command in '/home/yadhu/ur3e/build/cppfile': AMENT_PREFIX_PATH=/home/yadhu/ur3e/install/ur_gripper_gazebo:/home/yadhu/ur3e/install/ur_description:${AMENT_PREFIX_PATH} CMAKE_PREFIX_PATH=/home/yadhu/ur3e/install/ur_gripper_gazebo:/home/yadhu/ur3e/install/ur_description:/opt/ros/humble /usr/bin/cmake --build /home/yadhu/ur3e/build/cppfile -- -j16 -l16
[7.098s] DEBUG:colcon.colcon_core.event_handler.log_command:Invoked command in '/home/yadhu/ur3e/build/cppfile' returned '0': AMENT_PREFIX_PATH=/home/yadhu/ur3e/install/ur_gripper_gazebo:/home/yadhu/ur3e/install/ur_description:${AMENT_PREFIX_PATH} CMAKE_PREFIX_PATH=/home/yadhu/ur3e/install/ur_gripper_gazebo:/home/yadhu/ur3e/install/ur_description:/opt/ros/humble /usr/bin/cmake --build /home/yadhu/ur3e/build/cppfile -- -j16 -l16
[7.119s] DEBUG:colcon.colcon_core.event_handler.log_command:Invoking command in '/home/yadhu/ur3e/build/cppfile': AMENT_PREFIX_PATH=/home/yadhu/ur3e/install/ur_gripper_gazebo:/home/yadhu/ur3e/install/ur_description:${AMENT_PREFIX_PATH} CMAKE_PREFIX_PATH=/home/yadhu/ur3e/install/ur_gripper_gazebo:/home/yadhu/ur3e/install/ur_description:/opt/ros/humble /usr/bin/cmake --install /home/yadhu/ur3e/build/cppfile
[7.126s] Level 1:colcon.colcon_core.environment:create_environment_scripts_only(cppfile)
[7.126s] Level 1:colcon.colcon_core.environment:checking '/home/yadhu/ur3e/install/cppfile' for CMake module files
[7.126s] DEBUG:colcon.colcon_core.event_handler.log_command:Invoked command in '/home/yadhu/ur3e/build/cppfile' returned '0': AMENT_PREFIX_PATH=/home/yadhu/ur3e/install/ur_gripper_gazebo:/home/yadhu/ur3e/install/ur_description:${AMENT_PREFIX_PATH} CMAKE_PREFIX_PATH=/home/yadhu/ur3e/install/ur_gripper_gazebo:/home/yadhu/ur3e/install/ur_description:/opt/ros/humble /usr/bin/cmake --install /home/yadhu/ur3e/build/cppfile
[7.127s] Level 1:colcon.colcon_core.environment:checking '/home/yadhu/ur3e/install/cppfile' for CMake config files
[7.127s] Level 1:colcon.colcon_core.shell:create_environment_hook('cppfile', 'cmake_prefix_path')
[7.127s] INFO:colcon.colcon_core.shell:Creating environment hook '/home/yadhu/ur3e/install/cppfile/share/cppfile/hook/cmake_prefix_path.ps1'
[7.127s] INFO:colcon.colcon_core.shell:Creating environment descriptor '/home/yadhu/ur3e/install/cppfile/share/cppfile/hook/cmake_prefix_path.dsv'
[7.127s] INFO:colcon.colcon_core.shell:Creating environment hook '/home/yadhu/ur3e/install/cppfile/share/cppfile/hook/cmake_prefix_path.sh'
[7.128s] Level 1:colcon.colcon_core.environment:checking '/home/yadhu/ur3e/install/cppfile/lib'
[7.128s] Level 1:colcon.colcon_core.environment:checking '/home/yadhu/ur3e/install/cppfile/bin'
[7.128s] Level 1:colcon.colcon_core.environment:checking '/home/yadhu/ur3e/install/cppfile/lib/pkgconfig/cppfile.pc'
[7.128s] Level 1:colcon.colcon_core.environment:checking '/home/yadhu/ur3e/install/cppfile/lib/python3.10/site-packages'
[7.128s] Level 1:colcon.colcon_core.environment:checking '/home/yadhu/ur3e/install/cppfile/bin'
[7.128s] INFO:colcon.colcon_core.shell:Creating package script '/home/yadhu/ur3e/install/cppfile/share/cppfile/package.ps1'
[7.128s] INFO:colcon.colcon_core.shell:Creating package descriptor '/home/yadhu/ur3e/install/cppfile/share/cppfile/package.dsv'
[7.129s] INFO:colcon.colcon_core.shell:Creating package script '/home/yadhu/ur3e/install/cppfile/share/cppfile/package.sh'
[7.129s] INFO:colcon.colcon_core.shell:Creating package script '/home/yadhu/ur3e/install/cppfile/share/cppfile/package.bash'
[7.129s] INFO:colcon.colcon_core.shell:Creating package script '/home/yadhu/ur3e/install/cppfile/share/cppfile/package.zsh'
[7.129s] Level 1:colcon.colcon_core.environment:create_file_with_runtime_dependencies(/home/yadhu/ur3e/install/cppfile/share/colcon-core/packages/cppfile)
[7.152s] Level 1:colcon.colcon_core.environment:create_environment_scripts_only(cppfile)
[7.152s] Level 1:colcon.colcon_core.environment:checking '/home/yadhu/ur3e/install/cppfile' for CMake module files
[7.152s] Level 1:colcon.colcon_core.environment:checking '/home/yadhu/ur3e/install/cppfile' for CMake config files
[7.152s] Level 1:colcon.colcon_core.shell:create_environment_hook('cppfile', 'cmake_prefix_path')
[7.152s] INFO:colcon.colcon_core.shell:Creating environment hook '/home/yadhu/ur3e/install/cppfile/share/cppfile/hook/cmake_prefix_path.ps1'
[7.153s] INFO:colcon.colcon_core.shell:Creating environment descriptor '/home/yadhu/ur3e/install/cppfile/share/cppfile/hook/cmake_prefix_path.dsv'
[7.153s] INFO:colcon.colcon_core.shell:Creating environment hook '/home/yadhu/ur3e/install/cppfile/share/cppfile/hook/cmake_prefix_path.sh'
[7.153s] Level 1:colcon.colcon_core.environment:checking '/home/yadhu/ur3e/install/cppfile/lib'
[7.153s] Level 1:colcon.colcon_core.environment:checking '/home/yadhu/ur3e/install/cppfile/bin'
[7.153s] Level 1:colcon.colcon_core.environment:checking '/home/yadhu/ur3e/install/cppfile/lib/pkgconfig/cppfile.pc'
[7.154s] Level 1:colcon.colcon_core.environment:checking '/home/yadhu/ur3e/install/cppfile/lib/python3.10/site-packages'
[7.154s] Level 1:colcon.colcon_core.environment:checking '/home/yadhu/ur3e/install/cppfile/bin'
[7.154s] INFO:colcon.colcon_core.shell:Creating package script '/home/yadhu/ur3e/install/cppfile/share/cppfile/package.ps1'
[7.154s] INFO:colcon.colcon_core.shell:Creating package descriptor '/home/yadhu/ur3e/install/cppfile/share/cppfile/package.dsv'
[7.155s] INFO:colcon.colcon_core.shell:Creating package script '/home/yadhu/ur3e/install/cppfile/share/cppfile/package.sh'
[7.155s] INFO:colcon.colcon_core.shell:Creating package script '/home/yadhu/ur3e/install/cppfile/share/cppfile/package.bash'
[7.155s] INFO:colcon.colcon_core.shell:Creating package script '/home/yadhu/ur3e/install/cppfile/share/cppfile/package.zsh'
[7.156s] Level 1:colcon.colcon_core.environment:create_file_with_runtime_dependencies(/home/yadhu/ur3e/install/cppfile/share/colcon-core/packages/cppfile)
[7.156s] DEBUG:colcon.colcon_parallel_executor.executor.parallel:closing loop
[7.156s] DEBUG:colcon.colcon_parallel_executor.executor.parallel:loop closed
[7.156s] DEBUG:colcon.colcon_parallel_executor.executor.parallel:run_until_complete finished with '0'
[7.156s] DEBUG:colcon.colcon_core.event_reactor:joining thread
[7.160s] INFO:colcon.colcon_core.plugin_system:Skipping extension 'colcon_notification.desktop_notification.notify_send': Could not find 'notify-send'
[7.160s] INFO:colcon.colcon_core.plugin_system:Skipping extension 'colcon_notification.desktop_notification.terminal_notifier': Not used on non-Darwin systems
[7.160s] INFO:colcon.colcon_core.plugin_system:Skipping extension 'colcon_notification.desktop_notification.win32': Not used on non-Windows systems
[7.160s] INFO:colcon.colcon_notification.desktop_notification:Sending desktop notification using 'notify2'
[7.161s] DEBUG:colcon.colcon_notification.desktop_notification.notify2:Failed to initialize notify2: org.freedesktop.DBus.Error.Spawn.ExecFailed: /usr/bin/dbus-launch terminated abnormally without any error message
[7.162s] DEBUG:colcon.colcon_core.event_reactor:joined thread
[7.162s] INFO:colcon.colcon_core.shell:Creating prefix script '/home/yadhu/ur3e/install/local_setup.ps1'
[7.163s] INFO:colcon.colcon_core.shell:Creating prefix util module '/home/yadhu/ur3e/install/_local_setup_util_ps1.py'
[7.163s] INFO:colcon.colcon_core.shell:Creating prefix chain script '/home/yadhu/ur3e/install/setup.ps1'
[7.164s] INFO:colcon.colcon_core.shell:Creating prefix script '/home/yadhu/ur3e/install/local_setup.sh'
[7.164s] INFO:colcon.colcon_core.shell:Creating prefix util module '/home/yadhu/ur3e/install/_local_setup_util_sh.py'
[7.164s] INFO:colcon.colcon_core.shell:Creating prefix chain script '/home/yadhu/ur3e/install/setup.sh'
[7.165s] INFO:colcon.colcon_core.shell:Creating prefix script '/home/yadhu/ur3e/install/local_setup.bash'
[7.165s] INFO:colcon.colcon_core.shell:Creating prefix chain script '/home/yadhu/ur3e/install/setup.bash'
[7.166s] INFO:colcon.colcon_core.shell:Creating prefix script '/home/yadhu/ur3e/install/local_setup.zsh'
[7.166s] INFO:colcon.colcon_core.shell:Creating prefix chain script '/home/yadhu/ur3e/install/setup.zsh'
