[0.183s] Invoking command in '/home/yadhu/ur3e/src/build/ur_moveit_config': AMENT_PREFIX_PATH=/home/yadhu/ur3e/src/install/ur_description:/home/yadhu/ur3e/src/install/robotiq_description:${AMENT_PREFIX_PATH} CMAKE_PREFIX_PATH=/home/yadhu/ur3e/src/install/ur_description:/home/yadhu/ur3e/src/install/robotiq_description:/opt/ros/humble /usr/bin/cmake --build /home/yadhu/ur3e/src/build/ur_moveit_config -- -j16 -l16
[0.228s] Built target ament_cmake_python_copy_ur_moveit_config
[0.442s] running egg_info
[0.443s] writing ur_moveit_config.egg-info/PKG-INFO
[0.444s] writing dependency_links to ur_moveit_config.egg-info/dependency_links.txt
[0.444s] writing top-level names to ur_moveit_config.egg-info/top_level.txt
[0.446s] reading manifest file 'ur_moveit_config.egg-info/SOURCES.txt'
[0.446s] writing manifest file 'ur_moveit_config.egg-info/SOURCES.txt'
[0.473s] Built target ament_cmake_python_build_ur_moveit_config_egg
[0.483s] Invoked command in '/home/yadhu/ur3e/src/build/ur_moveit_config' returned '0': AMENT_PREFIX_PATH=/home/yadhu/ur3e/src/install/ur_description:/home/yadhu/ur3e/src/install/robotiq_description:${AMENT_PREFIX_PATH} CMAKE_PREFIX_PATH=/home/yadhu/ur3e/src/install/ur_description:/home/yadhu/ur3e/src/install/robotiq_description:/opt/ros/humble /usr/bin/cmake --build /home/yadhu/ur3e/src/build/ur_moveit_config -- -j16 -l16
[0.505s] Invoking command in '/home/yadhu/ur3e/src/build/ur_moveit_config': AMENT_PREFIX_PATH=/home/yadhu/ur3e/src/install/ur_description:/home/yadhu/ur3e/src/install/robotiq_description:${AMENT_PREFIX_PATH} CMAKE_PREFIX_PATH=/home/yadhu/ur3e/src/install/ur_description:/home/yadhu/ur3e/src/install/robotiq_description:/opt/ros/humble /usr/bin/cmake --install /home/yadhu/ur3e/src/build/ur_moveit_config
[0.511s] -- Install configuration: ""
[0.511s] -- Up-to-date: /home/yadhu/ur3e/src/install/ur_moveit_config/share/ur_moveit_config/config
[0.511s] -- Up-to-date: /home/yadhu/ur3e/src/install/ur_moveit_config/share/ur_moveit_config/config/controllers.yaml
[0.511s] -- Up-to-date: /home/yadhu/ur3e/src/install/ur_moveit_config/share/ur_moveit_config/config/kinematics.yaml
[0.512s] -- Up-to-date: /home/yadhu/ur3e/src/install/ur_moveit_config/share/ur_moveit_config/config/joint_limits.yaml
[0.512s] -- Up-to-date: /home/yadhu/ur3e/src/install/ur_moveit_config/share/ur_moveit_config/config/ur_servo.yaml
[0.512s] -- Up-to-date: /home/yadhu/ur3e/src/install/ur_moveit_config/share/ur_moveit_config/config/ompl_planning.yaml
[0.512s] -- Up-to-date: /home/yadhu/ur3e/src/install/ur_moveit_config/share/ur_moveit_config/launch
[0.512s] -- Up-to-date: /home/yadhu/ur3e/src/install/ur_moveit_config/share/ur_moveit_config/launch/ur_moveit.launch.py
[0.512s] -- Up-to-date: /home/yadhu/ur3e/src/install/ur_moveit_config/share/ur_moveit_config/rviz
[0.512s] -- Up-to-date: /home/yadhu/ur3e/src/install/ur_moveit_config/share/ur_moveit_config/rviz/view_robot.rviz
[0.512s] -- Up-to-date: /home/yadhu/ur3e/src/install/ur_moveit_config/share/ur_moveit_config/srdf
[0.512s] -- Up-to-date: /home/yadhu/ur3e/src/install/ur_moveit_config/share/ur_moveit_config/srdf/ur_macro.srdf.xacro
[0.512s] -- Up-to-date: /home/yadhu/ur3e/src/install/ur_moveit_config/share/ur_moveit_config/srdf/ur.srdf.xacro
[0.512s] -- Up-to-date: /home/yadhu/ur3e/src/install/ur_moveit_config/share/ur_moveit_config/environment/pythonpath.sh
[0.512s] -- Up-to-date: /home/yadhu/ur3e/src/install/ur_moveit_config/share/ur_moveit_config/environment/pythonpath.dsv
[0.513s] -- Up-to-date: /home/yadhu/ur3e/src/install/ur_moveit_config/local/lib/python3.10/dist-packages/ur_moveit_config-2.2.16-py3.10.egg-info
[0.513s] -- Installing: /home/yadhu/ur3e/src/install/ur_moveit_config/local/lib/python3.10/dist-packages/ur_moveit_config-2.2.16-py3.10.egg-info/top_level.txt
[0.513s] -- Installing: /home/yadhu/ur3e/src/install/ur_moveit_config/local/lib/python3.10/dist-packages/ur_moveit_config-2.2.16-py3.10.egg-info/PKG-INFO
[0.513s] -- Installing: /home/yadhu/ur3e/src/install/ur_moveit_config/local/lib/python3.10/dist-packages/ur_moveit_config-2.2.16-py3.10.egg-info/dependency_links.txt
[0.513s] -- Installing: /home/yadhu/ur3e/src/install/ur_moveit_config/local/lib/python3.10/dist-packages/ur_moveit_config-2.2.16-py3.10.egg-info/SOURCES.txt
[0.513s] -- Up-to-date: /home/yadhu/ur3e/src/install/ur_moveit_config/local/lib/python3.10/dist-packages/ur_moveit_config
[0.513s] -- Up-to-date: /home/yadhu/ur3e/src/install/ur_moveit_config/local/lib/python3.10/dist-packages/ur_moveit_config/launch_common.py
[0.513s] -- Up-to-date: /home/yadhu/ur3e/src/install/ur_moveit_config/local/lib/python3.10/dist-packages/ur_moveit_config/__init__.py
[0.556s] Listing '/home/yadhu/ur3e/src/install/ur_moveit_config/local/lib/python3.10/dist-packages/ur_moveit_config'...
[0.561s] -- Up-to-date: /home/yadhu/ur3e/src/install/ur_moveit_config/local/lib/python3.10/dist-packages/launch_common.py
[0.594s] -- Up-to-date: /home/yadhu/ur3e/src/install/ur_moveit_config/share/ament_index/resource_index/package_run_dependencies/ur_moveit_config
[0.594s] -- Up-to-date: /home/yadhu/ur3e/src/install/ur_moveit_config/share/ament_index/resource_index/parent_prefix_path/ur_moveit_config
[0.594s] -- Up-to-date: /home/yadhu/ur3e/src/install/ur_moveit_config/share/ur_moveit_config/environment/ament_prefix_path.sh
[0.594s] -- Up-to-date: /home/yadhu/ur3e/src/install/ur_moveit_config/share/ur_moveit_config/environment/ament_prefix_path.dsv
[0.595s] -- Up-to-date: /home/yadhu/ur3e/src/install/ur_moveit_config/share/ur_moveit_config/environment/path.sh
[0.595s] -- Up-to-date: /home/yadhu/ur3e/src/install/ur_moveit_config/share/ur_moveit_config/environment/path.dsv
[0.595s] -- Up-to-date: /home/yadhu/ur3e/src/install/ur_moveit_config/share/ur_moveit_config/local_setup.bash
[0.595s] -- Up-to-date: /home/yadhu/ur3e/src/install/ur_moveit_config/share/ur_moveit_config/local_setup.sh
[0.595s] -- Up-to-date: /home/yadhu/ur3e/src/install/ur_moveit_config/share/ur_moveit_config/local_setup.zsh
[0.595s] -- Up-to-date: /home/yadhu/ur3e/src/install/ur_moveit_config/share/ur_moveit_config/local_setup.dsv
[0.595s] -- Installing: /home/yadhu/ur3e/src/install/ur_moveit_config/share/ur_moveit_config/package.dsv
[0.595s] -- Up-to-date: /home/yadhu/ur3e/src/install/ur_moveit_config/share/ament_index/resource_index/packages/ur_moveit_config
[0.595s] -- Up-to-date: /home/yadhu/ur3e/src/install/ur_moveit_config/share/ur_moveit_config/cmake/ur_moveit_configConfig.cmake
[0.596s] -- Up-to-date: /home/yadhu/ur3e/src/install/ur_moveit_config/share/ur_moveit_config/cmake/ur_moveit_configConfig-version.cmake
[0.596s] -- Up-to-date: /home/yadhu/ur3e/src/install/ur_moveit_config/share/ur_moveit_config/package.xml
[0.597s] Invoked command in '/home/yadhu/ur3e/src/build/ur_moveit_config' returned '0': AMENT_PREFIX_PATH=/home/yadhu/ur3e/src/install/ur_description:/home/yadhu/ur3e/src/install/robotiq_description:${AMENT_PREFIX_PATH} CMAKE_PREFIX_PATH=/home/yadhu/ur3e/src/install/ur_description:/home/yadhu/ur3e/src/install/robotiq_description:/opt/ros/humble /usr/bin/cmake --install /home/yadhu/ur3e/src/build/ur_moveit_config
