[0.007s] Invoking command in '/home/yadhu/ur3e/build/ur_gripper_gazebo': AMENT_PREFIX_PATH=/home/yadhu/ur3e/install/ur_description:${AMENT_PREFIX_PATH} CMAKE_PREFIX_PATH=/home/yadhu/ur3e/install/ur_description:/opt/ros/humble /usr/bin/cmake /home/yadhu/ur3e/src/ur_gripper_gazebo -DCMAKE_INSTALL_PREFIX=/home/yadhu/ur3e/install/ur_gripper_gazebo
[0.047s] -- The C compiler identification is GNU 11.4.0
[0.094s] -- The CXX compiler identification is GNU 11.4.0
[0.098s] -- Detecting C compiler ABI info
[0.155s] -- Detecting C compiler ABI info - done
[0.162s] -- Check for working C compiler: /usr/bin/cc - skipped
[0.162s] -- Detecting C compile features
[0.162s] -- Detecting C compile features - done
[0.165s] -- Detecting CXX compiler ABI info
[0.225s] -- Detecting CXX compiler ABI info - done
[0.229s] -- Check for working CXX compiler: /usr/bin/c++ - skipped
[0.230s] -- Detecting CXX compile features
[0.230s] -- Detecting CXX compile features - done
[0.232s] -- Found ament_cmake: 1.3.10 (/opt/ros/humble/share/ament_cmake/cmake)
[0.328s] -- Found Python3: /usr/bin/python3 (found version "3.10.12") found components: Interpreter 
[0.391s] -- Found ament_lint_auto: 0.12.11 (/opt/ros/humble/share/ament_lint_auto/cmake)
[0.442s] -- Added test 'flake8' to check Python code syntax and style conventions
[0.442s] -- Added test 'lint_cmake' to check CMake code style
[0.443s] -- Added test 'pep257' to check Python code against some of the docstring style conventions in PEP 257
[0.443s] -- Added test 'xmllint' to check XML markup files
[0.444s] -- Configuring done
[0.445s] -- Generating done
[0.445s] -- Build files have been written to: /home/yadhu/ur3e/build/ur_gripper_gazebo
[0.449s] Invoked command in '/home/yadhu/ur3e/build/ur_gripper_gazebo' returned '0': AMENT_PREFIX_PATH=/home/yadhu/ur3e/install/ur_description:${AMENT_PREFIX_PATH} CMAKE_PREFIX_PATH=/home/yadhu/ur3e/install/ur_description:/opt/ros/humble /usr/bin/cmake /home/yadhu/ur3e/src/ur_gripper_gazebo -DCMAKE_INSTALL_PREFIX=/home/yadhu/ur3e/install/ur_gripper_gazebo
[0.449s] Invoking command in '/home/yadhu/ur3e/build/ur_gripper_gazebo': AMENT_PREFIX_PATH=/home/yadhu/ur3e/install/ur_description:${AMENT_PREFIX_PATH} CMAKE_PREFIX_PATH=/home/yadhu/ur3e/install/ur_description:/opt/ros/humble /usr/bin/cmake --build /home/yadhu/ur3e/build/ur_gripper_gazebo -- -j16 -l16
[0.475s] Invoked command in '/home/yadhu/ur3e/build/ur_gripper_gazebo' returned '0': AMENT_PREFIX_PATH=/home/yadhu/ur3e/install/ur_description:${AMENT_PREFIX_PATH} CMAKE_PREFIX_PATH=/home/yadhu/ur3e/install/ur_description:/opt/ros/humble /usr/bin/cmake --build /home/yadhu/ur3e/build/ur_gripper_gazebo -- -j16 -l16
[0.492s] Invoking command in '/home/yadhu/ur3e/build/ur_gripper_gazebo': AMENT_PREFIX_PATH=/home/yadhu/ur3e/install/ur_description:${AMENT_PREFIX_PATH} CMAKE_PREFIX_PATH=/home/yadhu/ur3e/install/ur_description:/opt/ros/humble /usr/bin/cmake --install /home/yadhu/ur3e/build/ur_gripper_gazebo
[0.497s] -- Install configuration: ""
[0.497s] -- Installing: /home/yadhu/ur3e/install/ur_gripper_gazebo/share/ur_gripper_gazebo/config
[0.497s] -- Installing: /home/yadhu/ur3e/install/ur_gripper_gazebo/share/ur_gripper_gazebo/config/ros2control_controllers.yaml
[0.497s] -- Installing: /home/yadhu/ur3e/install/ur_gripper_gazebo/share/ur_gripper_gazebo/launch
[0.497s] -- Installing: /home/yadhu/ur3e/install/ur_gripper_gazebo/share/ur_gripper_gazebo/launch/gazebo.launch.py
[0.497s] -- Installing: /home/yadhu/ur3e/install/ur_gripper_gazebo/share/ur_gripper_gazebo/launch/rviz.launch.py
[0.497s] -- Installing: /home/yadhu/ur3e/install/ur_gripper_gazebo/share/ur_gripper_gazebo/urdf
[0.497s] -- Installing: /home/yadhu/ur3e/install/ur_gripper_gazebo/share/ur_gripper_gazebo/urdf/ur_gripper.xacro
[0.497s] -- Installing: /home/yadhu/ur3e/install/ur_gripper_gazebo/share/ament_index/resource_index/package_run_dependencies/ur_gripper_gazebo
[0.497s] -- Installing: /home/yadhu/ur3e/install/ur_gripper_gazebo/share/ament_index/resource_index/parent_prefix_path/ur_gripper_gazebo
[0.497s] -- Installing: /home/yadhu/ur3e/install/ur_gripper_gazebo/share/ur_gripper_gazebo/environment/ament_prefix_path.sh
[0.497s] -- Installing: /home/yadhu/ur3e/install/ur_gripper_gazebo/share/ur_gripper_gazebo/environment/ament_prefix_path.dsv
[0.497s] -- Installing: /home/yadhu/ur3e/install/ur_gripper_gazebo/share/ur_gripper_gazebo/environment/path.sh
[0.497s] -- Installing: /home/yadhu/ur3e/install/ur_gripper_gazebo/share/ur_gripper_gazebo/environment/path.dsv
[0.498s] -- Installing: /home/yadhu/ur3e/install/ur_gripper_gazebo/share/ur_gripper_gazebo/local_setup.bash
[0.498s] -- Installing: /home/yadhu/ur3e/install/ur_gripper_gazebo/share/ur_gripper_gazebo/local_setup.sh
[0.498s] -- Installing: /home/yadhu/ur3e/install/ur_gripper_gazebo/share/ur_gripper_gazebo/local_setup.zsh
[0.498s] -- Installing: /home/yadhu/ur3e/install/ur_gripper_gazebo/share/ur_gripper_gazebo/local_setup.dsv
[0.498s] -- Installing: /home/yadhu/ur3e/install/ur_gripper_gazebo/share/ur_gripper_gazebo/package.dsv
[0.498s] -- Installing: /home/yadhu/ur3e/install/ur_gripper_gazebo/share/ament_index/resource_index/packages/ur_gripper_gazebo
[0.498s] -- Installing: /home/yadhu/ur3e/install/ur_gripper_gazebo/share/ur_gripper_gazebo/cmake/ur_gripper_gazeboConfig.cmake
[0.498s] -- Installing: /home/yadhu/ur3e/install/ur_gripper_gazebo/share/ur_gripper_gazebo/cmake/ur_gripper_gazeboConfig-version.cmake
[0.498s] -- Installing: /home/yadhu/ur3e/install/ur_gripper_gazebo/share/ur_gripper_gazebo/package.xml
[0.499s] Invoked command in '/home/yadhu/ur3e/build/ur_gripper_gazebo' returned '0': AMENT_PREFIX_PATH=/home/yadhu/ur3e/install/ur_description:${AMENT_PREFIX_PATH} CMAKE_PREFIX_PATH=/home/yadhu/ur3e/install/ur_description:/opt/ros/humble /usr/bin/cmake --install /home/yadhu/ur3e/build/ur_gripper_gazebo
