[0.010s] Invoking command in '/home/yadhu/ur3e/build/ur_robot_driver': CMAKE_PREFIX_PATH=/home/yadhu/ur3e/install/ur_description:/home/yadhu/ur3e/install/ur_robot_driver:/home/yadhu/ur3e/install/ur_moveit_config:/opt/ros/humble /usr/bin/cmake --build /home/yadhu/ur3e/build/ur_robot_driver -- -j16 -l16
[0.050s] Invoked command in '/home/yadhu/ur3e/build/ur_robot_driver' returned '0': CMAKE_PREFIX_PATH=/home/yadhu/ur3e/install/ur_description:/home/yadhu/ur3e/install/ur_robot_driver:/home/yadhu/ur3e/install/ur_moveit_config:/opt/ros/humble /usr/bin/cmake --build /home/yadhu/ur3e/build/ur_robot_driver -- -j16 -l16
[0.078s] Invoking command in '/home/yadhu/ur3e/build/ur_robot_driver': CMAKE_PREFIX_PATH=/home/yadhu/ur3e/install/ur_description:/home/yadhu/ur3e/install/ur_robot_driver:/home/yadhu/ur3e/install/ur_moveit_config:/opt/ros/humble /usr/bin/cmake --install /home/yadhu/ur3e/build/ur_robot_driver
[0.087s] -- Install configuration: ""
[0.087s] -- Up-to-date: /home/yadhu/ur3e/install/ur_robot_driver/share/ur_robot_driver/config
[0.087s] -- Up-to-date: /home/yadhu/ur3e/install/ur_robot_driver/share/ur_robot_driver/config/ur_controllers.yaml
[0.088s] -- Up-to-date: /home/yadhu/ur3e/install/ur_robot_driver/share/ur_robot_driver/config/ur3e_update_rate.yaml
[0.088s] -- Up-to-date: /home/yadhu/ur3e/install/ur_robot_driver/share/ur_robot_driver/config/ur30_update_rate.yaml
[0.088s] -- Up-to-date: /home/yadhu/ur3e/install/ur_robot_driver/share/ur_robot_driver/config/test_velocity_goal_publishers_config.yaml
[0.088s] -- Up-to-date: /home/yadhu/ur3e/install/ur_robot_driver/share/ur_robot_driver/config/ur3_update_rate.yaml
[0.088s] -- Up-to-date: /home/yadhu/ur3e/install/ur_robot_driver/share/ur_robot_driver/config/test_goal_publishers_config.yaml
[0.088s] -- Up-to-date: /home/yadhu/ur3e/install/ur_robot_driver/share/ur_robot_driver/config/ur16e_update_rate.yaml
[0.088s] -- Up-to-date: /home/yadhu/ur3e/install/ur_robot_driver/share/ur_robot_driver/config/ur10e_update_rate.yaml
[0.088s] -- Up-to-date: /home/yadhu/ur3e/install/ur_robot_driver/share/ur_robot_driver/config/ur5_update_rate.yaml
[0.089s] -- Up-to-date: /home/yadhu/ur3e/install/ur_robot_driver/share/ur_robot_driver/config/ur20_update_rate.yaml
[0.089s] -- Up-to-date: /home/yadhu/ur3e/install/ur_robot_driver/share/ur_robot_driver/config/ur5e_update_rate.yaml
[0.089s] -- Up-to-date: /home/yadhu/ur3e/install/ur_robot_driver/share/ur_robot_driver/config/ur10_update_rate.yaml
[0.089s] -- Up-to-date: /home/yadhu/ur3e/install/ur_robot_driver/share/ur_robot_driver/include
[0.089s] -- Up-to-date: /home/yadhu/ur3e/install/ur_robot_driver/share/ur_robot_driver/include/ur_robot_driver
[0.089s] -- Up-to-date: /home/yadhu/ur3e/install/ur_robot_driver/share/ur_robot_driver/include/ur_robot_driver/hardware_interface.hpp
[0.089s] -- Up-to-date: /home/yadhu/ur3e/install/ur_robot_driver/share/ur_robot_driver/include/ur_robot_driver/dashboard_client_ros.hpp
[0.089s] -- Up-to-date: /home/yadhu/ur3e/install/ur_robot_driver/share/ur_robot_driver/include/ur_robot_driver/controller_stopper.hpp
[0.089s] -- Up-to-date: /home/yadhu/ur3e/install/ur_robot_driver/share/ur_robot_driver/include/ur_robot_driver/urcl_log_handler.hpp
[0.089s] -- Up-to-date: /home/yadhu/ur3e/install/ur_robot_driver/share/ur_robot_driver/src
[0.089s] -- Up-to-date: /home/yadhu/ur3e/install/ur_robot_driver/share/ur_robot_driver/src/ur_ros2_control_node.cpp
[0.089s] -- Up-to-date: /home/yadhu/ur3e/install/ur_robot_driver/share/ur_robot_driver/src/dashboard_client_node.cpp
[0.089s] -- Up-to-date: /home/yadhu/ur3e/install/ur_robot_driver/share/ur_robot_driver/src/controller_stopper.cpp
[0.089s] -- Up-to-date: /home/yadhu/ur3e/install/ur_robot_driver/share/ur_robot_driver/src/controller_stopper_node.cpp
[0.090s] -- Up-to-date: /home/yadhu/ur3e/install/ur_robot_driver/share/ur_robot_driver/src/urscript_interface.cpp
[0.090s] -- Up-to-date: /home/yadhu/ur3e/install/ur_robot_driver/share/ur_robot_driver/src/hardware_interface.cpp
[0.090s] -- Up-to-date: /home/yadhu/ur3e/install/ur_robot_driver/share/ur_robot_driver/src/urcl_log_handler.cpp
[0.090s] -- Up-to-date: /home/yadhu/ur3e/install/ur_robot_driver/share/ur_robot_driver/src/dashboard_client_ros.cpp
[0.090s] -- Up-to-date: /home/yadhu/ur3e/install/ur_robot_driver/share/ur_robot_driver/launch
[0.090s] -- Installing: /home/yadhu/ur3e/install/ur_robot_driver/share/ur_robot_driver/launch/controller.launch.py
[0.090s] -- Up-to-date: /home/yadhu/ur3e/install/ur_robot_driver/share/ur_robot_driver/launch/ur_control.launch.py
[0.090s] -- Up-to-date: /home/yadhu/ur3e/install/ur_robot_driver/share/ur_robot_driver/launch/test_joint_trajectory_controller.launch.py
[0.090s] -- Up-to-date: /home/yadhu/ur3e/install/ur_robot_driver/share/ur_robot_driver/launch/ur_dashboard_client.launch.py
[0.090s] -- Up-to-date: /home/yadhu/ur3e/install/ur_robot_driver/share/ur_robot_driver/launch/test_forward_velocity_controller.launch.py
[0.090s] -- Up-to-date: /home/yadhu/ur3e/install/ur_robot_driver/share/ur_robot_driver/launch/test_scaled_joint_trajectory_controller.launch.py
[0.090s] -- Up-to-date: /home/yadhu/ur3e/install/ur_robot_driver/share/ur_robot_driver/launch/ur3e.launch.py
[0.091s] -- Up-to-date: /home/yadhu/ur3e/install/ur_robot_driver/share/ur_robot_driver/ur_robot_driver
[0.091s] -- Up-to-date: /home/yadhu/ur3e/install/ur_robot_driver/share/ur_robot_driver/ur_robot_driver/__init__.py
[0.091s] -- Up-to-date: /home/yadhu/ur3e/install/ur_robot_driver/share/ament_index/resource_index/package_run_dependencies/ur_robot_driver
[0.091s] -- Up-to-date: /home/yadhu/ur3e/install/ur_robot_driver/share/ament_index/resource_index/parent_prefix_path/ur_robot_driver
[0.091s] -- Up-to-date: /home/yadhu/ur3e/install/ur_robot_driver/share/ur_robot_driver/environment/ament_prefix_path.sh
[0.092s] -- Up-to-date: /home/yadhu/ur3e/install/ur_robot_driver/share/ur_robot_driver/environment/ament_prefix_path.dsv
[0.092s] -- Up-to-date: /home/yadhu/ur3e/install/ur_robot_driver/share/ur_robot_driver/environment/path.sh
[0.092s] -- Up-to-date: /home/yadhu/ur3e/install/ur_robot_driver/share/ur_robot_driver/environment/path.dsv
[0.092s] -- Up-to-date: /home/yadhu/ur3e/install/ur_robot_driver/share/ur_robot_driver/local_setup.bash
[0.092s] -- Up-to-date: /home/yadhu/ur3e/install/ur_robot_driver/share/ur_robot_driver/local_setup.sh
[0.092s] -- Up-to-date: /home/yadhu/ur3e/install/ur_robot_driver/share/ur_robot_driver/local_setup.zsh
[0.092s] -- Up-to-date: /home/yadhu/ur3e/install/ur_robot_driver/share/ur_robot_driver/local_setup.dsv
[0.092s] -- Installing: /home/yadhu/ur3e/install/ur_robot_driver/share/ur_robot_driver/package.dsv
[0.092s] -- Up-to-date: /home/yadhu/ur3e/install/ur_robot_driver/share/ament_index/resource_index/packages/ur_robot_driver
[0.092s] -- Up-to-date: /home/yadhu/ur3e/install/ur_robot_driver/share/ur_robot_driver/cmake/ur_robot_driverConfig.cmake
[0.092s] -- Up-to-date: /home/yadhu/ur3e/install/ur_robot_driver/share/ur_robot_driver/cmake/ur_robot_driverConfig-version.cmake
[0.093s] -- Up-to-date: /home/yadhu/ur3e/install/ur_robot_driver/share/ur_robot_driver/package.xml
[0.094s] Invoked command in '/home/yadhu/ur3e/build/ur_robot_driver' returned '0': CMAKE_PREFIX_PATH=/home/yadhu/ur3e/install/ur_description:/home/yadhu/ur3e/install/ur_robot_driver:/home/yadhu/ur3e/install/ur_moveit_config:/opt/ros/humble /usr/bin/cmake --install /home/yadhu/ur3e/build/ur_robot_driver
