[0.008s] Invoking command in '/home/yadhu/ur3e/build/ur3ebot_description': /usr/bin/cmake /home/yadhu/ur3e/src/ur3ebot_description -DCMAKE_INSTALL_PREFIX=/home/yadhu/ur3e/install/ur3ebot_description
[0.061s] -- The C compiler identification is GNU 11.4.0
[0.109s] -- The CXX compiler identification is GNU 11.4.0
[0.115s] -- Detecting C compiler ABI info
[0.162s] -- Detecting C compiler ABI info - done
[0.167s] -- Check for working C compiler: /usr/bin/cc - skipped
[0.167s] -- Detecting C compile features
[0.167s] -- Detecting C compile features - done
[0.169s] -- Detecting CXX compiler ABI info
[0.242s] -- Detecting CXX compiler ABI info - done
[0.247s] -- Check for working CXX compiler: /usr/bin/c++ - skipped
[0.247s] -- Detecting CXX compile features
[0.247s] -- Detecting CXX compile features - done
[0.249s] -- Found ament_cmake: 1.3.10 (/opt/ros/humble/share/ament_cmake/cmake)
[0.342s] -- Found Python3: /usr/bin/python3 (found version "3.10.12") found components: Interpreter 
[0.405s] -- Found robotiq_description: 0.0.1 (/opt/ros/humble/share/robotiq_description/cmake)
[0.407s] -- Found ur_description: 2.1.8 (/opt/ros/humble/share/ur_description/cmake)
[0.409s] -- Found controller_manager: 2.43.1 (/opt/ros/humble/share/controller_manager/cmake)
[0.446s] -- Found rosidl_generator_c: 3.1.5 (/opt/ros/humble/share/rosidl_generator_c/cmake)
[0.450s] -- Found rosidl_adapter: 3.1.5 (/opt/ros/humble/share/rosidl_adapter/cmake)
[0.456s] -- Found rosidl_generator_cpp: 3.1.5 (/opt/ros/humble/share/rosidl_generator_cpp/cmake)
[0.464s] -- Using all available rosidl_typesupport_c: rosidl_typesupport_fastrtps_c;rosidl_typesupport_introspection_c
[0.475s] -- Using all available rosidl_typesupport_cpp: rosidl_typesupport_fastrtps_cpp;rosidl_typesupport_introspection_cpp
[0.611s] -- Found rmw_implementation_cmake: 6.1.2 (/opt/ros/humble/share/rmw_implementation_cmake/cmake)
[0.613s] -- Found rmw_cyclonedds_cpp: 1.3.4 (/opt/ros/humble/share/rmw_cyclonedds_cpp/cmake)
[0.630s] -- Using RMW implementation 'rmw_cyclonedds_cpp' as default
[0.638s] -- Looking for pthread.h
[0.686s] -- Looking for pthread.h - found
[0.686s] -- Performing Test CMAKE_HAVE_LIBC_PTHREAD
[0.748s] -- Performing Test CMAKE_HAVE_LIBC_PTHREAD - Success
[0.749s] -- Found Threads: TRUE  
[0.803s] -- Found rclpy: 3.3.14 (/opt/ros/humble/share/rclpy/cmake)
[0.805s] -- Found std_srvs: 4.2.4 (/opt/ros/humble/share/std_srvs/cmake)
[0.811s] -- Found tf2_geometry_msgs: 0.25.7 (/opt/ros/humble/share/tf2_geometry_msgs/cmake)
[0.825s] -- Found eigen3_cmake_module: 0.1.1 (/opt/ros/humble/share/eigen3_cmake_module/cmake)
[0.826s] -- Found Eigen3: TRUE (found version "3.4.0") 
[0.826s] -- Ensuring Eigen3 include directory is part of orocos-kdl CMake target
[0.875s] -- Configuring incomplete, errors occurred!
[0.875s] See also "/home/yadhu/ur3e/build/ur3ebot_description/CMakeFiles/CMakeOutput.log".
[0.875s] [31mCMake Error at CMakeLists.txt:23 (find_package):
[0.875s]   By not providing "Findur_client_library.cmake" in CMAKE_MODULE_PATH this
[0.875s]   project has asked CMake to find a package configuration file provided by
[0.875s]   "ur_client_library", but CMake did not find one.
[0.875s] 
[0.875s]   Could not find a package configuration file provided by "ur_client_library"
[0.875s]   with any of the following names:
[0.875s] 
[0.876s]     ur_client_libraryConfig.cmake
[0.876s]     ur_client_library-config.cmake
[0.876s] 
[0.876s]   Add the installation prefix of "ur_client_library" to CMAKE_PREFIX_PATH or
[0.876s]   set "ur_client_library_DIR" to a directory containing one of the above
[0.876s]   files.  If "ur_client_library" provides a separate development package or
[0.876s]   SDK, be sure it has been installed.
[0.876s] 
[0.876s] [0m
[0.881s] Invoked command in '/home/yadhu/ur3e/build/ur3ebot_description' returned '1': /usr/bin/cmake /home/yadhu/ur3e/src/ur3ebot_description -DCMAKE_INSTALL_PREFIX=/home/yadhu/ur3e/install/ur3ebot_description
