[0.006s] Invoking command in '/home/yadhu/ur3e/src/build/ur_robotiq': AMENT_PREFIX_PATH=/home/yadhu/ur3e/src/install/moveit_msgs:${AMENT_PREFIX_PATH} CMAKE_PREFIX_PATH=/home/yadhu/ur3e/src/install/moveit_msgs:/opt/ros/humble LD_LIBRARY_PATH=/home/yadhu/ur3e/src/install/moveit_msgs/lib:${LD_LIBRARY_PATH} PYTHONPATH=/home/yadhu/ur3e/src/install/moveit_msgs/local/lib/python3.10/dist-packages:${PYTHONPATH} /usr/bin/cmake /home/yadhu/ur3e/src/ur_robotiq -DCMAKE_INSTALL_PREFIX=/home/yadhu/ur3e/src/install/ur_robotiq
[0.041s] -- The C compiler identification is GNU 11.4.0
[0.079s] -- The CXX compiler identification is GNU 11.4.0
[0.084s] -- Detecting C compiler ABI info
[0.130s] -- Detecting C compiler ABI info - done
[0.134s] -- Check for working C compiler: /usr/bin/cc - skipped
[0.134s] -- Detecting C compile features
[0.134s] -- Detecting C compile features - done
[0.136s] -- Detecting CXX compiler ABI info
[0.190s] -- Detecting CXX compiler ABI info - done
[0.195s] -- Check for working CXX compiler: /usr/bin/c++ - skipped
[0.195s] -- Detecting CXX compile features
[0.195s] -- Detecting CXX compile features - done
[0.198s] -- Found ament_cmake: 1.3.10 (/opt/ros/humble/share/ament_cmake/cmake)
[0.297s] -- Found Python3: /usr/bin/python3 (found version "3.10.12") found components: Interpreter 
[0.370s] -- Found rosidl_default_generators: 1.2.0 (/opt/ros/humble/share/rosidl_default_generators/cmake)
[0.372s] -- Using all available rosidl_typesupport_c: rosidl_typesupport_fastrtps_c;rosidl_typesupport_introspection_c
[0.379s] -- Found rosidl_adapter: 3.1.5 (/opt/ros/humble/share/rosidl_adapter/cmake)
[0.409s] -- Using all available rosidl_typesupport_cpp: rosidl_typesupport_fastrtps_cpp;rosidl_typesupport_introspection_cpp
[0.435s] -- Found builtin_interfaces: 1.2.1 (/opt/ros/humble/share/builtin_interfaces/cmake)
[0.444s] -- Found geometry_msgs: 4.2.4 (/opt/ros/humble/share/geometry_msgs/cmake)
[0.461s] -- Found moveit_msgs: 2.2.1 (/home/yadhu/ur3e/src/install/moveit_msgs/share/moveit_msgs/cmake)
[0.811s] -- Found ament_cmake_ros: 0.10.0 (/opt/ros/humble/share/ament_cmake_ros/cmake)
[1.077s] -- Using all available rosidl_typesupport_c: rosidl_typesupport_fastrtps_c;rosidl_typesupport_introspection_c
[1.426s] -- Using all available rosidl_typesupport_cpp: rosidl_typesupport_fastrtps_cpp;rosidl_typesupport_introspection_cpp
[1.445s] -- Found PythonInterp: /usr/bin/python3 (found suitable version "3.10.12", minimum required is "3.6") 
[1.447s] -- Found python_cmake_module: 0.10.0 (/opt/ros/humble/share/python_cmake_module/cmake)
[1.470s] -- Found PythonLibs: /usr/lib/x86_64-linux-gnu/libpython3.10.so (found suitable version "3.10.12", minimum required is "3.5") 
[1.470s] -- Using PYTHON_EXECUTABLE: /usr/bin/python3
[1.470s] -- Using PYTHON_INCLUDE_DIRS: /usr/include/python3.10
[1.470s] -- Using PYTHON_LIBRARIES: /usr/lib/x86_64-linux-gnu/libpython3.10.so
[1.485s] -- Found PythonExtra: .so  
[1.581s] -- Found ament_lint_auto: 0.12.11 (/opt/ros/humble/share/ament_lint_auto/cmake)
[1.598s] -- Added test 'lint_cmake' to check CMake code style
[1.599s] -- Added test 'xmllint' to check XML markup files
[1.601s] -- Configuring done
[1.637s] -- Generating done
[1.639s] -- Build files have been written to: /home/yadhu/ur3e/src/build/ur_robotiq
[1.647s] Invoked command in '/home/yadhu/ur3e/src/build/ur_robotiq' returned '0': AMENT_PREFIX_PATH=/home/yadhu/ur3e/src/install/moveit_msgs:${AMENT_PREFIX_PATH} CMAKE_PREFIX_PATH=/home/yadhu/ur3e/src/install/moveit_msgs:/opt/ros/humble LD_LIBRARY_PATH=/home/yadhu/ur3e/src/install/moveit_msgs/lib:${LD_LIBRARY_PATH} PYTHONPATH=/home/yadhu/ur3e/src/install/moveit_msgs/local/lib/python3.10/dist-packages:${PYTHONPATH} /usr/bin/cmake /home/yadhu/ur3e/src/ur_robotiq -DCMAKE_INSTALL_PREFIX=/home/yadhu/ur3e/src/install/ur_robotiq
[1.648s] Invoking command in '/home/yadhu/ur3e/src/build/ur_robotiq': AMENT_PREFIX_PATH=/home/yadhu/ur3e/src/install/moveit_msgs:${AMENT_PREFIX_PATH} CMAKE_PREFIX_PATH=/home/yadhu/ur3e/src/install/moveit_msgs:/opt/ros/humble LD_LIBRARY_PATH=/home/yadhu/ur3e/src/install/moveit_msgs/lib:${LD_LIBRARY_PATH} PYTHONPATH=/home/yadhu/ur3e/src/install/moveit_msgs/local/lib/python3.10/dist-packages:${PYTHONPATH} /usr/bin/cmake --build /home/yadhu/ur3e/src/build/ur_robotiq -- -j16 -l16
[1.680s] [  1%] [34m[1mGenerating C code for ROS interfaces[0m
[1.688s] [  3%] [34m[1mGenerating C++ code for ROS interfaces[0m
[1.701s] [  3%] Built target ament_cmake_python_copy_ur_robotiq
[2.050s] running egg_info
[2.050s] creating ur_robotiq.egg-info
[2.050s] writing ur_robotiq.egg-info/PKG-INFO
[2.050s] writing dependency_links to ur_robotiq.egg-info/dependency_links.txt
[2.050s] writing top-level names to ur_robotiq.egg-info/top_level.txt
[2.050s] writing manifest file 'ur_robotiq.egg-info/SOURCES.txt'
[2.053s] reading manifest file 'ur_robotiq.egg-info/SOURCES.txt'
[2.054s] writing manifest file 'ur_robotiq.egg-info/SOURCES.txt'
[2.091s] [  3%] Built target ament_cmake_python_build_ur_robotiq_egg
[2.346s] [  5%] [32mBuilding C object CMakeFiles/ur_robotiq__rosidl_generator_c.dir/rosidl_generator_c/ur_robotiq/msg/detail/ur3e_moveit_joints__functions.c.o[0m
[2.347s] [  7%] [32mBuilding C object CMakeFiles/ur_robotiq__rosidl_generator_c.dir/rosidl_generator_c/ur_robotiq/msg/detail/ur3e_trajectory__functions.c.o[0m
[2.363s] [  9%] [32mBuilding C object CMakeFiles/ur_robotiq__rosidl_generator_c.dir/rosidl_generator_c/ur_robotiq/srv/detail/ur_mover_service__functions.c.o[0m
[2.363s] [ 10%] [32mBuilding C object CMakeFiles/ur_robotiq__rosidl_generator_c.dir/rosidl_generator_c/ur_robotiq/msg/detail/ur3e_gripper__functions.c.o[0m
[2.429s] [ 10%] Built target ur_robotiq__cpp
[2.461s] [ 14%] [34m[1mGenerating C++ type support dispatch for ROS interfaces[0m
[2.461s] [ 14%] [34m[1mGenerating C++ introspection for ROS interfaces[0m
[2.463s] [ 16%] [34m[1mGenerating C++ type support for eProsima Fast-RTPS[0m
[2.990s] [ 18%] [32m[1mLinking C shared library libur_robotiq__rosidl_generator_c.so[0m
[3.147s] [ 18%] Built target ur_robotiq__rosidl_generator_c
[3.179s] [ 20%] [34m[1mGenerating C introspection for ROS interfaces[0m
[3.188s] [ 21%] [34m[1mGenerating C type support for eProsima Fast-RTPS[0m
[3.192s] [ 23%] [34m[1mGenerating C type support dispatch for ROS interfaces[0m
[3.594s] [ 25%] [32mBuilding CXX object CMakeFiles/ur_robotiq__rosidl_typesupport_cpp.dir/rosidl_typesupport_cpp/ur_robotiq/msg/ur3e_moveit_joints__type_support.cpp.o[0m
[3.606s] [ 27%] [32mBuilding CXX object CMakeFiles/ur_robotiq__rosidl_typesupport_cpp.dir/rosidl_typesupport_cpp/ur_robotiq/msg/ur3e_gripper__type_support.cpp.o[0m
[3.606s] [ 29%] [32mBuilding CXX object CMakeFiles/ur_robotiq__rosidl_typesupport_cpp.dir/rosidl_typesupport_cpp/ur_robotiq/msg/ur3e_trajectory__type_support.cpp.o[0m
[3.617s] [ 30%] [32mBuilding CXX object CMakeFiles/ur_robotiq__rosidl_typesupport_cpp.dir/rosidl_typesupport_cpp/ur_robotiq/srv/ur_mover_service__type_support.cpp.o[0m
[3.617s] [ 34%] [32mBuilding CXX object CMakeFiles/ur_robotiq__rosidl_typesupport_introspection_cpp.dir/rosidl_typesupport_introspection_cpp/ur_robotiq/msg/detail/ur3e_gripper__type_support.cpp.o[0m
[3.617s] [ 34%] [32mBuilding CXX object CMakeFiles/ur_robotiq__rosidl_typesupport_introspection_cpp.dir/rosidl_typesupport_introspection_cpp/ur_robotiq/msg/detail/ur3e_trajectory__type_support.cpp.o[0m
[3.617s] [ 36%] [32mBuilding CXX object CMakeFiles/ur_robotiq__rosidl_typesupport_introspection_cpp.dir/rosidl_typesupport_introspection_cpp/ur_robotiq/srv/detail/ur_mover_service__type_support.cpp.o[0m
[3.618s] [ 38%] [32mBuilding CXX object CMakeFiles/ur_robotiq__rosidl_typesupport_introspection_cpp.dir/rosidl_typesupport_introspection_cpp/ur_robotiq/msg/detail/ur3e_moveit_joints__type_support.cpp.o[0m
[3.765s] [ 40%] [32mBuilding CXX object CMakeFiles/ur_robotiq__rosidl_typesupport_c.dir/rosidl_typesupport_c/ur_robotiq/msg/ur3e_gripper__type_support.cpp.o[0m
[3.772s] [ 41%] [32mBuilding CXX object CMakeFiles/ur_robotiq__rosidl_typesupport_c.dir/rosidl_typesupport_c/ur_robotiq/msg/ur3e_trajectory__type_support.cpp.o[0m
[3.779s] [ 43%] [32mBuilding CXX object CMakeFiles/ur_robotiq__rosidl_typesupport_c.dir/rosidl_typesupport_c/ur_robotiq/msg/ur3e_moveit_joints__type_support.cpp.o[0m
[3.782s] [ 45%] [32mBuilding CXX object CMakeFiles/ur_robotiq__rosidl_typesupport_c.dir/rosidl_typesupport_c/ur_robotiq/srv/ur_mover_service__type_support.cpp.o[0m
[3.876s] [ 47%] [32m[1mLinking CXX shared library libur_robotiq__rosidl_typesupport_c.so[0m
[3.890s] [ 49%] [32mBuilding CXX object CMakeFiles/ur_robotiq__rosidl_typesupport_fastrtps_cpp.dir/rosidl_typesupport_fastrtps_cpp/ur_robotiq/msg/detail/dds_fastrtps/ur3e_trajectory__type_support.cpp.o[0m
[3.891s] [ 50%] [32mBuilding CXX object CMakeFiles/ur_robotiq__rosidl_typesupport_fastrtps_cpp.dir/rosidl_typesupport_fastrtps_cpp/ur_robotiq/msg/detail/dds_fastrtps/ur3e_gripper__type_support.cpp.o[0m
[3.896s] [ 52%] [32mBuilding C object CMakeFiles/ur_robotiq__rosidl_typesupport_introspection_c.dir/rosidl_typesupport_introspection_c/ur_robotiq/msg/detail/ur3e_gripper__type_support.c.o[0m
[3.897s] [ 54%] [32mBuilding CXX object CMakeFiles/ur_robotiq__rosidl_typesupport_fastrtps_cpp.dir/rosidl_typesupport_fastrtps_cpp/ur_robotiq/msg/detail/dds_fastrtps/ur3e_moveit_joints__type_support.cpp.o[0m
[3.898s] [ 56%] [32mBuilding C object CMakeFiles/ur_robotiq__rosidl_typesupport_introspection_c.dir/rosidl_typesupport_introspection_c/ur_robotiq/msg/detail/ur3e_trajectory__type_support.c.o[0m
[3.900s] [ 58%] [32mBuilding C object CMakeFiles/ur_robotiq__rosidl_typesupport_introspection_c.dir/rosidl_typesupport_introspection_c/ur_robotiq/msg/detail/ur3e_moveit_joints__type_support.c.o[0m
[3.972s] [ 58%] Built target ur_robotiq__rosidl_typesupport_c
[3.993s] [ 60%] [32mBuilding CXX object CMakeFiles/ur_robotiq__rosidl_typesupport_fastrtps_cpp.dir/rosidl_typesupport_fastrtps_cpp/ur_robotiq/srv/detail/dds_fastrtps/ur_mover_service__type_support.cpp.o[0m
[4.004s] [ 61%] [32mBuilding C object CMakeFiles/ur_robotiq__rosidl_typesupport_introspection_c.dir/rosidl_typesupport_introspection_c/ur_robotiq/srv/detail/ur_mover_service__type_support.c.o[0m
[4.029s] [ 63%] [32mBuilding CXX object CMakeFiles/ur_robotiq__rosidl_typesupport_fastrtps_c.dir/rosidl_typesupport_fastrtps_c/ur_robotiq/msg/detail/ur3e_gripper__type_support_c.cpp.o[0m
[4.029s] [ 65%] [32mBuilding CXX object CMakeFiles/ur_robotiq__rosidl_typesupport_fastrtps_c.dir/rosidl_typesupport_fastrtps_c/ur_robotiq/msg/detail/ur3e_moveit_joints__type_support_c.cpp.o[0m
[4.033s] [ 67%] [32mBuilding CXX object CMakeFiles/ur_robotiq__rosidl_typesupport_fastrtps_c.dir/rosidl_typesupport_fastrtps_c/ur_robotiq/msg/detail/ur3e_trajectory__type_support_c.cpp.o[0m
[4.086s] [ 69%] [32mBuilding CXX object CMakeFiles/ur_robotiq__rosidl_typesupport_fastrtps_c.dir/rosidl_typesupport_fastrtps_c/ur_robotiq/srv/detail/ur_mover_service__type_support_c.cpp.o[0m
[4.095s] [ 70%] [32m[1mLinking C shared library libur_robotiq__rosidl_typesupport_introspection_c.so[0m
[4.168s] [ 70%] Built target ur_robotiq__rosidl_typesupport_introspection_c
[4.258s] [ 72%] [32m[1mLinking CXX shared library libur_robotiq__rosidl_typesupport_cpp.so[0m
[4.341s] [ 72%] Built target ur_robotiq__rosidl_typesupport_cpp
[4.537s] [ 74%] [32m[1mLinking CXX shared library libur_robotiq__rosidl_typesupport_fastrtps_c.so[0m
[4.617s] [ 74%] Built target ur_robotiq__rosidl_typesupport_fastrtps_c
[4.635s] [ 76%] [32m[1mLinking CXX shared library libur_robotiq__rosidl_typesupport_fastrtps_cpp.so[0m
[4.673s] [ 78%] [32m[1mLinking CXX shared library libur_robotiq__rosidl_typesupport_introspection_cpp.so[0m
[4.712s] [ 78%] Built target ur_robotiq__rosidl_typesupport_fastrtps_cpp
[4.764s] [ 78%] Built target ur_robotiq__rosidl_typesupport_introspection_cpp
[4.781s] [ 78%] Built target ur_robotiq
[4.801s] [ 80%] [34m[1mGenerating Python code for ROS interfaces[0m
[5.229s] [ 80%] Built target ur_robotiq__py
[5.246s] [ 85%] [32mBuilding C object CMakeFiles/ur_robotiq__rosidl_generator_py.dir/rosidl_generator_py/ur_robotiq/msg/_ur3e_moveit_joints_s.c.o[0m
[5.246s] [ 85%] [32mBuilding C object CMakeFiles/ur_robotiq__rosidl_generator_py.dir/rosidl_generator_py/ur_robotiq/srv/_ur_mover_service_s.c.o[0m
[5.246s] [ 85%] [32mBuilding C object CMakeFiles/ur_robotiq__rosidl_generator_py.dir/rosidl_generator_py/ur_robotiq/msg/_ur3e_trajectory_s.c.o[0m
[5.247s] [ 87%] [32mBuilding C object CMakeFiles/ur_robotiq__rosidl_generator_py.dir/rosidl_generator_py/ur_robotiq/msg/_ur3e_gripper_s.c.o[0m
[5.345s] [ 89%] [32m[1mLinking C shared library rosidl_generator_py/ur_robotiq/libur_robotiq__rosidl_generator_py.so[0m
[5.388s] [ 89%] Built target ur_robotiq__rosidl_generator_py
[5.402s] [ 92%] [32mBuilding C object CMakeFiles/ur_robotiq__rosidl_typesupport_c__pyext.dir/rosidl_generator_py/ur_robotiq/_ur_robotiq_s.ep.rosidl_typesupport_c.c.o[0m
[5.402s] [ 92%] [32mBuilding C object CMakeFiles/ur_robotiq__rosidl_typesupport_fastrtps_c__pyext.dir/rosidl_generator_py/ur_robotiq/_ur_robotiq_s.ep.rosidl_typesupport_fastrtps_c.c.o[0m
[5.406s] [ 94%] [32mBuilding C object CMakeFiles/ur_robotiq__rosidl_typesupport_introspection_c__pyext.dir/rosidl_generator_py/ur_robotiq/_ur_robotiq_s.ep.rosidl_typesupport_introspection_c.c.o[0m
[5.501s] [ 96%] [32m[1mLinking C shared library rosidl_generator_py/ur_robotiq/ur_robotiq_s__rosidl_typesupport_c.cpython-310-x86_64-linux-gnu.so[0m
[5.504s] [ 98%] [32m[1mLinking C shared library rosidl_generator_py/ur_robotiq/ur_robotiq_s__rosidl_typesupport_fastrtps_c.cpython-310-x86_64-linux-gnu.so[0m
[5.507s] [100%] [32m[1mLinking C shared library rosidl_generator_py/ur_robotiq/ur_robotiq_s__rosidl_typesupport_introspection_c.cpython-310-x86_64-linux-gnu.so[0m
[5.559s] [100%] Built target ur_robotiq__rosidl_typesupport_fastrtps_c__pyext
[5.563s] [100%] Built target ur_robotiq__rosidl_typesupport_c__pyext
[5.579s] [100%] Built target ur_robotiq__rosidl_typesupport_introspection_c__pyext
[5.587s] Invoked command in '/home/yadhu/ur3e/src/build/ur_robotiq' returned '0': AMENT_PREFIX_PATH=/home/yadhu/ur3e/src/install/moveit_msgs:${AMENT_PREFIX_PATH} CMAKE_PREFIX_PATH=/home/yadhu/ur3e/src/install/moveit_msgs:/opt/ros/humble LD_LIBRARY_PATH=/home/yadhu/ur3e/src/install/moveit_msgs/lib:${LD_LIBRARY_PATH} PYTHONPATH=/home/yadhu/ur3e/src/install/moveit_msgs/local/lib/python3.10/dist-packages:${PYTHONPATH} /usr/bin/cmake --build /home/yadhu/ur3e/src/build/ur_robotiq -- -j16 -l16
[5.686s] Invoking command in '/home/yadhu/ur3e/src/build/ur_robotiq': AMENT_PREFIX_PATH=/home/yadhu/ur3e/src/install/moveit_msgs:${AMENT_PREFIX_PATH} CMAKE_PREFIX_PATH=/home/yadhu/ur3e/src/install/moveit_msgs:/opt/ros/humble LD_LIBRARY_PATH=/home/yadhu/ur3e/src/install/moveit_msgs/lib:${LD_LIBRARY_PATH} PYTHONPATH=/home/yadhu/ur3e/src/install/moveit_msgs/local/lib/python3.10/dist-packages:${PYTHONPATH} /usr/bin/cmake --install /home/yadhu/ur3e/src/build/ur_robotiq
[5.692s] -- Install configuration: ""
[5.692s] -- Installing: /home/yadhu/ur3e/src/install/ur_robotiq/share/ament_index/resource_index/rosidl_interfaces/ur_robotiq
[5.692s] -- Installing: /home/yadhu/ur3e/src/install/ur_robotiq/include/ur_robotiq/ur_robotiq
[5.692s] -- Installing: /home/yadhu/ur3e/src/install/ur_robotiq/include/ur_robotiq/ur_robotiq/msg
[5.692s] -- Installing: /home/yadhu/ur3e/src/install/ur_robotiq/include/ur_robotiq/ur_robotiq/msg/rosidl_generator_c__visibility_control.h
[5.692s] -- Installing: /home/yadhu/ur3e/src/install/ur_robotiq/include/ur_robotiq/ur_robotiq/msg/ur3e_moveit_joints.h
[5.693s] -- Installing: /home/yadhu/ur3e/src/install/ur_robotiq/include/ur_robotiq/ur_robotiq/msg/detail
[5.693s] -- Installing: /home/yadhu/ur3e/src/install/ur_robotiq/include/ur_robotiq/ur_robotiq/msg/detail/ur3e_gripper__type_support.h
[5.693s] -- Installing: /home/yadhu/ur3e/src/install/ur_robotiq/include/ur_robotiq/ur_robotiq/msg/detail/ur3e_trajectory__struct.h
[5.693s] -- Installing: /home/yadhu/ur3e/src/install/ur_robotiq/include/ur_robotiq/ur_robotiq/msg/detail/ur3e_trajectory__functions.c
[5.693s] -- Installing: /home/yadhu/ur3e/src/install/ur_robotiq/include/ur_robotiq/ur_robotiq/msg/detail/ur3e_moveit_joints__functions.h
[5.693s] -- Installing: /home/yadhu/ur3e/src/install/ur_robotiq/include/ur_robotiq/ur_robotiq/msg/detail/ur3e_moveit_joints__type_support.h
[5.693s] -- Installing: /home/yadhu/ur3e/src/install/ur_robotiq/include/ur_robotiq/ur_robotiq/msg/detail/ur3e_gripper__struct.h
[5.693s] -- Installing: /home/yadhu/ur3e/src/install/ur_robotiq/include/ur_robotiq/ur_robotiq/msg/detail/ur3e_trajectory__functions.h
[5.693s] -- Installing: /home/yadhu/ur3e/src/install/ur_robotiq/include/ur_robotiq/ur_robotiq/msg/detail/ur3e_moveit_joints__struct.h
[5.693s] -- Installing: /home/yadhu/ur3e/src/install/ur_robotiq/include/ur_robotiq/ur_robotiq/msg/detail/ur3e_moveit_joints__functions.c
[5.693s] -- Installing: /home/yadhu/ur3e/src/install/ur_robotiq/include/ur_robotiq/ur_robotiq/msg/detail/ur3e_trajectory__type_support.h
[5.693s] -- Installing: /home/yadhu/ur3e/src/install/ur_robotiq/include/ur_robotiq/ur_robotiq/msg/detail/ur3e_gripper__functions.h
[5.693s] -- Installing: /home/yadhu/ur3e/src/install/ur_robotiq/include/ur_robotiq/ur_robotiq/msg/detail/ur3e_gripper__functions.c
[5.693s] -- Installing: /home/yadhu/ur3e/src/install/ur_robotiq/include/ur_robotiq/ur_robotiq/msg/ur3e_trajectory.h
[5.693s] -- Installing: /home/yadhu/ur3e/src/install/ur_robotiq/include/ur_robotiq/ur_robotiq/msg/ur3e_gripper.h
[5.694s] -- Installing: /home/yadhu/ur3e/src/install/ur_robotiq/include/ur_robotiq/ur_robotiq/srv
[5.694s] -- Installing: /home/yadhu/ur3e/src/install/ur_robotiq/include/ur_robotiq/ur_robotiq/srv/ur_mover_service.h
[5.694s] -- Installing: /home/yadhu/ur3e/src/install/ur_robotiq/include/ur_robotiq/ur_robotiq/srv/detail
[5.694s] -- Installing: /home/yadhu/ur3e/src/install/ur_robotiq/include/ur_robotiq/ur_robotiq/srv/detail/ur_mover_service__functions.c
[5.694s] -- Installing: /home/yadhu/ur3e/src/install/ur_robotiq/include/ur_robotiq/ur_robotiq/srv/detail/ur_mover_service__struct.h
[5.694s] -- Installing: /home/yadhu/ur3e/src/install/ur_robotiq/include/ur_robotiq/ur_robotiq/srv/detail/ur_mover_service__type_support.h
[5.694s] -- Installing: /home/yadhu/ur3e/src/install/ur_robotiq/include/ur_robotiq/ur_robotiq/srv/detail/ur_mover_service__functions.h
[5.694s] -- Installing: /home/yadhu/ur3e/src/install/ur_robotiq/share/ur_robotiq/environment/library_path.sh
[5.694s] -- Installing: /home/yadhu/ur3e/src/install/ur_robotiq/share/ur_robotiq/environment/library_path.dsv
[5.694s] -- Installing: /home/yadhu/ur3e/src/install/ur_robotiq/lib/libur_robotiq__rosidl_generator_c.so
[5.694s] -- Set runtime path of "/home/yadhu/ur3e/src/install/ur_robotiq/lib/libur_robotiq__rosidl_generator_c.so" to ""
[5.695s] -- Up-to-date: /home/yadhu/ur3e/src/install/ur_robotiq/include/ur_robotiq/ur_robotiq
[5.695s] -- Up-to-date: /home/yadhu/ur3e/src/install/ur_robotiq/include/ur_robotiq/ur_robotiq/msg
[5.695s] -- Installing: /home/yadhu/ur3e/src/install/ur_robotiq/include/ur_robotiq/ur_robotiq/msg/rosidl_typesupport_fastrtps_c__visibility_control.h
[5.695s] -- Up-to-date: /home/yadhu/ur3e/src/install/ur_robotiq/include/ur_robotiq/ur_robotiq/msg/detail
[5.695s] -- Installing: /home/yadhu/ur3e/src/install/ur_robotiq/include/ur_robotiq/ur_robotiq/msg/detail/ur3e_gripper__rosidl_typesupport_fastrtps_c.h
[5.695s] -- Installing: /home/yadhu/ur3e/src/install/ur_robotiq/include/ur_robotiq/ur_robotiq/msg/detail/ur3e_trajectory__rosidl_typesupport_fastrtps_c.h
[5.695s] -- Installing: /home/yadhu/ur3e/src/install/ur_robotiq/include/ur_robotiq/ur_robotiq/msg/detail/ur3e_moveit_joints__rosidl_typesupport_fastrtps_c.h
[5.695s] -- Up-to-date: /home/yadhu/ur3e/src/install/ur_robotiq/include/ur_robotiq/ur_robotiq/srv
[5.695s] -- Up-to-date: /home/yadhu/ur3e/src/install/ur_robotiq/include/ur_robotiq/ur_robotiq/srv/detail
[5.695s] -- Installing: /home/yadhu/ur3e/src/install/ur_robotiq/include/ur_robotiq/ur_robotiq/srv/detail/ur_mover_service__rosidl_typesupport_fastrtps_c.h
[5.696s] -- Installing: /home/yadhu/ur3e/src/install/ur_robotiq/lib/libur_robotiq__rosidl_typesupport_fastrtps_c.so
[5.696s] -- Set runtime path of "/home/yadhu/ur3e/src/install/ur_robotiq/lib/libur_robotiq__rosidl_typesupport_fastrtps_c.so" to ""
[5.696s] -- Up-to-date: /home/yadhu/ur3e/src/install/ur_robotiq/include/ur_robotiq/ur_robotiq
[5.696s] -- Up-to-date: /home/yadhu/ur3e/src/install/ur_robotiq/include/ur_robotiq/ur_robotiq/msg
[5.696s] -- Up-to-date: /home/yadhu/ur3e/src/install/ur_robotiq/include/ur_robotiq/ur_robotiq/msg/detail
[5.696s] -- Installing: /home/yadhu/ur3e/src/install/ur_robotiq/include/ur_robotiq/ur_robotiq/msg/detail/ur3e_trajectory__rosidl_typesupport_introspection_c.h
[5.696s] -- Installing: /home/yadhu/ur3e/src/install/ur_robotiq/include/ur_robotiq/ur_robotiq/msg/detail/ur3e_gripper__rosidl_typesupport_introspection_c.h
[5.696s] -- Installing: /home/yadhu/ur3e/src/install/ur_robotiq/include/ur_robotiq/ur_robotiq/msg/detail/ur3e_gripper__type_support.c
[5.696s] -- Installing: /home/yadhu/ur3e/src/install/ur_robotiq/include/ur_robotiq/ur_robotiq/msg/detail/ur3e_trajectory__type_support.c
[5.696s] -- Installing: /home/yadhu/ur3e/src/install/ur_robotiq/include/ur_robotiq/ur_robotiq/msg/detail/ur3e_moveit_joints__rosidl_typesupport_introspection_c.h
[5.696s] -- Installing: /home/yadhu/ur3e/src/install/ur_robotiq/include/ur_robotiq/ur_robotiq/msg/detail/ur3e_moveit_joints__type_support.c
[5.696s] -- Installing: /home/yadhu/ur3e/src/install/ur_robotiq/include/ur_robotiq/ur_robotiq/msg/rosidl_typesupport_introspection_c__visibility_control.h
[5.696s] -- Up-to-date: /home/yadhu/ur3e/src/install/ur_robotiq/include/ur_robotiq/ur_robotiq/srv
[5.696s] -- Up-to-date: /home/yadhu/ur3e/src/install/ur_robotiq/include/ur_robotiq/ur_robotiq/srv/detail
[5.696s] -- Installing: /home/yadhu/ur3e/src/install/ur_robotiq/include/ur_robotiq/ur_robotiq/srv/detail/ur_mover_service__type_support.c
[5.696s] -- Installing: /home/yadhu/ur3e/src/install/ur_robotiq/include/ur_robotiq/ur_robotiq/srv/detail/ur_mover_service__rosidl_typesupport_introspection_c.h
[5.696s] -- Installing: /home/yadhu/ur3e/src/install/ur_robotiq/lib/libur_robotiq__rosidl_typesupport_introspection_c.so
[5.696s] -- Set runtime path of "/home/yadhu/ur3e/src/install/ur_robotiq/lib/libur_robotiq__rosidl_typesupport_introspection_c.so" to ""
[5.696s] -- Installing: /home/yadhu/ur3e/src/install/ur_robotiq/lib/libur_robotiq__rosidl_typesupport_c.so
[5.697s] -- Set runtime path of "/home/yadhu/ur3e/src/install/ur_robotiq/lib/libur_robotiq__rosidl_typesupport_c.so" to ""
[5.697s] -- Up-to-date: /home/yadhu/ur3e/src/install/ur_robotiq/include/ur_robotiq/ur_robotiq
[5.697s] -- Up-to-date: /home/yadhu/ur3e/src/install/ur_robotiq/include/ur_robotiq/ur_robotiq/msg
[5.697s] -- Installing: /home/yadhu/ur3e/src/install/ur_robotiq/include/ur_robotiq/ur_robotiq/msg/ur3e_moveit_joints.hpp
[5.697s] -- Installing: /home/yadhu/ur3e/src/install/ur_robotiq/include/ur_robotiq/ur_robotiq/msg/ur3e_trajectory.hpp
[5.697s] -- Up-to-date: /home/yadhu/ur3e/src/install/ur_robotiq/include/ur_robotiq/ur_robotiq/msg/detail
[5.697s] -- Installing: /home/yadhu/ur3e/src/install/ur_robotiq/include/ur_robotiq/ur_robotiq/msg/detail/ur3e_trajectory__builder.hpp
[5.697s] -- Installing: /home/yadhu/ur3e/src/install/ur_robotiq/include/ur_robotiq/ur_robotiq/msg/detail/ur3e_moveit_joints__builder.hpp
[5.697s] -- Installing: /home/yadhu/ur3e/src/install/ur_robotiq/include/ur_robotiq/ur_robotiq/msg/detail/ur3e_trajectory__struct.hpp
[5.697s] -- Installing: /home/yadhu/ur3e/src/install/ur_robotiq/include/ur_robotiq/ur_robotiq/msg/detail/ur3e_gripper__traits.hpp
[5.697s] -- Installing: /home/yadhu/ur3e/src/install/ur_robotiq/include/ur_robotiq/ur_robotiq/msg/detail/ur3e_moveit_joints__traits.hpp
[5.698s] -- Installing: /home/yadhu/ur3e/src/install/ur_robotiq/include/ur_robotiq/ur_robotiq/msg/detail/ur3e_moveit_joints__struct.hpp
[5.698s] -- Installing: /home/yadhu/ur3e/src/install/ur_robotiq/include/ur_robotiq/ur_robotiq/msg/detail/ur3e_trajectory__traits.hpp
[5.698s] -- Installing: /home/yadhu/ur3e/src/install/ur_robotiq/include/ur_robotiq/ur_robotiq/msg/detail/ur3e_gripper__builder.hpp
[5.698s] -- Installing: /home/yadhu/ur3e/src/install/ur_robotiq/include/ur_robotiq/ur_robotiq/msg/detail/ur3e_gripper__struct.hpp
[5.698s] -- Installing: /home/yadhu/ur3e/src/install/ur_robotiq/include/ur_robotiq/ur_robotiq/msg/ur3e_gripper.hpp
[5.698s] -- Up-to-date: /home/yadhu/ur3e/src/install/ur_robotiq/include/ur_robotiq/ur_robotiq/srv
[5.698s] -- Up-to-date: /home/yadhu/ur3e/src/install/ur_robotiq/include/ur_robotiq/ur_robotiq/srv/detail
[5.698s] -- Installing: /home/yadhu/ur3e/src/install/ur_robotiq/include/ur_robotiq/ur_robotiq/srv/detail/ur_mover_service__traits.hpp
[5.698s] -- Installing: /home/yadhu/ur3e/src/install/ur_robotiq/include/ur_robotiq/ur_robotiq/srv/detail/ur_mover_service__struct.hpp
[5.698s] -- Installing: /home/yadhu/ur3e/src/install/ur_robotiq/include/ur_robotiq/ur_robotiq/srv/detail/ur_mover_service__builder.hpp
[5.698s] -- Installing: /home/yadhu/ur3e/src/install/ur_robotiq/include/ur_robotiq/ur_robotiq/srv/ur_mover_service.hpp
[5.699s] -- Up-to-date: /home/yadhu/ur3e/src/install/ur_robotiq/include/ur_robotiq/ur_robotiq
[5.699s] -- Up-to-date: /home/yadhu/ur3e/src/install/ur_robotiq/include/ur_robotiq/ur_robotiq/msg
[5.699s] -- Installing: /home/yadhu/ur3e/src/install/ur_robotiq/include/ur_robotiq/ur_robotiq/msg/rosidl_typesupport_fastrtps_cpp__visibility_control.h
[5.699s] -- Up-to-date: /home/yadhu/ur3e/src/install/ur_robotiq/include/ur_robotiq/ur_robotiq/msg/detail
[5.699s] -- Installing: /home/yadhu/ur3e/src/install/ur_robotiq/include/ur_robotiq/ur_robotiq/msg/detail/ur3e_moveit_joints__rosidl_typesupport_fastrtps_cpp.hpp
[5.699s] -- Installing: /home/yadhu/ur3e/src/install/ur_robotiq/include/ur_robotiq/ur_robotiq/msg/detail/dds_fastrtps
[5.699s] -- Installing: /home/yadhu/ur3e/src/install/ur_robotiq/include/ur_robotiq/ur_robotiq/msg/detail/ur3e_trajectory__rosidl_typesupport_fastrtps_cpp.hpp
[5.699s] -- Installing: /home/yadhu/ur3e/src/install/ur_robotiq/include/ur_robotiq/ur_robotiq/msg/detail/ur3e_gripper__rosidl_typesupport_fastrtps_cpp.hpp
[5.699s] -- Up-to-date: /home/yadhu/ur3e/src/install/ur_robotiq/include/ur_robotiq/ur_robotiq/srv
[5.699s] -- Up-to-date: /home/yadhu/ur3e/src/install/ur_robotiq/include/ur_robotiq/ur_robotiq/srv/detail
[5.699s] -- Installing: /home/yadhu/ur3e/src/install/ur_robotiq/include/ur_robotiq/ur_robotiq/srv/detail/ur_mover_service__rosidl_typesupport_fastrtps_cpp.hpp
[5.699s] -- Installing: /home/yadhu/ur3e/src/install/ur_robotiq/include/ur_robotiq/ur_robotiq/srv/detail/dds_fastrtps
[5.699s] -- Installing: /home/yadhu/ur3e/src/install/ur_robotiq/lib/libur_robotiq__rosidl_typesupport_fastrtps_cpp.so
[5.699s] -- Set runtime path of "/home/yadhu/ur3e/src/install/ur_robotiq/lib/libur_robotiq__rosidl_typesupport_fastrtps_cpp.so" to ""
[5.700s] -- Up-to-date: /home/yadhu/ur3e/src/install/ur_robotiq/include/ur_robotiq/ur_robotiq
[5.700s] -- Up-to-date: /home/yadhu/ur3e/src/install/ur_robotiq/include/ur_robotiq/ur_robotiq/msg
[5.700s] -- Up-to-date: /home/yadhu/ur3e/src/install/ur_robotiq/include/ur_robotiq/ur_robotiq/msg/detail
[5.700s] -- Installing: /home/yadhu/ur3e/src/install/ur_robotiq/include/ur_robotiq/ur_robotiq/msg/detail/ur3e_trajectory__rosidl_typesupport_introspection_cpp.hpp
[5.700s] -- Installing: /home/yadhu/ur3e/src/install/ur_robotiq/include/ur_robotiq/ur_robotiq/msg/detail/ur3e_trajectory__type_support.cpp
[5.700s] -- Installing: /home/yadhu/ur3e/src/install/ur_robotiq/include/ur_robotiq/ur_robotiq/msg/detail/ur3e_gripper__type_support.cpp
[5.700s] -- Installing: /home/yadhu/ur3e/src/install/ur_robotiq/include/ur_robotiq/ur_robotiq/msg/detail/ur3e_moveit_joints__type_support.cpp
[5.700s] -- Installing: /home/yadhu/ur3e/src/install/ur_robotiq/include/ur_robotiq/ur_robotiq/msg/detail/ur3e_moveit_joints__rosidl_typesupport_introspection_cpp.hpp
[5.700s] -- Installing: /home/yadhu/ur3e/src/install/ur_robotiq/include/ur_robotiq/ur_robotiq/msg/detail/ur3e_gripper__rosidl_typesupport_introspection_cpp.hpp
[5.700s] -- Up-to-date: /home/yadhu/ur3e/src/install/ur_robotiq/include/ur_robotiq/ur_robotiq/srv
[5.701s] -- Up-to-date: /home/yadhu/ur3e/src/install/ur_robotiq/include/ur_robotiq/ur_robotiq/srv/detail
[5.701s] -- Installing: /home/yadhu/ur3e/src/install/ur_robotiq/include/ur_robotiq/ur_robotiq/srv/detail/ur_mover_service__type_support.cpp
[5.701s] -- Installing: /home/yadhu/ur3e/src/install/ur_robotiq/include/ur_robotiq/ur_robotiq/srv/detail/ur_mover_service__rosidl_typesupport_introspection_cpp.hpp
[5.701s] -- Installing: /home/yadhu/ur3e/src/install/ur_robotiq/lib/libur_robotiq__rosidl_typesupport_introspection_cpp.so
[5.701s] -- Set runtime path of "/home/yadhu/ur3e/src/install/ur_robotiq/lib/libur_robotiq__rosidl_typesupport_introspection_cpp.so" to ""
[5.702s] -- Installing: /home/yadhu/ur3e/src/install/ur_robotiq/lib/libur_robotiq__rosidl_typesupport_cpp.so
[5.702s] -- Set runtime path of "/home/yadhu/ur3e/src/install/ur_robotiq/lib/libur_robotiq__rosidl_typesupport_cpp.so" to ""
[5.702s] -- Installing: /home/yadhu/ur3e/src/install/ur_robotiq/share/ur_robotiq/environment/pythonpath.sh
[5.702s] -- Installing: /home/yadhu/ur3e/src/install/ur_robotiq/share/ur_robotiq/environment/pythonpath.dsv
[5.702s] -- Installing: /home/yadhu/ur3e/src/install/ur_robotiq/local/lib/python3.10/dist-packages/ur_robotiq-0.0.0-py3.10.egg-info
[5.702s] -- Installing: /home/yadhu/ur3e/src/install/ur_robotiq/local/lib/python3.10/dist-packages/ur_robotiq-0.0.0-py3.10.egg-info/top_level.txt
[5.703s] -- Installing: /home/yadhu/ur3e/src/install/ur_robotiq/local/lib/python3.10/dist-packages/ur_robotiq-0.0.0-py3.10.egg-info/PKG-INFO
[5.703s] -- Installing: /home/yadhu/ur3e/src/install/ur_robotiq/local/lib/python3.10/dist-packages/ur_robotiq-0.0.0-py3.10.egg-info/dependency_links.txt
[5.703s] -- Installing: /home/yadhu/ur3e/src/install/ur_robotiq/local/lib/python3.10/dist-packages/ur_robotiq-0.0.0-py3.10.egg-info/SOURCES.txt
[5.703s] -- Installing: /home/yadhu/ur3e/src/install/ur_robotiq/local/lib/python3.10/dist-packages/ur_robotiq
[5.703s] -- Installing: /home/yadhu/ur3e/src/install/ur_robotiq/local/lib/python3.10/dist-packages/ur_robotiq/ur_robotiq_s__rosidl_typesupport_introspection_c.cpython-310-x86_64-linux-gnu.so
[5.703s] -- Installing: /home/yadhu/ur3e/src/install/ur_robotiq/local/lib/python3.10/dist-packages/ur_robotiq/libur_robotiq__rosidl_generator_py.so
[5.703s] -- Installing: /home/yadhu/ur3e/src/install/ur_robotiq/local/lib/python3.10/dist-packages/ur_robotiq/_ur_robotiq_s.ep.rosidl_typesupport_introspection_c.c
[5.703s] -- Installing: /home/yadhu/ur3e/src/install/ur_robotiq/local/lib/python3.10/dist-packages/ur_robotiq/ur_robotiq_s__rosidl_typesupport_fastrtps_c.cpython-310-x86_64-linux-gnu.so
[5.703s] -- Installing: /home/yadhu/ur3e/src/install/ur_robotiq/local/lib/python3.10/dist-packages/ur_robotiq/_ur_robotiq_s.ep.rosidl_typesupport_fastrtps_c.c
[5.704s] -- Installing: /home/yadhu/ur3e/src/install/ur_robotiq/local/lib/python3.10/dist-packages/ur_robotiq/msg
[5.704s] -- Installing: /home/yadhu/ur3e/src/install/ur_robotiq/local/lib/python3.10/dist-packages/ur_robotiq/msg/_ur3e_gripper_s.c
[5.704s] -- Installing: /home/yadhu/ur3e/src/install/ur_robotiq/local/lib/python3.10/dist-packages/ur_robotiq/msg/_ur3e_moveit_joints_s.c
[5.704s] -- Installing: /home/yadhu/ur3e/src/install/ur_robotiq/local/lib/python3.10/dist-packages/ur_robotiq/msg/_ur3e_moveit_joints.py
[5.704s] -- Installing: /home/yadhu/ur3e/src/install/ur_robotiq/local/lib/python3.10/dist-packages/ur_robotiq/msg/_ur3e_gripper.py
[5.704s] -- Installing: /home/yadhu/ur3e/src/install/ur_robotiq/local/lib/python3.10/dist-packages/ur_robotiq/msg/_ur3e_trajectory.py
[5.704s] -- Installing: /home/yadhu/ur3e/src/install/ur_robotiq/local/lib/python3.10/dist-packages/ur_robotiq/msg/__init__.py
[5.704s] -- Installing: /home/yadhu/ur3e/src/install/ur_robotiq/local/lib/python3.10/dist-packages/ur_robotiq/msg/_ur3e_trajectory_s.c
[5.704s] -- Installing: /home/yadhu/ur3e/src/install/ur_robotiq/local/lib/python3.10/dist-packages/ur_robotiq/srv
[5.704s] -- Installing: /home/yadhu/ur3e/src/install/ur_robotiq/local/lib/python3.10/dist-packages/ur_robotiq/srv/_ur_mover_service_s.c
[5.705s] -- Installing: /home/yadhu/ur3e/src/install/ur_robotiq/local/lib/python3.10/dist-packages/ur_robotiq/srv/_ur_mover_service.py
[5.705s] -- Installing: /home/yadhu/ur3e/src/install/ur_robotiq/local/lib/python3.10/dist-packages/ur_robotiq/srv/__init__.py
[5.705s] -- Installing: /home/yadhu/ur3e/src/install/ur_robotiq/local/lib/python3.10/dist-packages/ur_robotiq/__init__.py
[5.705s] -- Installing: /home/yadhu/ur3e/src/install/ur_robotiq/local/lib/python3.10/dist-packages/ur_robotiq/ur_robotiq_s__rosidl_typesupport_c.cpython-310-x86_64-linux-gnu.so
[5.705s] -- Installing: /home/yadhu/ur3e/src/install/ur_robotiq/local/lib/python3.10/dist-packages/ur_robotiq/_ur_robotiq_s.ep.rosidl_typesupport_c.c
[5.730s] Listing '/home/yadhu/ur3e/src/install/ur_robotiq/local/lib/python3.10/dist-packages/ur_robotiq'...
[5.730s] Compiling '/home/yadhu/ur3e/src/install/ur_robotiq/local/lib/python3.10/dist-packages/ur_robotiq/__init__.py'...
[5.730s] Listing '/home/yadhu/ur3e/src/install/ur_robotiq/local/lib/python3.10/dist-packages/ur_robotiq/msg'...
[5.730s] Compiling '/home/yadhu/ur3e/src/install/ur_robotiq/local/lib/python3.10/dist-packages/ur_robotiq/msg/__init__.py'...
[5.730s] Compiling '/home/yadhu/ur3e/src/install/ur_robotiq/local/lib/python3.10/dist-packages/ur_robotiq/msg/_ur3e_gripper.py'...
[5.730s] Compiling '/home/yadhu/ur3e/src/install/ur_robotiq/local/lib/python3.10/dist-packages/ur_robotiq/msg/_ur3e_moveit_joints.py'...
[5.730s] Compiling '/home/yadhu/ur3e/src/install/ur_robotiq/local/lib/python3.10/dist-packages/ur_robotiq/msg/_ur3e_trajectory.py'...
[5.730s] Listing '/home/yadhu/ur3e/src/install/ur_robotiq/local/lib/python3.10/dist-packages/ur_robotiq/srv'...
[5.730s] Compiling '/home/yadhu/ur3e/src/install/ur_robotiq/local/lib/python3.10/dist-packages/ur_robotiq/srv/__init__.py'...
[5.730s] Compiling '/home/yadhu/ur3e/src/install/ur_robotiq/local/lib/python3.10/dist-packages/ur_robotiq/srv/_ur_mover_service.py'...
[5.733s] -- Installing: /home/yadhu/ur3e/src/install/ur_robotiq/local/lib/python3.10/dist-packages/ur_robotiq/ur_robotiq_s__rosidl_typesupport_fastrtps_c.cpython-310-x86_64-linux-gnu.so
[5.733s] -- Set runtime path of "/home/yadhu/ur3e/src/install/ur_robotiq/local/lib/python3.10/dist-packages/ur_robotiq/ur_robotiq_s__rosidl_typesupport_fastrtps_c.cpython-310-x86_64-linux-gnu.so" to ""
[5.733s] -- Installing: /home/yadhu/ur3e/src/install/ur_robotiq/local/lib/python3.10/dist-packages/ur_robotiq/ur_robotiq_s__rosidl_typesupport_introspection_c.cpython-310-x86_64-linux-gnu.so
[5.734s] -- Set runtime path of "/home/yadhu/ur3e/src/install/ur_robotiq/local/lib/python3.10/dist-packages/ur_robotiq/ur_robotiq_s__rosidl_typesupport_introspection_c.cpython-310-x86_64-linux-gnu.so" to ""
[5.734s] -- Installing: /home/yadhu/ur3e/src/install/ur_robotiq/local/lib/python3.10/dist-packages/ur_robotiq/ur_robotiq_s__rosidl_typesupport_c.cpython-310-x86_64-linux-gnu.so
[5.734s] -- Set runtime path of "/home/yadhu/ur3e/src/install/ur_robotiq/local/lib/python3.10/dist-packages/ur_robotiq/ur_robotiq_s__rosidl_typesupport_c.cpython-310-x86_64-linux-gnu.so" to ""
[5.734s] -- Installing: /home/yadhu/ur3e/src/install/ur_robotiq/lib/libur_robotiq__rosidl_generator_py.so
[5.734s] -- Set runtime path of "/home/yadhu/ur3e/src/install/ur_robotiq/lib/libur_robotiq__rosidl_generator_py.so" to ""
[5.734s] -- Installing: /home/yadhu/ur3e/src/install/ur_robotiq/share/ur_robotiq/msg/UR3eGripper.idl
[5.734s] -- Installing: /home/yadhu/ur3e/src/install/ur_robotiq/share/ur_robotiq/msg/UR3eMoveitJoints.idl
[5.734s] -- Installing: /home/yadhu/ur3e/src/install/ur_robotiq/share/ur_robotiq/msg/UR3eTrajectory.idl
[5.734s] -- Installing: /home/yadhu/ur3e/src/install/ur_robotiq/share/ur_robotiq/srv/UrMoverService.idl
[5.734s] -- Installing: /home/yadhu/ur3e/src/install/ur_robotiq/share/ur_robotiq/msg/UR3eGripper.msg
[5.734s] -- Installing: /home/yadhu/ur3e/src/install/ur_robotiq/share/ur_robotiq/msg/UR3eMoveitJoints.msg
[5.734s] -- Installing: /home/yadhu/ur3e/src/install/ur_robotiq/share/ur_robotiq/msg/UR3eTrajectory.msg
[5.734s] -- Installing: /home/yadhu/ur3e/src/install/ur_robotiq/share/ur_robotiq/srv/UrMoverService.srv
[5.734s] -- Installing: /home/yadhu/ur3e/src/install/ur_robotiq/share/ur_robotiq/srv/UrMoverService_Request.msg
[5.735s] -- Installing: /home/yadhu/ur3e/src/install/ur_robotiq/share/ur_robotiq/srv/UrMoverService_Response.msg
[5.735s] -- Installing: /home/yadhu/ur3e/src/install/ur_robotiq/share/ament_index/resource_index/package_run_dependencies/ur_robotiq
[5.735s] -- Installing: /home/yadhu/ur3e/src/install/ur_robotiq/share/ament_index/resource_index/parent_prefix_path/ur_robotiq
[5.735s] -- Installing: /home/yadhu/ur3e/src/install/ur_robotiq/share/ur_robotiq/environment/ament_prefix_path.sh
[5.735s] -- Installing: /home/yadhu/ur3e/src/install/ur_robotiq/share/ur_robotiq/environment/ament_prefix_path.dsv
[5.735s] -- Installing: /home/yadhu/ur3e/src/install/ur_robotiq/share/ur_robotiq/environment/path.sh
[5.735s] -- Installing: /home/yadhu/ur3e/src/install/ur_robotiq/share/ur_robotiq/environment/path.dsv
[5.735s] -- Installing: /home/yadhu/ur3e/src/install/ur_robotiq/share/ur_robotiq/local_setup.bash
[5.735s] -- Installing: /home/yadhu/ur3e/src/install/ur_robotiq/share/ur_robotiq/local_setup.sh
[5.735s] -- Installing: /home/yadhu/ur3e/src/install/ur_robotiq/share/ur_robotiq/local_setup.zsh
[5.735s] -- Installing: /home/yadhu/ur3e/src/install/ur_robotiq/share/ur_robotiq/local_setup.dsv
[5.735s] -- Installing: /home/yadhu/ur3e/src/install/ur_robotiq/share/ur_robotiq/package.dsv
[5.735s] -- Installing: /home/yadhu/ur3e/src/install/ur_robotiq/share/ament_index/resource_index/packages/ur_robotiq
[5.735s] -- Installing: /home/yadhu/ur3e/src/install/ur_robotiq/share/ur_robotiq/cmake/export_ur_robotiq__rosidl_generator_cExport.cmake
[5.735s] -- Installing: /home/yadhu/ur3e/src/install/ur_robotiq/share/ur_robotiq/cmake/export_ur_robotiq__rosidl_generator_cExport-noconfig.cmake
[5.735s] -- Installing: /home/yadhu/ur3e/src/install/ur_robotiq/share/ur_robotiq/cmake/export_ur_robotiq__rosidl_typesupport_fastrtps_cExport.cmake
[5.735s] -- Installing: /home/yadhu/ur3e/src/install/ur_robotiq/share/ur_robotiq/cmake/export_ur_robotiq__rosidl_typesupport_fastrtps_cExport-noconfig.cmake
[5.736s] -- Installing: /home/yadhu/ur3e/src/install/ur_robotiq/share/ur_robotiq/cmake/ur_robotiq__rosidl_typesupport_introspection_cExport.cmake
[5.736s] -- Installing: /home/yadhu/ur3e/src/install/ur_robotiq/share/ur_robotiq/cmake/ur_robotiq__rosidl_typesupport_introspection_cExport-noconfig.cmake
[5.736s] -- Installing: /home/yadhu/ur3e/src/install/ur_robotiq/share/ur_robotiq/cmake/ur_robotiq__rosidl_typesupport_cExport.cmake
[5.736s] -- Installing: /home/yadhu/ur3e/src/install/ur_robotiq/share/ur_robotiq/cmake/ur_robotiq__rosidl_typesupport_cExport-noconfig.cmake
[5.736s] -- Installing: /home/yadhu/ur3e/src/install/ur_robotiq/share/ur_robotiq/cmake/export_ur_robotiq__rosidl_generator_cppExport.cmake
[5.736s] -- Installing: /home/yadhu/ur3e/src/install/ur_robotiq/share/ur_robotiq/cmake/export_ur_robotiq__rosidl_typesupport_fastrtps_cppExport.cmake
[5.736s] -- Installing: /home/yadhu/ur3e/src/install/ur_robotiq/share/ur_robotiq/cmake/export_ur_robotiq__rosidl_typesupport_fastrtps_cppExport-noconfig.cmake
[5.736s] -- Installing: /home/yadhu/ur3e/src/install/ur_robotiq/share/ur_robotiq/cmake/ur_robotiq__rosidl_typesupport_introspection_cppExport.cmake
[5.736s] -- Installing: /home/yadhu/ur3e/src/install/ur_robotiq/share/ur_robotiq/cmake/ur_robotiq__rosidl_typesupport_introspection_cppExport-noconfig.cmake
[5.736s] -- Installing: /home/yadhu/ur3e/src/install/ur_robotiq/share/ur_robotiq/cmake/ur_robotiq__rosidl_typesupport_cppExport.cmake
[5.736s] -- Installing: /home/yadhu/ur3e/src/install/ur_robotiq/share/ur_robotiq/cmake/ur_robotiq__rosidl_typesupport_cppExport-noconfig.cmake
[5.736s] -- Installing: /home/yadhu/ur3e/src/install/ur_robotiq/share/ur_robotiq/cmake/export_ur_robotiq__rosidl_generator_pyExport.cmake
[5.736s] -- Installing: /home/yadhu/ur3e/src/install/ur_robotiq/share/ur_robotiq/cmake/export_ur_robotiq__rosidl_generator_pyExport-noconfig.cmake
[5.736s] -- Installing: /home/yadhu/ur3e/src/install/ur_robotiq/share/ur_robotiq/cmake/rosidl_cmake-extras.cmake
[5.736s] -- Installing: /home/yadhu/ur3e/src/install/ur_robotiq/share/ur_robotiq/cmake/ament_cmake_export_dependencies-extras.cmake
[5.736s] -- Installing: /home/yadhu/ur3e/src/install/ur_robotiq/share/ur_robotiq/cmake/ament_cmake_export_include_directories-extras.cmake
[5.736s] -- Installing: /home/yadhu/ur3e/src/install/ur_robotiq/share/ur_robotiq/cmake/ament_cmake_export_libraries-extras.cmake
[5.737s] -- Installing: /home/yadhu/ur3e/src/install/ur_robotiq/share/ur_robotiq/cmake/ament_cmake_export_targets-extras.cmake
[5.737s] -- Installing: /home/yadhu/ur3e/src/install/ur_robotiq/share/ur_robotiq/cmake/rosidl_cmake_export_typesupport_targets-extras.cmake
[5.737s] -- Installing: /home/yadhu/ur3e/src/install/ur_robotiq/share/ur_robotiq/cmake/rosidl_cmake_export_typesupport_libraries-extras.cmake
[5.737s] -- Installing: /home/yadhu/ur3e/src/install/ur_robotiq/share/ur_robotiq/cmake/ur_robotiqConfig.cmake
[5.737s] -- Installing: /home/yadhu/ur3e/src/install/ur_robotiq/share/ur_robotiq/cmake/ur_robotiqConfig-version.cmake
[5.737s] -- Installing: /home/yadhu/ur3e/src/install/ur_robotiq/share/ur_robotiq/package.xml
[5.738s] Invoked command in '/home/yadhu/ur3e/src/build/ur_robotiq' returned '0': AMENT_PREFIX_PATH=/home/yadhu/ur3e/src/install/moveit_msgs:${AMENT_PREFIX_PATH} CMAKE_PREFIX_PATH=/home/yadhu/ur3e/src/install/moveit_msgs:/opt/ros/humble LD_LIBRARY_PATH=/home/yadhu/ur3e/src/install/moveit_msgs/lib:${LD_LIBRARY_PATH} PYTHONPATH=/home/yadhu/ur3e/src/install/moveit_msgs/local/lib/python3.10/dist-packages:${PYTHONPATH} /usr/bin/cmake --install /home/yadhu/ur3e/src/build/ur_robotiq
