[0.540s] Invoking command in '/home/yadhu/ur3e/src/pyfile': AMENT_PREFIX_PATH=/home/yadhu/ur3e/src/install/ur_description:/home/yadhu/ur3e/src/install/robotiq_description:${AMENT_PREFIX_PATH} CMAKE_PREFIX_PATH=/home/yadhu/ur3e/src/install/ur_description:/home/yadhu/ur3e/src/install/robotiq_description PYTHONPATH=/home/yadhu/ur3e/src/build/pyfile/prefix_override:/usr/lib/python3/dist-packages/colcon_core/task/python/colcon_distutils_commands:/home/yadhu/ur3e/src/install/pyfile/lib/python3.10/site-packages:${PYTHONPATH} /usr/bin/python3 -W ignore:setup.py install is deprecated setup.py egg_info --egg-base ../build/pyfile build --build-base /home/yadhu/ur3e/src/build/pyfile/build install --record /home/yadhu/ur3e/src/build/pyfile/install.log --single-version-externally-managed install_data
[1.254s] running egg_info
[1.254s] writing ../build/pyfile/pyfile.egg-info/PKG-INFO
[1.254s] writing dependency_links to ../build/pyfile/pyfile.egg-info/dependency_links.txt
[1.254s] writing entry points to ../build/pyfile/pyfile.egg-info/entry_points.txt
[1.255s] writing requirements to ../build/pyfile/pyfile.egg-info/requires.txt
[1.255s] writing top-level names to ../build/pyfile/pyfile.egg-info/top_level.txt
[1.259s] reading manifest file '../build/pyfile/pyfile.egg-info/SOURCES.txt'
[1.263s] writing manifest file '../build/pyfile/pyfile.egg-info/SOURCES.txt'
[1.263s] running build
[1.263s] running build_py
[1.265s] running install
[1.266s] running install_lib
[1.267s] running install_data
[1.267s] running install_egg_info
[1.272s] removing '/home/yadhu/ur3e/src/install/pyfile/lib/python3.10/site-packages/pyfile-0.0.0-py3.10.egg-info' (and everything under it)
[1.273s] Copying ../build/pyfile/pyfile.egg-info to /home/yadhu/ur3e/src/install/pyfile/lib/python3.10/site-packages/pyfile-0.0.0-py3.10.egg-info
[1.274s] running install_scripts
[1.324s] Installing move_bot script to /home/yadhu/ur3e/src/install/pyfile/lib/pyfile
[1.325s] writing list of installed files to '/home/yadhu/ur3e/src/build/pyfile/install.log'
[1.366s] Invoked command in '/home/yadhu/ur3e/src/pyfile' returned '0': AMENT_PREFIX_PATH=/home/yadhu/ur3e/src/install/ur_description:/home/yadhu/ur3e/src/install/robotiq_description:${AMENT_PREFIX_PATH} CMAKE_PREFIX_PATH=/home/yadhu/ur3e/src/install/ur_description:/home/yadhu/ur3e/src/install/robotiq_description PYTHONPATH=/home/yadhu/ur3e/src/build/pyfile/prefix_override:/usr/lib/python3/dist-packages/colcon_core/task/python/colcon_distutils_commands:/home/yadhu/ur3e/src/install/pyfile/lib/python3.10/site-packages:${PYTHONPATH} /usr/bin/python3 -W ignore:setup.py install is deprecated setup.py egg_info --egg-base ../build/pyfile build --build-base /home/yadhu/ur3e/src/build/pyfile/build install --record /home/yadhu/ur3e/src/build/pyfile/install.log --single-version-externally-managed install_data
