[0.008s] Invoking command in '/home/yadhu/ur3e/build/ur3ebot_description': CMAKE_PREFIX_PATH=${CMAKE_PREFIX_PATH}:/opt/ros/humble /usr/bin/cmake --build /home/yadhu/ur3e/build/ur3ebot_description -- -j16 -l16
[0.040s] Invoked command in '/home/yadhu/ur3e/build/ur3ebot_description' returned '0': CMAKE_PREFIX_PATH=${CMAKE_PREFIX_PATH}:/opt/ros/humble /usr/bin/cmake --build /home/yadhu/ur3e/build/ur3ebot_description -- -j16 -l16
[0.069s] Invoking command in '/home/yadhu/ur3e/build/ur3ebot_description': CMAKE_PREFIX_PATH=${CMAKE_PREFIX_PATH}:/opt/ros/humble /usr/bin/cmake --install /home/yadhu/ur3e/build/ur3ebot_description
[0.078s] -- Install configuration: ""
[0.078s] -- Up-to-date: /home/yadhu/ur3e/install/ur3ebot_description/share/ur3ebot_description/urdf
[0.078s] -- Up-to-date: /home/yadhu/ur3e/install/ur3ebot_description/share/ur3ebot_description/urdf/ur.ros2_control.xacro
[0.078s] -- Installing: /home/yadhu/ur3e/install/ur3ebot_description/share/ur3ebot_description/urdf/ur.urdf.xacro
[0.078s] -- Up-to-date: /home/yadhu/ur3e/install/ur3ebot_description/share/ur3ebot_description/urdf/ur_macro.xacro
[0.078s] -- Up-to-date: /home/yadhu/ur3e/install/ur3ebot_description/share/ur3ebot_description/urdf/inc
[0.078s] -- Up-to-date: /home/yadhu/ur3e/install/ur3ebot_description/share/ur3ebot_description/urdf/inc/ur_common.xacro
[0.078s] -- Up-to-date: /home/yadhu/ur3e/install/ur3ebot_description/share/ur3ebot_description/urdf/inc/ur_transmissions.xacro
[0.078s] -- Up-to-date: /home/yadhu/ur3e/install/ur3ebot_description/share/ur3ebot_description/config
[0.078s] -- Up-to-date: /home/yadhu/ur3e/install/ur3ebot_description/share/ur3ebot_description/config/ur3e
[0.078s] -- Up-to-date: /home/yadhu/ur3e/install/ur3ebot_description/share/ur3ebot_description/config/ur3e/joint_limits.yaml
[0.078s] -- Up-to-date: /home/yadhu/ur3e/install/ur3ebot_description/share/ur3ebot_description/config/ur3e/visual_parameters.yaml
[0.078s] -- Up-to-date: /home/yadhu/ur3e/install/ur3ebot_description/share/ur3ebot_description/config/ur3e/physical_parameters.yaml
[0.078s] -- Up-to-date: /home/yadhu/ur3e/install/ur3ebot_description/share/ur3ebot_description/config/ur3e/default_kinematics.yaml
[0.078s] -- Up-to-date: /home/yadhu/ur3e/install/ur3ebot_description/share/ur3ebot_description/config/initial_positions.yaml
[0.079s] -- Up-to-date: /home/yadhu/ur3e/install/ur3ebot_description/share/ur3ebot_description/launch
[0.079s] -- Up-to-date: /home/yadhu/ur3e/install/ur3ebot_description/share/ur3ebot_description/launch/view_ur.launch.py
[0.079s] -- Up-to-date: /home/yadhu/ur3e/install/ur3ebot_description/share/ur3ebot_description/meshes
[0.079s] -- Up-to-date: /home/yadhu/ur3e/install/ur3ebot_description/share/ur3ebot_description/meshes/ur3e
[0.079s] -- Up-to-date: /home/yadhu/ur3e/install/ur3ebot_description/share/ur3ebot_description/meshes/ur3e/collision
[0.079s] -- Up-to-date: /home/yadhu/ur3e/install/ur3ebot_description/share/ur3ebot_description/meshes/ur3e/collision/wrist2.stl
[0.079s] -- Up-to-date: /home/yadhu/ur3e/install/ur3ebot_description/share/ur3ebot_description/meshes/ur3e/collision/base.stl
[0.079s] -- Up-to-date: /home/yadhu/ur3e/install/ur3ebot_description/share/ur3ebot_description/meshes/ur3e/collision/upperarm.stl
[0.079s] -- Up-to-date: /home/yadhu/ur3e/install/ur3ebot_description/share/ur3ebot_description/meshes/ur3e/collision/forearm.stl
[0.079s] -- Up-to-date: /home/yadhu/ur3e/install/ur3ebot_description/share/ur3ebot_description/meshes/ur3e/collision/wrist1.stl
[0.079s] -- Up-to-date: /home/yadhu/ur3e/install/ur3ebot_description/share/ur3ebot_description/meshes/ur3e/collision/shoulder.stl
[0.079s] -- Up-to-date: /home/yadhu/ur3e/install/ur3ebot_description/share/ur3ebot_description/meshes/ur3e/collision/wrist3.stl
[0.079s] -- Up-to-date: /home/yadhu/ur3e/install/ur3ebot_description/share/ur3ebot_description/meshes/ur3e/visual
[0.079s] -- Up-to-date: /home/yadhu/ur3e/install/ur3ebot_description/share/ur3ebot_description/meshes/ur3e/visual/wrist2.dae
[0.079s] -- Up-to-date: /home/yadhu/ur3e/install/ur3ebot_description/share/ur3ebot_description/meshes/ur3e/visual/base.dae
[0.079s] -- Up-to-date: /home/yadhu/ur3e/install/ur3ebot_description/share/ur3ebot_description/meshes/ur3e/visual/wrist3.dae
[0.079s] -- Up-to-date: /home/yadhu/ur3e/install/ur3ebot_description/share/ur3ebot_description/meshes/ur3e/visual/upperarm.dae
[0.079s] -- Up-to-date: /home/yadhu/ur3e/install/ur3ebot_description/share/ur3ebot_description/meshes/ur3e/visual/wrist1.dae
[0.079s] -- Up-to-date: /home/yadhu/ur3e/install/ur3ebot_description/share/ur3ebot_description/meshes/ur3e/visual/forearm.dae
[0.079s] -- Up-to-date: /home/yadhu/ur3e/install/ur3ebot_description/share/ur3ebot_description/meshes/ur3e/visual/shoulder.dae
[0.079s] -- Up-to-date: /home/yadhu/ur3e/install/ur3ebot_description/share/ur3ebot_description/rviz
[0.079s] -- Up-to-date: /home/yadhu/ur3e/install/ur3ebot_description/share/ur3ebot_description/rviz/view_robot.rviz
[0.079s] -- Up-to-date: /home/yadhu/ur3e/install/ur3ebot_description/share/ament_index/resource_index/package_run_dependencies/ur3ebot_description
[0.079s] -- Up-to-date: /home/yadhu/ur3e/install/ur3ebot_description/share/ament_index/resource_index/parent_prefix_path/ur3ebot_description
[0.079s] -- Up-to-date: /home/yadhu/ur3e/install/ur3ebot_description/share/ur3ebot_description/environment/ament_prefix_path.sh
[0.080s] -- Up-to-date: /home/yadhu/ur3e/install/ur3ebot_description/share/ur3ebot_description/environment/ament_prefix_path.dsv
[0.080s] -- Up-to-date: /home/yadhu/ur3e/install/ur3ebot_description/share/ur3ebot_description/environment/path.sh
[0.080s] -- Up-to-date: /home/yadhu/ur3e/install/ur3ebot_description/share/ur3ebot_description/environment/path.dsv
[0.080s] -- Up-to-date: /home/yadhu/ur3e/install/ur3ebot_description/share/ur3ebot_description/local_setup.bash
[0.081s] -- Up-to-date: /home/yadhu/ur3e/install/ur3ebot_description/share/ur3ebot_description/local_setup.sh
[0.081s] -- Up-to-date: /home/yadhu/ur3e/install/ur3ebot_description/share/ur3ebot_description/local_setup.zsh
[0.081s] -- Up-to-date: /home/yadhu/ur3e/install/ur3ebot_description/share/ur3ebot_description/local_setup.dsv
[0.081s] -- Installing: /home/yadhu/ur3e/install/ur3ebot_description/share/ur3ebot_description/package.dsv
[0.081s] -- Up-to-date: /home/yadhu/ur3e/install/ur3ebot_description/share/ament_index/resource_index/packages/ur3ebot_description
[0.081s] -- Up-to-date: /home/yadhu/ur3e/install/ur3ebot_description/share/ur3ebot_description/cmake/ur3ebot_descriptionConfig.cmake
[0.081s] -- Up-to-date: /home/yadhu/ur3e/install/ur3ebot_description/share/ur3ebot_description/cmake/ur3ebot_descriptionConfig-version.cmake
[0.081s] -- Up-to-date: /home/yadhu/ur3e/install/ur3ebot_description/share/ur3ebot_description/package.xml
[0.081s] Invoked command in '/home/yadhu/ur3e/build/ur3ebot_description' returned '0': CMAKE_PREFIX_PATH=${CMAKE_PREFIX_PATH}:/opt/ros/humble /usr/bin/cmake --install /home/yadhu/ur3e/build/ur3ebot_description
