[0.008s] Invoking command in '/home/yadhu/ur3e/build/ur3ebot_description': CMAKE_PREFIX_PATH=${CMAKE_PREFIX_PATH}:/opt/ros/humble /usr/bin/cmake --build /home/yadhu/ur3e/build/ur3ebot_description -- -j16 -l16
[0.040s] Invoked command in '/home/yadhu/ur3e/build/ur3ebot_description' returned '0': CMAKE_PREFIX_PATH=${CMAKE_PREFIX_PATH}:/opt/ros/humble /usr/bin/cmake --build /home/yadhu/ur3e/build/ur3ebot_description -- -j16 -l16
[0.064s] Invoking command in '/home/yadhu/ur3e/build/ur3ebot_description': CMAKE_PREFIX_PATH=${CMAKE_PREFIX_PATH}:/opt/ros/humble /usr/bin/cmake --install /home/yadhu/ur3e/build/ur3ebot_description
[0.070s] -- Install configuration: ""
[0.070s] -- Up-to-date: /home/yadhu/ur3e/install/ur3ebot_description/share/ur3ebot_description/urdf
[0.070s] -- Up-to-date: /home/yadhu/ur3e/install/ur3ebot_description/share/ur3ebot_description/urdf/ur.ros2_control.xacro
[0.070s] -- Installing: /home/yadhu/ur3e/install/ur3ebot_description/share/ur3ebot_description/urdf/ur.urdf.xacro
[0.070s] -- Up-to-date: /home/yadhu/ur3e/install/ur3ebot_description/share/ur3ebot_description/config
[0.070s] -- Up-to-date: /home/yadhu/ur3e/install/ur3ebot_description/share/ur3ebot_description/config/ur_controllers.yaml
[0.070s] -- Up-to-date: /home/yadhu/ur3e/install/ur3ebot_description/share/ur3ebot_description/config/ur3e_update_rate.yaml
[0.070s] -- Up-to-date: /home/yadhu/ur3e/install/ur3ebot_description/share/ur3ebot_description/config/test_velocity_goal_publishers_config.yaml
[0.070s] -- Up-to-date: /home/yadhu/ur3e/install/ur3ebot_description/share/ur3ebot_description/config/test_goal_publishers_config.yaml
[0.070s] -- Up-to-date: /home/yadhu/ur3e/install/ur3ebot_description/share/ur3ebot_description/ur_robot_driver
[0.070s] -- Up-to-date: /home/yadhu/ur3e/install/ur3ebot_description/share/ur3ebot_description/ur_robot_driver/__init__.py
[0.070s] -- Up-to-date: /home/yadhu/ur3e/install/ur3ebot_description/share/ament_index/resource_index/package_run_dependencies/ur3ebot_description
[0.071s] -- Up-to-date: /home/yadhu/ur3e/install/ur3ebot_description/share/ament_index/resource_index/parent_prefix_path/ur3ebot_description
[0.071s] -- Up-to-date: /home/yadhu/ur3e/install/ur3ebot_description/share/ur3ebot_description/environment/ament_prefix_path.sh
[0.071s] -- Up-to-date: /home/yadhu/ur3e/install/ur3ebot_description/share/ur3ebot_description/environment/ament_prefix_path.dsv
[0.071s] -- Up-to-date: /home/yadhu/ur3e/install/ur3ebot_description/share/ur3ebot_description/environment/path.sh
[0.071s] -- Up-to-date: /home/yadhu/ur3e/install/ur3ebot_description/share/ur3ebot_description/environment/path.dsv
[0.071s] -- Up-to-date: /home/yadhu/ur3e/install/ur3ebot_description/share/ur3ebot_description/local_setup.bash
[0.071s] -- Up-to-date: /home/yadhu/ur3e/install/ur3ebot_description/share/ur3ebot_description/local_setup.sh
[0.071s] -- Up-to-date: /home/yadhu/ur3e/install/ur3ebot_description/share/ur3ebot_description/local_setup.zsh
[0.071s] -- Up-to-date: /home/yadhu/ur3e/install/ur3ebot_description/share/ur3ebot_description/local_setup.dsv
[0.071s] -- Installing: /home/yadhu/ur3e/install/ur3ebot_description/share/ur3ebot_description/package.dsv
[0.071s] -- Up-to-date: /home/yadhu/ur3e/install/ur3ebot_description/share/ament_index/resource_index/packages/ur3ebot_description
[0.071s] -- Up-to-date: /home/yadhu/ur3e/install/ur3ebot_description/share/ur3ebot_description/cmake/ur3ebot_descriptionConfig.cmake
[0.071s] -- Up-to-date: /home/yadhu/ur3e/install/ur3ebot_description/share/ur3ebot_description/cmake/ur3ebot_descriptionConfig-version.cmake
[0.071s] -- Up-to-date: /home/yadhu/ur3e/install/ur3ebot_description/share/ur3ebot_description/package.xml
[0.072s] Invoked command in '/home/yadhu/ur3e/build/ur3ebot_description' returned '0': CMAKE_PREFIX_PATH=${CMAKE_PREFIX_PATH}:/opt/ros/humble /usr/bin/cmake --install /home/yadhu/ur3e/build/ur3ebot_description
