-- The C compiler identification is GNU 11.4.0
-- The CXX compiler identification is GNU 11.4.0
-- Detecting C compiler ABI info
-- Detecting C compiler ABI info - done
-- Check for working C compiler: /usr/bin/cc - skipped
-- Detecting C compile features
-- Detecting C compile features - done
-- Detecting CXX compiler ABI info
-- Detecting CXX compiler ABI info - done
-- Check for working CXX compiler: /usr/bin/c++ - skipped
-- Detecting CXX compile features
-- Detecting CXX compile features - done
-- Found ament_cmake: 1.3.10 (/opt/ros/humble/share/ament_cmake/cmake)
-- Found Python3: /usr/bin/python3 (found version "3.10.12") found components: Interpreter 
-- Found ament_lint_auto: 0.12.11 (/opt/ros/humble/share/ament_lint_auto/cmake)
-- Found python_cmake_module: 0.10.0 (/opt/ros/humble/share/python_cmake_module/cmake)
-- Found PythonInterp: /usr/bin/python3 (found suitable version "3.10.12", minimum required is "3.6") 
-- Found PythonLibs: /usr/lib/x86_64-linux-gnu/libpython3.10.so (found suitable version "3.10.12", minimum required is "3.5") 
-- Using PYTHON_EXECUTABLE: /usr/bin/python3
-- Using PYTHON_INCLUDE_DIRS: /usr/include/python3.10
-- Using PYTHON_LIBRARIES: /usr/lib/x86_64-linux-gnu/libpython3.10.so
-- Found PythonExtra: .so  
-- Added test 'cppcheck' to perform static code analysis on C / C++ code
-- Configured cppcheck include dirs: 
-- Configured cppcheck exclude dirs and/or files: 
-- Added test 'flake8' to check Python code syntax and style conventions
-- Added test 'lint_cmake' to check CMake code style
-- Added test 'pep257' to check Python code against some of the docstring style conventions in PEP 257
-- Added test 'uncrustify' to check C / C++ code style
-- Configured uncrustify additional arguments: 
-- Added test 'xmllint' to check XML markup files
-- Configuring done
-- Generating done
-- Build files have been written to: /home/yadhu/ur3e/build/ur_robot_driver
-- Install configuration: ""
-- Installing: /home/yadhu/ur3e/install/ur_robot_driver/share/ur_robot_driver/config
-- Installing: /home/yadhu/ur3e/install/ur_robot_driver/share/ur_robot_driver/config/ur_controllers.yaml
-- Installing: /home/yadhu/ur3e/install/ur_robot_driver/share/ur_robot_driver/config/ur3e_update_rate.yaml
-- Installing: /home/yadhu/ur3e/install/ur_robot_driver/share/ur_robot_driver/config/ur30_update_rate.yaml
-- Installing: /home/yadhu/ur3e/install/ur_robot_driver/share/ur_robot_driver/config/test_velocity_goal_publishers_config.yaml
-- Installing: /home/yadhu/ur3e/install/ur_robot_driver/share/ur_robot_driver/config/ur3_update_rate.yaml
-- Installing: /home/yadhu/ur3e/install/ur_robot_driver/share/ur_robot_driver/config/test_goal_publishers_config.yaml
-- Installing: /home/yadhu/ur3e/install/ur_robot_driver/share/ur_robot_driver/config/ur16e_update_rate.yaml
-- Installing: /home/yadhu/ur3e/install/ur_robot_driver/share/ur_robot_driver/config/ur10e_update_rate.yaml
-- Installing: /home/yadhu/ur3e/install/ur_robot_driver/share/ur_robot_driver/config/ur5_update_rate.yaml
-- Installing: /home/yadhu/ur3e/install/ur_robot_driver/share/ur_robot_driver/config/ur20_update_rate.yaml
-- Installing: /home/yadhu/ur3e/install/ur_robot_driver/share/ur_robot_driver/config/ur5e_update_rate.yaml
-- Installing: /home/yadhu/ur3e/install/ur_robot_driver/share/ur_robot_driver/config/ur10_update_rate.yaml
-- Installing: /home/yadhu/ur3e/install/ur_robot_driver/share/ur_robot_driver/include
-- Installing: /home/yadhu/ur3e/install/ur_robot_driver/share/ur_robot_driver/include/ur_robot_driver
-- Installing: /home/yadhu/ur3e/install/ur_robot_driver/share/ur_robot_driver/include/ur_robot_driver/hardware_interface.hpp
-- Installing: /home/yadhu/ur3e/install/ur_robot_driver/share/ur_robot_driver/include/ur_robot_driver/dashboard_client_ros.hpp
-- Installing: /home/yadhu/ur3e/install/ur_robot_driver/share/ur_robot_driver/include/ur_robot_driver/controller_stopper.hpp
-- Installing: /home/yadhu/ur3e/install/ur_robot_driver/share/ur_robot_driver/include/ur_robot_driver/urcl_log_handler.hpp
-- Installing: /home/yadhu/ur3e/install/ur_robot_driver/share/ur_robot_driver/src
-- Installing: /home/yadhu/ur3e/install/ur_robot_driver/share/ur_robot_driver/src/ur_ros2_control_node.cpp
-- Installing: /home/yadhu/ur3e/install/ur_robot_driver/share/ur_robot_driver/src/dashboard_client_node.cpp
-- Installing: /home/yadhu/ur3e/install/ur_robot_driver/share/ur_robot_driver/src/controller_stopper.cpp
-- Installing: /home/yadhu/ur3e/install/ur_robot_driver/share/ur_robot_driver/src/controller_stopper_node.cpp
-- Installing: /home/yadhu/ur3e/install/ur_robot_driver/share/ur_robot_driver/src/urscript_interface.cpp
-- Installing: /home/yadhu/ur3e/install/ur_robot_driver/share/ur_robot_driver/src/hardware_interface.cpp
-- Installing: /home/yadhu/ur3e/install/ur_robot_driver/share/ur_robot_driver/src/urcl_log_handler.cpp
-- Installing: /home/yadhu/ur3e/install/ur_robot_driver/share/ur_robot_driver/src/dashboard_client_ros.cpp
-- Installing: /home/yadhu/ur3e/install/ur_robot_driver/share/ur_robot_driver/launch
-- Installing: /home/yadhu/ur3e/install/ur_robot_driver/share/ur_robot_driver/launch/controller.launch.py
-- Installing: /home/yadhu/ur3e/install/ur_robot_driver/share/ur_robot_driver/launch/ur_control.launch.py
-- Installing: /home/yadhu/ur3e/install/ur_robot_driver/share/ur_robot_driver/launch/test_joint_trajectory_controller.launch.py
-- Installing: /home/yadhu/ur3e/install/ur_robot_driver/share/ur_robot_driver/launch/ur_dashboard_client.launch.py
-- Installing: /home/yadhu/ur3e/install/ur_robot_driver/share/ur_robot_driver/launch/test_forward_velocity_controller.launch.py
-- Installing: /home/yadhu/ur3e/install/ur_robot_driver/share/ur_robot_driver/launch/test_scaled_joint_trajectory_controller.launch.py
-- Installing: /home/yadhu/ur3e/install/ur_robot_driver/share/ur_robot_driver/launch/ur3e.launch.py
-- Installing: /home/yadhu/ur3e/install/ur_robot_driver/share/ur_robot_driver/ur_robot_driver
-- Installing: /home/yadhu/ur3e/install/ur_robot_driver/share/ur_robot_driver/ur_robot_driver/__init__.py
-- Installing: /home/yadhu/ur3e/install/ur_robot_driver/share/ament_index/resource_index/package_run_dependencies/ur_robot_driver
-- Installing: /home/yadhu/ur3e/install/ur_robot_driver/share/ament_index/resource_index/parent_prefix_path/ur_robot_driver
-- Installing: /home/yadhu/ur3e/install/ur_robot_driver/share/ur_robot_driver/environment/ament_prefix_path.sh
-- Installing: /home/yadhu/ur3e/install/ur_robot_driver/share/ur_robot_driver/environment/ament_prefix_path.dsv
-- Installing: /home/yadhu/ur3e/install/ur_robot_driver/share/ur_robot_driver/environment/path.sh
-- Installing: /home/yadhu/ur3e/install/ur_robot_driver/share/ur_robot_driver/environment/path.dsv
-- Installing: /home/yadhu/ur3e/install/ur_robot_driver/share/ur_robot_driver/local_setup.bash
-- Installing: /home/yadhu/ur3e/install/ur_robot_driver/share/ur_robot_driver/local_setup.sh
-- Installing: /home/yadhu/ur3e/install/ur_robot_driver/share/ur_robot_driver/local_setup.zsh
-- Installing: /home/yadhu/ur3e/install/ur_robot_driver/share/ur_robot_driver/local_setup.dsv
-- Installing: /home/yadhu/ur3e/install/ur_robot_driver/share/ur_robot_driver/package.dsv
-- Installing: /home/yadhu/ur3e/install/ur_robot_driver/share/ament_index/resource_index/packages/ur_robot_driver
-- Installing: /home/yadhu/ur3e/install/ur_robot_driver/share/ur_robot_driver/cmake/ur_robot_driverConfig.cmake
-- Installing: /home/yadhu/ur3e/install/ur_robot_driver/share/ur_robot_driver/cmake/ur_robot_driverConfig-version.cmake
-- Installing: /home/yadhu/ur3e/install/ur_robot_driver/share/ur_robot_driver/package.xml
