-- Install configuration: ""
-- Installing: /home/yadhu/ur3e/src/install/robotiq_description/share/robotiq_description/config
-- Installing: /home/yadhu/ur3e/src/install/robotiq_description/share/robotiq_description/config/robotiq_controllers.yaml
-- Installing: /home/yadhu/ur3e/src/install/robotiq_description/share/robotiq_description/launch
-- Installing: /home/yadhu/ur3e/src/install/robotiq_description/share/robotiq_description/launch/robotiq_control.launch.py
-- Installing: /home/yadhu/ur3e/src/install/robotiq_description/share/robotiq_description/launch/view_gripper.launch.py
-- Installing: /home/yadhu/ur3e/src/install/robotiq_description/share/robotiq_description/meshes
-- Installing: /home/yadhu/ur3e/src/install/robotiq_description/share/robotiq_description/meshes/collision
-- Installing: /home/yadhu/ur3e/src/install/robotiq_description/share/robotiq_description/meshes/collision/2f_85
-- Installing: /home/yadhu/ur3e/src/install/robotiq_description/share/robotiq_description/meshes/collision/2f_85/ur_to_robotiq_adapter.stl
-- Installing: /home/yadhu/ur3e/src/install/robotiq_description/share/robotiq_description/meshes/collision/2f_85/right_finger_tip.stl
-- Installing: /home/yadhu/ur3e/src/install/robotiq_description/share/robotiq_description/meshes/collision/2f_85/left_inner_knuckle.stl
-- Installing: /home/yadhu/ur3e/src/install/robotiq_description/share/robotiq_description/meshes/collision/2f_85/right_knuckle.stl
-- Installing: /home/yadhu/ur3e/src/install/robotiq_description/share/robotiq_description/meshes/collision/2f_85/left_knuckle.stl
-- Installing: /home/yadhu/ur3e/src/install/robotiq_description/share/robotiq_description/meshes/collision/2f_85/left_finger_tip.stl
-- Installing: /home/yadhu/ur3e/src/install/robotiq_description/share/robotiq_description/meshes/collision/2f_85/right_inner_knuckle.stl
-- Installing: /home/yadhu/ur3e/src/install/robotiq_description/share/robotiq_description/meshes/collision/2f_85/robotiq_base.stl
-- Installing: /home/yadhu/ur3e/src/install/robotiq_description/share/robotiq_description/meshes/collision/2f_85/left_finger.stl
-- Installing: /home/yadhu/ur3e/src/install/robotiq_description/share/robotiq_description/meshes/collision/2f_85/right_finger.stl
-- Installing: /home/yadhu/ur3e/src/install/robotiq_description/share/robotiq_description/meshes/visual
-- Installing: /home/yadhu/ur3e/src/install/robotiq_description/share/robotiq_description/meshes/visual/2f_85
-- Installing: /home/yadhu/ur3e/src/install/robotiq_description/share/robotiq_description/meshes/visual/2f_85/right_finger.dae
-- Installing: /home/yadhu/ur3e/src/install/robotiq_description/share/robotiq_description/meshes/visual/2f_85/left_finger_tip.dae
-- Installing: /home/yadhu/ur3e/src/install/robotiq_description/share/robotiq_description/meshes/visual/2f_85/right_inner_knuckle.dae
-- Installing: /home/yadhu/ur3e/src/install/robotiq_description/share/robotiq_description/meshes/visual/2f_85/right_knuckle.dae
-- Installing: /home/yadhu/ur3e/src/install/robotiq_description/share/robotiq_description/meshes/visual/2f_85/right_finger_tip.dae
-- Installing: /home/yadhu/ur3e/src/install/robotiq_description/share/robotiq_description/meshes/visual/2f_85/ur_to_robotiq_adapter.dae
-- Installing: /home/yadhu/ur3e/src/install/robotiq_description/share/robotiq_description/meshes/visual/2f_85/left_inner_knuckle.dae
-- Installing: /home/yadhu/ur3e/src/install/robotiq_description/share/robotiq_description/meshes/visual/2f_85/left_finger.dae
-- Installing: /home/yadhu/ur3e/src/install/robotiq_description/share/robotiq_description/meshes/visual/2f_85/left_knuckle.dae
-- Installing: /home/yadhu/ur3e/src/install/robotiq_description/share/robotiq_description/meshes/visual/2f_85/robotiq_base.dae
-- Installing: /home/yadhu/ur3e/src/install/robotiq_description/share/robotiq_description/rviz
-- Installing: /home/yadhu/ur3e/src/install/robotiq_description/share/robotiq_description/rviz/view_urdf.rviz
-- Installing: /home/yadhu/ur3e/src/install/robotiq_description/share/robotiq_description/urdf
-- Installing: /home/yadhu/ur3e/src/install/robotiq_description/share/robotiq_description/urdf/robotiq_2f_85_macro.urdf.xacro
-- Installing: /home/yadhu/ur3e/src/install/robotiq_description/share/robotiq_description/urdf/2f_85.ros2_control.xacro
-- Installing: /home/yadhu/ur3e/src/install/robotiq_description/share/robotiq_description/urdf/robotiq_2f_85_gripper.urdf.xacro
-- Installing: /home/yadhu/ur3e/src/install/robotiq_description/share/robotiq_description/urdf/ur_to_robotiq_adapter.urdf.xacro
-- Installing: /home/yadhu/ur3e/src/install/robotiq_description/share/ament_index/resource_index/package_run_dependencies/robotiq_description
-- Installing: /home/yadhu/ur3e/src/install/robotiq_description/share/ament_index/resource_index/parent_prefix_path/robotiq_description
-- Installing: /home/yadhu/ur3e/src/install/robotiq_description/share/robotiq_description/environment/ament_prefix_path.sh
-- Installing: /home/yadhu/ur3e/src/install/robotiq_description/share/robotiq_description/environment/ament_prefix_path.dsv
-- Installing: /home/yadhu/ur3e/src/install/robotiq_description/share/robotiq_description/environment/path.sh
-- Installing: /home/yadhu/ur3e/src/install/robotiq_description/share/robotiq_description/environment/path.dsv
-- Installing: /home/yadhu/ur3e/src/install/robotiq_description/share/robotiq_description/local_setup.bash
-- Installing: /home/yadhu/ur3e/src/install/robotiq_description/share/robotiq_description/local_setup.sh
-- Installing: /home/yadhu/ur3e/src/install/robotiq_description/share/robotiq_description/local_setup.zsh
-- Installing: /home/yadhu/ur3e/src/install/robotiq_description/share/robotiq_description/local_setup.dsv
-- Installing: /home/yadhu/ur3e/src/install/robotiq_description/share/robotiq_description/package.dsv
-- Installing: /home/yadhu/ur3e/src/install/robotiq_description/share/ament_index/resource_index/packages/robotiq_description
-- Installing: /home/yadhu/ur3e/src/install/robotiq_description/share/robotiq_description/cmake/robotiq_descriptionConfig.cmake
-- Installing: /home/yadhu/ur3e/src/install/robotiq_description/share/robotiq_description/cmake/robotiq_descriptionConfig-version.cmake
-- Installing: /home/yadhu/ur3e/src/install/robotiq_description/share/robotiq_description/package.xml
