[0.034s] Invoking command in '/home/yadhu/ur3e/src/build/robotiq_description': CMAKE_PREFIX_PATH=/opt/ros/humble /usr/bin/cmake --build /home/yadhu/ur3e/src/build/robotiq_description -- -j16 -l16
[0.388s] Invoked command in '/home/yadhu/ur3e/src/build/robotiq_description' returned '0': CMAKE_PREFIX_PATH=/opt/ros/humble /usr/bin/cmake --build /home/yadhu/ur3e/src/build/robotiq_description -- -j16 -l16
[0.412s] Invoking command in '/home/yadhu/ur3e/src/build/robotiq_description': CMAKE_PREFIX_PATH=/opt/ros/humble /usr/bin/cmake --install /home/yadhu/ur3e/src/build/robotiq_description
[0.415s] -- Install configuration: ""
[0.416s] -- Installing: /home/yadhu/ur3e/src/install/robotiq_description/share/robotiq_description/config
[0.416s] -- Installing: /home/yadhu/ur3e/src/install/robotiq_description/share/robotiq_description/config/robotiq_controllers.yaml
[0.416s] -- Installing: /home/yadhu/ur3e/src/install/robotiq_description/share/robotiq_description/launch
[0.416s] -- Installing: /home/yadhu/ur3e/src/install/robotiq_description/share/robotiq_description/launch/robotiq_control.launch.py
[0.417s] -- Installing: /home/yadhu/ur3e/src/install/robotiq_description/share/robotiq_description/launch/view_gripper.launch.py
[0.417s] -- Installing: /home/yadhu/ur3e/src/install/robotiq_description/share/robotiq_description/meshes
[0.418s] -- Installing: /home/yadhu/ur3e/src/install/robotiq_description/share/robotiq_description/meshes/collision
[0.418s] -- Installing: /home/yadhu/ur3e/src/install/robotiq_description/share/robotiq_description/meshes/collision/2f_85
[0.418s] -- Installing: /home/yadhu/ur3e/src/install/robotiq_description/share/robotiq_description/meshes/collision/2f_85/ur_to_robotiq_adapter.stl
[0.420s] -- Installing: /home/yadhu/ur3e/src/install/robotiq_description/share/robotiq_description/meshes/collision/2f_85/right_finger_tip.stl
[0.420s] -- Installing: /home/yadhu/ur3e/src/install/robotiq_description/share/robotiq_description/meshes/collision/2f_85/left_inner_knuckle.stl
[0.420s] -- Installing: /home/yadhu/ur3e/src/install/robotiq_description/share/robotiq_description/meshes/collision/2f_85/right_knuckle.stl
[0.421s] -- Installing: /home/yadhu/ur3e/src/install/robotiq_description/share/robotiq_description/meshes/collision/2f_85/left_knuckle.stl
[0.421s] -- Installing: /home/yadhu/ur3e/src/install/robotiq_description/share/robotiq_description/meshes/collision/2f_85/left_finger_tip.stl
[0.421s] -- Installing: /home/yadhu/ur3e/src/install/robotiq_description/share/robotiq_description/meshes/collision/2f_85/right_inner_knuckle.stl
[0.421s] -- Installing: /home/yadhu/ur3e/src/install/robotiq_description/share/robotiq_description/meshes/collision/2f_85/robotiq_base.stl
[0.422s] -- Installing: /home/yadhu/ur3e/src/install/robotiq_description/share/robotiq_description/meshes/collision/2f_85/left_finger.stl
[0.422s] -- Installing: /home/yadhu/ur3e/src/install/robotiq_description/share/robotiq_description/meshes/collision/2f_85/right_finger.stl
[0.422s] -- Installing: /home/yadhu/ur3e/src/install/robotiq_description/share/robotiq_description/meshes/visual
[0.422s] -- Installing: /home/yadhu/ur3e/src/install/robotiq_description/share/robotiq_description/meshes/visual/2f_85
[0.423s] -- Installing: /home/yadhu/ur3e/src/install/robotiq_description/share/robotiq_description/meshes/visual/2f_85/right_finger.dae
[0.423s] -- Installing: /home/yadhu/ur3e/src/install/robotiq_description/share/robotiq_description/meshes/visual/2f_85/left_finger_tip.dae
[0.424s] -- Installing: /home/yadhu/ur3e/src/install/robotiq_description/share/robotiq_description/meshes/visual/2f_85/right_inner_knuckle.dae
[0.425s] -- Installing: /home/yadhu/ur3e/src/install/robotiq_description/share/robotiq_description/meshes/visual/2f_85/right_knuckle.dae
[0.425s] -- Installing: /home/yadhu/ur3e/src/install/robotiq_description/share/robotiq_description/meshes/visual/2f_85/right_finger_tip.dae
[0.425s] -- Installing: /home/yadhu/ur3e/src/install/robotiq_description/share/robotiq_description/meshes/visual/2f_85/ur_to_robotiq_adapter.dae
[0.426s] -- Installing: /home/yadhu/ur3e/src/install/robotiq_description/share/robotiq_description/meshes/visual/2f_85/left_inner_knuckle.dae
[0.428s] -- Installing: /home/yadhu/ur3e/src/install/robotiq_description/share/robotiq_description/meshes/visual/2f_85/left_finger.dae
[0.428s] -- Installing: /home/yadhu/ur3e/src/install/robotiq_description/share/robotiq_description/meshes/visual/2f_85/left_knuckle.dae
[0.429s] -- Installing: /home/yadhu/ur3e/src/install/robotiq_description/share/robotiq_description/meshes/visual/2f_85/robotiq_base.dae
[0.432s] -- Installing: /home/yadhu/ur3e/src/install/robotiq_description/share/robotiq_description/rviz
[0.432s] -- Installing: /home/yadhu/ur3e/src/install/robotiq_description/share/robotiq_description/rviz/view_urdf.rviz
[0.432s] -- Installing: /home/yadhu/ur3e/src/install/robotiq_description/share/robotiq_description/urdf
[0.432s] -- Installing: /home/yadhu/ur3e/src/install/robotiq_description/share/robotiq_description/urdf/robotiq_2f_85_macro.urdf.xacro
[0.432s] -- Installing: /home/yadhu/ur3e/src/install/robotiq_description/share/robotiq_description/urdf/2f_85.ros2_control.xacro
[0.433s] -- Installing: /home/yadhu/ur3e/src/install/robotiq_description/share/robotiq_description/urdf/robotiq_2f_85_gripper.urdf.xacro
[0.433s] -- Installing: /home/yadhu/ur3e/src/install/robotiq_description/share/robotiq_description/urdf/ur_to_robotiq_adapter.urdf.xacro
[0.433s] -- Installing: /home/yadhu/ur3e/src/install/robotiq_description/share/ament_index/resource_index/package_run_dependencies/robotiq_description
[0.433s] -- Installing: /home/yadhu/ur3e/src/install/robotiq_description/share/ament_index/resource_index/parent_prefix_path/robotiq_description
[0.434s] -- Installing: /home/yadhu/ur3e/src/install/robotiq_description/share/robotiq_description/environment/ament_prefix_path.sh
[0.434s] -- Installing: /home/yadhu/ur3e/src/install/robotiq_description/share/robotiq_description/environment/ament_prefix_path.dsv
[0.434s] -- Installing: /home/yadhu/ur3e/src/install/robotiq_description/share/robotiq_description/environment/path.sh
[0.434s] -- Installing: /home/yadhu/ur3e/src/install/robotiq_description/share/robotiq_description/environment/path.dsv
[0.435s] -- Installing: /home/yadhu/ur3e/src/install/robotiq_description/share/robotiq_description/local_setup.bash
[0.435s] -- Installing: /home/yadhu/ur3e/src/install/robotiq_description/share/robotiq_description/local_setup.sh
[0.435s] -- Installing: /home/yadhu/ur3e/src/install/robotiq_description/share/robotiq_description/local_setup.zsh
[0.435s] -- Installing: /home/yadhu/ur3e/src/install/robotiq_description/share/robotiq_description/local_setup.dsv
[0.435s] -- Installing: /home/yadhu/ur3e/src/install/robotiq_description/share/robotiq_description/package.dsv
[0.435s] -- Installing: /home/yadhu/ur3e/src/install/robotiq_description/share/ament_index/resource_index/packages/robotiq_description
[0.436s] -- Installing: /home/yadhu/ur3e/src/install/robotiq_description/share/robotiq_description/cmake/robotiq_descriptionConfig.cmake
[0.436s] -- Installing: /home/yadhu/ur3e/src/install/robotiq_description/share/robotiq_description/cmake/robotiq_descriptionConfig-version.cmake
[0.436s] -- Installing: /home/yadhu/ur3e/src/install/robotiq_description/share/robotiq_description/package.xml
[0.437s] Invoked command in '/home/yadhu/ur3e/src/build/robotiq_description' returned '0': CMAKE_PREFIX_PATH=/opt/ros/humble /usr/bin/cmake --install /home/yadhu/ur3e/src/build/robotiq_description
