[0.026s] Invoking command in '/home/yadhu/ur3e/build/cppfile': CMAKE_PREFIX_PATH=/home/yadhu/ur3e/install/ur_gripper_gazebo:/home/yadhu/ur3e/install/ur_description:/home/yadhu/ur3e/install/ur_moveit_config:/home/yadhu/ur3e/install/cppfile:/home/yadhu/ur3e/install/robotiq_description:/home/yadhu/ur3e/install/pyfile:/opt/ros/humble /usr/bin/cmake --build /home/yadhu/ur3e/build/cppfile -- -j16 -l16
[0.216s] [35m[1mConsolidate compiler generated dependencies of target simple_moveit_interface[0m
[0.216s] [100%] Built target simple_moveit_interface
[0.219s] Invoked command in '/home/yadhu/ur3e/build/cppfile' returned '0': CMAKE_PREFIX_PATH=/home/yadhu/ur3e/install/ur_gripper_gazebo:/home/yadhu/ur3e/install/ur_description:/home/yadhu/ur3e/install/ur_moveit_config:/home/yadhu/ur3e/install/cppfile:/home/yadhu/ur3e/install/robotiq_description:/home/yadhu/ur3e/install/pyfile:/opt/ros/humble /usr/bin/cmake --build /home/yadhu/ur3e/build/cppfile -- -j16 -l16
[0.242s] Invoking command in '/home/yadhu/ur3e/build/cppfile': CMAKE_PREFIX_PATH=/home/yadhu/ur3e/install/ur_gripper_gazebo:/home/yadhu/ur3e/install/ur_description:/home/yadhu/ur3e/install/ur_moveit_config:/home/yadhu/ur3e/install/cppfile:/home/yadhu/ur3e/install/robotiq_description:/home/yadhu/ur3e/install/pyfile:/opt/ros/humble /usr/bin/cmake --install /home/yadhu/ur3e/build/cppfile
[0.249s] -- Install configuration: ""
[0.249s] -- Up-to-date: /home/yadhu/ur3e/install/cppfile/lib/cppfile/simple_moveit_interface
[0.249s] -- Up-to-date: /home/yadhu/ur3e/install/cppfile/share/ament_index/resource_index/package_run_dependencies/cppfile
[0.249s] -- Up-to-date: /home/yadhu/ur3e/install/cppfile/share/ament_index/resource_index/parent_prefix_path/cppfile
[0.249s] -- Up-to-date: /home/yadhu/ur3e/install/cppfile/share/cppfile/environment/ament_prefix_path.sh
[0.249s] -- Up-to-date: /home/yadhu/ur3e/install/cppfile/share/cppfile/environment/ament_prefix_path.dsv
[0.249s] -- Up-to-date: /home/yadhu/ur3e/install/cppfile/share/cppfile/environment/path.sh
[0.249s] -- Up-to-date: /home/yadhu/ur3e/install/cppfile/share/cppfile/environment/path.dsv
[0.249s] -- Up-to-date: /home/yadhu/ur3e/install/cppfile/share/cppfile/local_setup.bash
[0.249s] -- Up-to-date: /home/yadhu/ur3e/install/cppfile/share/cppfile/local_setup.sh
[0.249s] -- Up-to-date: /home/yadhu/ur3e/install/cppfile/share/cppfile/local_setup.zsh
[0.249s] -- Up-to-date: /home/yadhu/ur3e/install/cppfile/share/cppfile/local_setup.dsv
[0.249s] -- Installing: /home/yadhu/ur3e/install/cppfile/share/cppfile/package.dsv
[0.249s] -- Up-to-date: /home/yadhu/ur3e/install/cppfile/share/ament_index/resource_index/packages/cppfile
[0.249s] -- Up-to-date: /home/yadhu/ur3e/install/cppfile/share/cppfile/cmake/cppfileConfig.cmake
[0.249s] -- Up-to-date: /home/yadhu/ur3e/install/cppfile/share/cppfile/cmake/cppfileConfig-version.cmake
[0.250s] -- Up-to-date: /home/yadhu/ur3e/install/cppfile/share/cppfile/package.xml
[0.251s] Invoked command in '/home/yadhu/ur3e/build/cppfile' returned '0': CMAKE_PREFIX_PATH=/home/yadhu/ur3e/install/ur_gripper_gazebo:/home/yadhu/ur3e/install/ur_description:/home/yadhu/ur3e/install/ur_moveit_config:/home/yadhu/ur3e/install/cppfile:/home/yadhu/ur3e/install/robotiq_description:/home/yadhu/ur3e/install/pyfile:/opt/ros/humble /usr/bin/cmake --install /home/yadhu/ur3e/build/cppfile
