[0.055s] DEBUG:colcon:Command line arguments: ['/usr/bin/colcon', 'build']
[0.055s] DEBUG:colcon:Parsed command line arguments: Namespace(log_base=None, log_level=None, verb_name='build', build_base='build', install_base='install', merge_install=False, symlink_install=False, test_result_base=None, continue_on_error=False, executor='parallel', parallel_workers=16, event_handlers=None, ignore_user_meta=False, metas=['./colcon.meta'], base_paths=['.'], packages_ignore=None, packages_ignore_regex=None, paths=None, packages_up_to=None, packages_up_to_regex=None, packages_above=None, packages_above_and_dependencies=None, packages_above_depth=None, packages_select_by_dep=None, packages_skip_by_dep=None, packages_skip_up_to=None, packages_select_build_failed=False, packages_skip_build_finished=False, packages_select_test_failures=False, packages_skip_test_passed=False, packages_select=None, packages_skip=None, packages_select_regex=None, packages_skip_regex=None, packages_start=None, packages_end=None, cmake_args=None, cmake_target=None, cmake_target_skip_unavailable=False, cmake_clean_cache=False, cmake_clean_first=False, cmake_force_configure=False, ament_cmake_args=None, catkin_cmake_args=None, catkin_skip_building_tests=False, mixin_files=None, mixin=None, verb_parser=<colcon_mixin.mixin.mixin_argument.MixinArgumentDecorator object at 0x7d3f4b5ecb20>, verb_extension=<colcon_core.verb.build.BuildVerb object at 0x7d3f4b75e890>, main=<bound method BuildVerb.main of <colcon_core.verb.build.BuildVerb object at 0x7d3f4b75e890>>, mixin_verb=('build',))
[0.123s] Level 1:colcon.colcon_core.package_discovery:discover_packages(colcon_meta) check parameters
[0.123s] Level 1:colcon.colcon_core.package_discovery:discover_packages(recursive) check parameters
[0.123s] Level 1:colcon.colcon_core.package_discovery:discover_packages(ignore) check parameters
[0.123s] Level 1:colcon.colcon_core.package_discovery:discover_packages(path) check parameters
[0.123s] Level 1:colcon.colcon_core.package_discovery:discover_packages(colcon_meta) discover
[0.123s] Level 1:colcon.colcon_core.package_discovery:discover_packages(recursive) discover
[0.123s] INFO:colcon.colcon_core.package_discovery:Crawling recursively for packages in '/home/yadhu/ur3e'
[0.123s] Level 1:colcon.colcon_core.package_identification:_identify(.) by extensions ['ignore', 'ignore_ament_install']
[0.123s] Level 1:colcon.colcon_core.package_identification:_identify(.) by extension 'ignore'
[0.123s] Level 1:colcon.colcon_core.package_identification:_identify(.) by extension 'ignore_ament_install'
[0.123s] Level 1:colcon.colcon_core.package_identification:_identify(.) by extensions ['colcon_pkg']
[0.123s] Level 1:colcon.colcon_core.package_identification:_identify(.) by extension 'colcon_pkg'
[0.123s] Level 1:colcon.colcon_core.package_identification:_identify(.) by extensions ['colcon_meta']
[0.123s] Level 1:colcon.colcon_core.package_identification:_identify(.) by extension 'colcon_meta'
[0.123s] Level 1:colcon.colcon_core.package_identification:_identify(.) by extensions ['ros']
[0.123s] Level 1:colcon.colcon_core.package_identification:_identify(.) by extension 'ros'
[0.129s] Level 1:colcon.colcon_core.package_identification:_identify(.) by extensions ['cmake', 'python']
[0.129s] Level 1:colcon.colcon_core.package_identification:_identify(.) by extension 'cmake'
[0.130s] Level 1:colcon.colcon_core.package_identification:_identify(.) by extension 'python'
[0.130s] Level 1:colcon.colcon_core.package_identification:_identify(.) by extensions ['python_setup_py']
[0.130s] Level 1:colcon.colcon_core.package_identification:_identify(.) by extension 'python_setup_py'
[0.130s] Level 1:colcon.colcon_core.package_identification:_identify(build) by extensions ['ignore', 'ignore_ament_install']
[0.130s] Level 1:colcon.colcon_core.package_identification:_identify(build) by extension 'ignore'
[0.130s] Level 1:colcon.colcon_core.package_identification:_identify(build) ignored
[0.130s] Level 1:colcon.colcon_core.package_identification:_identify(install) by extensions ['ignore', 'ignore_ament_install']
[0.130s] Level 1:colcon.colcon_core.package_identification:_identify(install) by extension 'ignore'
[0.130s] Level 1:colcon.colcon_core.package_identification:_identify(install) ignored
[0.130s] Level 1:colcon.colcon_core.package_identification:_identify(log) by extensions ['ignore', 'ignore_ament_install']
[0.130s] Level 1:colcon.colcon_core.package_identification:_identify(log) by extension 'ignore'
[0.130s] Level 1:colcon.colcon_core.package_identification:_identify(log) ignored
[0.130s] Level 1:colcon.colcon_core.package_identification:_identify(src) by extensions ['ignore', 'ignore_ament_install']
[0.130s] Level 1:colcon.colcon_core.package_identification:_identify(src) by extension 'ignore'
[0.130s] Level 1:colcon.colcon_core.package_identification:_identify(src) by extension 'ignore_ament_install'
[0.130s] Level 1:colcon.colcon_core.package_identification:_identify(src) by extensions ['colcon_pkg']
[0.130s] Level 1:colcon.colcon_core.package_identification:_identify(src) by extension 'colcon_pkg'
[0.130s] Level 1:colcon.colcon_core.package_identification:_identify(src) by extensions ['colcon_meta']
[0.130s] Level 1:colcon.colcon_core.package_identification:_identify(src) by extension 'colcon_meta'
[0.130s] Level 1:colcon.colcon_core.package_identification:_identify(src) by extensions ['ros']
[0.130s] Level 1:colcon.colcon_core.package_identification:_identify(src) by extension 'ros'
[0.130s] Level 1:colcon.colcon_core.package_identification:_identify(src) by extensions ['cmake', 'python']
[0.130s] Level 1:colcon.colcon_core.package_identification:_identify(src) by extension 'cmake'
[0.130s] Level 1:colcon.colcon_core.package_identification:_identify(src) by extension 'python'
[0.130s] Level 1:colcon.colcon_core.package_identification:_identify(src) by extensions ['python_setup_py']
[0.130s] Level 1:colcon.colcon_core.package_identification:_identify(src) by extension 'python_setup_py'
[0.130s] Level 1:colcon.colcon_core.package_identification:_identify(src/pyfile) by extensions ['ignore', 'ignore_ament_install']
[0.130s] Level 1:colcon.colcon_core.package_identification:_identify(src/pyfile) by extension 'ignore'
[0.130s] Level 1:colcon.colcon_core.package_identification:_identify(src/pyfile) by extension 'ignore_ament_install'
[0.131s] Level 1:colcon.colcon_core.package_identification:_identify(src/pyfile) by extensions ['colcon_pkg']
[0.131s] Level 1:colcon.colcon_core.package_identification:_identify(src/pyfile) by extension 'colcon_pkg'
[0.131s] Level 1:colcon.colcon_core.package_identification:_identify(src/pyfile) by extensions ['colcon_meta']
[0.131s] Level 1:colcon.colcon_core.package_identification:_identify(src/pyfile) by extension 'colcon_meta'
[0.131s] Level 1:colcon.colcon_core.package_identification:_identify(src/pyfile) by extensions ['ros']
[0.131s] Level 1:colcon.colcon_core.package_identification:_identify(src/pyfile) by extension 'ros'
[0.133s] DEBUG:colcon.colcon_core.package_identification:Package 'src/pyfile' with type 'ros.ament_python' and name 'pyfile'
[0.133s] Level 1:colcon.colcon_core.package_identification:_identify(src/ur_description) by extensions ['ignore', 'ignore_ament_install']
[0.133s] Level 1:colcon.colcon_core.package_identification:_identify(src/ur_description) by extension 'ignore'
[0.133s] Level 1:colcon.colcon_core.package_identification:_identify(src/ur_description) by extension 'ignore_ament_install'
[0.133s] Level 1:colcon.colcon_core.package_identification:_identify(src/ur_description) by extensions ['colcon_pkg']
[0.133s] Level 1:colcon.colcon_core.package_identification:_identify(src/ur_description) by extension 'colcon_pkg'
[0.133s] Level 1:colcon.colcon_core.package_identification:_identify(src/ur_description) by extensions ['colcon_meta']
[0.133s] Level 1:colcon.colcon_core.package_identification:_identify(src/ur_description) by extension 'colcon_meta'
[0.133s] Level 1:colcon.colcon_core.package_identification:_identify(src/ur_description) by extensions ['ros']
[0.133s] Level 1:colcon.colcon_core.package_identification:_identify(src/ur_description) by extension 'ros'
[0.134s] DEBUG:colcon.colcon_core.package_identification:Package 'src/ur_description' with type 'ros.ament_cmake' and name 'ur_description'
[0.134s] Level 1:colcon.colcon_core.package_identification:_identify(src/ur_gripper_gazebo) by extensions ['ignore', 'ignore_ament_install']
[0.134s] Level 1:colcon.colcon_core.package_identification:_identify(src/ur_gripper_gazebo) by extension 'ignore'
[0.134s] Level 1:colcon.colcon_core.package_identification:_identify(src/ur_gripper_gazebo) by extension 'ignore_ament_install'
[0.135s] Level 1:colcon.colcon_core.package_identification:_identify(src/ur_gripper_gazebo) by extensions ['colcon_pkg']
[0.135s] Level 1:colcon.colcon_core.package_identification:_identify(src/ur_gripper_gazebo) by extension 'colcon_pkg'
[0.135s] Level 1:colcon.colcon_core.package_identification:_identify(src/ur_gripper_gazebo) by extensions ['colcon_meta']
[0.135s] Level 1:colcon.colcon_core.package_identification:_identify(src/ur_gripper_gazebo) by extension 'colcon_meta'
[0.135s] Level 1:colcon.colcon_core.package_identification:_identify(src/ur_gripper_gazebo) by extensions ['ros']
[0.135s] Level 1:colcon.colcon_core.package_identification:_identify(src/ur_gripper_gazebo) by extension 'ros'
[0.135s] DEBUG:colcon.colcon_core.package_identification:Package 'src/ur_gripper_gazebo' with type 'ros.ament_cmake' and name 'ur_gripper_gazebo'
[0.135s] Level 1:colcon.colcon_core.package_identification:_identify(src/ur_moveit_config) by extensions ['ignore', 'ignore_ament_install']
[0.135s] Level 1:colcon.colcon_core.package_identification:_identify(src/ur_moveit_config) by extension 'ignore'
[0.135s] Level 1:colcon.colcon_core.package_identification:_identify(src/ur_moveit_config) by extension 'ignore_ament_install'
[0.135s] Level 1:colcon.colcon_core.package_identification:_identify(src/ur_moveit_config) by extensions ['colcon_pkg']
[0.135s] Level 1:colcon.colcon_core.package_identification:_identify(src/ur_moveit_config) by extension 'colcon_pkg'
[0.135s] Level 1:colcon.colcon_core.package_identification:_identify(src/ur_moveit_config) by extensions ['colcon_meta']
[0.135s] Level 1:colcon.colcon_core.package_identification:_identify(src/ur_moveit_config) by extension 'colcon_meta'
[0.135s] Level 1:colcon.colcon_core.package_identification:_identify(src/ur_moveit_config) by extensions ['ros']
[0.135s] Level 1:colcon.colcon_core.package_identification:_identify(src/ur_moveit_config) by extension 'ros'
[0.135s] DEBUG:colcon.colcon_core.package_identification:Package 'src/ur_moveit_config' with type 'ros.ament_cmake' and name 'ur_moveit_config'
[0.135s] Level 1:colcon.colcon_core.package_identification:_identify(src/ur_robot_driver) by extensions ['ignore', 'ignore_ament_install']
[0.135s] Level 1:colcon.colcon_core.package_identification:_identify(src/ur_robot_driver) by extension 'ignore'
[0.136s] Level 1:colcon.colcon_core.package_identification:_identify(src/ur_robot_driver) by extension 'ignore_ament_install'
[0.136s] Level 1:colcon.colcon_core.package_identification:_identify(src/ur_robot_driver) by extensions ['colcon_pkg']
[0.136s] Level 1:colcon.colcon_core.package_identification:_identify(src/ur_robot_driver) by extension 'colcon_pkg'
[0.136s] Level 1:colcon.colcon_core.package_identification:_identify(src/ur_robot_driver) by extensions ['colcon_meta']
[0.136s] Level 1:colcon.colcon_core.package_identification:_identify(src/ur_robot_driver) by extension 'colcon_meta'
[0.136s] Level 1:colcon.colcon_core.package_identification:_identify(src/ur_robot_driver) by extensions ['ros']
[0.136s] Level 1:colcon.colcon_core.package_identification:_identify(src/ur_robot_driver) by extension 'ros'
[0.136s] DEBUG:colcon.colcon_core.package_identification:Package 'src/ur_robot_driver' with type 'ros.ament_cmake' and name 'ur_robot_driver'
[0.136s] Level 1:colcon.colcon_core.package_discovery:discover_packages(recursive) using defaults
[0.137s] Level 1:colcon.colcon_core.package_discovery:discover_packages(ignore) discover
[0.137s] Level 1:colcon.colcon_core.package_discovery:discover_packages(ignore) using defaults
[0.137s] Level 1:colcon.colcon_core.package_discovery:discover_packages(path) discover
[0.137s] Level 1:colcon.colcon_core.package_discovery:discover_packages(path) using defaults
[0.150s] Level 5:colcon.colcon_core.verb:set package 'ur_description' build argument 'cmake_args' from command line to 'None'
[0.150s] Level 5:colcon.colcon_core.verb:set package 'ur_description' build argument 'cmake_target' from command line to 'None'
[0.150s] Level 5:colcon.colcon_core.verb:set package 'ur_description' build argument 'cmake_target_skip_unavailable' from command line to 'False'
[0.150s] Level 5:colcon.colcon_core.verb:set package 'ur_description' build argument 'cmake_clean_cache' from command line to 'False'
[0.150s] Level 5:colcon.colcon_core.verb:set package 'ur_description' build argument 'cmake_clean_first' from command line to 'False'
[0.150s] Level 5:colcon.colcon_core.verb:set package 'ur_description' build argument 'cmake_force_configure' from command line to 'False'
[0.150s] Level 5:colcon.colcon_core.verb:set package 'ur_description' build argument 'ament_cmake_args' from command line to 'None'
[0.150s] Level 5:colcon.colcon_core.verb:set package 'ur_description' build argument 'catkin_cmake_args' from command line to 'None'
[0.150s] Level 5:colcon.colcon_core.verb:set package 'ur_description' build argument 'catkin_skip_building_tests' from command line to 'False'
[0.150s] DEBUG:colcon.colcon_core.verb:Building package 'ur_description' with the following arguments: {'ament_cmake_args': None, 'build_base': '/home/yadhu/ur3e/build/ur_description', 'catkin_cmake_args': None, 'catkin_skip_building_tests': False, 'cmake_args': None, 'cmake_clean_cache': False, 'cmake_clean_first': False, 'cmake_force_configure': False, 'cmake_target': None, 'cmake_target_skip_unavailable': False, 'install_base': '/home/yadhu/ur3e/install/ur_description', 'merge_install': False, 'path': '/home/yadhu/ur3e/src/ur_description', 'symlink_install': False, 'test_result_base': None}
[0.150s] Level 5:colcon.colcon_core.verb:set package 'ur_moveit_config' build argument 'cmake_args' from command line to 'None'
[0.150s] Level 5:colcon.colcon_core.verb:set package 'ur_moveit_config' build argument 'cmake_target' from command line to 'None'
[0.150s] Level 5:colcon.colcon_core.verb:set package 'ur_moveit_config' build argument 'cmake_target_skip_unavailable' from command line to 'False'
[0.150s] Level 5:colcon.colcon_core.verb:set package 'ur_moveit_config' build argument 'cmake_clean_cache' from command line to 'False'
[0.150s] Level 5:colcon.colcon_core.verb:set package 'ur_moveit_config' build argument 'cmake_clean_first' from command line to 'False'
[0.150s] Level 5:colcon.colcon_core.verb:set package 'ur_moveit_config' build argument 'cmake_force_configure' from command line to 'False'
[0.150s] Level 5:colcon.colcon_core.verb:set package 'ur_moveit_config' build argument 'ament_cmake_args' from command line to 'None'
[0.150s] Level 5:colcon.colcon_core.verb:set package 'ur_moveit_config' build argument 'catkin_cmake_args' from command line to 'None'
[0.150s] Level 5:colcon.colcon_core.verb:set package 'ur_moveit_config' build argument 'catkin_skip_building_tests' from command line to 'False'
[0.150s] DEBUG:colcon.colcon_core.verb:Building package 'ur_moveit_config' with the following arguments: {'ament_cmake_args': None, 'build_base': '/home/yadhu/ur3e/build/ur_moveit_config', 'catkin_cmake_args': None, 'catkin_skip_building_tests': False, 'cmake_args': None, 'cmake_clean_cache': False, 'cmake_clean_first': False, 'cmake_force_configure': False, 'cmake_target': None, 'cmake_target_skip_unavailable': False, 'install_base': '/home/yadhu/ur3e/install/ur_moveit_config', 'merge_install': False, 'path': '/home/yadhu/ur3e/src/ur_moveit_config', 'symlink_install': False, 'test_result_base': None}
[0.150s] Level 5:colcon.colcon_core.verb:set package 'ur_gripper_gazebo' build argument 'cmake_args' from command line to 'None'
[0.150s] Level 5:colcon.colcon_core.verb:set package 'ur_gripper_gazebo' build argument 'cmake_target' from command line to 'None'
[0.150s] Level 5:colcon.colcon_core.verb:set package 'ur_gripper_gazebo' build argument 'cmake_target_skip_unavailable' from command line to 'False'
[0.150s] Level 5:colcon.colcon_core.verb:set package 'ur_gripper_gazebo' build argument 'cmake_clean_cache' from command line to 'False'
[0.150s] Level 5:colcon.colcon_core.verb:set package 'ur_gripper_gazebo' build argument 'cmake_clean_first' from command line to 'False'
[0.150s] Level 5:colcon.colcon_core.verb:set package 'ur_gripper_gazebo' build argument 'cmake_force_configure' from command line to 'False'
[0.150s] Level 5:colcon.colcon_core.verb:set package 'ur_gripper_gazebo' build argument 'ament_cmake_args' from command line to 'None'
[0.150s] Level 5:colcon.colcon_core.verb:set package 'ur_gripper_gazebo' build argument 'catkin_cmake_args' from command line to 'None'
[0.150s] Level 5:colcon.colcon_core.verb:set package 'ur_gripper_gazebo' build argument 'catkin_skip_building_tests' from command line to 'False'
[0.150s] DEBUG:colcon.colcon_core.verb:Building package 'ur_gripper_gazebo' with the following arguments: {'ament_cmake_args': None, 'build_base': '/home/yadhu/ur3e/build/ur_gripper_gazebo', 'catkin_cmake_args': None, 'catkin_skip_building_tests': False, 'cmake_args': None, 'cmake_clean_cache': False, 'cmake_clean_first': False, 'cmake_force_configure': False, 'cmake_target': None, 'cmake_target_skip_unavailable': False, 'install_base': '/home/yadhu/ur3e/install/ur_gripper_gazebo', 'merge_install': False, 'path': '/home/yadhu/ur3e/src/ur_gripper_gazebo', 'symlink_install': False, 'test_result_base': None}
[0.150s] Level 5:colcon.colcon_core.verb:set package 'ur_robot_driver' build argument 'cmake_args' from command line to 'None'
[0.150s] Level 5:colcon.colcon_core.verb:set package 'ur_robot_driver' build argument 'cmake_target' from command line to 'None'
[0.150s] Level 5:colcon.colcon_core.verb:set package 'ur_robot_driver' build argument 'cmake_target_skip_unavailable' from command line to 'False'
[0.150s] Level 5:colcon.colcon_core.verb:set package 'ur_robot_driver' build argument 'cmake_clean_cache' from command line to 'False'
[0.150s] Level 5:colcon.colcon_core.verb:set package 'ur_robot_driver' build argument 'cmake_clean_first' from command line to 'False'
[0.150s] Level 5:colcon.colcon_core.verb:set package 'ur_robot_driver' build argument 'cmake_force_configure' from command line to 'False'
[0.150s] Level 5:colcon.colcon_core.verb:set package 'ur_robot_driver' build argument 'ament_cmake_args' from command line to 'None'
[0.150s] Level 5:colcon.colcon_core.verb:set package 'ur_robot_driver' build argument 'catkin_cmake_args' from command line to 'None'
[0.150s] Level 5:colcon.colcon_core.verb:set package 'ur_robot_driver' build argument 'catkin_skip_building_tests' from command line to 'False'
[0.151s] DEBUG:colcon.colcon_core.verb:Building package 'ur_robot_driver' with the following arguments: {'ament_cmake_args': None, 'build_base': '/home/yadhu/ur3e/build/ur_robot_driver', 'catkin_cmake_args': None, 'catkin_skip_building_tests': False, 'cmake_args': None, 'cmake_clean_cache': False, 'cmake_clean_first': False, 'cmake_force_configure': False, 'cmake_target': None, 'cmake_target_skip_unavailable': False, 'install_base': '/home/yadhu/ur3e/install/ur_robot_driver', 'merge_install': False, 'path': '/home/yadhu/ur3e/src/ur_robot_driver', 'symlink_install': False, 'test_result_base': None}
[0.151s] Level 5:colcon.colcon_core.verb:set package 'pyfile' build argument 'cmake_args' from command line to 'None'
[0.151s] Level 5:colcon.colcon_core.verb:set package 'pyfile' build argument 'cmake_target' from command line to 'None'
[0.151s] Level 5:colcon.colcon_core.verb:set package 'pyfile' build argument 'cmake_target_skip_unavailable' from command line to 'False'
[0.151s] Level 5:colcon.colcon_core.verb:set package 'pyfile' build argument 'cmake_clean_cache' from command line to 'False'
[0.151s] Level 5:colcon.colcon_core.verb:set package 'pyfile' build argument 'cmake_clean_first' from command line to 'False'
[0.151s] Level 5:colcon.colcon_core.verb:set package 'pyfile' build argument 'cmake_force_configure' from command line to 'False'
[0.151s] Level 5:colcon.colcon_core.verb:set package 'pyfile' build argument 'ament_cmake_args' from command line to 'None'
[0.151s] Level 5:colcon.colcon_core.verb:set package 'pyfile' build argument 'catkin_cmake_args' from command line to 'None'
[0.151s] Level 5:colcon.colcon_core.verb:set package 'pyfile' build argument 'catkin_skip_building_tests' from command line to 'False'
[0.151s] DEBUG:colcon.colcon_core.verb:Building package 'pyfile' with the following arguments: {'ament_cmake_args': None, 'build_base': '/home/yadhu/ur3e/build/pyfile', 'catkin_cmake_args': None, 'catkin_skip_building_tests': False, 'cmake_args': None, 'cmake_clean_cache': False, 'cmake_clean_first': False, 'cmake_force_configure': False, 'cmake_target': None, 'cmake_target_skip_unavailable': False, 'install_base': '/home/yadhu/ur3e/install/pyfile', 'merge_install': False, 'path': '/home/yadhu/ur3e/src/pyfile', 'symlink_install': False, 'test_result_base': None}
[0.151s] INFO:colcon.colcon_core.executor:Executing jobs using 'parallel' executor
[0.152s] DEBUG:colcon.colcon_parallel_executor.executor.parallel:run_until_complete
[0.152s] INFO:colcon.colcon_ros.task.ament_cmake.build:Building ROS package in '/home/yadhu/ur3e/src/ur_description' with build type 'ament_cmake'
[0.152s] INFO:colcon.colcon_cmake.task.cmake.build:Building CMake package in '/home/yadhu/ur3e/src/ur_description'
[0.153s] INFO:colcon.colcon_core.plugin_system:Skipping extension 'colcon_core.shell.bat': Not used on non-Windows systems
[0.153s] INFO:colcon.colcon_core.shell:Skip shell extension 'powershell' for command environment: Not usable outside of PowerShell
[0.153s] DEBUG:colcon.colcon_core.shell:Skip shell extension 'dsv' for command environment
[0.156s] INFO:colcon.colcon_ros.task.ament_cmake.build:Building ROS package in '/home/yadhu/ur3e/src/ur_moveit_config' with build type 'ament_cmake'
[0.156s] INFO:colcon.colcon_cmake.task.cmake.build:Building CMake package in '/home/yadhu/ur3e/src/ur_moveit_config'
[0.156s] INFO:colcon.colcon_core.shell:Skip shell extension 'powershell' for command environment: Not usable outside of PowerShell
[0.156s] DEBUG:colcon.colcon_core.shell:Skip shell extension 'dsv' for command environment
[0.161s] DEBUG:colcon.colcon_core.event_handler.log_command:Invoking command in '/home/yadhu/ur3e/build/ur_description': CMAKE_PREFIX_PATH=${CMAKE_PREFIX_PATH}:/opt/ros/humble /usr/bin/cmake --build /home/yadhu/ur3e/build/ur_description -- -j16 -l16
[0.163s] DEBUG:colcon.colcon_core.event_handler.log_command:Invoking command in '/home/yadhu/ur3e/build/ur_moveit_config': CMAKE_PREFIX_PATH=${CMAKE_PREFIX_PATH}:/opt/ros/humble /usr/bin/cmake --build /home/yadhu/ur3e/build/ur_moveit_config -- -j16 -l16
[0.186s] DEBUG:colcon.colcon_core.event_handler.log_command:Invoked command in '/home/yadhu/ur3e/build/ur_moveit_config' returned '0': CMAKE_PREFIX_PATH=${CMAKE_PREFIX_PATH}:/opt/ros/humble /usr/bin/cmake --build /home/yadhu/ur3e/build/ur_moveit_config -- -j16 -l16
[0.189s] DEBUG:colcon.colcon_core.event_handler.log_command:Invoked command in '/home/yadhu/ur3e/build/ur_description' returned '0': CMAKE_PREFIX_PATH=${CMAKE_PREFIX_PATH}:/opt/ros/humble /usr/bin/cmake --build /home/yadhu/ur3e/build/ur_description -- -j16 -l16
[0.206s] DEBUG:colcon.colcon_core.event_handler.log_command:Invoking command in '/home/yadhu/ur3e/build/ur_moveit_config': CMAKE_PREFIX_PATH=${CMAKE_PREFIX_PATH}:/opt/ros/humble /usr/bin/cmake --install /home/yadhu/ur3e/build/ur_moveit_config
[0.208s] DEBUG:colcon.colcon_core.event_handler.log_command:Invoking command in '/home/yadhu/ur3e/build/ur_description': CMAKE_PREFIX_PATH=${CMAKE_PREFIX_PATH}:/opt/ros/humble /usr/bin/cmake --install /home/yadhu/ur3e/build/ur_description
[0.212s] Level 1:colcon.colcon_core.environment:create_environment_scripts_only(ur_moveit_config)
[0.216s] Level 1:colcon.colcon_core.environment:checking '/home/yadhu/ur3e/install/ur_moveit_config' for CMake module files
[0.218s] DEBUG:colcon.colcon_core.event_handler.log_command:Invoked command in '/home/yadhu/ur3e/build/ur_moveit_config' returned '0': CMAKE_PREFIX_PATH=${CMAKE_PREFIX_PATH}:/opt/ros/humble /usr/bin/cmake --install /home/yadhu/ur3e/build/ur_moveit_config
[0.219s] Level 1:colcon.colcon_core.environment:checking '/home/yadhu/ur3e/install/ur_moveit_config' for CMake config files
[0.221s] Level 1:colcon.colcon_core.shell:create_environment_hook('ur_moveit_config', 'cmake_prefix_path')
[0.221s] INFO:colcon.colcon_core.shell:Creating environment hook '/home/yadhu/ur3e/install/ur_moveit_config/share/ur_moveit_config/hook/cmake_prefix_path.ps1'
[0.222s] INFO:colcon.colcon_core.shell:Creating environment descriptor '/home/yadhu/ur3e/install/ur_moveit_config/share/ur_moveit_config/hook/cmake_prefix_path.dsv'
[0.222s] INFO:colcon.colcon_core.shell:Creating environment hook '/home/yadhu/ur3e/install/ur_moveit_config/share/ur_moveit_config/hook/cmake_prefix_path.sh'
[0.223s] Level 1:colcon.colcon_core.environment:checking '/home/yadhu/ur3e/install/ur_moveit_config/bin'
[0.223s] Level 1:colcon.colcon_core.environment:checking '/home/yadhu/ur3e/install/ur_moveit_config/lib/pkgconfig/ur_moveit_config.pc'
[0.224s] Level 1:colcon.colcon_core.environment:checking '/home/yadhu/ur3e/install/ur_moveit_config/lib/python3.10/site-packages'
[0.224s] Level 1:colcon.colcon_core.environment:checking '/home/yadhu/ur3e/install/ur_moveit_config/bin'
[0.224s] INFO:colcon.colcon_core.shell:Creating package script '/home/yadhu/ur3e/install/ur_moveit_config/share/ur_moveit_config/package.ps1'
[0.224s] INFO:colcon.colcon_core.shell:Creating package descriptor '/home/yadhu/ur3e/install/ur_moveit_config/share/ur_moveit_config/package.dsv'
[0.225s] INFO:colcon.colcon_core.shell:Creating package script '/home/yadhu/ur3e/install/ur_moveit_config/share/ur_moveit_config/package.sh'
[0.225s] INFO:colcon.colcon_core.shell:Creating package script '/home/yadhu/ur3e/install/ur_moveit_config/share/ur_moveit_config/package.bash'
[0.225s] INFO:colcon.colcon_core.shell:Creating package script '/home/yadhu/ur3e/install/ur_moveit_config/share/ur_moveit_config/package.zsh'
[0.226s] Level 1:colcon.colcon_core.environment:create_file_with_runtime_dependencies(/home/yadhu/ur3e/install/ur_moveit_config/share/colcon-core/packages/ur_moveit_config)
[0.226s] Level 1:colcon.colcon_core.environment:create_environment_scripts_only(ur_description)
[0.227s] Level 1:colcon.colcon_core.environment:checking '/home/yadhu/ur3e/install/ur_description' for CMake module files
[0.227s] DEBUG:colcon.colcon_core.event_handler.log_command:Invoked command in '/home/yadhu/ur3e/build/ur_description' returned '0': CMAKE_PREFIX_PATH=${CMAKE_PREFIX_PATH}:/opt/ros/humble /usr/bin/cmake --install /home/yadhu/ur3e/build/ur_description
[0.227s] Level 1:colcon.colcon_core.environment:checking '/home/yadhu/ur3e/install/ur_description' for CMake config files
[0.227s] Level 1:colcon.colcon_core.shell:create_environment_hook('ur_description', 'cmake_prefix_path')
[0.227s] INFO:colcon.colcon_core.shell:Creating environment hook '/home/yadhu/ur3e/install/ur_description/share/ur_description/hook/cmake_prefix_path.ps1'
[0.228s] INFO:colcon.colcon_core.shell:Creating environment descriptor '/home/yadhu/ur3e/install/ur_description/share/ur_description/hook/cmake_prefix_path.dsv'
[0.228s] INFO:colcon.colcon_core.shell:Creating environment hook '/home/yadhu/ur3e/install/ur_description/share/ur_description/hook/cmake_prefix_path.sh'
[0.228s] Level 1:colcon.colcon_core.environment:checking '/home/yadhu/ur3e/install/ur_description/bin'
[0.228s] Level 1:colcon.colcon_core.environment:checking '/home/yadhu/ur3e/install/ur_description/lib/pkgconfig/ur_description.pc'
[0.228s] Level 1:colcon.colcon_core.environment:checking '/home/yadhu/ur3e/install/ur_description/lib/python3.10/site-packages'
[0.228s] Level 1:colcon.colcon_core.environment:checking '/home/yadhu/ur3e/install/ur_description/bin'
[0.228s] INFO:colcon.colcon_core.shell:Creating package script '/home/yadhu/ur3e/install/ur_description/share/ur_description/package.ps1'
[0.229s] INFO:colcon.colcon_core.shell:Creating package descriptor '/home/yadhu/ur3e/install/ur_description/share/ur_description/package.dsv'
[0.229s] INFO:colcon.colcon_core.shell:Creating package script '/home/yadhu/ur3e/install/ur_description/share/ur_description/package.sh'
[0.229s] INFO:colcon.colcon_core.shell:Creating package script '/home/yadhu/ur3e/install/ur_description/share/ur_description/package.bash'
[0.229s] INFO:colcon.colcon_core.shell:Creating package script '/home/yadhu/ur3e/install/ur_description/share/ur_description/package.zsh'
[0.229s] Level 1:colcon.colcon_core.environment:create_file_with_runtime_dependencies(/home/yadhu/ur3e/install/ur_description/share/colcon-core/packages/ur_description)
[0.241s] Level 1:colcon.colcon_core.environment:create_environment_scripts_only(ur_moveit_config)
[0.241s] Level 1:colcon.colcon_core.environment:checking '/home/yadhu/ur3e/install/ur_moveit_config' for CMake module files
[0.241s] Level 1:colcon.colcon_core.environment:checking '/home/yadhu/ur3e/install/ur_moveit_config' for CMake config files
[0.241s] Level 1:colcon.colcon_core.shell:create_environment_hook('ur_moveit_config', 'cmake_prefix_path')
[0.241s] INFO:colcon.colcon_core.shell:Creating environment hook '/home/yadhu/ur3e/install/ur_moveit_config/share/ur_moveit_config/hook/cmake_prefix_path.ps1'
[0.242s] INFO:colcon.colcon_core.shell:Creating environment descriptor '/home/yadhu/ur3e/install/ur_moveit_config/share/ur_moveit_config/hook/cmake_prefix_path.dsv'
[0.242s] INFO:colcon.colcon_core.shell:Creating environment hook '/home/yadhu/ur3e/install/ur_moveit_config/share/ur_moveit_config/hook/cmake_prefix_path.sh'
[0.242s] Level 1:colcon.colcon_core.environment:checking '/home/yadhu/ur3e/install/ur_moveit_config/bin'
[0.242s] Level 1:colcon.colcon_core.environment:checking '/home/yadhu/ur3e/install/ur_moveit_config/lib/pkgconfig/ur_moveit_config.pc'
[0.242s] Level 1:colcon.colcon_core.environment:checking '/home/yadhu/ur3e/install/ur_moveit_config/lib/python3.10/site-packages'
[0.242s] Level 1:colcon.colcon_core.environment:checking '/home/yadhu/ur3e/install/ur_moveit_config/bin'
[0.242s] INFO:colcon.colcon_core.shell:Creating package script '/home/yadhu/ur3e/install/ur_moveit_config/share/ur_moveit_config/package.ps1'
[0.243s] INFO:colcon.colcon_core.shell:Creating package descriptor '/home/yadhu/ur3e/install/ur_moveit_config/share/ur_moveit_config/package.dsv'
[0.243s] INFO:colcon.colcon_core.shell:Creating package script '/home/yadhu/ur3e/install/ur_moveit_config/share/ur_moveit_config/package.sh'
[0.243s] INFO:colcon.colcon_core.shell:Creating package script '/home/yadhu/ur3e/install/ur_moveit_config/share/ur_moveit_config/package.bash'
[0.243s] INFO:colcon.colcon_core.shell:Creating package script '/home/yadhu/ur3e/install/ur_moveit_config/share/ur_moveit_config/package.zsh'
[0.243s] Level 1:colcon.colcon_core.environment:create_file_with_runtime_dependencies(/home/yadhu/ur3e/install/ur_moveit_config/share/colcon-core/packages/ur_moveit_config)
[0.244s] Level 1:colcon.colcon_core.environment:create_environment_scripts_only(ur_description)
[0.244s] Level 1:colcon.colcon_core.environment:checking '/home/yadhu/ur3e/install/ur_description' for CMake module files
[0.244s] Level 1:colcon.colcon_core.environment:checking '/home/yadhu/ur3e/install/ur_description' for CMake config files
[0.245s] Level 1:colcon.colcon_core.shell:create_environment_hook('ur_description', 'cmake_prefix_path')
[0.245s] INFO:colcon.colcon_core.shell:Creating environment hook '/home/yadhu/ur3e/install/ur_description/share/ur_description/hook/cmake_prefix_path.ps1'
[0.245s] INFO:colcon.colcon_core.shell:Creating environment descriptor '/home/yadhu/ur3e/install/ur_description/share/ur_description/hook/cmake_prefix_path.dsv'
[0.245s] INFO:colcon.colcon_core.shell:Creating environment hook '/home/yadhu/ur3e/install/ur_description/share/ur_description/hook/cmake_prefix_path.sh'
[0.245s] Level 1:colcon.colcon_core.environment:checking '/home/yadhu/ur3e/install/ur_description/bin'
[0.245s] Level 1:colcon.colcon_core.environment:checking '/home/yadhu/ur3e/install/ur_description/lib/pkgconfig/ur_description.pc'
[0.246s] Level 1:colcon.colcon_core.environment:checking '/home/yadhu/ur3e/install/ur_description/lib/python3.10/site-packages'
[0.246s] Level 1:colcon.colcon_core.environment:checking '/home/yadhu/ur3e/install/ur_description/bin'
[0.246s] INFO:colcon.colcon_core.shell:Creating package script '/home/yadhu/ur3e/install/ur_description/share/ur_description/package.ps1'
[0.246s] INFO:colcon.colcon_core.shell:Creating package descriptor '/home/yadhu/ur3e/install/ur_description/share/ur_description/package.dsv'
[0.246s] INFO:colcon.colcon_core.shell:Creating package script '/home/yadhu/ur3e/install/ur_description/share/ur_description/package.sh'
[0.246s] INFO:colcon.colcon_core.shell:Creating package script '/home/yadhu/ur3e/install/ur_description/share/ur_description/package.bash'
[0.247s] INFO:colcon.colcon_core.shell:Creating package script '/home/yadhu/ur3e/install/ur_description/share/ur_description/package.zsh'
[0.247s] Level 1:colcon.colcon_core.environment:create_file_with_runtime_dependencies(/home/yadhu/ur3e/install/ur_description/share/colcon-core/packages/ur_description)
[0.247s] INFO:colcon.colcon_ros.task.ament_cmake.build:Building ROS package in '/home/yadhu/ur3e/src/ur_gripper_gazebo' with build type 'ament_cmake'
[0.247s] INFO:colcon.colcon_cmake.task.cmake.build:Building CMake package in '/home/yadhu/ur3e/src/ur_gripper_gazebo'
[0.247s] INFO:colcon.colcon_core.shell:Skip shell extension 'powershell' for command environment: Not usable outside of PowerShell
[0.247s] DEBUG:colcon.colcon_core.shell:Skip shell extension 'dsv' for command environment
[0.249s] INFO:colcon.colcon_ros.task.ament_cmake.build:Building ROS package in '/home/yadhu/ur3e/src/ur_robot_driver' with build type 'ament_cmake'
[0.249s] INFO:colcon.colcon_cmake.task.cmake.build:Building CMake package in '/home/yadhu/ur3e/src/ur_robot_driver'
[0.249s] INFO:colcon.colcon_core.shell:Skip shell extension 'powershell' for command environment: Not usable outside of PowerShell
[0.249s] DEBUG:colcon.colcon_core.shell:Skip shell extension 'dsv' for command environment
[0.255s] DEBUG:colcon.colcon_core.event_handler.log_command:Invoking command in '/home/yadhu/ur3e/build/ur_gripper_gazebo': CMAKE_PREFIX_PATH=/home/yadhu/ur3e/install/ur_description:/home/yadhu/ur3e/install/ur_gripper_gazebo:/home/yadhu/ur3e/install/ur_robot_driver:/home/yadhu/ur3e/install/ur_moveit_config:/opt/ros/humble /usr/bin/cmake --build /home/yadhu/ur3e/build/ur_gripper_gazebo -- -j16 -l16
[0.256s] DEBUG:colcon.colcon_core.event_handler.log_command:Invoking command in '/home/yadhu/ur3e/build/ur_robot_driver': CMAKE_PREFIX_PATH=/home/yadhu/ur3e/install/ur_description:/home/yadhu/ur3e/install/ur_gripper_gazebo:/home/yadhu/ur3e/install/ur_robot_driver:/home/yadhu/ur3e/install/ur_moveit_config:/opt/ros/humble /usr/bin/cmake --build /home/yadhu/ur3e/build/ur_robot_driver -- -j16 -l16
[0.282s] DEBUG:colcon.colcon_core.event_handler.log_command:Invoked command in '/home/yadhu/ur3e/build/ur_robot_driver' returned '0': CMAKE_PREFIX_PATH=/home/yadhu/ur3e/install/ur_description:/home/yadhu/ur3e/install/ur_gripper_gazebo:/home/yadhu/ur3e/install/ur_robot_driver:/home/yadhu/ur3e/install/ur_moveit_config:/opt/ros/humble /usr/bin/cmake --build /home/yadhu/ur3e/build/ur_robot_driver -- -j16 -l16
[0.282s] DEBUG:colcon.colcon_core.event_handler.log_command:Invoked command in '/home/yadhu/ur3e/build/ur_gripper_gazebo' returned '0': CMAKE_PREFIX_PATH=/home/yadhu/ur3e/install/ur_description:/home/yadhu/ur3e/install/ur_gripper_gazebo:/home/yadhu/ur3e/install/ur_robot_driver:/home/yadhu/ur3e/install/ur_moveit_config:/opt/ros/humble /usr/bin/cmake --build /home/yadhu/ur3e/build/ur_gripper_gazebo -- -j16 -l16
[0.297s] DEBUG:colcon.colcon_core.event_handler.log_command:Invoking command in '/home/yadhu/ur3e/build/ur_robot_driver': CMAKE_PREFIX_PATH=/home/yadhu/ur3e/install/ur_description:/home/yadhu/ur3e/install/ur_gripper_gazebo:/home/yadhu/ur3e/install/ur_robot_driver:/home/yadhu/ur3e/install/ur_moveit_config:/opt/ros/humble /usr/bin/cmake --install /home/yadhu/ur3e/build/ur_robot_driver
[0.299s] DEBUG:colcon.colcon_core.event_handler.log_command:Invoking command in '/home/yadhu/ur3e/build/ur_gripper_gazebo': CMAKE_PREFIX_PATH=/home/yadhu/ur3e/install/ur_description:/home/yadhu/ur3e/install/ur_gripper_gazebo:/home/yadhu/ur3e/install/ur_robot_driver:/home/yadhu/ur3e/install/ur_moveit_config:/opt/ros/humble /usr/bin/cmake --install /home/yadhu/ur3e/build/ur_gripper_gazebo
[0.303s] Level 1:colcon.colcon_core.environment:create_environment_scripts_only(ur_robot_driver)
[0.303s] Level 1:colcon.colcon_core.environment:checking '/home/yadhu/ur3e/install/ur_robot_driver' for CMake module files
[0.303s] DEBUG:colcon.colcon_core.event_handler.log_command:Invoked command in '/home/yadhu/ur3e/build/ur_robot_driver' returned '0': CMAKE_PREFIX_PATH=/home/yadhu/ur3e/install/ur_description:/home/yadhu/ur3e/install/ur_gripper_gazebo:/home/yadhu/ur3e/install/ur_robot_driver:/home/yadhu/ur3e/install/ur_moveit_config:/opt/ros/humble /usr/bin/cmake --install /home/yadhu/ur3e/build/ur_robot_driver
[0.303s] Level 1:colcon.colcon_core.environment:checking '/home/yadhu/ur3e/install/ur_robot_driver' for CMake config files
[0.303s] Level 1:colcon.colcon_core.shell:create_environment_hook('ur_robot_driver', 'cmake_prefix_path')
[0.304s] INFO:colcon.colcon_core.shell:Creating environment hook '/home/yadhu/ur3e/install/ur_robot_driver/share/ur_robot_driver/hook/cmake_prefix_path.ps1'
[0.304s] INFO:colcon.colcon_core.shell:Creating environment descriptor '/home/yadhu/ur3e/install/ur_robot_driver/share/ur_robot_driver/hook/cmake_prefix_path.dsv'
[0.304s] INFO:colcon.colcon_core.shell:Creating environment hook '/home/yadhu/ur3e/install/ur_robot_driver/share/ur_robot_driver/hook/cmake_prefix_path.sh'
[0.305s] Level 1:colcon.colcon_core.environment:checking '/home/yadhu/ur3e/install/ur_robot_driver/bin'
[0.305s] Level 1:colcon.colcon_core.environment:checking '/home/yadhu/ur3e/install/ur_robot_driver/lib/pkgconfig/ur_robot_driver.pc'
[0.305s] Level 1:colcon.colcon_core.environment:checking '/home/yadhu/ur3e/install/ur_robot_driver/lib/python3.10/site-packages'
[0.306s] Level 1:colcon.colcon_core.environment:checking '/home/yadhu/ur3e/install/ur_robot_driver/bin'
[0.306s] INFO:colcon.colcon_core.shell:Creating package script '/home/yadhu/ur3e/install/ur_robot_driver/share/ur_robot_driver/package.ps1'
[0.306s] INFO:colcon.colcon_core.shell:Creating package descriptor '/home/yadhu/ur3e/install/ur_robot_driver/share/ur_robot_driver/package.dsv'
[0.306s] INFO:colcon.colcon_core.shell:Creating package script '/home/yadhu/ur3e/install/ur_robot_driver/share/ur_robot_driver/package.sh'
[0.306s] INFO:colcon.colcon_core.shell:Creating package script '/home/yadhu/ur3e/install/ur_robot_driver/share/ur_robot_driver/package.bash'
[0.306s] INFO:colcon.colcon_core.shell:Creating package script '/home/yadhu/ur3e/install/ur_robot_driver/share/ur_robot_driver/package.zsh'
[0.307s] Level 1:colcon.colcon_core.environment:create_file_with_runtime_dependencies(/home/yadhu/ur3e/install/ur_robot_driver/share/colcon-core/packages/ur_robot_driver)
[0.307s] Level 1:colcon.colcon_core.environment:create_environment_scripts_only(ur_gripper_gazebo)
[0.308s] Level 1:colcon.colcon_core.environment:checking '/home/yadhu/ur3e/install/ur_gripper_gazebo' for CMake module files
[0.308s] DEBUG:colcon.colcon_core.event_handler.log_command:Invoked command in '/home/yadhu/ur3e/build/ur_gripper_gazebo' returned '0': CMAKE_PREFIX_PATH=/home/yadhu/ur3e/install/ur_description:/home/yadhu/ur3e/install/ur_gripper_gazebo:/home/yadhu/ur3e/install/ur_robot_driver:/home/yadhu/ur3e/install/ur_moveit_config:/opt/ros/humble /usr/bin/cmake --install /home/yadhu/ur3e/build/ur_gripper_gazebo
[0.308s] Level 1:colcon.colcon_core.environment:checking '/home/yadhu/ur3e/install/ur_gripper_gazebo' for CMake config files
[0.308s] Level 1:colcon.colcon_core.shell:create_environment_hook('ur_gripper_gazebo', 'cmake_prefix_path')
[0.308s] INFO:colcon.colcon_core.shell:Creating environment hook '/home/yadhu/ur3e/install/ur_gripper_gazebo/share/ur_gripper_gazebo/hook/cmake_prefix_path.ps1'
[0.308s] INFO:colcon.colcon_core.shell:Creating environment descriptor '/home/yadhu/ur3e/install/ur_gripper_gazebo/share/ur_gripper_gazebo/hook/cmake_prefix_path.dsv'
[0.309s] INFO:colcon.colcon_core.shell:Creating environment hook '/home/yadhu/ur3e/install/ur_gripper_gazebo/share/ur_gripper_gazebo/hook/cmake_prefix_path.sh'
[0.309s] Level 1:colcon.colcon_core.environment:checking '/home/yadhu/ur3e/install/ur_gripper_gazebo/bin'
[0.309s] Level 1:colcon.colcon_core.environment:checking '/home/yadhu/ur3e/install/ur_gripper_gazebo/lib/pkgconfig/ur_gripper_gazebo.pc'
[0.309s] Level 1:colcon.colcon_core.environment:checking '/home/yadhu/ur3e/install/ur_gripper_gazebo/lib/python3.10/site-packages'
[0.309s] Level 1:colcon.colcon_core.environment:checking '/home/yadhu/ur3e/install/ur_gripper_gazebo/bin'
[0.309s] INFO:colcon.colcon_core.shell:Creating package script '/home/yadhu/ur3e/install/ur_gripper_gazebo/share/ur_gripper_gazebo/package.ps1'
[0.310s] INFO:colcon.colcon_core.shell:Creating package descriptor '/home/yadhu/ur3e/install/ur_gripper_gazebo/share/ur_gripper_gazebo/package.dsv'
[0.310s] INFO:colcon.colcon_core.shell:Creating package script '/home/yadhu/ur3e/install/ur_gripper_gazebo/share/ur_gripper_gazebo/package.sh'
[0.310s] INFO:colcon.colcon_core.shell:Creating package script '/home/yadhu/ur3e/install/ur_gripper_gazebo/share/ur_gripper_gazebo/package.bash'
[0.310s] INFO:colcon.colcon_core.shell:Creating package script '/home/yadhu/ur3e/install/ur_gripper_gazebo/share/ur_gripper_gazebo/package.zsh'
[0.310s] Level 1:colcon.colcon_core.environment:create_file_with_runtime_dependencies(/home/yadhu/ur3e/install/ur_gripper_gazebo/share/colcon-core/packages/ur_gripper_gazebo)
[0.321s] Level 1:colcon.colcon_core.environment:create_environment_scripts_only(ur_robot_driver)
[0.322s] Level 1:colcon.colcon_core.environment:checking '/home/yadhu/ur3e/install/ur_robot_driver' for CMake module files
[0.322s] Level 1:colcon.colcon_core.environment:checking '/home/yadhu/ur3e/install/ur_robot_driver' for CMake config files
[0.322s] Level 1:colcon.colcon_core.shell:create_environment_hook('ur_robot_driver', 'cmake_prefix_path')
[0.323s] INFO:colcon.colcon_core.shell:Creating environment hook '/home/yadhu/ur3e/install/ur_robot_driver/share/ur_robot_driver/hook/cmake_prefix_path.ps1'
[0.323s] INFO:colcon.colcon_core.shell:Creating environment descriptor '/home/yadhu/ur3e/install/ur_robot_driver/share/ur_robot_driver/hook/cmake_prefix_path.dsv'
[0.323s] INFO:colcon.colcon_core.shell:Creating environment hook '/home/yadhu/ur3e/install/ur_robot_driver/share/ur_robot_driver/hook/cmake_prefix_path.sh'
[0.323s] Level 1:colcon.colcon_core.environment:checking '/home/yadhu/ur3e/install/ur_robot_driver/bin'
[0.323s] Level 1:colcon.colcon_core.environment:checking '/home/yadhu/ur3e/install/ur_robot_driver/lib/pkgconfig/ur_robot_driver.pc'
[0.324s] Level 1:colcon.colcon_core.environment:checking '/home/yadhu/ur3e/install/ur_robot_driver/lib/python3.10/site-packages'
[0.324s] Level 1:colcon.colcon_core.environment:checking '/home/yadhu/ur3e/install/ur_robot_driver/bin'
[0.324s] INFO:colcon.colcon_core.shell:Creating package script '/home/yadhu/ur3e/install/ur_robot_driver/share/ur_robot_driver/package.ps1'
[0.324s] INFO:colcon.colcon_core.shell:Creating package descriptor '/home/yadhu/ur3e/install/ur_robot_driver/share/ur_robot_driver/package.dsv'
[0.324s] INFO:colcon.colcon_core.shell:Creating package script '/home/yadhu/ur3e/install/ur_robot_driver/share/ur_robot_driver/package.sh'
[0.324s] INFO:colcon.colcon_core.shell:Creating package script '/home/yadhu/ur3e/install/ur_robot_driver/share/ur_robot_driver/package.bash'
[0.325s] INFO:colcon.colcon_core.shell:Creating package script '/home/yadhu/ur3e/install/ur_robot_driver/share/ur_robot_driver/package.zsh'
[0.325s] Level 1:colcon.colcon_core.environment:create_file_with_runtime_dependencies(/home/yadhu/ur3e/install/ur_robot_driver/share/colcon-core/packages/ur_robot_driver)
[0.326s] Level 1:colcon.colcon_core.environment:create_environment_scripts_only(ur_gripper_gazebo)
[0.326s] Level 1:colcon.colcon_core.environment:checking '/home/yadhu/ur3e/install/ur_gripper_gazebo' for CMake module files
[0.326s] Level 1:colcon.colcon_core.environment:checking '/home/yadhu/ur3e/install/ur_gripper_gazebo' for CMake config files
[0.327s] Level 1:colcon.colcon_core.shell:create_environment_hook('ur_gripper_gazebo', 'cmake_prefix_path')
[0.327s] INFO:colcon.colcon_core.shell:Creating environment hook '/home/yadhu/ur3e/install/ur_gripper_gazebo/share/ur_gripper_gazebo/hook/cmake_prefix_path.ps1'
[0.327s] INFO:colcon.colcon_core.shell:Creating environment descriptor '/home/yadhu/ur3e/install/ur_gripper_gazebo/share/ur_gripper_gazebo/hook/cmake_prefix_path.dsv'
[0.327s] INFO:colcon.colcon_core.shell:Creating environment hook '/home/yadhu/ur3e/install/ur_gripper_gazebo/share/ur_gripper_gazebo/hook/cmake_prefix_path.sh'
[0.327s] Level 1:colcon.colcon_core.environment:checking '/home/yadhu/ur3e/install/ur_gripper_gazebo/bin'
[0.327s] Level 1:colcon.colcon_core.environment:checking '/home/yadhu/ur3e/install/ur_gripper_gazebo/lib/pkgconfig/ur_gripper_gazebo.pc'
[0.327s] Level 1:colcon.colcon_core.environment:checking '/home/yadhu/ur3e/install/ur_gripper_gazebo/lib/python3.10/site-packages'
[0.328s] Level 1:colcon.colcon_core.environment:checking '/home/yadhu/ur3e/install/ur_gripper_gazebo/bin'
[0.328s] INFO:colcon.colcon_core.shell:Creating package script '/home/yadhu/ur3e/install/ur_gripper_gazebo/share/ur_gripper_gazebo/package.ps1'
[0.328s] INFO:colcon.colcon_core.shell:Creating package descriptor '/home/yadhu/ur3e/install/ur_gripper_gazebo/share/ur_gripper_gazebo/package.dsv'
[0.328s] INFO:colcon.colcon_core.shell:Creating package script '/home/yadhu/ur3e/install/ur_gripper_gazebo/share/ur_gripper_gazebo/package.sh'
[0.329s] INFO:colcon.colcon_core.shell:Creating package script '/home/yadhu/ur3e/install/ur_gripper_gazebo/share/ur_gripper_gazebo/package.bash'
[0.329s] INFO:colcon.colcon_core.shell:Creating package script '/home/yadhu/ur3e/install/ur_gripper_gazebo/share/ur_gripper_gazebo/package.zsh'
[0.329s] Level 1:colcon.colcon_core.environment:create_file_with_runtime_dependencies(/home/yadhu/ur3e/install/ur_gripper_gazebo/share/colcon-core/packages/ur_gripper_gazebo)
[0.329s] INFO:colcon.colcon_ros.task.ament_python.build:Building ROS package in '/home/yadhu/ur3e/src/pyfile' with build type 'ament_python'
[0.329s] Level 1:colcon.colcon_core.shell:create_environment_hook('pyfile', 'ament_prefix_path')
[0.329s] INFO:colcon.colcon_core.shell:Creating environment hook '/home/yadhu/ur3e/install/pyfile/share/pyfile/hook/ament_prefix_path.ps1'
[0.330s] INFO:colcon.colcon_core.shell:Creating environment descriptor '/home/yadhu/ur3e/install/pyfile/share/pyfile/hook/ament_prefix_path.dsv'
[0.330s] INFO:colcon.colcon_core.shell:Creating environment hook '/home/yadhu/ur3e/install/pyfile/share/pyfile/hook/ament_prefix_path.sh'
[0.330s] INFO:colcon.colcon_core.shell:Skip shell extension 'powershell' for command environment: Not usable outside of PowerShell
[0.330s] DEBUG:colcon.colcon_core.shell:Skip shell extension 'dsv' for command environment
[0.463s] INFO:colcon.colcon_core.task.python.build:Building Python package in '/home/yadhu/ur3e/src/pyfile'
[0.463s] INFO:colcon.colcon_core.shell:Skip shell extension 'powershell' for command environment: Not usable outside of PowerShell
[0.463s] DEBUG:colcon.colcon_core.shell:Skip shell extension 'dsv' for command environment
[0.644s] DEBUG:colcon.colcon_core.event_handler.log_command:Invoking command in '/home/yadhu/ur3e/src/pyfile': CMAKE_PREFIX_PATH=/home/yadhu/ur3e/install/ur_gripper_gazebo:/home/yadhu/ur3e/install/ur_description:/home/yadhu/ur3e/install/ur_robot_driver:/home/yadhu/ur3e/install/ur_moveit_config PYTHONPATH=/home/yadhu/ur3e/build/pyfile/prefix_override:/usr/lib/python3/dist-packages/colcon_core/task/python/colcon_distutils_commands:/home/yadhu/ur3e/install/pyfile/lib/python3.10/site-packages:${PYTHONPATH} /usr/bin/python3 -W ignore:setup.py install is deprecated setup.py egg_info --egg-base ../../build/pyfile build --build-base /home/yadhu/ur3e/build/pyfile/build install --record /home/yadhu/ur3e/build/pyfile/install.log --single-version-externally-managed install_data
[0.796s] Level 1:colcon.colcon_core.environment:checking '/home/yadhu/ur3e/install/pyfile' for CMake module files
[0.796s] DEBUG:colcon.colcon_core.event_handler.log_command:Invoked command in '/home/yadhu/ur3e/src/pyfile' returned '0': CMAKE_PREFIX_PATH=/home/yadhu/ur3e/install/ur_gripper_gazebo:/home/yadhu/ur3e/install/ur_description:/home/yadhu/ur3e/install/ur_robot_driver:/home/yadhu/ur3e/install/ur_moveit_config PYTHONPATH=/home/yadhu/ur3e/build/pyfile/prefix_override:/usr/lib/python3/dist-packages/colcon_core/task/python/colcon_distutils_commands:/home/yadhu/ur3e/install/pyfile/lib/python3.10/site-packages:${PYTHONPATH} /usr/bin/python3 -W ignore:setup.py install is deprecated setup.py egg_info --egg-base ../../build/pyfile build --build-base /home/yadhu/ur3e/build/pyfile/build install --record /home/yadhu/ur3e/build/pyfile/install.log --single-version-externally-managed install_data
[0.796s] Level 1:colcon.colcon_core.environment:checking '/home/yadhu/ur3e/install/pyfile' for CMake config files
[0.797s] Level 1:colcon.colcon_core.environment:checking '/home/yadhu/ur3e/install/pyfile/lib'
[0.797s] Level 1:colcon.colcon_core.environment:checking '/home/yadhu/ur3e/install/pyfile/bin'
[0.797s] Level 1:colcon.colcon_core.environment:checking '/home/yadhu/ur3e/install/pyfile/lib/pkgconfig/pyfile.pc'
[0.797s] Level 1:colcon.colcon_core.environment:checking '/home/yadhu/ur3e/install/pyfile/lib/python3.10/site-packages'
[0.797s] Level 1:colcon.colcon_core.shell:create_environment_hook('pyfile', 'pythonpath')
[0.797s] INFO:colcon.colcon_core.shell:Creating environment hook '/home/yadhu/ur3e/install/pyfile/share/pyfile/hook/pythonpath.ps1'
[0.797s] INFO:colcon.colcon_core.shell:Creating environment descriptor '/home/yadhu/ur3e/install/pyfile/share/pyfile/hook/pythonpath.dsv'
[0.798s] INFO:colcon.colcon_core.shell:Creating environment hook '/home/yadhu/ur3e/install/pyfile/share/pyfile/hook/pythonpath.sh'
[0.798s] Level 1:colcon.colcon_core.environment:checking '/home/yadhu/ur3e/install/pyfile/bin'
[0.798s] Level 1:colcon.colcon_core.environment:create_environment_scripts_only(pyfile)
[0.798s] INFO:colcon.colcon_core.shell:Creating package script '/home/yadhu/ur3e/install/pyfile/share/pyfile/package.ps1'
[0.798s] INFO:colcon.colcon_core.shell:Creating package descriptor '/home/yadhu/ur3e/install/pyfile/share/pyfile/package.dsv'
[0.798s] INFO:colcon.colcon_core.shell:Creating package script '/home/yadhu/ur3e/install/pyfile/share/pyfile/package.sh'
[0.799s] INFO:colcon.colcon_core.shell:Creating package script '/home/yadhu/ur3e/install/pyfile/share/pyfile/package.bash'
[0.799s] INFO:colcon.colcon_core.shell:Creating package script '/home/yadhu/ur3e/install/pyfile/share/pyfile/package.zsh'
[0.799s] Level 1:colcon.colcon_core.environment:create_file_with_runtime_dependencies(/home/yadhu/ur3e/install/pyfile/share/colcon-core/packages/pyfile)
[0.799s] DEBUG:colcon.colcon_parallel_executor.executor.parallel:closing loop
[0.799s] DEBUG:colcon.colcon_parallel_executor.executor.parallel:loop closed
[0.799s] DEBUG:colcon.colcon_parallel_executor.executor.parallel:run_until_complete finished with '0'
[0.799s] DEBUG:colcon.colcon_core.event_reactor:joining thread
[0.802s] INFO:colcon.colcon_core.plugin_system:Skipping extension 'colcon_notification.desktop_notification.notify_send': Could not find 'notify-send'
[0.802s] INFO:colcon.colcon_core.plugin_system:Skipping extension 'colcon_notification.desktop_notification.terminal_notifier': Not used on non-Darwin systems
[0.803s] INFO:colcon.colcon_core.plugin_system:Skipping extension 'colcon_notification.desktop_notification.win32': Not used on non-Windows systems
[0.803s] INFO:colcon.colcon_notification.desktop_notification:Sending desktop notification using 'notify2'
[0.804s] DEBUG:colcon.colcon_notification.desktop_notification.notify2:Failed to initialize notify2: org.freedesktop.DBus.Error.Spawn.ExecFailed: /usr/bin/dbus-launch terminated abnormally without any error message
[0.805s] DEBUG:colcon.colcon_core.event_reactor:joined thread
[0.805s] INFO:colcon.colcon_core.shell:Creating prefix script '/home/yadhu/ur3e/install/local_setup.ps1'
[0.806s] INFO:colcon.colcon_core.shell:Creating prefix util module '/home/yadhu/ur3e/install/_local_setup_util_ps1.py'
[0.806s] INFO:colcon.colcon_core.shell:Creating prefix chain script '/home/yadhu/ur3e/install/setup.ps1'
[0.807s] INFO:colcon.colcon_core.shell:Creating prefix script '/home/yadhu/ur3e/install/local_setup.sh'
[0.807s] INFO:colcon.colcon_core.shell:Creating prefix util module '/home/yadhu/ur3e/install/_local_setup_util_sh.py'
[0.807s] INFO:colcon.colcon_core.shell:Creating prefix chain script '/home/yadhu/ur3e/install/setup.sh'
[0.808s] INFO:colcon.colcon_core.shell:Creating prefix script '/home/yadhu/ur3e/install/local_setup.bash'
[0.808s] INFO:colcon.colcon_core.shell:Creating prefix chain script '/home/yadhu/ur3e/install/setup.bash'
[0.809s] INFO:colcon.colcon_core.shell:Creating prefix script '/home/yadhu/ur3e/install/local_setup.zsh'
[0.809s] INFO:colcon.colcon_core.shell:Creating prefix chain script '/home/yadhu/ur3e/install/setup.zsh'
