[0.009s] Invoking command in '/home/yadhu/ur3e/build/ur3ebot_description': /usr/bin/cmake /home/yadhu/ur3e/src/ur3ebot_description -DCMAKE_INSTALL_PREFIX=/home/yadhu/ur3e/install/ur3ebot_description
[0.019s] -- Found ament_cmake: 1.3.10 (/opt/ros/humble/share/ament_cmake/cmake)
[0.094s] -- Found robotiq_description: 0.0.1 (/opt/ros/humble/share/robotiq_description/cmake)
[0.094s] -- Found ur_description: 2.1.8 (/opt/ros/humble/share/ur_description/cmake)
[0.094s] -- Found controller_manager: 2.43.1 (/opt/ros/humble/share/controller_manager/cmake)
[0.112s] -- Found rosidl_generator_c: 3.1.5 (/opt/ros/humble/share/rosidl_generator_c/cmake)
[0.113s] -- Found rosidl_adapter: 3.1.5 (/opt/ros/humble/share/rosidl_adapter/cmake)
[0.120s] -- Found rosidl_generator_cpp: 3.1.5 (/opt/ros/humble/share/rosidl_generator_cpp/cmake)
[0.126s] -- Using all available rosidl_typesupport_c: rosidl_typesupport_fastrtps_c;rosidl_typesupport_introspection_c
[0.133s] -- Using all available rosidl_typesupport_cpp: rosidl_typesupport_fastrtps_cpp;rosidl_typesupport_introspection_cpp
[0.232s] -- Found rmw_implementation_cmake: 6.1.2 (/opt/ros/humble/share/rmw_implementation_cmake/cmake)
[0.233s] -- Found rmw_cyclonedds_cpp: 1.3.4 (/opt/ros/humble/share/rmw_cyclonedds_cpp/cmake)
[0.243s] -- Using RMW implementation 'rmw_cyclonedds_cpp' as default
[0.290s] -- Found rclpy: 3.3.14 (/opt/ros/humble/share/rclpy/cmake)
[0.291s] -- Found std_srvs: 4.2.4 (/opt/ros/humble/share/std_srvs/cmake)
[0.295s] -- Found tf2_geometry_msgs: 0.25.7 (/opt/ros/humble/share/tf2_geometry_msgs/cmake)
[0.297s] -- Found eigen3_cmake_module: 0.1.1 (/opt/ros/humble/share/eigen3_cmake_module/cmake)
[0.297s] -- Ensuring Eigen3 include directory is part of orocos-kdl CMake target
[0.337s] [31mCMake Error at CMakeLists.txt:24 (find_package):
[0.337s]   By not providing "Findur_dashboard_msgs.cmake" in CMAKE_MODULE_PATH this
[0.337s]   project has asked CMake to find a package configuration file provided by
[0.337s]   "ur_dashboard_msgs", but CMake did not find one.
[0.337s] 
[0.337s]   Could not find a package configuration file provided by "ur_dashboard_msgs"
[0.337s]   with any of the following names:
[0.337s] 
[0.337s]     ur_dashboard_msgsConfig.cmake
[0.337s]     ur_dashboard_msgs-config.cmake
[0.338s] 
[0.338s]   Add the installation prefix of "ur_dashboard_msgs" to CMAKE_PREFIX_PATH or
[0.338s]   set "ur_dashboard_msgs_DIR" to a directory containing one of the above
[0.338s]   files.  If "ur_dashboard_msgs" provides a separate development package or
[0.338s]   SDK, be sure it has been installed.
[0.338s] 
[0.338s] [0m
[0.338s] -- Configuring incomplete, errors occurred!
[0.338s] See also "/home/yadhu/ur3e/build/ur3ebot_description/CMakeFiles/CMakeOutput.log".
[0.341s] Invoked command in '/home/yadhu/ur3e/build/ur3ebot_description' returned '1': /usr/bin/cmake /home/yadhu/ur3e/src/ur3ebot_description -DCMAKE_INSTALL_PREFIX=/home/yadhu/ur3e/install/ur3ebot_description
