[0.008s] Invoking command in '/home/yadhu/ur3e/build/ur3ebot_description': /usr/bin/cmake /home/yadhu/ur3e/src/ur3ebot_description -DCMAKE_INSTALL_PREFIX=/home/yadhu/ur3e/install/ur3ebot_description
[0.020s] -- Found ament_cmake: 1.3.10 (/opt/ros/humble/share/ament_cmake/cmake)
[0.098s] -- Found robotiq_description: 0.0.1 (/opt/ros/humble/share/robotiq_description/cmake)
[0.098s] -- Found ur_description: 2.1.8 (/opt/ros/humble/share/ur_description/cmake)
[0.098s] -- Found controller_manager: 2.43.1 (/opt/ros/humble/share/controller_manager/cmake)
[0.115s] -- Found rosidl_generator_c: 3.1.5 (/opt/ros/humble/share/rosidl_generator_c/cmake)
[0.117s] -- Found rosidl_adapter: 3.1.5 (/opt/ros/humble/share/rosidl_adapter/cmake)
[0.121s] -- Found rosidl_generator_cpp: 3.1.5 (/opt/ros/humble/share/rosidl_generator_cpp/cmake)
[0.126s] -- Using all available rosidl_typesupport_c: rosidl_typesupport_fastrtps_c;rosidl_typesupport_introspection_c
[0.134s] -- Using all available rosidl_typesupport_cpp: rosidl_typesupport_fastrtps_cpp;rosidl_typesupport_introspection_cpp
[0.232s] -- Found rmw_implementation_cmake: 6.1.2 (/opt/ros/humble/share/rmw_implementation_cmake/cmake)
[0.233s] -- Found rmw_cyclonedds_cpp: 1.3.4 (/opt/ros/humble/share/rmw_cyclonedds_cpp/cmake)
[0.243s] -- Using RMW implementation 'rmw_cyclonedds_cpp' as default
[0.288s] -- Found rclpy: 3.3.14 (/opt/ros/humble/share/rclpy/cmake)
[0.288s] -- Found std_srvs: 4.2.4 (/opt/ros/humble/share/std_srvs/cmake)
[0.293s] -- Found tf2_geometry_msgs: 0.25.7 (/opt/ros/humble/share/tf2_geometry_msgs/cmake)
[0.294s] -- Found eigen3_cmake_module: 0.1.1 (/opt/ros/humble/share/eigen3_cmake_module/cmake)
[0.295s] -- Ensuring Eigen3 include directory is part of orocos-kdl CMake target
[0.331s] -- Found urdf: 2.6.1 (/opt/ros/humble/share/urdf/cmake)
[0.341s] -- Found ament_lint_auto: 0.12.11 (/opt/ros/humble/share/ament_lint_auto/cmake)
[0.375s] Error parsing '/home/yadhu/ur3e/src/ur3ebot_description/package.xml':
[0.375s] Traceback (most recent call last):
[0.375s]   File "/opt/ros/humble/share/ament_cmake_core/cmake/core/package_xml_2_cmake.py", line 150, in <module>
[0.375s]     main()
[0.375s]   File "/opt/ros/humble/share/ament_cmake_core/cmake/core/package_xml_2_cmake.py", line 53, in main
[0.375s]     raise e
[0.375s]   File "/opt/ros/humble/share/ament_cmake_core/cmake/core/package_xml_2_cmake.py", line 49, in main
[0.375s]     package = parse_package_string(
[0.375s]   File "/usr/lib/python3/dist-packages/catkin_pkg/package.py", line 786, in parse_package_string
[0.375s]     raise InvalidPackage('Error(s):%s' % (''.join(['\n- %s' % e for e in errors])), filename)
[0.375s] catkin_pkg.package.InvalidPackage: Error(s) in package '/home/yadhu/ur3e/src/ur3ebot_description/package.xml':
[0.375s] Error(s):
[0.375s] - The generic dependency on 'ur_description' is redundant with: exec_depend
[0.379s] [31mCMake Error at /opt/ros/humble/share/ament_cmake_core/cmake/core/ament_package_xml.cmake:95 (message):
[0.379s]   execute_process(/usr/bin/python3
[0.379s]   /opt/ros/humble/share/ament_cmake_core/cmake/core/package_xml_2_cmake.py
[0.379s]   /home/yadhu/ur3e/src/ur3ebot_description/package.xml
[0.379s]   /home/yadhu/ur3e/build/ur3ebot_description/ament_cmake_core/package.cmake)
[0.379s]   returned error code 1
[0.379s] Call Stack (most recent call first):
[0.379s]   /opt/ros/humble/share/ament_cmake_core/cmake/core/ament_package_xml.cmake:49 (_ament_package_xml)
[0.379s]   /opt/ros/humble/share/ament_lint_auto/cmake/ament_lint_auto_find_test_dependencies.cmake:31 (ament_package_xml)
[0.379s]   CMakeLists.txt:42 (ament_lint_auto_find_test_dependencies)
[0.379s] 
[0.379s] [0m
[0.379s] -- Configuring incomplete, errors occurred!
[0.379s] See also "/home/yadhu/ur3e/build/ur3ebot_description/CMakeFiles/CMakeOutput.log".
[0.384s] Invoked command in '/home/yadhu/ur3e/build/ur3ebot_description' returned '1': /usr/bin/cmake /home/yadhu/ur3e/src/ur3ebot_description -DCMAKE_INSTALL_PREFIX=/home/yadhu/ur3e/install/ur3ebot_description
